[0m[32mTask[0m [0m[36mbench[0m deno run --allow-net --allow-read --allow-write main.ts "3bf0c63fcb93463407af97a5e5ee64fa883d107ef9e558472c4eb9aaaefa459d" "--algorithms" "ndk,ndk-thompson" "--verify" "--verify-window" "94608000" "--verify-concurrency" "10" "--nip66-filter" "liveness" "--no-phase2-cache" "--fast" "--output" "both"
Target: 3bf0c63fcb934634...
Seed: 0 | Filter: strict | Runs: 3
[fetch] Connecting to 3 indexer relays...
[fetch] wss://purplepag.es: connected (1203ms)
[fetch] wss://relay.damus.io: connected (367ms)
[fetch] wss://nos.lol: connected (758ms)
[fetch] Fetching kind 3 (contact list) for 3bf0c63f...
[fetch] 196 follows to fetch relay lists for
[fetch] Received 154 relay list events

=== Fetch Quality ===
Indexers: wss://purplepag.es (197 events, 1203ms), wss://relay.damus.io (123 events, 367ms), wss://nos.lol (154 events, 758ms)
Follows: 196 | With relay list: 151 (77.0%) | Missing: 45 (23.0%) | Filtered-to-empty: 3
Filter profile: strict | Filtered URLs: 34 (2 localhost, 3 insecure ws, 29 known-bad)
Unique valid write relays: 235 | Seed: 0
[nip66] Connecting to 3 relays for kind 30166 events...
[nip66] wss://relaypag.es: connected (762ms)
[nip66] wss://relaypag.es: received 1000 kind 30166 + 0 kind 1066 events
[nip66] wss://relay.nostr.watch: connected (359ms)
[nip66] wss://relay.nostr.watch: received 3436 kind 30166 + 1564 kind 1066 events
[nip66] wss://monitorlizard.nostr1.com: connected (468ms)
[nip66] wss://monitorlizard.nostr1.com: received 5000 kind 30166 + 0 kind 1066 events
[nip66] Trying nostr.watch HTTP API fallback...
[nip66] HTTP API returned 958 online relays
[nip66] Fetched NIP-66 data for 1053 relays via Nostr + 25 via HTTP API (1078 total)

=== NIP-66 Liveness Filter (liveness) ===
Monitor data: 1078 relays
Candidate relays: 235
  Known alive: 138
  Unknown (removed): 97
  .onion preserved: 1
  Parse-failed preserved: 0
  Authors filtered to empty: 1
Relays after filter: 138
[relay-scores] Loaded 25 relay priors (session 2, from 2026-03-08T06:56:58.980Z)

Thompson Sampling [ndk-thompson]: loaded 25 relay priors (session 2)

=== Regime A: Fixed 20 Connections ===
  Algorithm                      |  Relays |   Assign% |  Orphans |  Alg.Orph |  Avg/pk |   Gini |    HHI
  -------------------------------+---------+-----------+----------+-----------+---------+--------+-------
  Priority-Based (NDK)           |      20 |     75.0% |       49 |         4 |     1.9 |   0.77 |  0.273
  NDK+Thompson (Priority)        |      20 |     74.3% (0.0sd) | 50.333333333333336 | 5.333333333333333 |     1.9 |   0.64 |  0.145

=== Phase 2: Event Verification ===
Window: 94608000s | Kinds: 1 | Concurrency: 10
[baseline] Querying 138 relays for 150 authors (window: 94608000s)
[pool] CLOSED from wss://creatr.nostr.wine: auth-required: please authenticate before sending REQs
[pool] CLOSED from wss://greensoul.space: auth-required: only authenticated users can read from this relay
[pool] CLOSED from wss://relay.nosflare.com: auth-required: authentication required to subscribe
[pool] CLOSED from wss://sendit.nosflare.com: restricted: this relay does not accept REQs
[baseline] Progress: 50/138 relays queried
[pool] CLOSED from wss://aggr.nostr.land: auth-required: auth required for aggregator
[pool] CLOSED from wss://inbox.nostr.wine: blocked: this relay does not store any of the kinds in this request
[pool] CLOSED from wss://relay.getalby.com/v1: blocked: Request rejected
[pool] CLOSED from wss://hole.v0l.io: error: queries not allowed
[baseline] Progress: 100/138 relays queried
[pool] CLOSED from wss://relay.danieldaquino.me/private: auth-required: this query requires you to be authenticated
[baseline] Progress: 138/138 relays queried
[phase2] Subscription timeouts (no EOSE): 8
[phase2] CLOSED messages received: 9
  wss://creatr.nostr.wine: auth-required: please authenticate before sending REQs
  wss://greensoul.space: auth-required: only authenticated users can read from this relay
  wss://relay.nosflare.com: auth-required: authentication required to subscribe
  wss://sendit.nosflare.com: restricted: this relay does not accept REQs
  wss://aggr.nostr.land: auth-required: auth required for aggregator
  wss://inbox.nostr.wine: blocked: this relay does not store any of the kinds in this request
  wss://relay.getalby.com/v1: blocked: Request rejected
  wss://hole.v0l.io: error: queries not allowed
  wss://relay.danieldaquino.me/private: auth-required: this query requires you to be authenticated

=== Phase 2: Event Verification (1095d window) ===
Baseline: 138 relays queried (86.2% success), 42s
  Timing: connect 717ms median (1.5s p95) | query 1.5s median (15.7s p95) | 8 timeouts (8 relays)
  Authors: 150 with relay data
    Testable (reliable): 121 | Testable (partial): 0 | Zero events: 29 | Unreliable: 0
  Baseline events: 70,130 (mean 579.6/author, median 101)
  Events per (relay,pubkey) capped at: 10000

  Headline metrics (121 testable-reliable authors, 70,130 baseline events):

  Algorithm                        |   Evt Recall |   Auth Recall |  Relay OK% |     TTFE |      p50 |      p80 | Timeouts
  ---------------------------------+--------------+---------------+------------+----------+----------+----------+---------
  Priority-Based (NDK)             |        17.8% |         72.7% |     100.0% |    715ms |     2.2s |     2.7s |        0
  NDK+Thompson (Priority) (seed=0, single run) |         9.3% |         77.7% |     100.0% |    715ms |     2.4s |     2.8s |        0

  Per-author recall distribution:
  Algorithm                        |   Median |  % at 0% |      p25 |      p75
  ---------------------------------+----------+----------+----------+---------
  Priority-Based (NDK)             |     8.3% |    27.3% |     0.0% |    97.0%
  NDK+Thompson (Priority) (seed=0, single run) |    17.3% |    22.3% |     0.5% |   100.0%

  Latency simulation (parallel relay query):
  Algorithm                        |     TTFE |      p50 |      p80 |      Max |   TO |   TO Tax |   Relays |   Events
  ---------------------------------+----------+----------+----------+----------+------+----------+----------+---------
  Priority-Based (NDK)             |    715ms |     2.2s |     2.7s |     3.3s |    0 |      0ms | 19/20/20 |   20,290
  NDK+Thompson (Priority) (seed=0, single run) |    715ms |     2.4s |     2.8s |     8.2s |    0 |      0ms | 19/20/20 |   11,005
  (Relays: with-events/connected/total | TO Tax: ceil(timeouts/concurrency) × EOSE timeout)

  Progressive completeness (% of recall achieved by time):
  Algorithm                        |      @1s |      @2s |      @5s |     @10s |     @15s
  ---------------------------------+----------+----------+----------+----------+---------
  Priority-Based (NDK)             |     0.7% |    16.9% |   100.0% |   100.0% |   100.0%
  NDK+Thompson (Priority) (seed=0, single run) |     4.9% |    49.3% |    98.7% |   100.0% |   100.0%

  EOSE-race simulation (stop after first EOSE + grace period):
  Algorithm                        |     +0ms |   +200ms |   +500ms |      +1s |      +2s
  ---------------------------------+----------+----------+----------+----------+---------
  Priority-Based (NDK)             |     0.7% |     0.7% |     6.5% |    16.9% |    99.4%
  NDK+Thompson (Priority) (seed=0, single run) |     4.9% |     8.7% |    24.0% |    49.3% |    82.6%
  (First EOSE: Priority-Based (NDK)=916ms, NDK+Thompson (Priority) (seed=0, single run)=916ms)

  Profile-view latency (per-author outbox query, top 3 write relays):
    Authors simulated: 121 | Hit rate: 100.0%
    TTFE: 1.5s median, 1.4s mean, 1.7s p95
    Relays/profile: 2.8 queried, 2.7 with events, 0.02 timeouts

  Feed vs profile-view TTFE comparison:
  Algorithm                        |  Feed TTFE |  Profile TTFE |    Delta
  ---------------------------------+------------+---------------+---------
  Priority-Based (NDK)             |      715ms |          1.5s |   +781ms
  NDK+Thompson (Priority) (seed=0, single run) |      715ms |          1.5s |   +781ms

=== NIP-66 RTT vs Measured Latency (133 relays, data age: 12min) ===
                             N   Spearman r      MAE    Bias    Top5   Top10   Top20
------------------------  ----  -----------  -------  ------  ------  ------  ------
rttOpen vs connect         133         0.35    681ms    0.8x   20.0%   20.0%   45.0%
rttRead vs query           121         0.18     1.5s    7.9x    0.0%   20.0%   45.0%
(Bias = measured/nip66, >1 = NIP-66 underestimates. TopK = overlap of K fastest relays.)
Monitor: 9ba0ce3dcc28..., 0b01aa38c2cc..., 9bbbb845e5b6..., 9ba1d7892cd0..., 9bb7cd94d7b6..., 63019a1fc7c4..., http-api..., b2c949c0fb79...
[relay-scores] Updated scores for ndk-thompson: 26 relays, session 3
[relay-scores] Degrading relays (1): wss://spatia-arcana.com
[relay-scores] Saved to .cache/relay_scores_3bf0c63fcb934634_94608000_liveness_ndk-thompson.json

Thompson Sampling [ndk-thompson] learning state:
  Session: 3
  Relays with observations: 26
  Mean prior α: 8.1, β: 18.6
  Relays with strong preference (α>5): 11
  Relays learned to avoid (β>5): 12

JSON results written to: results/3bf0c63fcb934634_1772953746125.json
