[0m[32mTask[0m [0m[36mbench[0m deno run --allow-net --allow-read --allow-write main.ts "3bf0c63fcb93463407af97a5e5ee64fa883d107ef9e558472c4eb9aaaefa459d" "--algorithms" "ndk,ndk-thompson" "--verify" "--verify-window" "94608000" "--verify-concurrency" "10" "--nip66-filter" "liveness" "--no-phase2-cache" "--fast" "--output" "both"
Target: 3bf0c63fcb934634...
Seed: 0 | Filter: strict | Runs: 3
Using cached data (fetched 2026-03-08T06:04:11.980Z)

=== Fetch Quality ===
Indexers: wss://purplepag.es (0 events, 1014ms), wss://relay.damus.io (123 events, 302ms), wss://nos.lol (154 events, 706ms)
Follows: 196 | With relay list: 151 (77.0%) | Missing: 45 (23.0%) | Filtered-to-empty: 3
Filter profile: strict | Filtered URLs: 34 (2 localhost, 3 insecure ws, 29 known-bad)
Unique valid write relays: 235 | Seed: 0
[nip66] Using cached monitor data (1078 relays)

=== NIP-66 Liveness Filter (liveness) ===
Monitor data: 1078 relays
Candidate relays: 235
  Known alive: 138
  Unknown (removed): 97
  .onion preserved: 1
  Parse-failed preserved: 0
  Authors filtered to empty: 1
Relays after filter: 138

=== Regime A: Fixed 20 Connections ===
  Algorithm                      |  Relays |   Assign% |  Orphans |  Alg.Orph |  Avg/pk |   Gini |    HHI
  -------------------------------+---------+-----------+----------+-----------+---------+--------+-------
  Priority-Based (NDK)           |      20 |     75.0% |       49 |         4 |     1.9 |   0.77 |  0.273
  NDK+Thompson (Priority)        |      20 |     74.5% (0.0sd) |       50 |         5 |     1.9 |   0.69 |  0.174

=== Phase 2: Event Verification ===
Window: 94608000s | Kinds: 1 | Concurrency: 10
[baseline] Querying 138 relays for 150 authors (window: 94608000s)
[pool] CLOSED from wss://creatr.nostr.wine: auth-required: please authenticate before sending REQs
[pool] CLOSED from wss://greensoul.space: auth-required: only authenticated users can read from this relay
[pool] CLOSED from wss://relay.nosflare.com: auth-required: authentication required to subscribe
[pool] CLOSED from wss://sendit.nosflare.com: restricted: this relay does not accept REQs
[baseline] Progress: 50/138 relays queried
[pool] CLOSED from wss://aggr.nostr.land: auth-required: auth required for aggregator
[pool] CLOSED from wss://inbox.nostr.wine: blocked: this relay does not store any of the kinds in this request
[pool] CLOSED from wss://relay.getalby.com/v1: blocked: Request rejected
[pool] CLOSED from wss://wheat.happytavern.co: rate-limited: REQ rate limit exceeded
[pool] CLOSED from wss://hole.v0l.io: error: queries not allowed
[baseline] Progress: 100/138 relays queried
[pool] CLOSED from wss://relay.danieldaquino.me/private: auth-required: this query requires you to be authenticated
[baseline] Progress: 138/138 relays queried
[phase2] Subscription timeouts (no EOSE): 6
[phase2] CLOSED messages received: 10
  wss://creatr.nostr.wine: auth-required: please authenticate before sending REQs
  wss://greensoul.space: auth-required: only authenticated users can read from this relay
  wss://relay.nosflare.com: auth-required: authentication required to subscribe
  wss://sendit.nosflare.com: restricted: this relay does not accept REQs
  wss://aggr.nostr.land: auth-required: auth required for aggregator
  wss://inbox.nostr.wine: blocked: this relay does not store any of the kinds in this request
  wss://relay.getalby.com/v1: blocked: Request rejected
  wss://wheat.happytavern.co: rate-limited: REQ rate limit exceeded
  wss://hole.v0l.io: error: queries not allowed
  wss://relay.danieldaquino.me/private: auth-required: this query requires you to be authenticated

=== Phase 2: Event Verification (1095d window) ===
Baseline: 138 relays queried (85.5% success), 35s
  Timing: connect 748ms median (1.3s p95) | query 1.4s median (5.9s p95) | 6 timeouts (6 relays)
  Authors: 150 with relay data
    Testable (reliable): 121 | Testable (partial): 0 | Zero events: 29 | Unreliable: 0
  Baseline events: 69,562 (mean 574.9/author, median 100)
  Events per (relay,pubkey) capped at: 10000

  Headline metrics (121 testable-reliable authors, 69,562 baseline events):

  Algorithm                        |   Evt Recall |   Auth Recall |  Relay OK% |     TTFE |      p50 |      p80 | Timeouts
  ---------------------------------+--------------+---------------+------------+----------+----------+----------+---------
  Priority-Based (NDK)             |        18.0% |         72.7% |     100.0% |     1.0s |     2.3s |     3.0s |        0
  NDK+Thompson (Priority) (seed=0, single run) |         7.2% |         74.4% |      95.0% |     1.1s |     2.4s |     3.0s |        0

  Per-author recall distribution:
  Algorithm                        |   Median |  % at 0% |      p25 |      p75
  ---------------------------------+----------+----------+----------+---------
  Priority-Based (NDK)             |     9.4% |    27.3% |     0.0% |    97.0%
  NDK+Thompson (Priority) (seed=0, single run) |     9.4% |    25.6% |     0.0% |   100.0%

  Latency simulation (parallel relay query):
  Algorithm                        |     TTFE |      p50 |      p80 |      Max |   TO |   TO Tax |   Relays |   Events
  ---------------------------------+----------+----------+----------+----------+------+----------+----------+---------
  Priority-Based (NDK)             |     1.0s |     2.3s |     3.0s |     3.8s |    0 |      0ms | 19/20/20 |   20,290
  NDK+Thompson (Priority) (seed=0, single run) |     1.1s |     2.4s |     3.0s |    17.0s |    0 |      0ms | 19/20/20 |   10,008
  (Relays: with-events/connected/total | TO Tax: ceil(timeouts/concurrency) × EOSE timeout)

  Progressive completeness (% of recall achieved by time):
  Algorithm                        |      @1s |      @2s |      @5s |     @10s |     @15s
  ---------------------------------+----------+----------+----------+----------+---------
  Priority-Based (NDK)             |     0.0% |    79.8% |   100.0% |   100.0% |   100.0%
  NDK+Thompson (Priority) (seed=0, single run) |     0.0% |    24.4% |    97.4% |    97.4% |    97.4%

  EOSE-race simulation (stop after first EOSE + grace period):
  Algorithm                        |     +0ms |   +200ms |   +500ms |      +1s |      +2s
  ---------------------------------+----------+----------+----------+----------+---------
  Priority-Based (NDK)             |     0.2% |     0.2% |     2.1% |    79.8% |    97.3%
  NDK+Thompson (Priority) (seed=0, single run) |     0.6% |     0.6% |     2.4% |    24.4% |    70.8%
  (First EOSE: Priority-Based (NDK)=1.1s, NDK+Thompson (Priority) (seed=0, single run)=1.1s)

  Profile-view latency (per-author outbox query, top 3 write relays):
    Authors simulated: 121 | Hit rate: 100.0%
    TTFE: 1.6s median, 1.4s mean, 1.9s p95
    Relays/profile: 2.8 queried, 2.7 with events, 0.02 timeouts

  Feed vs profile-view TTFE comparison:
  Algorithm                        |  Feed TTFE |  Profile TTFE |    Delta
  ---------------------------------+------------+---------------+---------
  Priority-Based (NDK)             |       1.0s |          1.6s |   +583ms
  NDK+Thompson (Priority) (seed=0, single run) |       1.1s |          1.6s |   +557ms

=== NIP-66 RTT vs Measured Latency (131 relays, data age: 53min) ===
                             N   Spearman r      MAE    Bias    Top5   Top10   Top20
------------------------  ----  -----------  -------  ------  ------  ------  ------
rttOpen vs connect         131         0.13    783ms    0.7x    0.0%   10.0%   10.0%
rttRead vs query           117         0.00     1.3s    6.1x    0.0%    0.0%    5.0%
(Bias = measured/nip66, >1 = NIP-66 underestimates. TopK = overlap of K fastest relays.)
Monitor: 9bbbb845e5b6..., 9ba1d7892cd0..., 0b01aa38c2cc..., 9bb7cd94d7b6..., 9b85d54cc4bc..., http-api..., b2c949c0fb79..., 9ba0ce3dcc28...
[relay-scores] Updated scores for ndk-thompson: 20 relays, session 1
[relay-scores] Saved to .cache/relay_scores_3bf0c63fcb934634_94608000_liveness_ndk-thompson.json

Thompson Sampling [ndk-thompson] learning state:
  Session: 1
  Relays with observations: 20
  Mean prior α: 4.0, β: 9.2
  Relays with strong preference (α>5): 4
  Relays learned to avoid (β>5): 8

JSON results written to: results/3bf0c63fcb934634_1772952137914.json
