[0m[32mTask[0m [0m[36mbench[0m deno run --allow-net --allow-read --allow-write main.ts "3bf0c63fcb93463407af97a5e5ee64fa883d107ef9e558472c4eb9aaaefa459d" "--algorithms" "ndk,ndk-thompson" "--verify" "--verify-window" "94608000" "--verify-concurrency" "10" "--nip66-filter" "liveness" "--no-phase2-cache" "--fast" "--output" "both"
Target: 3bf0c63fcb934634...
Seed: 0 | Filter: strict | Runs: 3
Using cached data (fetched 2026-03-08T07:08:17.988Z)

=== Fetch Quality ===
Indexers: wss://purplepag.es (197 events, 1203ms), wss://relay.damus.io (123 events, 367ms), wss://nos.lol (154 events, 758ms)
Follows: 196 | With relay list: 151 (77.0%) | Missing: 45 (23.0%) | Filtered-to-empty: 3
Filter profile: strict | Filtered URLs: 34 (2 localhost, 3 insecure ws, 29 known-bad)
Unique valid write relays: 235 | Seed: 0
[nip66] Using cached monitor data (1078 relays)

=== NIP-66 Liveness Filter (liveness) ===
Monitor data: 1078 relays
Candidate relays: 235
  Known alive: 138
  Unknown (removed): 97
  .onion preserved: 1
  Parse-failed preserved: 0
  Authors filtered to empty: 1
Relays after filter: 138
[relay-scores] Loaded 27 relay priors (session 4, from 2026-03-08T07:21:34.354Z)

Thompson Sampling [ndk-thompson]: loaded 27 relay priors (session 4)

=== Regime A: Fixed 20 Connections ===
  Algorithm                      |  Relays |   Assign% |  Orphans |  Alg.Orph |  Avg/pk |   Gini |    HHI
  -------------------------------+---------+-----------+----------+-----------+---------+--------+-------
  Priority-Based (NDK)           |      20 |     75.0% |       49 |         4 |     1.9 |   0.77 |  0.273
  NDK+Thompson (Priority)        |      20 |     73.6% (0.0sd) | 51.666666666666664 | 6.666666666666667 |     1.9 |   0.64 |  0.140

=== Phase 2: Event Verification ===
Window: 94608000s | Kinds: 1 | Concurrency: 10
[baseline] Querying 138 relays for 150 authors (window: 94608000s)
[pool] CLOSED from wss://creatr.nostr.wine: auth-required: please authenticate before sending REQs
[pool] CLOSED from wss://relay.nosflare.com: auth-required: authentication required to subscribe
[pool] CLOSED from wss://greensoul.space: auth-required: only authenticated users can read from this relay
[pool] CLOSED from wss://sendit.nosflare.com: restricted: this relay does not accept REQs
[baseline] Progress: 50/138 relays queried
[pool] CLOSED from wss://aggr.nostr.land: auth-required: auth required for aggregator
[pool] CLOSED from wss://inbox.nostr.wine: blocked: this relay does not store any of the kinds in this request
[pool] CLOSED from wss://relay.getalby.com/v1: blocked: Request rejected
[pool] CLOSED from wss://hole.v0l.io: error: queries not allowed
[baseline] Progress: 100/138 relays queried
[pool] CLOSED from wss://relay.danieldaquino.me/private: auth-required: this query requires you to be authenticated
[baseline] Progress: 138/138 relays queried
[phase2] Subscription timeouts (no EOSE): 7
[phase2] CLOSED messages received: 9
  wss://creatr.nostr.wine: auth-required: please authenticate before sending REQs
  wss://relay.nosflare.com: auth-required: authentication required to subscribe
  wss://greensoul.space: auth-required: only authenticated users can read from this relay
  wss://sendit.nosflare.com: restricted: this relay does not accept REQs
  wss://aggr.nostr.land: auth-required: auth required for aggregator
  wss://inbox.nostr.wine: blocked: this relay does not store any of the kinds in this request
  wss://relay.getalby.com/v1: blocked: Request rejected
  wss://hole.v0l.io: error: queries not allowed
  wss://relay.danieldaquino.me/private: auth-required: this query requires you to be authenticated

=== Phase 2: Event Verification (1095d window) ===
Baseline: 138 relays queried (86.2% success), 37s
  Timing: connect 759ms median (1.6s p95) | query 1.4s median (6.1s p95) | 7 timeouts (7 relays)
  Authors: 150 with relay data
    Testable (reliable): 121 | Testable (partial): 0 | Zero events: 29 | Unreliable: 0
  Baseline events: 70,112 (mean 579.4/author, median 101)
  Events per (relay,pubkey) capped at: 10000

  Headline metrics (121 testable-reliable authors, 70,112 baseline events):

  Algorithm                        |   Evt Recall |   Auth Recall |  Relay OK% |     TTFE |      p50 |      p80 | Timeouts
  ---------------------------------+--------------+---------------+------------+----------+----------+----------+---------
  Priority-Based (NDK)             |        17.8% |         72.7% |     100.0% |    726ms |     2.4s |     3.6s |        0
  NDK+Thompson (Priority) (seed=0, single run) |        10.2% |         79.3% |     100.0% |    726ms |     2.7s |     3.6s |        0

  Per-author recall distribution:
  Algorithm                        |   Median |  % at 0% |      p25 |      p75
  ---------------------------------+----------+----------+----------+---------
  Priority-Based (NDK)             |     8.3% |    27.3% |     0.0% |    97.0%
  NDK+Thompson (Priority) (seed=0, single run) |    22.8% |    20.7% |     1.4% |   100.0%

  Latency simulation (parallel relay query):
  Algorithm                        |     TTFE |      p50 |      p80 |      Max |   TO |   TO Tax |   Relays |   Events
  ---------------------------------+----------+----------+----------+----------+------+----------+----------+---------
  Priority-Based (NDK)             |    726ms |     2.4s |     3.6s |     6.2s |    0 |      0ms | 19/20/20 |   20,294
  NDK+Thompson (Priority) (seed=0, single run) |    726ms |     2.7s |     3.6s |     6.2s |    0 |      0ms | 20/20/20 |   11,263
  (Relays: with-events/connected/total | TO Tax: ceil(timeouts/concurrency) × EOSE timeout)

  Progressive completeness (% of recall achieved by time):
  Algorithm                        |      @1s |      @2s |      @5s |     @10s |     @15s
  ---------------------------------+----------+----------+----------+----------+---------
  Priority-Based (NDK)             |     1.0% |    72.6% |    96.7% |   100.0% |   100.0%
  NDK+Thompson (Priority) (seed=0, single run) |    10.6% |    37.8% |    83.5% |   100.0% |   100.0%

  EOSE-race simulation (stop after first EOSE + grace period):
  Algorithm                        |     +0ms |   +200ms |   +500ms |      +1s |      +2s
  ---------------------------------+----------+----------+----------+----------+---------
  Priority-Based (NDK)             |     0.2% |     1.0% |     1.0% |    67.2% |    76.4%
  NDK+Thompson (Priority) (seed=0, single run) |     0.4% |    10.6% |    10.6% |    28.4% |    47.0%
  (First EOSE: Priority-Based (NDK)=792ms, NDK+Thompson (Priority) (seed=0, single run)=792ms)

  Profile-view latency (per-author outbox query, top 3 write relays):
    Authors simulated: 121 | Hit rate: 100.0%
    TTFE: 1.7s median, 1.6s mean, 2.3s p95
    Relays/profile: 2.8 queried, 2.6 with events, 0.04 timeouts

  Feed vs profile-view TTFE comparison:
  Algorithm                        |  Feed TTFE |  Profile TTFE |    Delta
  ---------------------------------+------------+---------------+---------
  Priority-Based (NDK)             |      726ms |          1.7s |   +940ms
  NDK+Thompson (Priority) (seed=0, single run) |      726ms |          1.7s |   +940ms

=== NIP-66 RTT vs Measured Latency (132 relays, data age: 37min) ===
                             N   Spearman r      MAE    Bias    Top5   Top10   Top20
------------------------  ----  -----------  -------  ------  ------  ------  ------
rttOpen vs connect         132         0.13    749ms    0.8x   20.0%   20.0%   35.0%
rttRead vs query           121         0.05     1.6s    8.4x    0.0%   20.0%   30.0%
(Bias = measured/nip66, >1 = NIP-66 underestimates. TopK = overlap of K fastest relays.)
Monitor: 9ba0ce3dcc28..., 9bbbb845e5b6..., 0b01aa38c2cc..., 9ba1d7892cd0..., 9bb7cd94d7b6..., 63019a1fc7c4..., http-api..., b2c949c0fb79...
[relay-scores] Updated scores for ndk-thompson: 29 relays, session 5
[relay-scores] Saved to .cache/relay_scores_3bf0c63fcb934634_94608000_liveness_ndk-thompson.json

Thompson Sampling [ndk-thompson] learning state:
  Session: 5
  Relays with observations: 29
  Mean prior α: 11.3, β: 25.6
  Relays with strong preference (α>5): 15
  Relays learned to avoid (β>5): 15

JSON results written to: results/3bf0c63fcb934634_1772955198107.json
