[0m[32mTask[0m [0m[36mbench[0m deno run --allow-net --allow-read --allow-write main.ts "6a0c596c1484eae2e8131a030f269944921e52619c1dd143a029c64ea6cd9731" "--algorithms" "ndk,ndk-thompson" "--verify" "--verify-window" "94608000" "--verify-concurrency" "10" "--nip66-filter" "liveness" "--no-phase2-cache" "--fast" "--output" "both"
Target: 6a0c596c1484eae2...
Seed: 0 | Filter: strict | Runs: 3
Using cached data (fetched 2026-03-08T06:51:44.830Z)

=== Fetch Quality ===
Indexers: wss://purplepag.es (0 events, 882ms), wss://relay.damus.io (132 events, 427ms), wss://nos.lol (236 events, 695ms)
Follows: 399 | With relay list: 231 (57.9%) | Missing: 168 (42.1%) | Filtered-to-empty: 8
Filter profile: strict | Filtered URLs: 107 (6 localhost, 32 insecure ws, 7 IP-only, 55 known-bad, 7 malformed)
Unique valid write relays: 566 | Seed: 0
[nip66] Using cached monitor data (1078 relays)

=== NIP-66 Liveness Filter (liveness) ===
Monitor data: 1078 relays
Candidate relays: 566
  Known alive: 184
  Unknown (removed): 382
  .onion preserved: 18
  Parse-failed preserved: 0
  Authors filtered to empty: 2
Relays after filter: 184
[relay-scores] Loaded 33 relay priors (session 4, from 2026-03-08T07:28:39.991Z)

Thompson Sampling [ndk-thompson]: loaded 33 relay priors (session 4)

=== Regime A: Fixed 20 Connections ===
  Algorithm                      |  Relays |   Assign% |  Orphans |  Alg.Orph |  Avg/pk |   Gini |    HHI
  -------------------------------+---------+-----------+----------+-----------+---------+--------+-------
  Priority-Based (NDK)           |      20 |     56.9% |      172 |         4 |     1.9 |   0.78 |  0.262
  NDK+Thompson (Priority)        |      20 |     56.6% (0.0sd) | 173.33333333333334 | 5.333333333333333 |     1.9 |   0.73 |  0.196

=== Phase 2: Event Verification ===
Window: 94608000s | Kinds: 1 | Concurrency: 10
[baseline] Querying 184 relays for 229 authors (window: 94608000s)
[pool] CLOSED from wss://relay.nosflare.com: auth-required: authentication required to subscribe
[pool] CLOSED from wss://greensoul.space: auth-required: only authenticated users can read from this relay
[pool] CLOSED from wss://aggr.nostr.land: auth-required: auth required for aggregator
[baseline] Progress: 50/184 relays queried
[pool] CLOSED from wss://creatr.nostr.wine: auth-required: please authenticate before sending REQs
[baseline] Progress: 100/184 relays queried
[pool] CLOSED from wss://auth.nostr1.com: auth-required: you must auth
[pool] CLOSED from wss://wot.azzamo.net: rate-limited: there is a bug in the client, no one should be making so many requests
[pool] CLOSED from wss://relay.getalby.com/v1: blocked: Request rejected
[pool] CLOSED from wss://relay.nostraddress.com: auth-required: authentication required to subscribe
[pool] CLOSED from wss://relay.nsec.app: blocked: we only keep kind 24133 or 24135
[baseline] Progress: 150/184 relays queried
[pool] CLOSED from wss://impromptu.relays.land: auth-required: all requests must be authenticated
[baseline] Progress: 184/184 relays queried
[phase2] Subscription timeouts (no EOSE): 12
[phase2] CLOSED messages received: 10
  wss://relay.nosflare.com: auth-required: authentication required to subscribe
  wss://greensoul.space: auth-required: only authenticated users can read from this relay
  wss://aggr.nostr.land: auth-required: auth required for aggregator
  wss://creatr.nostr.wine: auth-required: please authenticate before sending REQs
  wss://auth.nostr1.com: auth-required: you must auth
  wss://wot.azzamo.net: rate-limited: there is a bug in the client, no one should be making so many requests
  wss://relay.getalby.com/v1: blocked: Request rejected
  wss://relay.nostraddress.com: auth-required: authentication required to subscribe
  wss://relay.nsec.app: blocked: we only keep kind 24133 or 24135
  wss://impromptu.relays.land: auth-required: all requests must be authenticated

=== Phase 2: Event Verification (1095d window) ===
Baseline: 184 relays queried (75.5% success), 48s
  Timing: connect 719ms median (1.6s p95) | query 1.2s median (15.7s p95) | 12 timeouts (12 relays)
  Authors: 229 with relay data
    Testable (reliable): 111 | Testable (partial): 0 | Zero events: 112 | Unreliable: 6
  Baseline events: 46,422 (mean 418.2/author, median 49)
  Events per (relay,pubkey) capped at: 10000

  Headline metrics (111 testable-reliable authors, 46,422 baseline events):

  Algorithm                        |   Evt Recall |   Auth Recall |  Relay OK% |     TTFE |      p50 |      p80 | Timeouts
  ---------------------------------+--------------+---------------+------------+----------+----------+----------+---------
  Priority-Based (NDK)             |        10.2% |         78.4% |      95.0% |    850ms |     2.5s |     3.4s |        0
  NDK+Thompson (Priority) (seed=0, single run) |        13.2% |         83.8% |      90.0% |    850ms |     2.8s |     3.4s |        1

  Per-author recall distribution:
  Algorithm                        |   Median |  % at 0% |      p25 |      p75
  ---------------------------------+----------+----------+----------+---------
  Priority-Based (NDK)             |    22.8% |    21.6% |     0.8% |   100.0%
  NDK+Thompson (Priority) (seed=0, single run) |    90.3% |    16.2% |     3.0% |   100.0%

  Latency simulation (parallel relay query):
  Algorithm                        |     TTFE |      p50 |      p80 |      Max |   TO |   TO Tax |   Relays |   Events
  ---------------------------------+----------+----------+----------+----------+------+----------+----------+---------
  Priority-Based (NDK)             |    850ms |     2.5s |     3.4s |     6.6s |    0 |      0ms | 17/19/20 |   12,595
  NDK+Thompson (Priority) (seed=0, single run) |    850ms |     2.8s |     3.4s |    22.1s |    1 |    15.0s | 17/19/20 |   12,111
  (Relays: with-events/connected/total | TO Tax: ceil(timeouts/concurrency) × EOSE timeout)

  Progressive completeness (% of recall achieved by time):
  Algorithm                        |      @1s |      @2s |      @5s |     @10s |     @15s
  ---------------------------------+----------+----------+----------+----------+---------
  Priority-Based (NDK)             |     0.3% |    31.5% |   100.0% |   100.0% |   100.0%
  NDK+Thompson (Priority) (seed=0, single run) |     0.2% |    48.6% |   100.0% |   100.0% |   100.0%

  EOSE-race simulation (stop after first EOSE + grace period):
  Algorithm                        |     +0ms |   +200ms |   +500ms |      +1s |      +2s
  ---------------------------------+----------+----------+----------+----------+---------
  Priority-Based (NDK)             |     0.3% |     0.3% |     0.3% |    28.3% |    42.4%
  NDK+Thompson (Priority) (seed=0, single run) |     0.2% |     0.2% |     0.2% |    46.2% |    57.2%
  (First EOSE: Priority-Based (NDK)=910ms, NDK+Thompson (Priority) (seed=0, single run)=910ms)

  Profile-view latency (per-author outbox query, top 3 write relays):
    Authors simulated: 111 | Hit rate: 99.1%
    TTFE: 1.6s median, 1.5s mean, 1.8s p95
    Relays/profile: 2.8 queried, 2.1 with events, 0.03 timeouts

  Feed vs profile-view TTFE comparison:
  Algorithm                        |  Feed TTFE |  Profile TTFE |    Delta
  ---------------------------------+------------+---------------+---------
  Priority-Based (NDK)             |      850ms |          1.6s |   +770ms
  NDK+Thompson (Priority) (seed=0, single run) |      850ms |          1.6s |   +770ms

=== NIP-66 RTT vs Measured Latency (160 relays, data age: 44min) ===
                             N   Spearman r      MAE    Bias    Top5   Top10   Top20
------------------------  ----  -----------  -------  ------  ------  ------  ------
rttOpen vs connect         160         0.43    576ms    0.8x    0.0%   10.0%   35.0%
rttRead vs query           142         0.34     1.3s    7.4x    0.0%    0.0%   35.0%
(Bias = measured/nip66, >1 = NIP-66 underestimates. TopK = overlap of K fastest relays.)
Monitor: 9bb7cd94d7b6..., 9ba0ce3dcc28..., 9bbbb845e5b6..., b2c949c0fb79..., 0b01aa38c2cc..., 9ba1d7892cd0..., 63019a1fc7c4..., http-api..., 9ba046db56b8..., 9ba6484003e8...
[relay-scores] Updated scores for ndk-thompson: 34 relays, session 5
[relay-scores] Saved to .cache/relay_scores_6a0c596c1484eae2_94608000_liveness_ndk-thompson.json

Thompson Sampling [ndk-thompson] learning state:
  Session: 5
  Relays with observations: 34
  Mean prior α: 12.1, β: 17.8
  Relays with strong preference (α>5): 14
  Relays learned to avoid (β>5): 14

JSON results written to: results/6a0c596c1484eae2_1772955625589.json
