[0m[32mTask[0m [0m[36mbench[0m deno run --allow-net --allow-read --allow-write main.ts "6a0c596c1484eae2e8131a030f269944921e52619c1dd143a029c64ea6cd9731" "--algorithms" "ndk,ndk-thompson" "--verify" "--verify-window" "94608000" "--verify-concurrency" "10" "--nip66-filter" "liveness" "--no-phase2-cache" "--fast" "--output" "both"
Target: 6a0c596c1484eae2...
Seed: 0 | Filter: strict | Runs: 3
[fetch] Connecting to 3 indexer relays...
[fetch] wss://purplepag.es: connected (882ms)
[fetch] wss://relay.damus.io: connected (427ms)
[fetch] wss://nos.lol: connected (695ms)
[fetch] Fetching kind 3 (contact list) for 6a0c596c...
[fetch] 399 follows to fetch relay lists for
[fetch] Fetched relay lists: 200/399
[fetch] Received 239 relay list events

=== Fetch Quality ===
Indexers: wss://purplepag.es (0 events, 882ms), wss://relay.damus.io (132 events, 427ms), wss://nos.lol (236 events, 695ms)
Follows: 399 | With relay list: 231 (57.9%) | Missing: 168 (42.1%) | Filtered-to-empty: 8
Filter profile: strict | Filtered URLs: 107 (6 localhost, 32 insecure ws, 7 IP-only, 55 known-bad, 7 malformed)
Unique valid write relays: 566 | Seed: 0
[nip66] Using cached monitor data (1078 relays)

=== NIP-66 Liveness Filter (liveness) ===
Monitor data: 1078 relays
Candidate relays: 566
  Known alive: 184
  Unknown (removed): 382
  .onion preserved: 18
  Parse-failed preserved: 0
  Authors filtered to empty: 2
Relays after filter: 184

=== Regime A: Fixed 20 Connections ===
  Algorithm                      |  Relays |   Assign% |  Orphans |  Alg.Orph |  Avg/pk |   Gini |    HHI
  -------------------------------+---------+-----------+----------+-----------+---------+--------+-------
  Priority-Based (NDK)           |      20 |     56.9% |      172 |         4 |     1.9 |   0.78 |  0.262
  NDK+Thompson (Priority)        |      20 |     56.7% (0.0sd) | 172.66666666666666 | 4.666666666666667 |     1.9 |   0.68 |  0.159

=== Phase 2: Event Verification ===
Window: 94608000s | Kinds: 1 | Concurrency: 10
[baseline] Querying 184 relays for 229 authors (window: 94608000s)
[pool] CLOSED from wss://relay.nosflare.com: auth-required: authentication required to subscribe
[pool] CLOSED from wss://greensoul.space: auth-required: only authenticated users can read from this relay
[pool] CLOSED from wss://aggr.nostr.land: auth-required: auth required for aggregator
[baseline] Progress: 50/184 relays queried
[pool] CLOSED from wss://creatr.nostr.wine: auth-required: please authenticate before sending REQs
[baseline] Progress: 100/184 relays queried
[pool] CLOSED from wss://auth.nostr1.com: auth-required: you must auth
[pool] CLOSED from wss://wot.azzamo.net: rate-limited: there is a bug in the client, no one should be making so many requests
[pool] CLOSED from wss://relay.getalby.com/v1: blocked: Request rejected
[baseline] Progress: 150/184 relays queried
[pool] CLOSED from wss://relay.nostraddress.com: auth-required: authentication required to subscribe
[pool] CLOSED from wss://impromptu.relays.land: auth-required: all requests must be authenticated
[baseline] Progress: 184/184 relays queried
[phase2] Subscription timeouts (no EOSE): 7
[phase2] CLOSED messages received: 9
  wss://relay.nosflare.com: auth-required: authentication required to subscribe
  wss://greensoul.space: auth-required: only authenticated users can read from this relay
  wss://aggr.nostr.land: auth-required: auth required for aggregator
  wss://creatr.nostr.wine: auth-required: please authenticate before sending REQs
  wss://auth.nostr1.com: auth-required: you must auth
  wss://wot.azzamo.net: rate-limited: there is a bug in the client, no one should be making so many requests
  wss://relay.getalby.com/v1: blocked: Request rejected
  wss://relay.nostraddress.com: auth-required: authentication required to subscribe
  wss://impromptu.relays.land: auth-required: all requests must be authenticated

=== Phase 2: Event Verification (1095d window) ===
Baseline: 184 relays queried (66.3% success), 36s
  Timing: connect 725ms median (1.5s p95) | query 1.3s median (10.9s p95) | 7 timeouts (7 relays)
  Authors: 229 with relay data
    Testable (reliable): 110 | Testable (partial): 2 | Zero events: 114 | Unreliable: 3
  Baseline events: 45,529 (mean 406.5/author, median 45)
  Events per (relay,pubkey) capped at: 10000

  Headline metrics (110 testable-reliable authors, 45,219 baseline events):

  Algorithm                        |   Evt Recall |   Auth Recall |  Relay OK% |     TTFE |      p50 |      p80 | Timeouts
  ---------------------------------+--------------+---------------+------------+----------+----------+----------+---------
  Priority-Based (NDK)             |        10.9% |         79.1% |      95.0% |    574ms |     2.4s |     3.2s |        0
  NDK+Thompson (Priority) (seed=0, single run) |        12.5% |         80.0% |      95.0% |    574ms |     2.5s |     3.2s |        0

  Per-author recall distribution:
  Algorithm                        |   Median |  % at 0% |      p25 |      p75
  ---------------------------------+----------+----------+----------+---------
  Priority-Based (NDK)             |    30.2% |    20.9% |     1.5% |   100.0%
  NDK+Thompson (Priority) (seed=0, single run) |    45.3% |    20.0% |     2.1% |   100.0%

  Latency simulation (parallel relay query):
  Algorithm                        |     TTFE |      p50 |      p80 |      Max |   TO |   TO Tax |   Relays |   Events
  ---------------------------------+----------+----------+----------+----------+------+----------+----------+---------
  Priority-Based (NDK)             |    574ms |     2.4s |     3.2s |     5.1s |    0 |      0ms | 17/19/20 |   13,993
  NDK+Thompson (Priority) (seed=0, single run) |    574ms |     2.5s |     3.2s |     5.1s |    0 |      0ms | 17/19/20 |   13,991
  (Relays: with-events/connected/total | TO Tax: ceil(timeouts/concurrency) × EOSE timeout)

  Progressive completeness (% of recall achieved by time):
  Algorithm                        |      @1s |      @2s |      @5s |     @10s |     @15s
  ---------------------------------+----------+----------+----------+----------+---------
  Priority-Based (NDK)             |     0.0% |    51.2% |   100.0% |   100.0% |   100.0%
  NDK+Thompson (Priority) (seed=0, single run) |     0.0% |    48.0% |   100.0% |   100.0% |   100.0%

  EOSE-race simulation (stop after first EOSE + grace period):
  Algorithm                        |     +0ms |   +200ms |   +500ms |      +1s |      +2s
  ---------------------------------+----------+----------+----------+----------+---------
  Priority-Based (NDK)             |    30.3% |    30.3% |    30.6% |    51.2% |    70.8%
  NDK+Thompson (Priority) (seed=0, single run) |    20.9% |    20.9% |    20.9% |    48.0% |    70.4%
  (First EOSE: Priority-Based (NDK)=1.0s, NDK+Thompson (Priority) (seed=0, single run)=1.0s)

  Profile-view latency (per-author outbox query, top 3 write relays):
    Authors simulated: 112 | Hit rate: 99.1%
    TTFE: 574ms median, 954ms mean, 1.7s p95
    Relays/profile: 2.8 queried, 2.5 with events, 0.02 timeouts

  Feed vs profile-view TTFE comparison:
  Algorithm                        |  Feed TTFE |  Profile TTFE |    Delta
  ---------------------------------+------------+---------------+---------
  Priority-Based (NDK)             |      574ms |         574ms |     +0ms
  NDK+Thompson (Priority) (seed=0, single run) |      574ms |         574ms |     +0ms

  Including partial-baseline authors (112 testable authors, 45,529 baseline events):

  Algorithm                        |   Evt Recall |   Auth Recall
  ---------------------------------+--------------+--------------
  Priority-Based (NDK)             |        10.9% |         78.6%
  NDK+Thompson (Priority) (seed=0, single run) |        12.4% |         79.5%

=== NIP-66 RTT vs Measured Latency (137 relays, data age: 62min) ===
                             N   Spearman r      MAE    Bias    Top5   Top10   Top20
------------------------  ----  -----------  -------  ------  ------  ------  ------
rttOpen vs connect         137         0.13    854ms    0.7x    0.0%    0.0%   20.0%
rttRead vs query           121         0.04     1.1s    5.1x    0.0%    0.0%    5.0%
(Bias = measured/nip66, >1 = NIP-66 underestimates. TopK = overlap of K fastest relays.)
Monitor: 9bbbb845e5b6..., 9bb7cd94d7b6..., 9ba1d7892cd0..., 0b01aa38c2cc..., b2c949c0fb79..., 9b85d54cc4bc..., http-api..., 9ba0ce3dcc28...
[relay-scores] Updated scores for ndk-thompson: 20 relays, session 1
[relay-scores] Saved to .cache/relay_scores_6a0c596c1484eae2_94608000_liveness_ndk-thompson.json

Thompson Sampling [ndk-thompson] learning state:
  Session: 1
  Relays with observations: 20
  Mean prior α: 5.2, β: 7.6
  Relays with strong preference (α>5): 6
  Relays learned to avoid (β>5): 7

JSON results written to: results/6a0c596c1484eae2_1772952740962.json
