[0m[32mTask[0m [0m[36mbench[0m deno run --allow-net --allow-read --allow-write main.ts "97c70a44366a6535c145b333f973ea86dfdc2d7a99da618c40c64705ad98e322" "--algorithms" "ndk,ndk-thompson" "--verify" "--verify-window" "94608000" "--verify-concurrency" "10" "--nip66-filter" "liveness" "--no-phase2-cache" "--fast" "--output" "both"
Target: 97c70a44366a6535...
Seed: 0 | Filter: strict | Runs: 3
Using cached data (fetched 2026-03-08T07:10:11.019Z)

=== Fetch Quality ===
Indexers: wss://purplepag.es (453 events, 1085ms), wss://relay.damus.io (298 events, 301ms), wss://nos.lol (401 events, 849ms)
Follows: 452 | With relay list: 394 (87.2%) | Missing: 58 (12.8%) | Filtered-to-empty: 9
Filter profile: strict | Filtered URLs: 141 (6 localhost, 13 insecure ws, 8 IP-only, 114 known-bad)
Unique valid write relays: 481 | Seed: 0
[nip66] Using cached monitor data (1078 relays)

=== NIP-66 Liveness Filter (liveness) ===
Monitor data: 1078 relays
Candidate relays: 481
  Known alive: 252
  Unknown (removed): 229
  .onion preserved: 10
  Parse-failed preserved: 0
  Authors filtered to empty: 3
Relays after filter: 252
[relay-scores] Loaded 29 relay priors (session 4, from 2026-03-08T07:23:43.154Z)

Thompson Sampling [ndk-thompson]: loaded 29 relay priors (session 4)

=== Regime A: Fixed 20 Connections ===
  Algorithm                      |  Relays |   Assign% |  Orphans |  Alg.Orph |  Avg/pk |   Gini |    HHI
  -------------------------------+---------+-----------+----------+-----------+---------+--------+-------
  Priority-Based (NDK)           |      20 |     84.1% |       72 |        14 |     1.9 |   0.81 |  0.312
  NDK+Thompson (Priority)        |      20 |     83.3% (0.0sd) | 75.33333333333333 | 17.333333333333332 |     1.9 |   0.78 |  0.265

=== Phase 2: Event Verification ===
Window: 94608000s | Kinds: 1 | Concurrency: 10
[baseline] Querying 252 relays for 391 authors (window: 94608000s)
[pool] CLOSED from wss://hole.v0l.io: error: queries not allowed
[baseline] Progress: 50/252 relays queried
[pool] CLOSED from wss://relay.getalby.com/v1: blocked: Request rejected
[pool] CLOSED from wss://greensoul.space: auth-required: only authenticated users can read from this relay
[pool] CLOSED from wss://sendit.nosflare.com: restricted: this relay does not accept REQs
[pool] CLOSED from wss://relay.nosflare.com: auth-required: authentication required to subscribe
[baseline] Progress: 100/252 relays queried
[pool] CLOSED from wss://creatr.nostr.wine: auth-required: please authenticate before sending REQs
[pool] CLOSED from wss://inbox.nostr.wine: blocked: this relay does not store any of the kinds in this request
[pool] CLOSED from wss://david.nostr1.com: auth-required: you must auth
[pool] CLOSED from wss://relay.shawnyeager.com/chat: auth-required: all requests must be authenticated
[pool] CLOSED from wss://auth.nostr1.com: auth-required: you must auth
[baseline] Progress: 150/252 relays queried
[pool] CLOSED from wss://aggr.nostr.land: auth-required: auth required for aggregator
[pool] CLOSED from wss://bostr.erechorse.com: auth-required: authentication is required to perform this action.
[pool] CLOSED from wss://relay.nsec.app: blocked: we only keep kind 24133 or 24135
[baseline] Progress: 200/252 relays queried
[pool] CLOSED from wss://relay.albylabs.com: blocked: Request rejected
[pool] CLOSED from wss://relay.danieldaquino.me/private: auth-required: this query requires you to be authenticated
[pool] CLOSED from wss://aplaceinthesun.nostr1.com: auth-required: you must auth
[baseline] Progress: 250/252 relays queried
[baseline] Progress: 252/252 relays queried
[phase2] Subscription timeouts (no EOSE): 14
[phase2] CLOSED messages received: 16
  wss://hole.v0l.io: error: queries not allowed
  wss://relay.getalby.com/v1: blocked: Request rejected
  wss://greensoul.space: auth-required: only authenticated users can read from this relay
  wss://sendit.nosflare.com: restricted: this relay does not accept REQs
  wss://relay.nosflare.com: auth-required: authentication required to subscribe
  wss://creatr.nostr.wine: auth-required: please authenticate before sending REQs
  wss://inbox.nostr.wine: blocked: this relay does not store any of the kinds in this request
  wss://david.nostr1.com: auth-required: you must auth
  wss://relay.shawnyeager.com/chat: auth-required: all requests must be authenticated
  wss://auth.nostr1.com: auth-required: you must auth

=== Phase 2: Event Verification (1095d window) ===
Baseline: 252 relays queried (79.4% success), 1.0min
  Timing: connect 701ms median (1.3s p95) | query 1.1s median (15.5s p95) | 14 timeouts (15 relays)
  Authors: 391 with relay data
    Testable (reliable): 270 | Testable (partial): 0 | Zero events: 120 | Unreliable: 1
  Baseline events: 92,646 (mean 343.1/author, median 74)
  Events per (relay,pubkey) capped at: 10000

  Headline metrics (270 testable-reliable authors, 92,646 baseline events):

  Algorithm                        |   Evt Recall |   Auth Recall |  Relay OK% |     TTFE |      p50 |      p80 | Timeouts
  ---------------------------------+--------------+---------------+------------+----------+----------+----------+---------
  Priority-Based (NDK)             |         9.5% |         78.9% |      85.0% |    691ms |     2.7s |     4.2s |        1
  NDK+Thompson (Priority) (seed=0, single run) |        16.3% |         79.3% |      90.0% |    691ms |     2.6s |     3.6s |        0

  Per-author recall distribution:
  Algorithm                        |   Median |  % at 0% |      p25 |      p75
  ---------------------------------+----------+----------+----------+---------
  Priority-Based (NDK)             |    13.7% |    21.1% |     0.5% |    78.9%
  NDK+Thompson (Priority) (seed=0, single run) |    17.4% |    20.7% |     0.5% |    96.6%

  Latency simulation (parallel relay query):
  Algorithm                        |     TTFE |      p50 |      p80 |      Max |   TO |   TO Tax |   Relays |   Events
  ---------------------------------+----------+----------+----------+----------+------+----------+----------+---------
  Priority-Based (NDK)             |    691ms |     2.7s |     4.2s |    24.5s |    1 |    15.0s | 16/18/20 |   38,274
  NDK+Thompson (Priority) (seed=0, single run) |    691ms |     2.6s |     3.6s |     5.5s |    0 |      0ms | 17/18/20 |   38,774
  (Relays: with-events/connected/total | TO Tax: ceil(timeouts/concurrency) × EOSE timeout)

  Progressive completeness (% of recall achieved by time):
  Algorithm                        |      @1s |      @2s |      @5s |     @10s |     @15s
  ---------------------------------+----------+----------+----------+----------+---------
  Priority-Based (NDK)             |     1.8% |     3.7% |    84.1% |   100.0% |   100.0%
  NDK+Thompson (Priority) (seed=0, single run) |     1.1% |     8.3% |    93.5% |   100.0% |   100.0%

  EOSE-race simulation (stop after first EOSE + grace period):
  Algorithm                        |     +0ms |   +200ms |   +500ms |      +1s |      +2s
  ---------------------------------+----------+----------+----------+----------+---------
  Priority-Based (NDK)             |     1.8% |     1.8% |     2.1% |     3.7% |    70.3%
  NDK+Thompson (Priority) (seed=0, single run) |     1.1% |     1.1% |     1.7% |     8.3% |    81.9%
  (First EOSE: Priority-Based (NDK)=884ms, NDK+Thompson (Priority) (seed=0, single run)=884ms)

  Profile-view latency (per-author outbox query, top 3 write relays):
    Authors simulated: 270 | Hit rate: 100.0%
    TTFE: 691ms median, 1.1s mean, 1.9s p95
    Relays/profile: 2.9 queried, 2.6 with events, 0.05 timeouts

  Feed vs profile-view TTFE comparison:
  Algorithm                        |  Feed TTFE |  Profile TTFE |    Delta
  ---------------------------------+------------+---------------+---------
  Priority-Based (NDK)             |      691ms |         691ms |     +0ms
  NDK+Thompson (Priority) (seed=0, single run) |      691ms |         691ms |     +0ms

=== NIP-66 RTT vs Measured Latency (227 relays, data age: 37min) ===
                             N   Spearman r      MAE    Bias    Top5   Top10   Top20
------------------------  ----  -----------  -------  ------  ------  ------  ------
rttOpen vs connect         227         0.38    618ms    0.8x   20.0%   50.0%   30.0%
rttRead vs query           206         0.39     1.4s    8.0x    0.0%   20.0%   20.0%
(Bias = measured/nip66, >1 = NIP-66 underestimates. TopK = overlap of K fastest relays.)
Monitor: 9ba0ce3dcc28..., 9bbbb845e5b6..., 9ba1d7892cd0..., 0b01aa38c2cc..., 63019a1fc7c4..., 9bb7cd94d7b6..., b2c949c0fb79..., http-api..., 9b85d54cc4bc...
[relay-scores] Updated scores for ndk-thompson: 29 relays, session 5
[relay-scores] Degrading relays (1): wss://relay.ditto.pub
[relay-scores] Saved to .cache/relay_scores_97c70a44366a6535_94608000_liveness_ndk-thompson.json

Thompson Sampling [ndk-thompson] learning state:
  Session: 5
  Relays with observations: 29
  Mean prior α: 25.4, β: 54.0
  Relays with strong preference (α>5): 14
  Relays learned to avoid (β>5): 21

JSON results written to: results/97c70a44366a6535_1772955319644.json
