[0m[32mTask[0m [0m[36mbench[0m deno run --allow-net --allow-read --allow-write main.ts "97c70a44366a6535c145b333f973ea86dfdc2d7a99da618c40c64705ad98e322" "--algorithms" "ndk,ndk-thompson" "--verify" "--verify-window" "94608000" "--verify-concurrency" "10" "--nip66-filter" "liveness" "--no-phase2-cache" "--fast" "--output" "both"
Target: 97c70a44366a6535...
Seed: 0 | Filter: strict | Runs: 3
Using cached data (fetched 2026-03-08T07:10:11.019Z)

=== Fetch Quality ===
Indexers: wss://purplepag.es (453 events, 1085ms), wss://relay.damus.io (298 events, 301ms), wss://nos.lol (401 events, 849ms)
Follows: 452 | With relay list: 394 (87.2%) | Missing: 58 (12.8%) | Filtered-to-empty: 9
Filter profile: strict | Filtered URLs: 141 (6 localhost, 13 insecure ws, 8 IP-only, 114 known-bad)
Unique valid write relays: 481 | Seed: 0
[nip66] Using cached monitor data (1078 relays)

=== NIP-66 Liveness Filter (liveness) ===
Monitor data: 1078 relays
Candidate relays: 481
  Known alive: 252
  Unknown (removed): 229
  .onion preserved: 10
  Parse-failed preserved: 0
  Authors filtered to empty: 3
Relays after filter: 252
[relay-scores] Loaded 27 relay priors (session 3, from 2026-03-08T07:11:28.147Z)

Thompson Sampling [ndk-thompson]: loaded 27 relay priors (session 3)

=== Regime A: Fixed 20 Connections ===
  Algorithm                      |  Relays |   Assign% |  Orphans |  Alg.Orph |  Avg/pk |   Gini |    HHI
  -------------------------------+---------+-----------+----------+-----------+---------+--------+-------
  Priority-Based (NDK)           |      20 |     84.1% |       72 |        14 |     1.9 |   0.81 |  0.312
  NDK+Thompson (Priority)        |      20 |     83.6% (0.0sd) | 74.33333333333333 | 16.333333333333332 |     1.9 |   0.71 |  0.205

=== Phase 2: Event Verification ===
Window: 94608000s | Kinds: 1 | Concurrency: 10
[baseline] Querying 252 relays for 391 authors (window: 94608000s)
[pool] CLOSED from wss://hole.v0l.io: error: queries not allowed
[baseline] Progress: 50/252 relays queried
[pool] CLOSED from wss://relay.getalby.com/v1: blocked: Request rejected
[pool] CLOSED from wss://greensoul.space: auth-required: only authenticated users can read from this relay
[pool] CLOSED from wss://sendit.nosflare.com: restricted: this relay does not accept REQs
[pool] CLOSED from wss://relay.nosflare.com: auth-required: authentication required to subscribe
[baseline] Progress: 100/252 relays queried
[pool] CLOSED from wss://inbox.nostr.wine: blocked: this relay does not store any of the kinds in this request
[pool] CLOSED from wss://creatr.nostr.wine: auth-required: please authenticate before sending REQs
[pool] CLOSED from wss://david.nostr1.com: auth-required: you must auth
[pool] CLOSED from wss://relay.shawnyeager.com/chat: auth-required: all requests must be authenticated
[pool] CLOSED from wss://auth.nostr1.com: auth-required: you must auth
[baseline] Progress: 150/252 relays queried
[pool] CLOSED from wss://aggr.nostr.land: auth-required: auth required for aggregator
[pool] CLOSED from wss://bostr.erechorse.com: auth-required: authentication is required to perform this action.
[pool] CLOSED from wss://relay.nsec.app: blocked: we only keep kind 24133 or 24135
[baseline] Progress: 200/252 relays queried
[pool] CLOSED from wss://relay.albylabs.com: blocked: Request rejected
[pool] CLOSED from wss://relay.danieldaquino.me/private: auth-required: this query requires you to be authenticated
[pool] CLOSED from wss://aplaceinthesun.nostr1.com: auth-required: you must auth
[baseline] Progress: 250/252 relays queried
[baseline] Progress: 252/252 relays queried
[phase2] Subscription timeouts (no EOSE): 15
[phase2] CLOSED messages received: 16
  wss://hole.v0l.io: error: queries not allowed
  wss://relay.getalby.com/v1: blocked: Request rejected
  wss://greensoul.space: auth-required: only authenticated users can read from this relay
  wss://sendit.nosflare.com: restricted: this relay does not accept REQs
  wss://relay.nosflare.com: auth-required: authentication required to subscribe
  wss://inbox.nostr.wine: blocked: this relay does not store any of the kinds in this request
  wss://creatr.nostr.wine: auth-required: please authenticate before sending REQs
  wss://david.nostr1.com: auth-required: you must auth
  wss://relay.shawnyeager.com/chat: auth-required: all requests must be authenticated
  wss://auth.nostr1.com: auth-required: you must auth

=== Phase 2: Event Verification (1095d window) ===
Baseline: 252 relays queried (72.2% success), 1.1min
  Timing: connect 719ms median (1.3s p95) | query 1.2s median (15.7s p95) | 15 timeouts (15 relays)
  Authors: 391 with relay data
    Testable (reliable): 252 | Testable (partial): 10 | Zero events: 116 | Unreliable: 13
  Baseline events: 78,898 (mean 301.1/author, median 49)
  Events per (relay,pubkey) capped at: 10000

  Headline metrics (252 testable-reliable authors, 77,214 baseline events):

  Algorithm                        |   Evt Recall |   Auth Recall |  Relay OK% |     TTFE |      p50 |      p80 | Timeouts
  ---------------------------------+--------------+---------------+------------+----------+----------+----------+---------
  Priority-Based (NDK)             |        10.9% |         79.0% |      60.0% |    873ms |     6.0s |     7.6s |        1
  NDK+Thompson (Priority) (seed=0, single run) |        12.9% |         74.2% |      60.0% |    873ms |     4.8s |     6.7s |        0

  Per-author recall distribution:
  Algorithm                        |   Median |  % at 0% |      p25 |      p75
  ---------------------------------+----------+----------+----------+---------
  Priority-Based (NDK)             |    24.5% |    21.0% |     0.8% |   100.0%
  NDK+Thompson (Priority) (seed=0, single run) |    19.5% |    25.8% |     0.0% |   100.0%

  Latency simulation (parallel relay query):
  Algorithm                        |     TTFE |      p50 |      p80 |      Max |   TO |   TO Tax |   Relays |   Events
  ---------------------------------+----------+----------+----------+----------+------+----------+----------+---------
  Priority-Based (NDK)             |    873ms |     6.0s |     7.6s |    20.7s |    1 |    15.0s | 11/13/20 |   26,807
  NDK+Thompson (Priority) (seed=0, single run) |    873ms |     4.8s |     6.7s |    11.5s |    0 |      0ms | 11/12/20 |   23,613
  (Relays: with-events/connected/total | TO Tax: ceil(timeouts/concurrency) × EOSE timeout)

  Progressive completeness (% of recall achieved by time):
  Algorithm                        |      @1s |      @2s |      @5s |     @10s |     @15s
  ---------------------------------+----------+----------+----------+----------+---------
  Priority-Based (NDK)             |     0.0% |     9.8% |    47.3% |    85.4% |   100.0%
  NDK+Thompson (Priority) (seed=0, single run) |     0.0% |    52.0% |    76.7% |    87.9% |   100.0%

  EOSE-race simulation (stop after first EOSE + grace period):
  Algorithm                        |     +0ms |   +200ms |   +500ms |      +1s |      +2s
  ---------------------------------+----------+----------+----------+----------+---------
  Priority-Based (NDK)             |     1.9% |     2.2% |     2.2% |     9.8% |    11.7%
  NDK+Thompson (Priority) (seed=0, single run) |     2.5% |     2.5% |    52.0% |    52.0% |    53.4%
  (First EOSE: Priority-Based (NDK)=1.2s, NDK+Thompson (Priority) (seed=0, single run)=1.2s)

  Profile-view latency (per-author outbox query, top 3 write relays):
    Authors simulated: 262 | Hit rate: 98.5%
    TTFE: 949ms median, 1.2s mean, 2.3s p95
    Relays/profile: 2.9 queried, 2.2 with events, 0.05 timeouts

  Feed vs profile-view TTFE comparison:
  Algorithm                        |  Feed TTFE |  Profile TTFE |    Delta
  ---------------------------------+------------+---------------+---------
  Priority-Based (NDK)             |      873ms |         949ms |    +77ms
  NDK+Thompson (Priority) (seed=0, single run) |      873ms |         949ms |    +77ms

  Including partial-baseline authors (262 testable authors, 78,898 baseline events):

  Algorithm                        |   Evt Recall |   Auth Recall
  ---------------------------------+--------------+--------------
  Priority-Based (NDK)             |        10.7% |         79.4%
  NDK+Thompson (Priority) (seed=0, single run) |        12.7% |         72.9%

=== NIP-66 RTT vs Measured Latency (210 relays, data age: 26min) ===
                             N   Spearman r      MAE    Bias    Top5   Top10   Top20
------------------------  ----  -----------  -------  ------  ------  ------  ------
rttOpen vs connect         210         0.27    638ms    0.8x    0.0%   10.0%   25.0%
rttRead vs query           188         0.39     1.5s    8.6x    0.0%   30.0%   25.0%
(Bias = measured/nip66, >1 = NIP-66 underestimates. TopK = overlap of K fastest relays.)
Monitor: 9ba0ce3dcc28..., 9ba1d7892cd0..., 9bbbb845e5b6..., 0b01aa38c2cc..., b2c949c0fb79..., http-api..., 9bb7cd94d7b6..., 9b85d54cc4bc...
[relay-scores] Updated scores for ndk-thompson: 29 relays, session 4
[relay-scores] Degrading relays (4): wss://nostr-pub.wellorder.net, wss://nostr.bitcoiner.social, wss://relay.ditto.pub, wss://eden.nostr.land
[relay-scores] Saved to .cache/relay_scores_97c70a44366a6535_94608000_liveness_ndk-thompson.json

Thompson Sampling [ndk-thompson] learning state:
  Session: 4
  Relays with observations: 29
  Mean prior α: 21.0, β: 44.3
  Relays with strong preference (α>5): 14
  Relays learned to avoid (β>5): 20

JSON results written to: results/97c70a44366a6535_1772954623167.json
