[0m[32mTask[0m [0m[36mbench[0m deno run --allow-net --allow-read --allow-write main.ts "97c70a44366a6535c145b333f973ea86dfdc2d7a99da618c40c64705ad98e322" "--algorithms" "ndk,ndk-thompson" "--verify" "--verify-window" "94608000" "--verify-concurrency" "10" "--nip66-filter" "liveness" "--no-phase2-cache" "--fast" "--output" "both"
Target: 97c70a44366a6535...
Seed: 0 | Filter: strict | Runs: 3
Using cached data (fetched 2026-03-08T06:07:01.178Z)

=== Fetch Quality ===
Indexers: wss://purplepag.es (0 events, 1011ms), wss://relay.damus.io (298 events, 283ms), wss://nos.lol (401 events, 618ms)
Follows: 452 | With relay list: 393 (86.9%) | Missing: 59 (13.1%) | Filtered-to-empty: 9
Filter profile: strict | Filtered URLs: 140 (6 localhost, 13 insecure ws, 7 IP-only, 114 known-bad)
Unique valid write relays: 479 | Seed: 0
[nip66] Using cached monitor data (1078 relays)

=== NIP-66 Liveness Filter (liveness) ===
Monitor data: 1078 relays
Candidate relays: 479
  Known alive: 251
  Unknown (removed): 228
  .onion preserved: 10
  Parse-failed preserved: 0
  Authors filtered to empty: 3
Relays after filter: 251
[relay-scores] Loaded 20 relay priors (session 1, from 2026-03-08T06:44:24.436Z)

Thompson Sampling [ndk-thompson]: loaded 20 relay priors (session 1)

=== Regime A: Fixed 20 Connections ===
  Algorithm                      |  Relays |   Assign% |  Orphans |  Alg.Orph |  Avg/pk |   Gini |    HHI
  -------------------------------+---------+-----------+----------+-----------+---------+--------+-------
  Priority-Based (NDK)           |      20 |     83.8% |       73 |        14 |     1.9 |   0.81 |  0.313
  NDK+Thompson (Priority)        |      20 |     83.7% (0.0sd) | 73.66666666666667 | 14.666666666666666 |     1.9 |   0.67 |  0.172

=== Phase 2: Event Verification ===
Window: 94608000s | Kinds: 1 | Concurrency: 10
[baseline] Querying 251 relays for 390 authors (window: 94608000s)
[pool] CLOSED from wss://hole.v0l.io: error: queries not allowed
[baseline] Progress: 50/251 relays queried
[pool] CLOSED from wss://relay.getalby.com/v1: blocked: Request rejected
[pool] CLOSED from wss://greensoul.space: auth-required: only authenticated users can read from this relay
[pool] CLOSED from wss://sendit.nosflare.com: restricted: this relay does not accept REQs
[pool] CLOSED from wss://relay.nosflare.com: auth-required: authentication required to subscribe
[baseline] Progress: 100/251 relays queried
[pool] CLOSED from wss://creatr.nostr.wine: auth-required: please authenticate before sending REQs
[pool] CLOSED from wss://inbox.nostr.wine: blocked: this relay does not store any of the kinds in this request
[pool] CLOSED from wss://david.nostr1.com: auth-required: you must auth
[pool] CLOSED from wss://relay.shawnyeager.com/chat: auth-required: all requests must be authenticated
[pool] CLOSED from wss://auth.nostr1.com: auth-required: you must auth
[baseline] Progress: 150/251 relays queried
[pool] CLOSED from wss://aggr.nostr.land: auth-required: auth required for aggregator
[pool] CLOSED from wss://bostr.erechorse.com: auth-required: authentication is required to perform this action.
[pool] CLOSED from wss://relay.nsec.app: blocked: we only keep kind 24133 or 24135
[baseline] Progress: 200/251 relays queried
[pool] CLOSED from wss://relay.danieldaquino.me/private: auth-required: this query requires you to be authenticated
[pool] CLOSED from wss://relay.albylabs.com: blocked: Request rejected
[pool] CLOSED from wss://aplaceinthesun.nostr1.com: auth-required: you must auth
[baseline] Progress: 250/251 relays queried
[baseline] Progress: 251/251 relays queried
[phase2] Subscription timeouts (no EOSE): 15
[phase2] CLOSED messages received: 16
  wss://hole.v0l.io: error: queries not allowed
  wss://relay.getalby.com/v1: blocked: Request rejected
  wss://greensoul.space: auth-required: only authenticated users can read from this relay
  wss://sendit.nosflare.com: restricted: this relay does not accept REQs
  wss://relay.nosflare.com: auth-required: authentication required to subscribe
  wss://creatr.nostr.wine: auth-required: please authenticate before sending REQs
  wss://inbox.nostr.wine: blocked: this relay does not store any of the kinds in this request
  wss://david.nostr1.com: auth-required: you must auth
  wss://relay.shawnyeager.com/chat: auth-required: all requests must be authenticated
  wss://auth.nostr1.com: auth-required: you must auth

=== Phase 2: Event Verification (1095d window) ===
Baseline: 251 relays queried (80.5% success), 1.2min
  Timing: connect 676ms median (1.3s p95) | query 1.1s median (15.5s p95) | 15 timeouts (15 relays)
  Authors: 390 with relay data
    Testable (reliable): 270 | Testable (partial): 0 | Zero events: 119 | Unreliable: 1
  Baseline events: 93,576 (mean 346.6/author, median 74)
  Events per (relay,pubkey) capped at: 10000

  Headline metrics (270 testable-reliable authors, 93,576 baseline events):

  Algorithm                        |   Evt Recall |   Auth Recall |  Relay OK% |     TTFE |      p50 |      p80 | Timeouts
  ---------------------------------+--------------+---------------+------------+----------+----------+----------+---------
  Priority-Based (NDK)             |         9.5% |         79.3% |      90.0% |    644ms |     2.4s |     4.1s |        0
  NDK+Thompson (Priority) (seed=0, single run) |        12.4% |         81.5% |      90.0% |    787ms |     2.3s |     3.9s |        0

  Per-author recall distribution:
  Algorithm                        |   Median |  % at 0% |      p25 |      p75
  ---------------------------------+----------+----------+----------+---------
  Priority-Based (NDK)             |    13.7% |    20.7% |     0.5% |    78.9%
  NDK+Thompson (Priority) (seed=0, single run) |    17.9% |    18.5% |     0.8% |    97.6%

  Latency simulation (parallel relay query):
  Algorithm                        |     TTFE |      p50 |      p80 |      Max |   TO |   TO Tax |   Relays |   Events
  ---------------------------------+----------+----------+----------+----------+------+----------+----------+---------
  Priority-Based (NDK)             |    644ms |     2.4s |     4.1s |    10.3s |    0 |      0ms | 17/18/20 |   38,519
  NDK+Thompson (Priority) (seed=0, single run) |    787ms |     2.3s |     3.9s |    10.3s |    0 |      0ms | 17/18/20 |   28,200
  (Relays: with-events/connected/total | TO Tax: ceil(timeouts/concurrency) × EOSE timeout)

  Progressive completeness (% of recall achieved by time):
  Algorithm                        |      @1s |      @2s |      @5s |     @10s |     @15s
  ---------------------------------+----------+----------+----------+----------+---------
  Priority-Based (NDK)             |     1.8% |    39.2% |    86.4% |    99.8% |   100.0%
  NDK+Thompson (Priority) (seed=0, single run) |     0.0% |    33.0% |    91.2% |    99.8% |   100.0%

  EOSE-race simulation (stop after first EOSE + grace period):
  Algorithm                        |     +0ms |   +200ms |   +500ms |      +1s |      +2s
  ---------------------------------+----------+----------+----------+----------+---------
  Priority-Based (NDK)             |     1.8% |     1.8% |     1.8% |    39.2% |    64.2%
  NDK+Thompson (Priority) (seed=0, single run) |     4.3% |     4.3% |    30.3% |    36.2% |    75.2%
  (First EOSE: Priority-Based (NDK)=905ms, NDK+Thompson (Priority) (seed=0, single run)=1.2s)

  Profile-view latency (per-author outbox query, top 3 write relays):
    Authors simulated: 270 | Hit rate: 100.0%
    TTFE: 787ms median, 1.1s mean, 1.8s p95
    Relays/profile: 2.9 queried, 2.7 with events, 0.02 timeouts

  Feed vs profile-view TTFE comparison:
  Algorithm                        |  Feed TTFE |  Profile TTFE |    Delta
  ---------------------------------+------------+---------------+---------
  Priority-Based (NDK)             |      644ms |         787ms |   +143ms
  NDK+Thompson (Priority) (seed=0, single run) |      787ms |         787ms |     +0ms

=== NIP-66 RTT vs Measured Latency (229 relays, data age: 69min) ===
                             N   Spearman r      MAE    Bias    Top5   Top10   Top20
------------------------  ----  -----------  -------  ------  ------  ------  ------
rttOpen vs connect         229         0.08    834ms    0.7x    0.0%   10.0%    5.0%
rttRead vs query           201         0.10     1.4s    5.5x    0.0%    0.0%    5.0%
(Bias = measured/nip66, >1 = NIP-66 underestimates. TopK = overlap of K fastest relays.)
Monitor: 9ba1d7892cd0..., 9bbbb845e5b6..., 9bb7cd94d7b6..., 0b01aa38c2cc..., b2c949c0fb79..., 9b85d54cc4bc..., http-api..., 9ba0ce3dcc28...
[relay-scores] Updated scores for ndk-thompson: 24 relays, session 2
[relay-scores] Saved to .cache/relay_scores_97c70a44366a6535_94608000_liveness_ndk-thompson.json

Thompson Sampling [ndk-thompson] learning state:
  Session: 2
  Relays with observations: 24
  Mean prior α: 13.2, β: 29.4
  Relays with strong preference (α>5): 10
  Relays learned to avoid (β>5): 17

JSON results written to: results/97c70a44366a6535_1772953149743.json
