[0m[32mTask[0m [0m[36mbench[0m deno run --allow-net --allow-read --allow-write main.ts "32e1827635450ebb3c5a7d12c1f8e7b2b514439ac10a67eef3d9fd9c5c68e245" "--algorithms" "ndk,ndk-thompson" "--verify" "--verify-window" "94608000" "--verify-concurrency" "10" "--nip66-filter" "liveness" "--no-phase2-cache" "--fast" "--output" "both"
Target: 32e1827635450ebb...
Seed: 0 | Filter: strict | Runs: 3
Using cached data (fetched 2026-03-08T06:46:56.933Z)

=== Fetch Quality ===
Indexers: wss://purplepag.es (0 events, 1084ms), wss://relay.damus.io (453 events, 254ms), wss://nos.lol (659 events, 728ms)
Follows: 908 | With relay list: 647 (71.3%) | Missing: 261 (28.7%) | Filtered-to-empty: 13
Filter profile: strict | Filtered URLs: 239 (6 localhost, 33 insecure ws, 6 IP-only, 192 known-bad, 2 malformed)
Unique valid write relays: 726 | Seed: 0
[nip66] Using cached monitor data (1078 relays)

=== NIP-66 Liveness Filter (liveness) ===
Monitor data: 1078 relays
Candidate relays: 726
  Known alive: 297
  Unknown (removed): 429
  .onion preserved: 12
  Parse-failed preserved: 0
  Authors filtered to empty: 1
Relays after filter: 297
[relay-scores] Loaded 31 relay priors (session 3, from 2026-03-08T07:13:57.054Z)

Thompson Sampling [ndk-thompson]: loaded 31 relay priors (session 3)

=== Regime A: Fixed 20 Connections ===
  Algorithm                      |  Relays |   Assign% |  Orphans |  Alg.Orph |  Avg/pk |   Gini |    HHI
  -------------------------------+---------+-----------+----------+-----------+---------+--------+-------
  Priority-Based (NDK)           |      20 |     70.2% |      271 |        10 |     1.9 |   0.83 |  0.329
  NDK+Thompson (Priority)        |      20 |     70.1% (0.0sd) | 271.6666666666667 | 10.666666666666666 |     1.9 |   0.72 |  0.194

=== Phase 2: Event Verification ===
Window: 94608000s | Kinds: 1 | Concurrency: 10
[baseline] Querying 297 relays for 646 authors (window: 94608000s)
[pool] CLOSED from wss://relay.shawnyeager.com/chat: auth-required: all requests must be authenticated
[pool] CLOSED from wss://aggr.nostr.land: auth-required: auth required for aggregator
[pool] CLOSED from wss://greensoul.space: auth-required: only authenticated users can read from this relay
[pool] CLOSED from wss://relay.nosflare.com: auth-required: authentication required to subscribe
[pool] CLOSED from wss://relay.getalby.com/v1: blocked: Request rejected
[baseline] Progress: 50/297 relays queried
[pool] CLOSED from wss://relay.usefusion.ai: restricted: only kind 4 (DM) queries are allowed
[pool] CLOSED from wss://creatr.nostr.wine: auth-required: please authenticate before sending REQs
[pool] CLOSED from wss://inbox.nostr.wine: blocked: this relay does not store any of the kinds in this request
[pool] CLOSED from wss://sendit.nosflare.com: restricted: this relay does not accept REQs
[baseline] Progress: 100/297 relays queried
[pool] CLOSED from wss://nostr.dbtc.link: auth-required: NIP-42 auth required
[pool] CLOSED from wss://auth.nostr1.com: auth-required: you must auth
[pool] CLOSED from wss://hole.v0l.io: error: queries not allowed
[baseline] Progress: 150/297 relays queried
[pool] CLOSED from wss://relay.albylabs.com: blocked: Request rejected
[baseline] Progress: 200/297 relays queried
[pool] CLOSED from wss://relay.danieldaquino.me/private: auth-required: this query requires you to be authenticated
[pool] CLOSED from wss://pantry.zap.cooking: auth-required: please authenticate
[pool] CLOSED from wss://impromptu.relays.land: auth-required: all requests must be authenticated
[pool] CLOSED from wss://nortis.nostr1.com: auth-required: you must auth
[pool] CLOSED from wss://relay.nsec.app: blocked: we only keep kind 24133 or 24135
[baseline] Progress: 250/297 relays queried
[pool] CLOSED from wss://david.nostr1.com: auth-required: you must auth
[baseline] Progress: 297/297 relays queried
[phase2] Subscription timeouts (no EOSE): 16
[phase2] CLOSED messages received: 19
  wss://relay.shawnyeager.com/chat: auth-required: all requests must be authenticated
  wss://aggr.nostr.land: auth-required: auth required for aggregator
  wss://greensoul.space: auth-required: only authenticated users can read from this relay
  wss://relay.nosflare.com: auth-required: authentication required to subscribe
  wss://relay.getalby.com/v1: blocked: Request rejected
  wss://relay.usefusion.ai: restricted: only kind 4 (DM) queries are allowed
  wss://creatr.nostr.wine: auth-required: please authenticate before sending REQs
  wss://inbox.nostr.wine: blocked: this relay does not store any of the kinds in this request
  wss://sendit.nosflare.com: restricted: this relay does not accept REQs
  wss://nostr.dbtc.link: auth-required: NIP-42 auth required

=== Phase 2: Event Verification (1095d window) ===
Baseline: 297 relays queried (73.1% success), 1.1min
  Timing: connect 690ms median (1.2s p95) | query 1.2s median (15.4s p95) | 16 timeouts (17 relays)
  Authors: 646 with relay data
    Testable (reliable): 431 | Testable (partial): 1 | Zero events: 213 | Unreliable: 1
  Baseline events: 107,840 (mean 249.6/author, median 39)
  Events per (relay,pubkey) capped at: 10000

  Headline metrics (431 testable-reliable authors, 107,785 baseline events):

  Algorithm                        |   Evt Recall |   Auth Recall |  Relay OK% |     TTFE |      p50 |      p80 | Timeouts
  ---------------------------------+--------------+---------------+------------+----------+----------+----------+---------
  Priority-Based (NDK)             |        14.4% |         77.3% |      75.0% |    749ms |     2.9s |     3.3s |        1
  NDK+Thompson (Priority) (seed=0, single run) |        24.4% |         82.6% |      90.0% |    749ms |     3.1s |     4.1s |        0

  Per-author recall distribution:
  Algorithm                        |   Median |  % at 0% |      p25 |      p75
  ---------------------------------+----------+----------+----------+---------
  Priority-Based (NDK)             |    18.0% |    22.7% |     0.5% |   100.0%
  NDK+Thompson (Priority) (seed=0, single run) |    53.3% |    17.4% |     2.8% |   100.0%

  Latency simulation (parallel relay query):
  Algorithm                        |     TTFE |      p50 |      p80 |      Max |   TO |   TO Tax |   Relays |   Events
  ---------------------------------+----------+----------+----------+----------+------+----------+----------+---------
  Priority-Based (NDK)             |    749ms |     2.9s |     3.3s |    15.8s |    1 |    15.0s | 14/17/20 |   35,238
  NDK+Thompson (Priority) (seed=0, single run) |    749ms |     3.1s |     4.1s |     6.0s |    0 |      0ms | 17/18/20 |   43,072
  (Relays: with-events/connected/total | TO Tax: ceil(timeouts/concurrency) × EOSE timeout)

  Progressive completeness (% of recall achieved by time):
  Algorithm                        |      @1s |      @2s |      @5s |     @10s |     @15s
  ---------------------------------+----------+----------+----------+----------+---------
  Priority-Based (NDK)             |     0.0% |    35.7% |    92.0% |   100.0% |   100.0%
  NDK+Thompson (Priority) (seed=0, single run) |     0.0% |    39.2% |    94.7% |   100.0% |   100.0%

  EOSE-race simulation (stop after first EOSE + grace period):
  Algorithm                        |     +0ms |   +200ms |   +500ms |      +1s |      +2s
  ---------------------------------+----------+----------+----------+----------+---------
  Priority-Based (NDK)             |     0.5% |     0.5% |    35.7% |    35.7% |    89.6%
  NDK+Thompson (Priority) (seed=0, single run) |     0.6% |     0.6% |     1.3% |    39.2% |    62.4%
  (First EOSE: Priority-Based (NDK)=1.5s, NDK+Thompson (Priority) (seed=0, single run)=1.1s)

  Profile-view latency (per-author outbox query, top 3 write relays):
    Authors simulated: 432 | Hit rate: 100.0%
    TTFE: 843ms median, 1.1s mean, 2.1s p95
    Relays/profile: 2.9 queried, 2.6 with events, 0.05 timeouts

  Feed vs profile-view TTFE comparison:
  Algorithm                        |  Feed TTFE |  Profile TTFE |    Delta
  ---------------------------------+------------+---------------+---------
  Priority-Based (NDK)             |      749ms |         843ms |    +93ms
  NDK+Thompson (Priority) (seed=0, single run) |      749ms |         843ms |    +93ms

  Including partial-baseline authors (432 testable authors, 107,840 baseline events):

  Algorithm                        |   Evt Recall |   Auth Recall
  ---------------------------------+--------------+--------------
  Priority-Based (NDK)             |        14.4% |         77.3%
  NDK+Thompson (Priority) (seed=0, single run) |        24.5% |         82.6%

=== NIP-66 RTT vs Measured Latency (248 relays, data age: 29min) ===
                             N   Spearman r      MAE    Bias    Top5   Top10   Top20
------------------------  ----  -----------  -------  ------  ------  ------  ------
rttOpen vs connect         248         0.40    621ms    0.8x   20.0%   10.0%   20.0%
rttRead vs query           222         0.37     1.4s    8.9x    0.0%    0.0%   20.0%
(Bias = measured/nip66, >1 = NIP-66 underestimates. TopK = overlap of K fastest relays.)
Monitor: 9ba0ce3dcc28..., 0b01aa38c2cc..., 9bb7cd94d7b6..., 9ba1d7892cd0..., b2c949c0fb79..., 9bbbb845e5b6..., 63019a1fc7c4..., http-api..., 9b85d54cc4bc...
[relay-scores] Updated scores for ndk-thompson: 33 relays, session 4
[relay-scores] Degrading relays (2): wss://nostr-pub.wellorder.net, wss://relay.0xchat.com
[relay-scores] Saved to .cache/relay_scores_32e1827635450ebb_94608000_liveness_ndk-thompson.json

Thompson Sampling [ndk-thompson] learning state:
  Session: 4
  Relays with observations: 33
  Mean prior α: 33.7, β: 59.5
  Relays with strong preference (α>5): 18
  Relays learned to avoid (β>5): 23

JSON results written to: results/32e1827635450ebb_1772954751565.json
