[0m[32mTask[0m [0m[36mbench[0m deno run --allow-net --allow-read --allow-write main.ts "32e1827635450ebb3c5a7d12c1f8e7b2b514439ac10a67eef3d9fd9c5c68e245" "--algorithms" "ndk,ndk-thompson" "--verify" "--verify-window" "94608000" "--verify-concurrency" "10" "--nip66-filter" "liveness" "--no-phase2-cache" "--fast" "--output" "both"
Target: 32e1827635450ebb...
Seed: 0 | Filter: strict | Runs: 3
Using cached data (fetched 2026-03-08T06:46:56.933Z)

=== Fetch Quality ===
Indexers: wss://purplepag.es (0 events, 1084ms), wss://relay.damus.io (453 events, 254ms), wss://nos.lol (659 events, 728ms)
Follows: 908 | With relay list: 647 (71.3%) | Missing: 261 (28.7%) | Filtered-to-empty: 13
Filter profile: strict | Filtered URLs: 239 (6 localhost, 33 insecure ws, 6 IP-only, 192 known-bad, 2 malformed)
Unique valid write relays: 726 | Seed: 0
[nip66] Using cached monitor data (1078 relays)

=== NIP-66 Liveness Filter (liveness) ===
Monitor data: 1078 relays
Candidate relays: 726
  Known alive: 297
  Unknown (removed): 429
  .onion preserved: 12
  Parse-failed preserved: 0
  Authors filtered to empty: 1
Relays after filter: 297
[relay-scores] Loaded 33 relay priors (session 4, from 2026-03-08T07:25:51.553Z)

Thompson Sampling [ndk-thompson]: loaded 33 relay priors (session 4)

=== Regime A: Fixed 20 Connections ===
  Algorithm                      |  Relays |   Assign% |  Orphans |  Alg.Orph |  Avg/pk |   Gini |    HHI
  -------------------------------+---------+-----------+----------+-----------+---------+--------+-------
  Priority-Based (NDK)           |      20 |     70.2% |      271 |        10 |     1.9 |   0.83 |  0.329
  NDK+Thompson (Priority)        |      20 |     70.1% (0.0sd) | 271.3333333333333 | 10.333333333333334 |     1.9 |   0.74 |  0.214

=== Phase 2: Event Verification ===
Window: 94608000s | Kinds: 1 | Concurrency: 10
[baseline] Querying 297 relays for 646 authors (window: 94608000s)
[pool] CLOSED from wss://aggr.nostr.land: auth-required: auth required for aggregator
[pool] CLOSED from wss://relay.shawnyeager.com/chat: auth-required: all requests must be authenticated
[pool] CLOSED from wss://relay.nosflare.com: auth-required: authentication required to subscribe
[pool] CLOSED from wss://greensoul.space: auth-required: only authenticated users can read from this relay
[pool] CLOSED from wss://relay.getalby.com/v1: blocked: Request rejected
[baseline] Progress: 50/297 relays queried
[pool] CLOSED from wss://relay.usefusion.ai: restricted: only kind 4 (DM) queries are allowed
[pool] CLOSED from wss://creatr.nostr.wine: auth-required: please authenticate before sending REQs
[pool] CLOSED from wss://inbox.nostr.wine: blocked: this relay does not store any of the kinds in this request
[pool] CLOSED from wss://sendit.nosflare.com: restricted: this relay does not accept REQs
[baseline] Progress: 100/297 relays queried
[pool] CLOSED from wss://nostr.dbtc.link: auth-required: NIP-42 auth required
[pool] CLOSED from wss://hole.v0l.io: error: queries not allowed
[pool] CLOSED from wss://auth.nostr1.com: auth-required: you must auth
[baseline] Progress: 150/297 relays queried
[pool] CLOSED from wss://relay.albylabs.com: blocked: Request rejected
[baseline] Progress: 200/297 relays queried
[pool] CLOSED from wss://relay.danieldaquino.me/private: auth-required: this query requires you to be authenticated
[pool] CLOSED from wss://pantry.zap.cooking: auth-required: please authenticate
[pool] CLOSED from wss://impromptu.relays.land: auth-required: all requests must be authenticated
[pool] CLOSED from wss://nortis.nostr1.com: auth-required: you must auth
[pool] CLOSED from wss://relay.nsec.app: blocked: we only keep kind 24133 or 24135
[baseline] Progress: 250/297 relays queried
[pool] CLOSED from wss://wheat.happytavern.co: rate-limited: REQ rate limit exceeded
[pool] CLOSED from wss://david.nostr1.com: auth-required: you must auth
[baseline] Progress: 297/297 relays queried
[phase2] Subscription timeouts (no EOSE): 18
[phase2] CLOSED messages received: 20
  wss://aggr.nostr.land: auth-required: auth required for aggregator
  wss://relay.shawnyeager.com/chat: auth-required: all requests must be authenticated
  wss://relay.nosflare.com: auth-required: authentication required to subscribe
  wss://greensoul.space: auth-required: only authenticated users can read from this relay
  wss://relay.getalby.com/v1: blocked: Request rejected
  wss://relay.usefusion.ai: restricted: only kind 4 (DM) queries are allowed
  wss://creatr.nostr.wine: auth-required: please authenticate before sending REQs
  wss://inbox.nostr.wine: blocked: this relay does not store any of the kinds in this request
  wss://sendit.nosflare.com: restricted: this relay does not accept REQs
  wss://nostr.dbtc.link: auth-required: NIP-42 auth required

=== Phase 2: Event Verification (1095d window) ===
Baseline: 297 relays queried (75.1% success), 1.2min
  Timing: connect 670ms median (1.3s p95) | query 1.3s median (15.6s p95) | 18 timeouts (18 relays)
  Authors: 646 with relay data
    Testable (reliable): 438 | Testable (partial): 1 | Zero events: 207 | Unreliable: 0
  Baseline events: 108,150 (mean 246.4/author, median 39)
  Events per (relay,pubkey) capped at: 10000

  Headline metrics (438 testable-reliable authors, 107,781 baseline events):

  Algorithm                        |   Evt Recall |   Auth Recall |  Relay OK% |     TTFE |      p50 |      p80 | Timeouts
  ---------------------------------+--------------+---------------+------------+----------+----------+----------+---------
  Priority-Based (NDK)             |        14.1% |         76.0% |      85.0% |    690ms |     3.4s |     4.6s |        1
  NDK+Thompson (Priority) (seed=0, single run) |        23.4% |         81.1% |     100.0% |    690ms |     2.6s |     4.1s |        0

  Per-author recall distribution:
  Algorithm                        |   Median |  % at 0% |      p25 |      p75
  ---------------------------------+----------+----------+----------+---------
  Priority-Based (NDK)             |    14.7% |    24.0% |     0.3% |    99.5%
  NDK+Thompson (Priority) (seed=0, single run) |    47.9% |    18.9% |     1.9% |   100.0%

  Latency simulation (parallel relay query):
  Algorithm                        |     TTFE |      p50 |      p80 |      Max |   TO |   TO Tax |   Relays |   Events
  ---------------------------------+----------+----------+----------+----------+------+----------+----------+---------
  Priority-Based (NDK)             |    690ms |     3.4s |     4.6s |    20.2s |    1 |    15.0s | 16/19/20 |   35,768
  NDK+Thompson (Priority) (seed=0, single run) |    690ms |     2.6s |     4.1s |     9.8s |    0 |      0ms | 18/20/20 |   40,806
  (Relays: with-events/connected/total | TO Tax: ceil(timeouts/concurrency) × EOSE timeout)

  Progressive completeness (% of recall achieved by time):
  Algorithm                        |      @1s |      @2s |      @5s |     @10s |     @15s
  ---------------------------------+----------+----------+----------+----------+---------
  Priority-Based (NDK)             |     0.2% |    34.5% |    89.6% |   100.0% |   100.0%
  NDK+Thompson (Priority) (seed=0, single run) |     0.5% |    41.8% |    92.8% |   100.0% |   100.0%

  EOSE-race simulation (stop after first EOSE + grace period):
  Algorithm                        |     +0ms |   +200ms |   +500ms |      +1s |      +2s
  ---------------------------------+----------+----------+----------+----------+---------
  Priority-Based (NDK)             |     0.2% |     0.2% |     0.4% |     0.4% |    35.6%
  NDK+Thompson (Priority) (seed=0, single run) |     0.1% |     0.5% |     2.7% |     2.7% |    70.9%
  (First EOSE: Priority-Based (NDK)=851ms, NDK+Thompson (Priority) (seed=0, single run)=851ms)

  Profile-view latency (per-author outbox query, top 3 write relays):
    Authors simulated: 439 | Hit rate: 100.0%
    TTFE: 799ms median, 1.0s mean, 1.8s p95
    Relays/profile: 2.9 queried, 2.6 with events, 0.05 timeouts

  Feed vs profile-view TTFE comparison:
  Algorithm                        |  Feed TTFE |  Profile TTFE |    Delta
  ---------------------------------+------------+---------------+---------
  Priority-Based (NDK)             |      690ms |         799ms |   +109ms
  NDK+Thompson (Priority) (seed=0, single run) |      690ms |         799ms |   +109ms

  Including partial-baseline authors (439 testable authors, 108,150 baseline events):

  Algorithm                        |   Evt Recall |   Auth Recall
  ---------------------------------+--------------+--------------
  Priority-Based (NDK)             |        14.4% |         76.1%
  NDK+Thompson (Priority) (seed=0, single run) |        23.6% |         81.1%

=== NIP-66 RTT vs Measured Latency (256 relays, data age: 40min) ===
                             N   Spearman r      MAE    Bias    Top5   Top10   Top20
------------------------  ----  -----------  -------  ------  ------  ------  ------
rttOpen vs connect         256         0.39    632ms    0.8x    0.0%   20.0%   30.0%
rttRead vs query           228         0.37     1.4s    8.9x    0.0%    0.0%   10.0%
(Bias = measured/nip66, >1 = NIP-66 underestimates. TopK = overlap of K fastest relays.)
Monitor: 9ba0ce3dcc28..., 0b01aa38c2cc..., 9bb7cd94d7b6..., 9ba1d7892cd0..., b2c949c0fb79..., 9bbbb845e5b6..., 63019a1fc7c4..., http-api..., 9b85d54cc4bc...
[relay-scores] Updated scores for ndk-thompson: 36 relays, session 5
[relay-scores] Degrading relays (1): wss://wot.nostr.party
[relay-scores] Saved to .cache/relay_scores_32e1827635450ebb_94608000_liveness_ndk-thompson.json

Thompson Sampling [ndk-thompson] learning state:
  Session: 5
  Relays with observations: 36
  Mean prior α: 37.6, β: 66.3
  Relays with strong preference (α>5): 19
  Relays learned to avoid (β>5): 23

JSON results written to: results/32e1827635450ebb_1772955454757.json
