[0m[32mTask[0m [0m[36mbench[0m deno run --allow-net --allow-read --allow-write main.ts "32e1827635450ebb3c5a7d12c1f8e7b2b514439ac10a67eef3d9fd9c5c68e245" "--algorithms" "ndk,ndk-thompson" "--verify" "--verify-window" "94608000" "--verify-concurrency" "10" "--nip66-filter" "liveness" "--no-phase2-cache" "--fast" "--output" "both"
Target: 32e1827635450ebb...
Seed: 0 | Filter: strict | Runs: 3
Using cached data (fetched 2026-03-08T06:46:56.933Z)

=== Fetch Quality ===
Indexers: wss://purplepag.es (0 events, 1084ms), wss://relay.damus.io (453 events, 254ms), wss://nos.lol (659 events, 728ms)
Follows: 908 | With relay list: 647 (71.3%) | Missing: 261 (28.7%) | Filtered-to-empty: 13
Filter profile: strict | Filtered URLs: 239 (6 localhost, 33 insecure ws, 6 IP-only, 192 known-bad, 2 malformed)
Unique valid write relays: 726 | Seed: 0
[nip66] Using cached monitor data (1078 relays)

=== NIP-66 Liveness Filter (liveness) ===
Monitor data: 1078 relays
Candidate relays: 726
  Known alive: 297
  Unknown (removed): 429
  .onion preserved: 12
  Parse-failed preserved: 0
  Authors filtered to empty: 1
Relays after filter: 297
[relay-scores] Loaded 25 relay priors (session 2, from 2026-03-08T07:01:21.501Z)

Thompson Sampling [ndk-thompson]: loaded 25 relay priors (session 2)

=== Regime A: Fixed 20 Connections ===
  Algorithm                      |  Relays |   Assign% |  Orphans |  Alg.Orph |  Avg/pk |   Gini |    HHI
  -------------------------------+---------+-----------+----------+-----------+---------+--------+-------
  Priority-Based (NDK)           |      20 |     70.2% |      271 |        10 |     1.9 |   0.83 |  0.329
  NDK+Thompson (Priority)        |      20 |     70.1% (0.0sd) | 271.6666666666667 | 10.666666666666666 |     1.9 |   0.72 |  0.201

=== Phase 2: Event Verification ===
Window: 94608000s | Kinds: 1 | Concurrency: 10
[baseline] Querying 297 relays for 646 authors (window: 94608000s)
[pool] CLOSED from wss://aggr.nostr.land: auth-required: auth required for aggregator
[pool] CLOSED from wss://relay.shawnyeager.com/chat: auth-required: all requests must be authenticated
[pool] CLOSED from wss://greensoul.space: auth-required: only authenticated users can read from this relay
[pool] CLOSED from wss://relay.nosflare.com: auth-required: authentication required to subscribe
[baseline] Progress: 50/297 relays queried
[pool] CLOSED from wss://relay.getalby.com/v1: blocked: Request rejected
[pool] CLOSED from wss://relay.usefusion.ai: restricted: only kind 4 (DM) queries are allowed
[pool] CLOSED from wss://creatr.nostr.wine: auth-required: please authenticate before sending REQs
[pool] CLOSED from wss://inbox.nostr.wine: blocked: this relay does not store any of the kinds in this request
[pool] CLOSED from wss://sendit.nosflare.com: restricted: this relay does not accept REQs
[baseline] Progress: 100/297 relays queried
[pool] CLOSED from wss://nostr.dbtc.link: auth-required: NIP-42 auth required
[pool] CLOSED from wss://auth.nostr1.com: auth-required: you must auth
[pool] CLOSED from wss://hole.v0l.io: error: queries not allowed
[baseline] Progress: 150/297 relays queried
[pool] CLOSED from wss://relay.albylabs.com: blocked: Request rejected
[baseline] Progress: 200/297 relays queried
[pool] CLOSED from wss://relay.danieldaquino.me/private: auth-required: this query requires you to be authenticated
[pool] CLOSED from wss://nortis.nostr1.com: auth-required: you must auth
[pool] CLOSED from wss://relay.nsec.app: blocked: we only keep kind 24133 or 24135
[baseline] Progress: 250/297 relays queried
[pool] CLOSED from wss://david.nostr1.com: auth-required: you must auth
[baseline] Progress: 297/297 relays queried
[phase2] Subscription timeouts (no EOSE): 23
[phase2] CLOSED messages received: 17
  wss://aggr.nostr.land: auth-required: auth required for aggregator
  wss://relay.shawnyeager.com/chat: auth-required: all requests must be authenticated
  wss://greensoul.space: auth-required: only authenticated users can read from this relay
  wss://relay.nosflare.com: auth-required: authentication required to subscribe
  wss://relay.getalby.com/v1: blocked: Request rejected
  wss://relay.usefusion.ai: restricted: only kind 4 (DM) queries are allowed
  wss://creatr.nostr.wine: auth-required: please authenticate before sending REQs
  wss://inbox.nostr.wine: blocked: this relay does not store any of the kinds in this request
  wss://sendit.nosflare.com: restricted: this relay does not accept REQs
  wss://nostr.dbtc.link: auth-required: NIP-42 auth required

=== Phase 2: Event Verification (1095d window) ===
Baseline: 297 relays queried (72.7% success), 1.5min
  Timing: connect 699ms median (1.6s p95) | query 1.3s median (15.7s p95) | 23 timeouts (23 relays)
  Authors: 646 with relay data
    Testable (reliable): 438 | Testable (partial): 0 | Zero events: 207 | Unreliable: 1
  Baseline events: 109,081 (mean 249.0/author, median 38)
  Events per (relay,pubkey) capped at: 10000

  Headline metrics (438 testable-reliable authors, 109,081 baseline events):

  Algorithm                        |   Evt Recall |   Auth Recall |  Relay OK% |     TTFE |      p50 |      p80 | Timeouts
  ---------------------------------+--------------+---------------+------------+----------+----------+----------+---------
  Priority-Based (NDK)             |        14.2% |         76.3% |      85.0% |    814ms |     3.6s |    12.4s |        1
  NDK+Thompson (Priority) (seed=0, single run) |        22.9% |         80.4% |      85.0% |    814ms |     3.6s |    12.4s |        1

  Per-author recall distribution:
  Algorithm                        |   Median |  % at 0% |      p25 |      p75
  ---------------------------------+----------+----------+----------+---------
  Priority-Based (NDK)             |    16.1% |    23.7% |     0.3% |   100.0%
  NDK+Thompson (Priority) (seed=0, single run) |    48.6% |    19.6% |     1.6% |   100.0%

  Latency simulation (parallel relay query):
  Algorithm                        |     TTFE |      p50 |      p80 |      Max |   TO |   TO Tax |   Relays |   Events
  ---------------------------------+----------+----------+----------+----------+------+----------+----------+---------
  Priority-Based (NDK)             |    814ms |     3.6s |    12.4s |    18.2s |    1 |    15.0s | 16/19/20 |   35,768
  NDK+Thompson (Priority) (seed=0, single run) |    814ms |     3.6s |    12.4s |    18.2s |    1 |    15.0s | 16/19/20 |   39,915
  (Relays: with-events/connected/total | TO Tax: ceil(timeouts/concurrency) × EOSE timeout)

  Progressive completeness (% of recall achieved by time):
  Algorithm                        |      @1s |      @2s |      @5s |     @10s |     @15s
  ---------------------------------+----------+----------+----------+----------+---------
  Priority-Based (NDK)             |     0.2% |    34.5% |    37.4% |    38.0% |    45.7%
  NDK+Thompson (Priority) (seed=0, single run) |     0.1% |    40.5% |    45.5% |    73.1% |    76.3%

  EOSE-race simulation (stop after first EOSE + grace period):
  Algorithm                        |     +0ms |   +200ms |   +500ms |      +1s |      +2s
  ---------------------------------+----------+----------+----------+----------+---------
  Priority-Based (NDK)             |     0.2% |     0.2% |     0.2% |     0.2% |    35.2%
  NDK+Thompson (Priority) (seed=0, single run) |     0.1% |     0.5% |     0.5% |     0.5% |    41.1%
  (First EOSE: Priority-Based (NDK)=869ms, NDK+Thompson (Priority) (seed=0, single run)=869ms)

  Profile-view latency (per-author outbox query, top 3 write relays):
    Authors simulated: 438 | Hit rate: 100.0%
    TTFE: 2.1s median, 2.0s mean, 3.6s p95
    Relays/profile: 2.9 queried, 2.6 with events, 0.06 timeouts

  Feed vs profile-view TTFE comparison:
  Algorithm                        |  Feed TTFE |  Profile TTFE |    Delta
  ---------------------------------+------------+---------------+---------
  Priority-Based (NDK)             |      814ms |          2.1s |    +1.3s
  NDK+Thompson (Priority) (seed=0, single run) |      814ms |          2.1s |    +1.3s

=== NIP-66 RTT vs Measured Latency (251 relays, data age: 17min) ===
                             N   Spearman r      MAE    Bias    Top5   Top10   Top20
------------------------  ----  -----------  -------  ------  ------  ------  ------
rttOpen vs connect         251         0.36    641ms    0.8x    0.0%   10.0%   15.0%
rttRead vs query           221         0.34     1.9s    9.3x    0.0%    0.0%   10.0%
(Bias = measured/nip66, >1 = NIP-66 underestimates. TopK = overlap of K fastest relays.)
Monitor: 9ba0ce3dcc28..., 0b01aa38c2cc..., 9bb7cd94d7b6..., 9ba1d7892cd0..., b2c949c0fb79..., 9bbbb845e5b6..., 63019a1fc7c4..., http-api...
[relay-scores] Updated scores for ndk-thompson: 31 relays, session 3
[relay-scores] Degrading relays (3): wss://nostr-pub.wellorder.net, wss://nostr-02.yakihonne.com, wss://relay.0xchat.com
[relay-scores] Saved to .cache/relay_scores_32e1827635450ebb_94608000_liveness_ndk-thompson.json

Thompson Sampling [ndk-thompson] learning state:
  Session: 3
  Relays with observations: 31
  Mean prior α: 27.3, β: 49.5
  Relays with strong preference (α>5): 15
  Relays learned to avoid (β>5): 21

JSON results written to: results/32e1827635450ebb_1772954037070.json
