[0m[32mTask[0m [0m[36mbench[0m deno run --allow-net --allow-read --allow-write main.ts "04c915daefee38317fa734444acee390a8269fe5810b2241e5e6dd343dfbecc9" "--algorithms" "ndk,ndk-thompson" "--verify" "--verify-window" "94608000" "--verify-concurrency" "10" "--nip66-filter" "liveness" "--no-phase2-cache" "--fast" "--output" "both"
Target: 04c915daefee3831...
Seed: 0 | Filter: strict | Runs: 3
[fetch] Connecting to 3 indexer relays...
[fetch] wss://purplepag.es: connected (888ms)
[fetch] wss://relay.damus.io: WebSocket error: NetworkError: failed to connect to WebSocket: Invalid status code 400 Bad Request
[fetch] wss://nos.lol: connected (759ms)
[fetch] Fetching kind 3 (contact list) for 04c915da...
[fetch] 1 follows to fetch relay lists for
[fetch] Received 1 relay list events

=== Fetch Quality ===
Indexers: wss://purplepag.es (0 events, 888ms), wss://relay.damus.io (0 events, 504ms, errors: WebSocket error: NetworkError: failed to connect to WebSocket: Invalid status code 400 Bad Request), wss://nos.lol (2 events, 759ms)
Follows: 1 | With relay list: 1 (100.0%) | Missing: 0 (0.0%)
Filter profile: strict | Filtered URLs: 0
Unique valid write relays: 8 | Seed: 0
[nip66] Using cached monitor data (1078 relays)

=== NIP-66 Liveness Filter (liveness) ===
Monitor data: 1078 relays
Candidate relays: 8
  Known alive: 4
  Unknown (removed): 4
  .onion preserved: 0
  Parse-failed preserved: 0
  Authors filtered to empty: 0
Relays after filter: 4

=== Regime A: Fixed 20 Connections ===
  Algorithm                      |  Relays |   Assign% |  Orphans |  Alg.Orph |  Avg/pk |   Gini |    HHI
  -------------------------------+---------+-----------+----------+-----------+---------+--------+-------
  Priority-Based (NDK)           |       2 |    100.0% |        0 |         0 |     2.0 |   0.00 |  0.500
  NDK+Thompson (Priority)        |       2 |    100.0% (0.0sd) |        0 |         0 |     2.0 |   0.00 |  0.500

=== Phase 2: Event Verification ===
Window: 94608000s | Kinds: 1 | Concurrency: 10
[baseline] Querying 4 relays for 1 authors (window: 94608000s)
[baseline] Progress: 4/4 relays queried

=== Phase 2: Event Verification (1095d window) ===
Baseline: 4 relays queried (100.0% success), 1s
  Timing: connect 433ms median (501ms p95) | query 533ms median (570ms p95) | 0 timeouts (0 relays)
  Authors: 1 with relay data
    Testable (reliable): 1 | Testable (partial): 0 | Zero events: 0 | Unreliable: 0
  Baseline events: 72 (mean 72.0/author, median 72)
  Events per (relay,pubkey) capped at: 10000

  Headline metrics (1 testable-reliable authors, 72 baseline events):

  Algorithm                        |   Evt Recall |   Auth Recall |  Relay OK% |     TTFE |      p50 |      p80 | Timeouts
  ---------------------------------+--------------+---------------+------------+----------+----------+----------+---------
  Priority-Based (NDK)             |        93.1% |        100.0% |     100.0% |     1.6s |     1.5s |     1.1s |        0
  NDK+Thompson (Priority) (seed=0, single run) |        94.4% |        100.0% |     100.0% |    813ms |     1.4s |    863ms |        0

  Per-author recall distribution:
  Algorithm                        |   Median |  % at 0% |      p25 |      p75
  ---------------------------------+----------+----------+----------+---------
  Priority-Based (NDK)             |    93.1% |     0.0% |    93.1% |    93.1%
  NDK+Thompson (Priority) (seed=0, single run) |    94.4% |     0.0% |    94.4% |    94.4%

  Latency simulation (parallel relay query):
  Algorithm                        |     TTFE |      p50 |      p80 |      Max |   TO |   TO Tax |   Relays |   Events
  ---------------------------------+----------+----------+----------+----------+------+----------+----------+---------
  Priority-Based (NDK)             |     1.6s |     1.5s |     1.1s |     2.0s |    0 |      0ms |    1/2/2 |       67
  NDK+Thompson (Priority) (seed=0, single run) |    813ms |     1.4s |    863ms |     2.0s |    0 |      0ms |    2/2/2 |      108
  (Relays: with-events/connected/total | TO Tax: ceil(timeouts/concurrency) × EOSE timeout)

  Progressive completeness (% of recall achieved by time):
  Algorithm                        |      @1s |      @2s |      @5s |     @10s |     @15s
  ---------------------------------+----------+----------+----------+----------+---------
  Priority-Based (NDK)             |     0.0% |   100.0% |   100.0% |   100.0% |   100.0%
  NDK+Thompson (Priority) (seed=0, single run) |    60.3% |   100.0% |   100.0% |   100.0% |   100.0%

  EOSE-race simulation (stop after first EOSE + grace period):
  Algorithm                        |     +0ms |   +200ms |   +500ms |      +1s |      +2s
  ---------------------------------+----------+----------+----------+----------+---------
  Priority-Based (NDK)             |   100.0% |   100.0% |   100.0% |   100.0% |   100.0%
  NDK+Thompson (Priority) (seed=0, single run) |    60.3% |    60.3% |    60.3% |    60.3% |   100.0%
  (First EOSE: Priority-Based (NDK)=2.0s, NDK+Thompson (Priority) (seed=0, single run)=863ms)

  Profile-view latency (per-author outbox query, top 3 write relays):
    Authors simulated: 1 | Hit rate: 100.0%
    TTFE: 813ms median, 813ms mean, 813ms p95
    Relays/profile: 3.0 queried, 2.0 with events, 0.00 timeouts

  Feed vs profile-view TTFE comparison:
  Algorithm                        |  Feed TTFE |  Profile TTFE |    Delta
  ---------------------------------+------------+---------------+---------
  Priority-Based (NDK)             |       1.6s |         813ms |   -797ms
  NDK+Thompson (Priority) (seed=0, single run) |      813ms |         813ms |     +0ms

=== NIP-66 RTT vs Measured Latency (4 relays, data age: 62min) ===
                             N   Spearman r      MAE    Bias    Top5   Top10   Top20
------------------------  ----  -----------  -------  ------  ------  ------  ------
rttOpen vs connect           4          N/A     1.1s    0.6x    0.0%    0.0%    0.0%
rttRead vs query             4          N/A    572ms    3.1x    0.0%    0.0%    0.0%
(Bias = measured/nip66, >1 = NIP-66 underestimates. TopK = overlap of K fastest relays.)
Monitor: 9ba1d7892cd0..., 9bbbb845e5b6...
[relay-scores] Updated scores for ndk-thompson: 2 relays, session 1
[relay-scores] Saved to .cache/relay_scores_04c915daefee3831_94608000_liveness_ndk-thompson.json

Thompson Sampling [ndk-thompson] learning state:
  Session: 1
  Relays with observations: 2
  Mean prior α: 1.8, β: 1.3
  Relays with strong preference (α>5): 0
  Relays learned to avoid (β>5): 0

JSON results written to: results/04c915daefee3831_1772952597240.json
