[0m[32mTask[0m [0m[36mbench[0m deno run --allow-net --allow-read --allow-write main.ts "2c65940725bbf10b452197fba41c6cb14afd41e28e0be22aab49bf246b0c84e3" "--algorithms" "ndk,ndk-thompson" "--verify" "--verify-window" "94608000" "--verify-concurrency" "10" "--nip66-filter" "liveness" "--no-phase2-cache" "--fast" "--output" "both"
Target: 2c65940725bbf10b...
Seed: 0 | Filter: strict | Runs: 3
[fetch] Connecting to 3 indexer relays...
[fetch] wss://purplepag.es: connected (1046ms)
[fetch] wss://relay.damus.io: connected (325ms)
[fetch] wss://nos.lol: connected (812ms)
[fetch] Fetching kind 3 (contact list) for 2c659407...
[fetch] 2747 follows to fetch relay lists for
[fetch] Fetched relay lists: 200/2747
[fetch] Fetched relay lists: 400/2747
[fetch] Fetched relay lists: 600/2747
[fetch] Fetched relay lists: 800/2747
[fetch] Fetched relay lists: 1000/2747
[fetch] Fetched relay lists: 1200/2747
[fetch] Fetched relay lists: 1400/2747
[fetch] Fetched relay lists: 1600/2747
[fetch] Fetched relay lists: 1800/2747
[fetch] Fetched relay lists: 2000/2747
[fetch] Fetched relay lists: 2200/2747
[fetch] Fetched relay lists: 2400/2747
[fetch] Fetched relay lists: 2600/2747
[fetch] Received 2195 relay list events

=== Fetch Quality ===
Indexers: wss://purplepag.es (2748 events, 1046ms), wss://relay.damus.io (1359 events, 325ms), wss://nos.lol (2178 events, 812ms)
Follows: 2747 | With relay list: 2151 (78.3%) | Missing: 596 (21.7%) | Filtered-to-empty: 44
Filter profile: strict | Filtered URLs: 1092 (40 localhost, 157 insecure ws, 72 IP-only, 817 known-bad, 6 malformed)
Unique valid write relays: 1622 | Seed: 0
[nip66] Using cached monitor data (1078 relays)

=== NIP-66 Liveness Filter (liveness) ===
Monitor data: 1078 relays
Candidate relays: 1622
  Known alive: 563
  Unknown (removed): 1059
  .onion preserved: 59
  Parse-failed preserved: 0
  Authors filtered to empty: 12
Relays after filter: 563

=== Regime A: Fixed 20 Connections ===
  Algorithm                      |  Relays |   Assign% |  Orphans |  Alg.Orph |  Avg/pk |   Gini |    HHI
  -------------------------------+---------+-----------+----------+-----------+---------+--------+-------
  Priority-Based (NDK)           |      20 |     76.3% |      652 |        56 |     1.8 |   0.82 |  0.299
  NDK+Thompson (Priority)        |      20 |     75.9% (0.0sd) |      661 |        65 |     1.8 |   0.70 |  0.165

=== Phase 2: Event Verification ===
Window: 94608000s | Kinds: 1 | Concurrency: 10
[baseline] Querying 563 relays for 2139 authors (window: 94608000s)
[pool] CLOSED from wss://relay.getalby.com/v1: blocked: Request rejected
[pool] CLOSED from wss://relay.getalby.com/v1: blocked: Request rejected
[baseline] Progress: 50/563 relays queried
[pool] CLOSED from wss://relay.nsec.app: blocked: we only keep kind 24133 or 24135
[pool] CLOSED from wss://sendit.nosflare.com: restricted: this relay does not accept REQs
[pool] CLOSED from wss://aggr.nostr.land: auth-required: auth required for aggregator
[pool] CLOSED from wss://relay.nosflare.com: auth-required: authentication required to subscribe
[baseline] Progress: 100/563 relays queried
[pool] CLOSED from wss://meta.bitcoinwalk.org: auth-required: authentication is required for access
[pool] CLOSED from wss://pantry.zap.cooking: auth-required: please authenticate
[pool] CLOSED from wss://creatr.nostr.wine: auth-required: please authenticate before sending REQs
[pool] CLOSED from wss://groups.0xchat.com: blocked: invalid query, must have 'h', 'e' or 'a' tag
[baseline] Progress: 150/563 relays queried
[pool] CLOSED from wss://greensoul.space: auth-required: only authenticated users can read from this relay
[pool] CLOSED from wss://elites.nostrati.org: auth-required: you must auth
[baseline] Progress: 200/563 relays queried
[pool] CLOSED from wss://inbox.nostr.wine: blocked: this relay does not store any of the kinds in this request
[pool] CLOSED from wss://nostr.dbtc.link: auth-required: NIP-42 auth required
[pool] CLOSED from wss://auth.nostr1.com: auth-required: you must auth
[pool] CLOSED from wss://impromptu.relays.land: auth-required: all requests must be authenticated
[baseline] Progress: 250/563 relays queried
[pool] CLOSED from wss://relay.groups.nip29.com: blocked: invalid query, must have 'h', 'e' or 'a' tag
[pool] CLOSED from wss://relay.usefusion.ai: restricted: only kind 4 (DM) queries are allowed
[baseline] Progress: 300/563 relays queried
[pool] CLOSED from wss://groups.fiatjaf.com: blocked: invalid query, must have 'h', 'e' or 'a' tag
[baseline] Progress: 350/563 relays queried
[pool] CLOSED from wss://aplaceinthesun.nostr1.com: auth-required: you must auth
[pool] CLOSED from wss://nortis.nostr1.com: auth-required: you must auth
[pool] CLOSED from wss://meta.spaces.coracle.social: auth-required: authentication is required for access
[pool] CLOSED from wss://soapbox.chat: auth-required: authentication is required for access
[baseline] Progress: 400/563 relays queried
[pool] CLOSED from wss://david.nostr1.com: auth-required: you must auth
[pool] CLOSED from wss://relay29.notoshi.win: blocked: invalid query, must have 'h', 'e' or 'a' tag
[baseline] Progress: 450/563 relays queried
[pool] CLOSED from wss://personal.relays.land: auth-required: all requests must be authenticated
[baseline] Progress: 500/563 relays queried
[pool] CLOSED from wss://nostr.rikmeijer.nl: max number of subscriptions per client (100) reached
[pool] CLOSED from wss://internal.coracle.social: auth-required: authentication is required for access
[pool] CLOSED from wss://relay.shawnyeager.com/chat: auth-required: all requests must be authenticated
[baseline] Progress: 550/563 relays queried
[baseline] Progress: 563/563 relays queried
[phase2] Subscription timeouts (no EOSE): 50
[phase2] CLOSED messages received: 29
  wss://relay.getalby.com/v1: blocked: Request rejected
  wss://relay.getalby.com/v1: blocked: Request rejected
  wss://relay.nsec.app: blocked: we only keep kind 24133 or 24135
  wss://sendit.nosflare.com: restricted: this relay does not accept REQs
  wss://aggr.nostr.land: auth-required: auth required for aggregator
  wss://relay.nosflare.com: auth-required: authentication required to subscribe
  wss://meta.bitcoinwalk.org: auth-required: authentication is required for access
  wss://pantry.zap.cooking: auth-required: please authenticate
  wss://creatr.nostr.wine: auth-required: please authenticate before sending REQs
  wss://groups.0xchat.com: blocked: invalid query, must have 'h', 'e' or 'a' tag

=== Phase 2: Event Verification (1095d window) ===
Baseline: 563 relays queried (71.4% success), 2.6min
  Timing: connect 712ms median (1.3s p95) | query 1.2s median (15.7s p95) | 50 timeouts (48 relays)
  Authors: 2,139 with relay data
    Testable (reliable): 1296 | Testable (partial): 13 | Zero events: 794 | Unreliable: 36
  Baseline events: 228,986 (mean 174.9/author, median 27)
  Events per (relay,pubkey) capped at: 10000

  Headline metrics (1296 testable-reliable authors, 227,545 baseline events):

  Algorithm                        |   Evt Recall |   Auth Recall |  Relay OK% |     TTFE |      p50 |      p80 | Timeouts
  ---------------------------------+--------------+---------------+------------+----------+----------+----------+---------
  Priority-Based (NDK)             |        15.9% |         74.6% |      95.0% |    960ms |     5.3s |     8.1s |        0
  NDK+Thompson (Priority) (seed=0, single run) |        17.9% |         72.7% |      85.0% |    990ms |     6.1s |    10.9s |        2

  Per-author recall distribution:
  Algorithm                        |   Median |  % at 0% |      p25 |      p75
  ---------------------------------+----------+----------+----------+---------
  Priority-Based (NDK)             |    22.6% |    25.4% |     0.0% |   100.0%
  NDK+Thompson (Priority) (seed=0, single run) |    27.9% |    27.3% |     0.0% |   100.0%

  Latency simulation (parallel relay query):
  Algorithm                        |     TTFE |      p50 |      p80 |      Max |   TO |   TO Tax |   Relays |   Events
  ---------------------------------+----------+----------+----------+----------+------+----------+----------+---------
  Priority-Based (NDK)             |    960ms |     5.3s |     8.1s |    13.7s |    0 |      0ms | 18/19/20 |  124,216
  NDK+Thompson (Priority) (seed=0, single run) |    990ms |     6.1s |    10.9s |    16.5s |    2 |    15.0s | 17/19/20 |  105,430
  (Relays: with-events/connected/total | TO Tax: ceil(timeouts/concurrency) × EOSE timeout)

  Progressive completeness (% of recall achieved by time):
  Algorithm                        |      @1s |      @2s |      @5s |     @10s |     @15s
  ---------------------------------+----------+----------+----------+----------+---------
  Priority-Based (NDK)             |     0.0% |     3.3% |    20.3% |    62.7% |   100.0%
  NDK+Thompson (Priority) (seed=0, single run) |     0.0% |     0.9% |     1.3% |    63.7% |    99.5%

  EOSE-race simulation (stop after first EOSE + grace period):
  Algorithm                        |     +0ms |   +200ms |   +500ms |      +1s |      +2s
  ---------------------------------+----------+----------+----------+----------+---------
  Priority-Based (NDK)             |     0.4% |     0.4% |     0.6% |     3.6% |     3.6%
  NDK+Thompson (Priority) (seed=0, single run) |     0.6% |     0.7% |     0.8% |     1.3% |     1.3%
  (First EOSE: Priority-Based (NDK)=1.3s, NDK+Thompson (Priority) (seed=0, single run)=1.3s)

  Profile-view latency (per-author outbox query, top 3 write relays):
    Authors simulated: 1309 | Hit rate: 99.7%
    TTFE: 1.5s median, 1.4s mean, 2.0s p95
    Relays/profile: 2.9 queried, 2.2 with events, 0.08 timeouts

  Feed vs profile-view TTFE comparison:
  Algorithm                        |  Feed TTFE |  Profile TTFE |    Delta
  ---------------------------------+------------+---------------+---------
  Priority-Based (NDK)             |      960ms |          1.5s |   +570ms
  NDK+Thompson (Priority) (seed=0, single run) |      990ms |          1.5s |   +541ms

  Including partial-baseline authors (1309 testable authors, 228,986 baseline events):

  Algorithm                        |   Evt Recall |   Auth Recall
  ---------------------------------+--------------+--------------
  Priority-Based (NDK)             |        16.3% |         74.6%
  NDK+Thompson (Priority) (seed=0, single run) |        18.1% |         72.5%

=== NIP-66 RTT vs Measured Latency (468 relays, data age: 46min) ===
                             N   Spearman r      MAE    Bias    Top5   Top10   Top20
------------------------  ----  -----------  -------  ------  ------  ------  ------
rttOpen vs connect         468         0.35    623ms    0.8x    0.0%   10.0%   15.0%
rttRead vs query           404         0.32     1.7s    8.0x    0.0%    0.0%   15.0%
(Bias = measured/nip66, >1 = NIP-66 underestimates. TopK = overlap of K fastest relays.)
Monitor: 9ba0ce3dcc28..., b2c949c0fb79..., 9bbbb845e5b6..., 0b01aa38c2cc..., 9bb7cd94d7b6..., http-api..., 9ba1d7892cd0..., 63019a1fc7c4..., 9b85d54cc4bc...
[relay-scores] Updated scores for ndk-thompson: 20 relays, session 1
[relay-scores] Saved to .cache/relay_scores_2c65940725bbf10b_94608000_liveness_ndk-thompson.json

Thompson Sampling [ndk-thompson] learning state:
  Session: 1
  Relays with observations: 20
  Mean prior α: 34.7, β: 87.5
  Relays with strong preference (α>5): 11
  Relays learned to avoid (β>5): 14

JSON results written to: results/2c65940725bbf10b_1772955860133.json
