[0m[32mTask[0m [0m[36mbench[0m deno run --allow-net --allow-read --allow-write main.ts "2c65940725bbf10b452197fba41c6cb14afd41e28e0be22aab49bf246b0c84e3" "--algorithms" "ndk,ndk-thompson" "--verify" "--verify-window" "94608000" "--verify-concurrency" "10" "--no-phase2-cache" "--fast" "--output" "both" "--nip66-filter" "liveness"
Target: 2c65940725bbf10b...
Seed: 0 | Filter: strict | Runs: 3
[fetch] Connecting to 3 indexer relays...
[fetch] wss://purplepag.es: connected (1190ms)
[fetch] wss://relay.damus.io: WebSocket error: NetworkError: failed to connect to WebSocket: Invalid status code 400 Bad Request
[fetch] wss://nos.lol: connected (831ms)
[fetch] Fetching kind 3 (contact list) for 2c659407...
[fetch] 2747 follows to fetch relay lists for
[fetch] Fetched relay lists: 200/2747
[fetch] Fetched relay lists: 400/2747
[fetch] Fetched relay lists: 600/2747
[fetch] Fetched relay lists: 800/2747
[fetch] Fetched relay lists: 1000/2747
[fetch] Fetched relay lists: 1200/2747
[fetch] Fetched relay lists: 1400/2747
[fetch] Fetched relay lists: 1600/2747
[fetch] Fetched relay lists: 1800/2747
[fetch] Fetched relay lists: 2000/2747
[fetch] Fetched relay lists: 2200/2747
[fetch] Fetched relay lists: 2400/2747
[fetch] Fetched relay lists: 2600/2747
[fetch] Received 2183 relay list events

=== Fetch Quality ===
Indexers: wss://purplepag.es (2748 events, 1190ms), wss://relay.damus.io (0 events, 534ms, errors: WebSocket error: NetworkError: failed to connect to WebSocket: Invalid status code 400 Bad Request), wss://nos.lol (2179 events, 831ms)
Follows: 2747 | With relay list: 2139 (77.9%) | Missing: 608 (22.1%) | Filtered-to-empty: 44
Filter profile: strict | Filtered URLs: 1088 (40 localhost, 156 insecure ws, 72 IP-only, 814 known-bad, 6 malformed)
Unique valid write relays: 1618 | Seed: 0
[nip66] Using cached monitor data (2294 relays)

=== NIP-66 Liveness Filter (liveness) ===
Monitor data: 2294 relays
Candidate relays: 1618
  Known alive: 927
  Unknown (removed): 691
  .onion preserved: 59
  Parse-failed preserved: 0
  Authors filtered to empty: 6
Relays after filter: 927
[relay-scores] Loaded 43 relay priors (session 4, from 2026-03-08T21:32:52.064Z)

Thompson Sampling [ndk-thompson]: loaded 43 relay priors (session 4)

=== Regime A: Fixed 20 Connections ===
  Algorithm                      |  Relays |   Assign% |  Orphans |  Alg.Orph |  Avg/pk |   Gini |    HHI
  -------------------------------+---------+-----------+----------+-----------+---------+--------+-------
  Priority-Based (NDK)           |      20 |     75.8% |      666 |        58 |     1.9 |   0.81 |  0.291
  NDK+Thompson (Priority)        |      20 |     75.2% (0.0sd) | 681.3333333333334 | 73.33333333333333 |     1.8 |   0.73 |  0.194

=== Phase 2: Event Verification ===
Window: 94608000s | Kinds: 1 | Concurrency: 10
[baseline] Querying 927 relays for 2133 authors (window: 94608000s)
[pool] CLOSED from wss://relay.getalby.com/v1: blocked: Request rejected
[pool] CLOSED from wss://relay.getalby.com/v1: blocked: Request rejected
[baseline] Progress: 50/927 relays queried
[pool] CLOSED from wss://relay.nsec.app: blocked: we only keep kind 24133 or 24135
[baseline] Progress: 100/927 relays queried
[pool] CLOSED from wss://aggr.nostr.land: auth-required: auth required for aggregator
[baseline] Progress: 150/927 relays queried
[pool] CLOSED from wss://relay.nosflare.com: auth-required: authentication required to subscribe
[pool] CLOSED from wss://podtards.com/chat: auth-required: all requests must be authenticated
[pool] CLOSED from wss://podtards.com/private: auth-required: all requests must be authenticated
[pool] CLOSED from wss://meta.bitcoinwalk.org: auth-required: authentication is required for access
[baseline] Progress: 200/927 relays queried
[pool] CLOSED from wss://pantry.zap.cooking: auth-required: please authenticate
[pool] CLOSED from wss://groups.0xchat.com: blocked: invalid query, must have 'h', 'e' or 'a' tag
[pool] CLOSED from wss://creatr.nostr.wine: auth-required: please authenticate before sending REQs
[pool] CLOSED from wss://greensoul.space: auth-required: only authenticated users can read from this relay
[baseline] Progress: 250/927 relays queried
[pool] CLOSED from wss://elites.nostrati.org: auth-required: you must auth
[baseline] Progress: 300/927 relays queried
[pool] CLOSED from wss://inbox.nostr.wine: blocked: this relay does not store any of the kinds in this request
[pool] CLOSED from wss://nostr.dbtc.link: auth-required: NIP-42 auth required
[baseline] Progress: 350/927 relays queried
[pool] CLOSED from wss://impromptu.relays.land: auth-required: all requests must be authenticated
[pool] CLOSED from wss://wot.azzamo.net: rate-limited: there is a bug in the client, no one should be making so many requests
[baseline] Progress: 400/927 relays queried
[pool] CLOSED from wss://relay.groups.nip29.com: blocked: invalid query, must have 'h', 'e' or 'a' tag
[baseline] Progress: 450/927 relays queried
[pool] CLOSED from wss://relay.usefusion.ai: restricted: only kind 4 (DM) queries are allowed
[pool] CLOSED from wss://groups.fiatjaf.com: blocked: invalid query, must have 'h', 'e' or 'a' tag
[baseline] Progress: 500/927 relays queried
[baseline] Progress: 550/927 relays queried
[pool] CLOSED from wss://aplaceinthesun.nostr1.com: auth-required: you must auth
[baseline] Progress: 600/927 relays queried
[pool] CLOSED from wss://relay.utxo.one/chat: blocked: you must be in the web of trust to chat with the relay owner
[pool] CLOSED from wss://relay.utxo.one/private: auth-required: this query requires you to be authenticated
[pool] CLOSED from wss://nortis.nostr1.com: auth-required: you must auth
[baseline] Progress: 650/927 relays queried
[pool] CLOSED from wss://meta.spaces.coracle.social: auth-required: authentication is required for access
[pool] CLOSED from wss://soapbox.chat: auth-required: authentication is required for access
[pool] CLOSED from wss://david.nostr1.com: auth-required: you must auth
[baseline] Progress: 700/927 relays queried
[pool] CLOSED from wss://relay29.notoshi.win: blocked: invalid query, must have 'h', 'e' or 'a' tag
[pool] CLOSED from wss://jingle.nostrver.se: auth-required: take a selfie and send it to the CIA
[pool] CLOSED from wss://bostr.erechorse.com: auth-required: authentication is required to perform this action.
[baseline] Progress: 750/927 relays queried
[baseline] Progress: 800/927 relays queried
[pool] CLOSED from wss://personal.relays.land: auth-required: all requests must be authenticated
[baseline] Progress: 850/927 relays queried
[pool] CLOSED from wss://nostr.rikmeijer.nl: max number of subscriptions per client (100) reached
[pool] CLOSED from wss://internal.coracle.social: auth-required: authentication is required for access
[pool] CLOSED from wss://relay.shawnyeager.com/chat: auth-required: all requests must be authenticated
[baseline] Progress: 900/927 relays queried
[baseline] Progress: 927/927 relays queried
[phase2] Subscription timeouts (no EOSE): 44
[phase2] CLOSED messages received: 34
  wss://relay.getalby.com/v1: blocked: Request rejected
  wss://relay.getalby.com/v1: blocked: Request rejected
  wss://relay.nsec.app: blocked: we only keep kind 24133 or 24135
  wss://aggr.nostr.land: auth-required: auth required for aggregator
  wss://relay.nosflare.com: auth-required: authentication required to subscribe
  wss://podtards.com/chat: auth-required: all requests must be authenticated
  wss://podtards.com/private: auth-required: all requests must be authenticated
  wss://meta.bitcoinwalk.org: auth-required: authentication is required for access
  wss://pantry.zap.cooking: auth-required: please authenticate
  wss://groups.0xchat.com: blocked: invalid query, must have 'h', 'e' or 'a' tag

=== Phase 2: Event Verification (1095d window) ===
Baseline: 927 relays queried (44.2% success), 3.8min
  Timing: connect 677ms median (1.1s p95) | query 1.1s median (15.7s p95) | 44 timeouts (44 relays)
  Authors: 2,133 with relay data
    Testable (reliable): 1231 | Testable (partial): 63 | Zero events: 707 | Unreliable: 132
  Baseline events: 227,777 (mean 176.0/author, median 27)
  Events per (relay,pubkey) capped at: 10000

  Headline metrics (1231 testable-reliable authors, 223,777 baseline events):

  Algorithm                        |   Evt Recall |   Auth Recall |  Relay OK% |     TTFE |      p50 |      p80 | Timeouts
  ---------------------------------+--------------+---------------+------------+----------+----------+----------+---------
  Priority-Based (NDK)             |        16.1% |         74.2% |      90.0% |    974ms |     5.6s |     9.0s |        0
  NDK+Thompson (Priority) (seed=0, single run) |        33.2% |         80.4% |      85.0% |    974ms |     3.7s |     9.0s |        1

  Per-author recall distribution:
  Algorithm                        |   Median |  % at 0% |      p25 |      p75
  ---------------------------------+----------+----------+----------+---------
  Priority-Based (NDK)             |    20.7% |    25.8% |     0.0% |    99.1%
  NDK+Thompson (Priority) (seed=0, single run) |    64.7% |    19.6% |     3.3% |   100.0%

  Latency simulation (parallel relay query):
  Algorithm                        |     TTFE |      p50 |      p80 |      Max |   TO |   TO Tax |   Relays |   Events
  ---------------------------------+----------+----------+----------+----------+------+----------+----------+---------
  Priority-Based (NDK)             |    974ms |     5.6s |     9.0s |    16.6s |    0 |      0ms | 17/18/20 |  124,712
  NDK+Thompson (Priority) (seed=0, single run) |    974ms |     3.7s |     9.0s |    49.4s |    1 |    15.0s | 16/17/20 |  103,456
  (Relays: with-events/connected/total | TO Tax: ceil(timeouts/concurrency) × EOSE timeout)

  Progressive completeness (% of recall achieved by time):
  Algorithm                        |      @1s |      @2s |      @5s |     @10s |     @15s
  ---------------------------------+----------+----------+----------+----------+---------
  Priority-Based (NDK)             |     0.0% |     3.4% |    20.0% |    58.5% |    67.2%
  NDK+Thompson (Priority) (seed=0, single run) |     0.0% |     2.6% |    36.8% |    60.2% |    92.2%

  EOSE-race simulation (stop after first EOSE + grace period):
  Algorithm                        |     +0ms |   +200ms |   +500ms |      +1s |      +2s
  ---------------------------------+----------+----------+----------+----------+---------
  Priority-Based (NDK)             |     0.1% |     0.1% |     3.4% |     3.4% |     3.4%
  NDK+Thompson (Priority) (seed=0, single run) |     0.3% |     0.3% |     2.6% |     2.6% |     2.6%
  (First EOSE: Priority-Based (NDK)=1.3s, NDK+Thompson (Priority) (seed=0, single run)=1.2s)

  Profile-view latency (per-author outbox query, top 3 write relays):
    Authors simulated: 1294 | Hit rate: 98.4%
    TTFE: 1.7s median, 1.6s mean, 2.0s p95
    Relays/profile: 2.9 queried, 2.0 with events, 0.07 timeouts

  Feed vs profile-view TTFE comparison:
  Algorithm                        |  Feed TTFE |  Profile TTFE |    Delta
  ---------------------------------+------------+---------------+---------
  Priority-Based (NDK)             |      974ms |          1.7s |   +678ms
  NDK+Thompson (Priority) (seed=0, single run) |      974ms |          1.7s |   +678ms

  Including partial-baseline authors (1294 testable authors, 227,777 baseline events):

  Algorithm                        |   Evt Recall |   Auth Recall
  ---------------------------------+--------------+--------------
  Priority-Based (NDK)             |        16.5% |         74.4%
  NDK+Thompson (Priority) (seed=0, single run) |        33.5% |         80.1%

=== NIP-66 RTT vs Measured Latency (478 relays, data age: 64min) ===
                             N   Spearman r      MAE    Bias    Top5   Top10   Top20
------------------------  ----  -----------  -------  ------  ------  ------  ------
rttOpen vs connect         478         0.35    446ms    0.8x    0.0%   10.0%   20.0%
rttRead vs query           408         0.27     1.5s    7.4x    0.0%    0.0%    5.0%
(Bias = measured/nip66, >1 = NIP-66 underestimates. TopK = overlap of K fastest relays.)
Monitor: 9b85d54cc4bc..., 9ba6484003e8..., 9bbbb845e5b6..., 0b01aa38c2cc..., 63019a1fc7c4..., 58faef87b342..., http-api..., b2c949c0fb79..., 9bb7cd94d7b6..., 9ba1d7892cd0..., 9ba0ce3dcc28..., 9ba046db56b8...
[relay-scores] Updated scores for ndk-thompson: 51 relays, session 5
[relay-scores] Saved to .cache/relay_scores_2c65940725bbf10b_94608000_liveness_ndk-thompson.json

Thompson Sampling [ndk-thompson] learning state:
  Session: 5
  Relays with observations: 51
  Mean prior α: 79.1, β: 128.6
  Relays with strong preference (α>5): 21
  Relays learned to avoid (β>5): 38

JSON results written to: results/2c65940725bbf10b_1773005878245.json
