[0m[32mTask[0m [0m[36mbench[0m deno run --allow-net --allow-read --allow-write main.ts "2c65940725bbf10b452197fba41c6cb14afd41e28e0be22aab49bf246b0c84e3" "--algorithms" "ndk,ndk-thompson" "--verify" "--verify-window" "94608000" "--verify-concurrency" "10" "--no-phase2-cache" "--fast" "--output" "both" "--nip66-filter" "liveness"
Target: 2c65940725bbf10b...
Seed: 0 | Filter: strict | Runs: 3
Using cached data (fetched 2026-03-08T20:30:46.099Z)

=== Fetch Quality ===
Indexers: wss://purplepag.es (2748 events, 997ms), wss://relay.damus.io (0 events, 529ms, errors: WebSocket error: NetworkError: failed to connect to WebSocket: Invalid status code 400 Bad Request), wss://nos.lol (2179 events, 681ms)
Follows: 2747 | With relay list: 2139 (77.9%) | Missing: 608 (22.1%) | Filtered-to-empty: 44
Filter profile: strict | Filtered URLs: 1088 (40 localhost, 156 insecure ws, 72 IP-only, 814 known-bad, 6 malformed)
Unique valid write relays: 1618 | Seed: 0
[nip66] Using cached monitor data (2294 relays)

=== NIP-66 Liveness Filter (liveness) ===
Monitor data: 2294 relays
Candidate relays: 1618
  Known alive: 927
  Unknown (removed): 691
  .onion preserved: 59
  Parse-failed preserved: 0
  Authors filtered to empty: 6
Relays after filter: 927
[relay-scores] Loaded 20 relay priors (session 1, from 2026-03-08T07:44:20.079Z)

Thompson Sampling [ndk-thompson]: loaded 20 relay priors (session 1)

=== Regime A: Fixed 20 Connections ===
  Algorithm                      |  Relays |   Assign% |  Orphans |  Alg.Orph |  Avg/pk |   Gini |    HHI
  -------------------------------+---------+-----------+----------+-----------+---------+--------+-------
  Priority-Based (NDK)           |      20 |     75.8% |      666 |        58 |     1.9 |   0.81 |  0.291
  NDK+Thompson (Priority)        |      20 |     74.6% (0.0sd) |      699 |        91 |     1.8 |   0.68 |  0.183

=== Phase 2: Event Verification ===
Window: 94608000s | Kinds: 1 | Concurrency: 10
[baseline] Querying 927 relays for 2133 authors (window: 94608000s)
[pool] CLOSED from wss://relay.getalby.com/v1: blocked: Request rejected
[pool] CLOSED from wss://relay.getalby.com/v1: blocked: Request rejected
[baseline] Progress: 50/927 relays queried
[pool] CLOSED from wss://relay.nsec.app: blocked: we only keep kind 24133 or 24135
[baseline] Progress: 100/927 relays queried
[pool] CLOSED from wss://sendit.nosflare.com: restricted: this relay does not accept REQs
[pool] CLOSED from wss://aggr.nostr.land: auth-required: auth required for aggregator
[baseline] Progress: 150/927 relays queried
[pool] CLOSED from wss://relay.nosflare.com: auth-required: authentication required to subscribe
[pool] CLOSED from wss://podtards.com/chat: auth-required: all requests must be authenticated
[pool] CLOSED from wss://podtards.com/private: auth-required: all requests must be authenticated
[pool] CLOSED from wss://meta.bitcoinwalk.org: auth-required: authentication is required for access
[baseline] Progress: 200/927 relays queried
[baseline] Progress: 250/927 relays queried
[pool] CLOSED from wss://elites.nostrati.org: auth-required: you must auth
[baseline] Progress: 300/927 relays queried
[pool] CLOSED from wss://inbox.nostr.wine: blocked: this relay does not store any of the kinds in this request
[pool] CLOSED from wss://nostr.dbtc.link: auth-required: NIP-42 auth required
[pool] CLOSED from wss://auth.nostr1.com: auth-required: you must auth
[baseline] Progress: 350/927 relays queried
[pool] CLOSED from wss://impromptu.relays.land: auth-required: all requests must be authenticated
[baseline] Progress: 400/927 relays queried
[pool] CLOSED from wss://relay.groups.nip29.com: blocked: invalid query, must have 'h', 'e' or 'a' tag
[baseline] Progress: 450/927 relays queried
[pool] CLOSED from wss://relay.usefusion.ai: restricted: only kind 4 (DM) queries are allowed
[pool] CLOSED from wss://groups.fiatjaf.com: blocked: invalid query, must have 'h', 'e' or 'a' tag
[baseline] Progress: 500/927 relays queried
[baseline] Progress: 550/927 relays queried
[pool] CLOSED from wss://aplaceinthesun.nostr1.com: auth-required: you must auth
[baseline] Progress: 600/927 relays queried
[pool] CLOSED from wss://relay.utxo.one/chat: blocked: you must be in the web of trust to chat with the relay owner
[pool] CLOSED from wss://relay.utxo.one/private: auth-required: this query requires you to be authenticated
[pool] CLOSED from wss://nortis.nostr1.com: auth-required: you must auth
[baseline] Progress: 650/927 relays queried
[pool] CLOSED from wss://meta.spaces.coracle.social: auth-required: authentication is required for access
[pool] CLOSED from wss://soapbox.chat: auth-required: authentication is required for access
[pool] CLOSED from wss://david.nostr1.com: auth-required: you must auth
[baseline] Progress: 700/927 relays queried
[pool] CLOSED from wss://relay29.notoshi.win: blocked: invalid query, must have 'h', 'e' or 'a' tag
[pool] CLOSED from wss://jingle.nostrver.se: auth-required: take a selfie and send it to the CIA
[baseline] Progress: 750/927 relays queried
[baseline] Progress: 800/927 relays queried
[pool] CLOSED from wss://personal.relays.land: auth-required: all requests must be authenticated
[baseline] Progress: 850/927 relays queried
[pool] CLOSED from wss://nostr.rikmeijer.nl: max number of subscriptions per client (100) reached
[pool] CLOSED from wss://internal.coracle.social: auth-required: authentication is required for access
[pool] CLOSED from wss://relay.shawnyeager.com/chat: auth-required: all requests must be authenticated
[baseline] Progress: 900/927 relays queried
[baseline] Progress: 927/927 relays queried
[phase2] Subscription timeouts (no EOSE): 46
[phase2] CLOSED messages received: 30
  wss://relay.getalby.com/v1: blocked: Request rejected
  wss://relay.getalby.com/v1: blocked: Request rejected
  wss://relay.nsec.app: blocked: we only keep kind 24133 or 24135
  wss://sendit.nosflare.com: restricted: this relay does not accept REQs
  wss://aggr.nostr.land: auth-required: auth required for aggregator
  wss://relay.nosflare.com: auth-required: authentication required to subscribe
  wss://podtards.com/chat: auth-required: all requests must be authenticated
  wss://podtards.com/private: auth-required: all requests must be authenticated
  wss://meta.bitcoinwalk.org: auth-required: authentication is required for access
  wss://elites.nostrati.org: auth-required: you must auth

=== Phase 2: Event Verification (1095d window) ===
Baseline: 927 relays queried (40.9% success), 3.7min
  Timing: connect 703ms median (1.2s p95) | query 1.2s median (15.7s p95) | 46 timeouts (43 relays)
  Authors: 2,133 with relay data
    Testable (reliable): 1255 | Testable (partial): 49 | Zero events: 738 | Unreliable: 91
  Baseline events: 199,395 (mean 152.9/author, median 26)
  Events per (relay,pubkey) capped at: 10000

  Headline metrics (1255 testable-reliable authors, 195,900 baseline events):

  Algorithm                        |   Evt Recall |   Auth Recall |  Relay OK% |     TTFE |      p50 |      p80 | Timeouts
  ---------------------------------+--------------+---------------+------------+----------+----------+----------+---------
  Priority-Based (NDK)             |        19.7% |         79.3% |      90.0% |    717ms |     7.2s |    12.7s |        0
  NDK+Thompson (Priority) (seed=0, single run) |        27.5% |         79.8% |      70.0% |     1.0s |     5.0s |    11.2s |        0

  Per-author recall distribution:
  Algorithm                        |   Median |  % at 0% |      p25 |      p75
  ---------------------------------+----------+----------+----------+---------
  Priority-Based (NDK)             |    35.6% |    20.7% |     1.8% |   100.0%
  NDK+Thompson (Priority) (seed=0, single run) |    60.0% |    20.2% |     2.7% |   100.0%

  Latency simulation (parallel relay query):
  Algorithm                        |     TTFE |      p50 |      p80 |      Max |   TO |   TO Tax |   Relays |   Events
  ---------------------------------+----------+----------+----------+----------+------+----------+----------+---------
  Priority-Based (NDK)             |    717ms |     7.2s |    12.7s |    19.2s |    0 |      0ms | 17/18/20 |  139,576
  NDK+Thompson (Priority) (seed=0, single run) |     1.0s |     5.0s |    11.2s |    19.2s |    0 |      0ms | 12/14/20 |   91,177
  (Relays: with-events/connected/total | TO Tax: ceil(timeouts/concurrency) × EOSE timeout)

  Progressive completeness (% of recall achieved by time):
  Algorithm                        |      @1s |      @2s |      @5s |     @10s |     @15s
  ---------------------------------+----------+----------+----------+----------+---------
  Priority-Based (NDK)             |     0.0% |     3.0% |    18.2% |    37.3% |    61.3%
  NDK+Thompson (Priority) (seed=0, single run) |     0.0% |     2.1% |     5.3% |    23.3% |    90.6%

  EOSE-race simulation (stop after first EOSE + grace period):
  Algorithm                        |     +0ms |   +200ms |   +500ms |      +1s |      +2s
  ---------------------------------+----------+----------+----------+----------+---------
  Priority-Based (NDK)             |     0.5% |     0.5% |     3.0% |     3.0% |     3.0%
  NDK+Thompson (Priority) (seed=0, single run) |     0.7% |     0.7% |     2.1% |     2.5% |     5.3%
  (First EOSE: Priority-Based (NDK)=1.5s, NDK+Thompson (Priority) (seed=0, single run)=1.5s)

  Profile-view latency (per-author outbox query, top 3 write relays):
    Authors simulated: 1304 | Hit rate: 98.7%
    TTFE: 1.0s median, 1.2s mean, 1.8s p95
    Relays/profile: 2.9 queried, 2.4 with events, 0.06 timeouts

  Feed vs profile-view TTFE comparison:
  Algorithm                        |  Feed TTFE |  Profile TTFE |    Delta
  ---------------------------------+------------+---------------+---------
  Priority-Based (NDK)             |      717ms |          1.0s |   +331ms
  NDK+Thompson (Priority) (seed=0, single run) |       1.0s |          1.0s |    +44ms

  Including partial-baseline authors (1304 testable authors, 199,395 baseline events):

  Algorithm                        |   Evt Recall |   Auth Recall
  ---------------------------------+--------------+--------------
  Priority-Based (NDK)             |        20.6% |         79.3%
  NDK+Thompson (Priority) (seed=0, single run) |        27.6% |         79.4%

=== NIP-66 RTT vs Measured Latency (445 relays, data age: 50min) ===
                             N   Spearman r      MAE    Bias    Top5   Top10   Top20
------------------------  ----  -----------  -------  ------  ------  ------  ------
rttOpen vs connect         445         0.37    447ms    0.8x    0.0%   10.0%    5.0%
rttRead vs query           379         0.26     1.6s    7.8x    0.0%    0.0%    5.0%
(Bias = measured/nip66, >1 = NIP-66 underestimates. TopK = overlap of K fastest relays.)
Monitor: 9ba6484003e8..., 9b85d54cc4bc..., 9bbbb845e5b6..., 0b01aa38c2cc..., 63019a1fc7c4..., 58faef87b342..., http-api..., b2c949c0fb79..., 9bb7cd94d7b6..., 9ba1d7892cd0..., 9ba0ce3dcc28...
[relay-scores] Updated scores for ndk-thompson: 31 relays, session 2
[relay-scores] Saved to .cache/relay_scores_2c65940725bbf10b_94608000_liveness_ndk-thompson.json

Thompson Sampling [ndk-thompson] learning state:
  Session: 2
  Relays with observations: 31
  Mean prior α: 50.4, β: 97.1
  Relays with strong preference (α>5): 13
  Relays learned to avoid (β>5): 23

JSON results written to: results/2c65940725bbf10b_1773005005270.json
