[0m[32mTask[0m [0m[36mbench[0m deno run --allow-net --allow-read --allow-write main.ts "2c65940725bbf10b452197fba41c6cb14afd41e28e0be22aab49bf246b0c84e3" "--algorithms" "ndk,ndk-thompson" "--verify" "--verify-window" "94608000" "--verify-concurrency" "10" "--no-phase2-cache" "--fast" "--output" "both" "--nip66-filter" "liveness"
Target: 2c65940725bbf10b...
Seed: 0 | Filter: strict | Runs: 3
Using cached data (fetched 2026-03-08T20:30:46.099Z)

=== Fetch Quality ===
Indexers: wss://purplepag.es (2748 events, 997ms), wss://relay.damus.io (0 events, 529ms, errors: WebSocket error: NetworkError: failed to connect to WebSocket: Invalid status code 400 Bad Request), wss://nos.lol (2179 events, 681ms)
Follows: 2747 | With relay list: 2139 (77.9%) | Missing: 608 (22.1%) | Filtered-to-empty: 44
Filter profile: strict | Filtered URLs: 1088 (40 localhost, 156 insecure ws, 72 IP-only, 814 known-bad, 6 malformed)
Unique valid write relays: 1618 | Seed: 0
[nip66] Using cached monitor data (2294 relays)

=== NIP-66 Liveness Filter (liveness) ===
Monitor data: 2294 relays
Candidate relays: 1618
  Known alive: 927
  Unknown (removed): 691
  .onion preserved: 59
  Parse-failed preserved: 0
  Authors filtered to empty: 6
Relays after filter: 927
[relay-scores] Loaded 31 relay priors (session 2, from 2026-03-08T21:23:25.242Z)

Thompson Sampling [ndk-thompson]: loaded 31 relay priors (session 2)

=== Regime A: Fixed 20 Connections ===
  Algorithm                      |  Relays |   Assign% |  Orphans |  Alg.Orph |  Avg/pk |   Gini |    HHI
  -------------------------------+---------+-----------+----------+-----------+---------+--------+-------
  Priority-Based (NDK)           |      20 |     75.8% |      666 |        58 |     1.9 |   0.81 |  0.291
  NDK+Thompson (Priority)        |      20 |     74.4% (0.0sd) | 704.3333333333334 | 96.33333333333333 |     1.8 |   0.72 |  0.188

=== Phase 2: Event Verification ===
Window: 94608000s | Kinds: 1 | Concurrency: 10
[baseline] Querying 927 relays for 2133 authors (window: 94608000s)
[pool] CLOSED from wss://relay.getalby.com/v1: blocked: Request rejected
[pool] CLOSED from wss://relay.getalby.com/v1: blocked: Request rejected
[baseline] Progress: 50/927 relays queried
[baseline] Progress: 100/927 relays queried
[pool] CLOSED from wss://sendit.nosflare.com: restricted: this relay does not accept REQs
[pool] CLOSED from wss://aggr.nostr.land: auth-required: auth required for aggregator
[baseline] Progress: 150/927 relays queried
[pool] CLOSED from wss://relay.nosflare.com: auth-required: authentication required to subscribe
[pool] CLOSED from wss://podtards.com/chat: auth-required: all requests must be authenticated
[pool] CLOSED from wss://podtards.com/private: auth-required: all requests must be authenticated
[pool] CLOSED from wss://meta.bitcoinwalk.org: auth-required: authentication is required for access
[baseline] Progress: 200/927 relays queried
[pool] CLOSED from wss://pantry.zap.cooking: auth-required: please authenticate
[pool] CLOSED from wss://groups.0xchat.com: blocked: invalid query, must have 'h', 'e' or 'a' tag
[pool] CLOSED from wss://creatr.nostr.wine: auth-required: please authenticate before sending REQs
[pool] CLOSED from wss://greensoul.space: auth-required: only authenticated users can read from this relay
[baseline] Progress: 250/927 relays queried
[pool] CLOSED from wss://elites.nostrati.org: auth-required: you must auth
[baseline] Progress: 300/927 relays queried
[pool] CLOSED from wss://inbox.nostr.wine: blocked: this relay does not store any of the kinds in this request
[pool] CLOSED from wss://nostr.dbtc.link: auth-required: NIP-42 auth required
[pool] CLOSED from wss://auth.nostr1.com: auth-required: you must auth
[baseline] Progress: 350/927 relays queried
[pool] CLOSED from wss://impromptu.relays.land: auth-required: all requests must be authenticated
[pool] CLOSED from wss://wot.azzamo.net: rate-limited: there is a bug in the client, no one should be making so many requests
[baseline] Progress: 400/927 relays queried
[pool] CLOSED from wss://relay.groups.nip29.com: blocked: invalid query, must have 'h', 'e' or 'a' tag
[baseline] Progress: 450/927 relays queried
[pool] CLOSED from wss://relay.usefusion.ai: restricted: only kind 4 (DM) queries are allowed
[pool] CLOSED from wss://groups.fiatjaf.com: blocked: invalid query, must have 'h', 'e' or 'a' tag
[baseline] Progress: 500/927 relays queried
[baseline] Progress: 550/927 relays queried
[pool] CLOSED from wss://aplaceinthesun.nostr1.com: auth-required: you must auth
[baseline] Progress: 600/927 relays queried
[pool] CLOSED from wss://relay.utxo.one/chat: blocked: you must be in the web of trust to chat with the relay owner
[pool] CLOSED from wss://relay.utxo.one/private: auth-required: this query requires you to be authenticated
[pool] CLOSED from wss://nortis.nostr1.com: auth-required: you must auth
[baseline] Progress: 650/927 relays queried
[pool] CLOSED from wss://soapbox.chat: auth-required: authentication is required for access
[pool] CLOSED from wss://meta.spaces.coracle.social: auth-required: authentication is required for access
[pool] CLOSED from wss://david.nostr1.com: auth-required: you must auth
[baseline] Progress: 700/927 relays queried
[pool] CLOSED from wss://relay29.notoshi.win: blocked: invalid query, must have 'h', 'e' or 'a' tag
[pool] CLOSED from wss://jingle.nostrver.se: auth-required: take a selfie and send it to the CIA
[baseline] Progress: 750/927 relays queried
[pool] CLOSED from wss://bostr.erechorse.com: auth-required: authentication is required to perform this action.
[baseline] Progress: 800/927 relays queried
[pool] CLOSED from wss://personal.relays.land: auth-required: all requests must be authenticated
[baseline] Progress: 850/927 relays queried
[pool] CLOSED from wss://nostr.rikmeijer.nl: max number of subscriptions per client (100) reached
[pool] CLOSED from wss://internal.coracle.social: auth-required: authentication is required for access
[pool] CLOSED from wss://relay.shawnyeager.com/chat: auth-required: all requests must be authenticated
[baseline] Progress: 900/927 relays queried
[baseline] Progress: 927/927 relays queried
[phase2] Subscription timeouts (no EOSE): 46
[phase2] CLOSED messages received: 35
  wss://relay.getalby.com/v1: blocked: Request rejected
  wss://relay.getalby.com/v1: blocked: Request rejected
  wss://sendit.nosflare.com: restricted: this relay does not accept REQs
  wss://aggr.nostr.land: auth-required: auth required for aggregator
  wss://relay.nosflare.com: auth-required: authentication required to subscribe
  wss://podtards.com/chat: auth-required: all requests must be authenticated
  wss://podtards.com/private: auth-required: all requests must be authenticated
  wss://meta.bitcoinwalk.org: auth-required: authentication is required for access
  wss://pantry.zap.cooking: auth-required: please authenticate
  wss://groups.0xchat.com: blocked: invalid query, must have 'h', 'e' or 'a' tag

=== Phase 2: Event Verification (1095d window) ===
Baseline: 927 relays queried (44.3% success), 3.8min
  Timing: connect 671ms median (1.2s p95) | query 1.2s median (15.6s p95) | 46 timeouts (45 relays)
  Authors: 2,133 with relay data
    Testable (reliable): 1270 | Testable (partial): 38 | Zero events: 733 | Unreliable: 92
  Baseline events: 226,144 (mean 172.9/author, median 28)
  Events per (relay,pubkey) capped at: 10000

  Headline metrics (1270 testable-reliable authors, 224,162 baseline events):

  Algorithm                        |   Evt Recall |   Auth Recall |  Relay OK% |     TTFE |      p50 |      p80 | Timeouts
  ---------------------------------+--------------+---------------+------------+----------+----------+----------+---------
  Priority-Based (NDK)             |        17.8% |         78.3% |      90.0% |    823ms |     7.3s |    13.5s |        0
  NDK+Thompson (Priority) (seed=0, single run) |        26.1% |         80.2% |      85.0% |    782ms |     3.4s |    10.8s |        0

  Per-author recall distribution:
  Algorithm                        |   Median |  % at 0% |      p25 |      p75
  ---------------------------------+----------+----------+----------+---------
  Priority-Based (NDK)             |    33.2% |    21.7% |     1.2% |   100.0%
  NDK+Thompson (Priority) (seed=0, single run) |    66.7% |    19.8% |     3.0% |   100.0%

  Latency simulation (parallel relay query):
  Algorithm                        |     TTFE |      p50 |      p80 |      Max |   TO |   TO Tax |   Relays |   Events
  ---------------------------------+----------+----------+----------+----------+------+----------+----------+---------
  Priority-Based (NDK)             |    823ms |     7.3s |    13.5s |    19.3s |    0 |      0ms | 17/18/20 |  139,204
  NDK+Thompson (Priority) (seed=0, single run) |    782ms |     3.4s |    10.8s |    19.3s |    0 |      0ms | 17/17/20 |  102,688
  (Relays: with-events/connected/total | TO Tax: ceil(timeouts/concurrency) × EOSE timeout)

  Progressive completeness (% of recall achieved by time):
  Algorithm                        |      @1s |      @2s |      @5s |     @10s |     @15s
  ---------------------------------+----------+----------+----------+----------+---------
  Priority-Based (NDK)             |     0.0% |     2.6% |    17.9% |    23.9% |    82.6%
  NDK+Thompson (Priority) (seed=0, single run) |     0.0% |     0.1% |    12.0% |    19.6% |    92.7%

  EOSE-race simulation (stop after first EOSE + grace period):
  Algorithm                        |     +0ms |   +200ms |   +500ms |      +1s |      +2s
  ---------------------------------+----------+----------+----------+----------+---------
  Priority-Based (NDK)             |     0.1% |     0.1% |     2.6% |     2.6% |     2.6%
  NDK+Thompson (Priority) (seed=0, single run) |     0.1% |     0.1% |     0.1% |    11.0% |    11.6%
  (First EOSE: Priority-Based (NDK)=1.2s, NDK+Thompson (Priority) (seed=0, single run)=1.5s)

  Profile-view latency (per-author outbox query, top 3 write relays):
    Authors simulated: 1308 | Hit rate: 98.9%
    TTFE: 1.1s median, 1.4s mean, 2.7s p95
    Relays/profile: 2.9 queried, 2.4 with events, 0.05 timeouts

  Feed vs profile-view TTFE comparison:
  Algorithm                        |  Feed TTFE |  Profile TTFE |    Delta
  ---------------------------------+------------+---------------+---------
  Priority-Based (NDK)             |      823ms |          1.1s |   +311ms
  NDK+Thompson (Priority) (seed=0, single run) |      782ms |          1.1s |   +352ms

  Including partial-baseline authors (1308 testable authors, 226,144 baseline events):

  Algorithm                        |   Evt Recall |   Auth Recall
  ---------------------------------+--------------+--------------
  Priority-Based (NDK)             |        18.1% |         78.2%
  NDK+Thompson (Priority) (seed=0, single run) |        26.1% |         79.9%

=== NIP-66 RTT vs Measured Latency (482 relays, data age: 54min) ===
                             N   Spearman r      MAE    Bias    Top5   Top10   Top20
------------------------  ----  -----------  -------  ------  ------  ------  ------
rttOpen vs connect         482         0.33    444ms    0.8x    0.0%   10.0%    5.0%
rttRead vs query           408         0.26     1.6s    7.4x    0.0%   10.0%   10.0%
(Bias = measured/nip66, >1 = NIP-66 underestimates. TopK = overlap of K fastest relays.)
Monitor: 9b85d54cc4bc..., 9ba6484003e8..., 9bbbb845e5b6..., 0b01aa38c2cc..., 63019a1fc7c4..., 58faef87b342..., http-api..., b2c949c0fb79..., 9bb7cd94d7b6..., 9ba1d7892cd0..., 9ba0ce3dcc28..., 9ba046db56b8...
[relay-scores] Updated scores for ndk-thompson: 38 relays, session 3
[relay-scores] Degrading relays (1): wss://relay.ditto.pub
[relay-scores] Saved to .cache/relay_scores_2c65940725bbf10b_94608000_liveness_ndk-thompson.json

Thompson Sampling [ndk-thompson] learning state:
  Session: 3
  Relays with observations: 38
  Mean prior α: 63.7, β: 110.4
  Relays with strong preference (α>5): 16
  Relays learned to avoid (β>5): 30

JSON results written to: results/2c65940725bbf10b_1773005292986.json
