[0m[32mTask[0m [0m[36mbench[0m deno run --allow-net --allow-read --allow-write main.ts "07804b786c6a3b400b7b20d9bfc945035f3ad213da797b0c50954767c375c543" "--algorithms" "rust-nostr,fd-thompson,ndk,ndk-thompson" "--verify" "--verify-window" "31536000" "--verify-concurrency" "10" "--no-phase2-cache" "--fast" "--output" "both"
Target: 07804b786c6a3b40...
Seed: 0 | Filter: strict | Runs: 3
Using cached data (fetched 2026-03-08T08:01:51.586Z)

=== Fetch Quality ===
Indexers: wss://purplepag.es (354 events, 1036ms), wss://relay.damus.io (198 events, 319ms), wss://nos.lol (285 events, 699ms)
Follows: 353 | With relay list: 283 (80.2%) | Missing: 70 (19.8%) | Filtered-to-empty: 2
Filter profile: strict | Filtered URLs: 32 (2 localhost, 4 insecure ws, 2 IP-only, 24 known-bad)
Unique valid write relays: 304 | Seed: 0
[relay-scores] Loaded 29 relay priors (session 2, from 2026-03-08T08:17:55.535Z)

Thompson Sampling [fd-thompson]: loaded 29 relay priors (session 2)
[relay-scores] Loaded 28 relay priors (session 2, from 2026-03-08T08:17:55.541Z)

Thompson Sampling [ndk-thompson]: loaded 28 relay priors (session 2)

=== Regime A: Fixed 20 Connections ===
  Algorithm                      |  Relays |   Assign% |  Orphans |  Alg.Orph |  Avg/pk |   Gini |    HHI
  -------------------------------+---------+-----------+----------+-----------+---------+--------+-------
  Filter Decomposition (cap@20)  |      20 |     75.6% |       86 |        16 |     2.2 |   0.39 |  0.096
  FD+Thompson (cap@20)           |      20 |     68.4% (0.0sd) | 111.66666666666667 | 41.666666666666664 |     2.0 |   0.48 |  0.117
  Priority-Based (NDK)           |      20 |     79.6% |       72 |         2 |     2.0 |   0.78 |  0.246
  NDK+Thompson (Priority)        |      20 |     78.3% (0.0sd) | 76.66666666666667 | 6.666666666666667 |     1.9 |   0.59 |  0.140

=== Phase 2: Event Verification ===
Window: 31536000s | Kinds: 1 | Concurrency: 10
[baseline] Querying 304 relays for 283 authors (window: 31536000s)
[pool] CLOSED from wss://aggr.nostr.land: auth-required: auth required for aggregator
[pool] CLOSED from wss://sendit.nosflare.com: restricted: this relay does not accept REQs
[baseline] Progress: 50/304 relays queried
[pool] CLOSED from wss://relay.getalby.com/v1: blocked: Request rejected
[pool] CLOSED from wss://filter.nostr.wine/npub1ca32j9f2fl5n7d0rs6mxsjva69qzqrfc0j05x85c436l6ehtpt2snvu0tt: auth-required: please authenticate before sending REQs
[pool] CLOSED from wss://bostr.erechorse.com: auth-required: authentication is required to perform this action.
[pool] CLOSED from wss://filter.nostr.wine/npub12y8qp9hyuc3wnu580tm70tuhntp0mag8q2uu6aczzevrgng6dqkq5zt26q: auth-required: please authenticate before sending REQs
[pool] CLOSED from wss://creatr.nostr.wine: auth-required: please authenticate before sending REQs
[baseline] Progress: 100/304 relays queried
[pool] CLOSED from wss://filter.nostr.wine/npub12ftld459xqw7s7fqnxstzu7r74l5yagxztwcwmaqj4d24jgpj2csee3mx0: auth-required: please authenticate before sending REQs
[baseline] Progress: 150/304 relays queried
[pool] CLOSED from wss://filter.nostr.wine/npub14sw26a7wvglnywzurts9nl09g93hs6xvhqdexjppp66ykyd6f7ws80gdjg: auth-required: please authenticate before sending REQs
[pool] CLOSED from wss://relay.danieldaquino.me/chat: blocked: you must be in the web of trust to chat with the relay owner
[pool] CLOSED from wss://relay.danieldaquino.me/private: auth-required: this query requires you to be authenticated
[pool] CLOSED from wss://greensoul.space: auth-required: only authenticated users can read from this relay
[baseline] Progress: 200/304 relays queried
[pool] CLOSED from wss://filter.nostr.wine/npub1dwp9e3qye2sstflgesg7zxra2znqlrgq604nf0q07e9sezu8ujls3mtmtf: auth-required: please authenticate before sending REQs
[pool] CLOSED from wss://filter.nostr.wine/npub1cmwzh936xyjmqmwyqpl6yyr4gp048w72l57346vdw7azus60d9rs9q7cf2: auth-required: please authenticate before sending REQs
[pool] CLOSED from wss://inbox.nostr.wine: blocked: this relay does not store any of the kinds in this request
[pool] CLOSED from wss://hole.v0l.io: error: queries not allowed
[pool] CLOSED from wss://filter.nostr.wine/npub1jw4e8qh6vmyq0n2tkupv7wlfu5h59luk98dcfedf03anh5ek5jkq936u57: auth-required: please authenticate before sending REQs
[pool] CLOSED from wss://filter.nostr.wine/npub1k0jrarx8um0lyw3nmysn50539ky4k8p7gfgzgrsvn8d7lccx3d0s38dczd: auth-required: please authenticate before sending REQs
[baseline] Progress: 250/304 relays queried
[pool] CLOSED from wss://wheat.happytavern.co: rate-limited: REQ rate limit exceeded
[pool] CLOSED from wss://filter.nostr.wine/npub1zpq2gsz25wsgun2e4gtks9p63j7fvyfd46weyjzp5tv6yys89zcsjdflcv: auth-required: please authenticate before sending REQs
[pool] CLOSED from wss://filter.nostr.wine/npub14twsqzjpsvvk4tu06w9gedt4jctwqxt74jwutm4f3qhhf3rznmzqfufqc5: auth-required: please authenticate before sending REQs
[pool] CLOSED from wss://relay.nosflare.com: auth-required: authentication required to subscribe
[baseline] Progress: 300/304 relays queried
[baseline] Progress: 304/304 relays queried
[phase2] Subscription timeouts (no EOSE): 6
[phase2] CLOSED messages received: 22
  wss://aggr.nostr.land: auth-required: auth required for aggregator
  wss://sendit.nosflare.com: restricted: this relay does not accept REQs
  wss://relay.getalby.com/v1: blocked: Request rejected
  wss://filter.nostr.wine/npub1ca32j9f2fl5n7d0rs6mxsjva69qzqrfc0j05x85c436l6ehtpt2snvu0tt: auth-required: please authenticate before sending REQs
  wss://bostr.erechorse.com: auth-required: authentication is required to perform this action.
  wss://filter.nostr.wine/npub12y8qp9hyuc3wnu580tm70tuhntp0mag8q2uu6aczzevrgng6dqkq5zt26q: auth-required: please authenticate before sending REQs
  wss://creatr.nostr.wine: auth-required: please authenticate before sending REQs
  wss://filter.nostr.wine/npub12ftld459xqw7s7fqnxstzu7r74l5yagxztwcwmaqj4d24jgpj2csee3mx0: auth-required: please authenticate before sending REQs
  wss://filter.nostr.wine/npub14sw26a7wvglnywzurts9nl09g93hs6xvhqdexjppp66ykyd6f7ws80gdjg: auth-required: please authenticate before sending REQs
  wss://relay.danieldaquino.me/chat: blocked: you must be in the web of trust to chat with the relay owner

=== Phase 2: Event Verification (365d window) ===
Baseline: 304 relays queried (32.6% success), 1.0min
  Timing: connect 696ms median (1.1s p95) | query 1.1s median (4.2s p95) | 6 timeouts (7 relays)
  Authors: 283 with relay data
    Testable (reliable): 108 | Testable (partial): 44 | Zero events: 71 | Unreliable: 60
  Baseline events: 38,954 (mean 256.3/author, median 56)
  Events per (relay,pubkey) capped at: 10000

  Headline metrics (108 testable-reliable authors, 33,898 baseline events):

  Algorithm                        |   Evt Recall |   Auth Recall |  Relay OK% |     TTFE |      p50 |      p80 | Timeouts
  ---------------------------------+--------------+---------------+------------+----------+----------+----------+---------
  Filter Decomposition (cap@20)    |        20.7% |         68.5% |      55.0% |    610ms |     2.4s |     3.5s |        0
  FD+Thompson (seed=0, single run) |        10.8% |         63.0% |      55.0% |    610ms |     3.3s |     4.0s |        1
  Priority-Based (NDK)             |        10.3% |         78.7% |      60.0% |    610ms |     2.6s |     4.0s |        1
  NDK+Thompson (Priority) (seed=0, single run) |        11.4% |         76.9% |      55.0% |    610ms |     3.0s |     3.5s |        0

  Per-author recall distribution:
  Algorithm                        |   Median |  % at 0% |      p25 |      p75
  ---------------------------------+----------+----------+----------+---------
  Filter Decomposition (cap@20)    |    15.7% |    31.5% |     0.0% |    97.4%
  FD+Thompson (seed=0, single run) |     8.3% |    37.0% |     0.0% |   100.0%
  Priority-Based (NDK)             |    19.1% |    21.3% |     1.3% |    86.4%
  NDK+Thompson (Priority) (seed=0, single run) |    19.7% |    23.1% |     0.7% |    98.9%

  Latency simulation (parallel relay query):
  Algorithm                        |     TTFE |      p50 |      p80 |      Max |   TO |   TO Tax |   Relays |   Events
  ---------------------------------+----------+----------+----------+----------+------+----------+----------+---------
  Filter Decomposition (cap@20)    |    610ms |     2.4s |     3.5s |     5.0s |    0 |      0ms | 10/11/20 |   15,227
  FD+Thompson (seed=0, single run) |    610ms |     3.3s |     4.0s |    16.4s |    1 |    15.0s | 11/12/20 |   13,000
  Priority-Based (NDK)             |    610ms |     2.6s |     4.0s |    16.4s |    1 |    15.0s | 12/14/20 |   12,520
  NDK+Thompson (Priority) (seed=0, single run) |    610ms |     3.0s |     3.5s |     5.0s |    0 |      0ms | 11/11/20 |   11,186
  (Relays: with-events/connected/total | TO Tax: ceil(timeouts/concurrency) × EOSE timeout)

  Progressive completeness (% of recall achieved by time):
  Algorithm                        |      @1s |      @2s |      @5s |     @10s |     @15s
  ---------------------------------+----------+----------+----------+----------+---------
  Filter Decomposition (cap@20)    |     0.0% |    68.8% |   100.0% |   100.0% |   100.0%
  FD+Thompson (seed=0, single run) |     0.0% |    43.7% |   100.0% |   100.0% |   100.0%
  Priority-Based (NDK)             |     0.3% |    63.0% |   100.0% |   100.0% |   100.0%
  NDK+Thompson (Priority) (seed=0, single run) |     0.0% |    28.6% |   100.0% |   100.0% |   100.0%

  EOSE-race simulation (stop after first EOSE + grace period):
  Algorithm                        |     +0ms |   +200ms |   +500ms |      +1s |      +2s
  ---------------------------------+----------+----------+----------+----------+---------
  Filter Decomposition (cap@20)    |     6.0% |     6.0% |    62.9% |    68.8% |    78.7%
  FD+Thompson (seed=0, single run) |    21.3% |    21.3% |    43.7% |    43.7% |    59.1%
  Priority-Based (NDK)             |     0.3% |     0.3% |    43.0% |    63.0% |    66.3%
  NDK+Thompson (Priority) (seed=0, single run) |    23.1% |    23.1% |    23.1% |    28.6% |    62.4%
  (First EOSE: Filter Decomposition (cap@20)=1.2s, FD+Thompson (seed=0, single run)=1.2s, Priority-Based (NDK)=925ms, NDK+Thompson (Priority) (seed=0, single run)=1.2s)

  Profile-view latency (per-author outbox query, top 3 write relays):
    Authors simulated: 152 | Hit rate: 96.1%
    TTFE: 1.2s median, 1.3s mean, 2.0s p95
    Relays/profile: 3.0 queried, 2.0 with events, 0.03 timeouts

  Feed vs profile-view TTFE comparison:
  Algorithm                        |  Feed TTFE |  Profile TTFE |    Delta
  ---------------------------------+------------+---------------+---------
  Filter Decomposition (cap@20)    |      610ms |          1.2s |   +603ms
  FD+Thompson (seed=0, single run) |      610ms |          1.2s |   +603ms
  Priority-Based (NDK)             |      610ms |          1.2s |   +603ms
  NDK+Thompson (Priority) (seed=0, single run) |      610ms |          1.2s |   +603ms

  Including partial-baseline authors (152 testable authors, 38,954 baseline events):

  Algorithm                        |   Evt Recall |   Auth Recall
  ---------------------------------+--------------+--------------
  Filter Decomposition (cap@20)    |        20.4% |         60.5%
  FD+Thompson (seed=0, single run) |        12.2% |         62.5%
  Priority-Based (NDK)             |        12.0% |         82.2%
  NDK+Thompson (Priority) (seed=0, single run) |        13.9% |         78.3%
[relay-scores] Updated scores for fd-thompson: 32 relays, session 3
[relay-scores] Degrading relays (1): wss://relay.snort.social
[relay-scores] Saved to .cache/relay_scores_07804b786c6a3b40_31536000_fd-thompson.json

Thompson Sampling [fd-thompson] learning state:
  Session: 3
  Relays with observations: 32
  Mean prior α: 5.6, β: 14.3
  Relays with strong preference (α>5): 9
  Relays learned to avoid (β>5): 21
[relay-scores] Updated scores for ndk-thompson: 34 relays, session 3
[relay-scores] Degrading relays (3): wss://nostr.oxtr.dev, wss://nrelay.c-stellar.net, wss://nostr.land
[relay-scores] Saved to .cache/relay_scores_07804b786c6a3b40_31536000_ndk-thompson.json

Thompson Sampling [ndk-thompson] learning state:
  Session: 3
  Relays with observations: 34
  Mean prior α: 5.8, β: 15.1
  Relays with strong preference (α>5): 8
  Relays learned to avoid (β>5): 18

JSON results written to: results/07804b786c6a3b40_1772958762399.json
