[0m[32mTask[0m [0m[36mbench[0m deno run --allow-net --allow-read --allow-write main.ts "07804b786c6a3b400b7b20d9bfc945035f3ad213da797b0c50954767c375c543" "--algorithms" "rust-nostr,fd-thompson,ndk,ndk-thompson" "--verify" "--verify-window" "31536000" "--verify-concurrency" "10" "--no-phase2-cache" "--fast" "--output" "both"
Target: 07804b786c6a3b40...
Seed: 0 | Filter: strict | Runs: 3
Using cached data (fetched 2026-03-08T08:01:51.586Z)

=== Fetch Quality ===
Indexers: wss://purplepag.es (354 events, 1036ms), wss://relay.damus.io (198 events, 319ms), wss://nos.lol (285 events, 699ms)
Follows: 353 | With relay list: 283 (80.2%) | Missing: 70 (19.8%) | Filtered-to-empty: 2
Filter profile: strict | Filtered URLs: 32 (2 localhost, 4 insecure ws, 2 IP-only, 24 known-bad)
Unique valid write relays: 304 | Seed: 0
[relay-scores] Loaded 20 relay priors (session 1, from 2026-03-08T08:03:10.004Z)

Thompson Sampling [fd-thompson]: loaded 20 relay priors (session 1)
[relay-scores] Loaded 20 relay priors (session 1, from 2026-03-08T08:03:10.014Z)

Thompson Sampling [ndk-thompson]: loaded 20 relay priors (session 1)

=== Regime A: Fixed 20 Connections ===
  Algorithm                      |  Relays |   Assign% |  Orphans |  Alg.Orph |  Avg/pk |   Gini |    HHI
  -------------------------------+---------+-----------+----------+-----------+---------+--------+-------
  Filter Decomposition (cap@20)  |      20 |     75.6% |       86 |        16 |     2.2 |   0.39 |  0.096
  FD+Thompson (cap@20)           |      20 |     71.3% (0.0sd) | 101.33333333333333 | 31.333333333333332 |     2.0 |   0.44 |  0.103
  Priority-Based (NDK)           |      20 |     79.6% |       72 |         2 |     2.0 |   0.78 |  0.246
  NDK+Thompson (Priority)        |      20 |     78.7% (0.0sd) | 75.33333333333333 | 5.333333333333333 |     1.9 |   0.59 |  0.130

=== Phase 2: Event Verification ===
Window: 31536000s | Kinds: 1 | Concurrency: 10
[baseline] Querying 304 relays for 283 authors (window: 31536000s)
[baseline] Progress: 50/304 relays queried
[pool] CLOSED from wss://filter.nostr.wine/npub12y8qp9hyuc3wnu580tm70tuhntp0mag8q2uu6aczzevrgng6dqkq5zt26q: auth-required: please authenticate before sending REQs
[pool] CLOSED from wss://creatr.nostr.wine: auth-required: please authenticate before sending REQs
[baseline] Progress: 100/304 relays queried
[pool] CLOSED from wss://nostr-relay.moctane.net: auth-required: authentication required to subscribe
[pool] CLOSED from wss://filter.nostr.wine/npub12ftld459xqw7s7fqnxstzu7r74l5yagxztwcwmaqj4d24jgpj2csee3mx0: auth-required: please authenticate before sending REQs
[baseline] Progress: 150/304 relays queried
[pool] CLOSED from wss://filter.nostr.wine/npub14sw26a7wvglnywzurts9nl09g93hs6xvhqdexjppp66ykyd6f7ws80gdjg: auth-required: please authenticate before sending REQs
[pool] CLOSED from wss://relay.danieldaquino.me/chat: blocked: you must be in the web of trust to chat with the relay owner
[pool] CLOSED from wss://relay.danieldaquino.me/private: auth-required: this query requires you to be authenticated
[pool] CLOSED from wss://greensoul.space: auth-required: only authenticated users can read from this relay
[baseline] Progress: 200/304 relays queried
[pool] CLOSED from wss://filter.nostr.wine/npub1dwp9e3qye2sstflgesg7zxra2znqlrgq604nf0q07e9sezu8ujls3mtmtf: auth-required: please authenticate before sending REQs
[pool] CLOSED from wss://filter.nostr.wine/npub1cmwzh936xyjmqmwyqpl6yyr4gp048w72l57346vdw7azus60d9rs9q7cf2: auth-required: please authenticate before sending REQs
[pool] CLOSED from wss://hole.v0l.io: error: queries not allowed
[pool] CLOSED from wss://inbox.nostr.wine: blocked: this relay does not store any of the kinds in this request
[pool] CLOSED from wss://filter.nostr.wine/npub1jw4e8qh6vmyq0n2tkupv7wlfu5h59luk98dcfedf03anh5ek5jkq936u57: auth-required: please authenticate before sending REQs
[pool] CLOSED from wss://filter.nostr.wine/npub1k0jrarx8um0lyw3nmysn50539ky4k8p7gfgzgrsvn8d7lccx3d0s38dczd: auth-required: please authenticate before sending REQs
[baseline] Progress: 250/304 relays queried
[pool] CLOSED from wss://filter.nostr.wine/npub1zpq2gsz25wsgun2e4gtks9p63j7fvyfd46weyjzp5tv6yys89zcsjdflcv: auth-required: please authenticate before sending REQs
[baseline] Progress: 300/304 relays queried
[baseline] Progress: 304/304 relays queried
[phase2] Subscription timeouts (no EOSE): 2
[phase2] CLOSED messages received: 15
  wss://filter.nostr.wine/npub12y8qp9hyuc3wnu580tm70tuhntp0mag8q2uu6aczzevrgng6dqkq5zt26q: auth-required: please authenticate before sending REQs
  wss://creatr.nostr.wine: auth-required: please authenticate before sending REQs
  wss://nostr-relay.moctane.net: auth-required: authentication required to subscribe
  wss://filter.nostr.wine/npub12ftld459xqw7s7fqnxstzu7r74l5yagxztwcwmaqj4d24jgpj2csee3mx0: auth-required: please authenticate before sending REQs
  wss://filter.nostr.wine/npub14sw26a7wvglnywzurts9nl09g93hs6xvhqdexjppp66ykyd6f7ws80gdjg: auth-required: please authenticate before sending REQs
  wss://relay.danieldaquino.me/chat: blocked: you must be in the web of trust to chat with the relay owner
  wss://relay.danieldaquino.me/private: auth-required: this query requires you to be authenticated
  wss://greensoul.space: auth-required: only authenticated users can read from this relay
  wss://filter.nostr.wine/npub1dwp9e3qye2sstflgesg7zxra2znqlrgq604nf0q07e9sezu8ujls3mtmtf: auth-required: please authenticate before sending REQs
  wss://filter.nostr.wine/npub1cmwzh936xyjmqmwyqpl6yyr4gp048w72l57346vdw7azus60d9rs9q7cf2: auth-required: please authenticate before sending REQs

=== Phase 2: Event Verification (365d window) ===
Baseline: 304 relays queried (18.4% success), 37s
  Timing: connect 683ms median (1.4s p95) | query 1.0s median (3.4s p95) | 2 timeouts (2 relays)
  Authors: 283 with relay data
    Testable (reliable): 1 | Testable (partial): 55 | Zero events: 1 | Unreliable: 226
  Baseline events: 19,607 (mean 350.1/author, median 76)
  Events per (relay,pubkey) capped at: 10000

  Headline metrics (1 testable-reliable authors, 534 baseline events):

  Algorithm                        |   Evt Recall |   Auth Recall |  Relay OK% |     TTFE |      p50 |      p80 | Timeouts
  ---------------------------------+--------------+---------------+------------+----------+----------+----------+---------
  Filter Decomposition (cap@20)    |         0.0% |          0.0% |       0.0% |      N/A |      N/A |      N/A |        0
  FD+Thompson (seed=0, single run) |         0.0% |          0.0% |       0.0% |      N/A |      N/A |      N/A |        0
  Priority-Based (NDK)             |         0.0% |          0.0% |      15.0% |     1.2s |     2.5s |     3.0s |        1
  NDK+Thompson (Priority) (seed=0, single run) |         0.0% |          0.0% |      10.0% |     2.1s |     3.0s |     3.0s |        1

  Per-author recall distribution:
  Algorithm                        |   Median |  % at 0% |      p25 |      p75
  ---------------------------------+----------+----------+----------+---------
  Filter Decomposition (cap@20)    |     0.0% |   100.0% |     0.0% |     0.0%
  FD+Thompson (seed=0, single run) |     0.0% |   100.0% |     0.0% |     0.0%
  Priority-Based (NDK)             |     0.0% |   100.0% |     0.0% |     0.0%
  NDK+Thompson (Priority) (seed=0, single run) |     0.0% |   100.0% |     0.0% |     0.0%

  Latency simulation (parallel relay query):
  Algorithm                        |     TTFE |      p50 |      p80 |      Max |   TO |   TO Tax |   Relays |   Events
  ---------------------------------+----------+----------+----------+----------+------+----------+----------+---------
  Filter Decomposition (cap@20)    |      N/A |      N/A |      N/A |      N/A |    0 |      0ms |   0/0/20 |        0
  FD+Thompson (seed=0, single run) |      N/A |      N/A |      N/A |      N/A |    0 |      0ms |   0/0/20 |        0
  Priority-Based (NDK)             |     1.2s |     2.5s |     3.0s |    16.3s |    1 |    15.0s |   3/5/20 |    1,020
  NDK+Thompson (Priority) (seed=0, single run) |     2.1s |     3.0s |     3.0s |    16.3s |    1 |    15.0s |   2/3/20 |    1,000
  (Relays: with-events/connected/total | TO Tax: ceil(timeouts/concurrency) × EOSE timeout)

  Progressive completeness (% of recall achieved by time):
  Algorithm                        |      @1s |      @2s |      @5s |     @10s |     @15s
  ---------------------------------+----------+----------+----------+----------+---------
  Priority-Based (NDK)             |     0.0% |    92.9% |   100.0% |   100.0% |   100.0%
  NDK+Thompson (Priority) (seed=0, single run) |     0.0% |     0.0% |   100.0% |   100.0% |   100.0%

  EOSE-race simulation (stop after first EOSE + grace period):
  Algorithm                        |     +0ms |   +200ms |   +500ms |      +1s |      +2s
  ---------------------------------+----------+----------+----------+----------+---------
  Priority-Based (NDK)             |    92.9% |    92.9% |    92.9% |    92.9% |   100.0%
  NDK+Thompson (Priority) (seed=0, single run) |    11.8% |    11.8% |    11.8% |   100.0% |   100.0%
  (First EOSE: Priority-Based (NDK)=1.2s, NDK+Thompson (Priority) (seed=0, single run)=2.5s)

  Profile-view latency (per-author outbox query, top 3 write relays):
    Authors simulated: 56 | Hit rate: 46.4%
    TTFE: 1.5s median, 1.8s mean, 2.3s p95
    Relays/profile: 3.0 queried, 0.5 with events, 0.02 timeouts

  Feed vs profile-view TTFE comparison:
  Algorithm                        |  Feed TTFE |  Profile TTFE |    Delta
  ---------------------------------+------------+---------------+---------
  Filter Decomposition (cap@20)    |        N/A |          1.5s |      N/A
  FD+Thompson (seed=0, single run) |        N/A |          1.5s |      N/A
  Priority-Based (NDK)             |       1.2s |          1.5s |   +336ms
  NDK+Thompson (Priority) (seed=0, single run) |       2.1s |          1.5s |   -584ms

  Including partial-baseline authors (56 testable authors, 19,607 baseline events):

  Algorithm                        |   Evt Recall |   Auth Recall
  ---------------------------------+--------------+--------------
  Filter Decomposition (cap@20)    |         0.0% |          0.0%
  FD+Thompson (seed=0, single run) |         0.0% |          0.0%
  Priority-Based (NDK)             |         0.1% |          3.6%
  NDK+Thompson (Priority) (seed=0, single run) |         1.0% |         12.5%
[relay-scores] Updated scores for fd-thompson: 29 relays, session 2
[relay-scores] Saved to .cache/relay_scores_07804b786c6a3b40_31536000_fd-thompson.json

Thompson Sampling [fd-thompson] learning state:
  Session: 2
  Relays with observations: 29
  Mean prior α: 3.1, β: 11.1
  Relays with strong preference (α>5): 6
  Relays learned to avoid (β>5): 19
[relay-scores] Updated scores for ndk-thompson: 28 relays, session 2
[relay-scores] Saved to .cache/relay_scores_07804b786c6a3b40_31536000_ndk-thompson.json

Thompson Sampling [ndk-thompson] learning state:
  Session: 2
  Relays with observations: 28
  Mean prior α: 3.7, β: 11.9
  Relays with strong preference (α>5): 8
  Relays learned to avoid (β>5): 13

JSON results written to: results/07804b786c6a3b40_1772957875549.json
