[0m[32mTask[0m [0m[36mbench[0m deno run --allow-net --allow-read --allow-write main.ts "07804b786c6a3b400b7b20d9bfc945035f3ad213da797b0c50954767c375c543" "--algorithms" "rust-nostr,fd-thompson,ndk,ndk-thompson" "--verify" "--verify-window" "31536000" "--verify-concurrency" "10" "--no-phase2-cache" "--fast" "--output" "both"
Target: 07804b786c6a3b40...
Seed: 0 | Filter: strict | Runs: 3
[fetch] Connecting to 3 indexer relays...
[fetch] wss://purplepag.es: connected (1088ms)
[fetch] wss://relay.damus.io: connected (442ms)
[fetch] wss://nos.lol: connected (852ms)
[fetch] Fetching kind 3 (contact list) for 07804b78...
[fetch] 353 follows to fetch relay lists for
[fetch] Fetched relay lists: 200/353
[fetch] Received 285 relay list events

=== Fetch Quality ===
Indexers: wss://purplepag.es (354 events, 1088ms), wss://relay.damus.io (198 events, 442ms), wss://nos.lol (285 events, 852ms)
Follows: 353 | With relay list: 283 (80.2%) | Missing: 70 (19.8%) | Filtered-to-empty: 2
Filter profile: strict | Filtered URLs: 32 (2 localhost, 4 insecure ws, 2 IP-only, 24 known-bad)
Unique valid write relays: 304 | Seed: 0
[relay-scores] Loaded 37 relay priors (session 4, from 2026-03-08T08:47:37.924Z)

Thompson Sampling [fd-thompson]: loaded 37 relay priors (session 4)
[relay-scores] Loaded 41 relay priors (session 4, from 2026-03-08T08:47:37.935Z)

Thompson Sampling [ndk-thompson]: loaded 41 relay priors (session 4)

=== Regime A: Fixed 20 Connections ===
  Algorithm                      |  Relays |   Assign% |  Orphans |  Alg.Orph |  Avg/pk |   Gini |    HHI
  -------------------------------+---------+-----------+----------+-----------+---------+--------+-------
  Filter Decomposition (cap@20)  |      20 |     75.6% |       86 |        16 |     2.2 |   0.39 |  0.096
  FD+Thompson (cap@20)           |      20 |     72.2% (0.0sd) |       98 |        28 |     2.1 |   0.56 |  0.135
  Priority-Based (NDK)           |      20 |     79.6% |       72 |         2 |     2.0 |   0.78 |  0.246
  NDK+Thompson (Priority)        |      20 |     78.2% (0.0sd) |       77 |         7 |     1.9 |   0.68 |  0.180

=== Phase 2: Event Verification ===
Window: 31536000s | Kinds: 1 | Concurrency: 10
[baseline] Querying 304 relays for 283 authors (window: 31536000s)
[pool] CLOSED from wss://aggr.nostr.land: auth-required: auth required for aggregator
[pool] CLOSED from wss://sendit.nosflare.com: restricted: this relay does not accept REQs
[baseline] Progress: 50/304 relays queried
[pool] CLOSED from wss://relay.getalby.com/v1: blocked: Request rejected
[pool] CLOSED from wss://filter.nostr.wine/npub1ca32j9f2fl5n7d0rs6mxsjva69qzqrfc0j05x85c436l6ehtpt2snvu0tt: auth-required: please authenticate before sending REQs
[pool] CLOSED from wss://bostr.erechorse.com: auth-required: authentication is required to perform this action.
[pool] CLOSED from wss://filter.nostr.wine/npub12y8qp9hyuc3wnu580tm70tuhntp0mag8q2uu6aczzevrgng6dqkq5zt26q: auth-required: please authenticate before sending REQs
[pool] CLOSED from wss://creatr.nostr.wine: auth-required: please authenticate before sending REQs
[baseline] Progress: 100/304 relays queried
[pool] CLOSED from wss://nostr-relay.moctane.net: auth-required: authentication required to subscribe
[pool] CLOSED from wss://filter.nostr.wine/npub12ftld459xqw7s7fqnxstzu7r74l5yagxztwcwmaqj4d24jgpj2csee3mx0: auth-required: please authenticate before sending REQs
[baseline] Progress: 150/304 relays queried
[pool] CLOSED from wss://filter.nostr.wine/npub14sw26a7wvglnywzurts9nl09g93hs6xvhqdexjppp66ykyd6f7ws80gdjg: auth-required: please authenticate before sending REQs
[pool] CLOSED from wss://relay.danieldaquino.me/chat: blocked: you must be in the web of trust to chat with the relay owner
[pool] CLOSED from wss://relay.danieldaquino.me/private: auth-required: this query requires you to be authenticated
[pool] CLOSED from wss://greensoul.space: auth-required: only authenticated users can read from this relay
[baseline] Progress: 200/304 relays queried
[pool] CLOSED from wss://filter.nostr.wine/npub1dwp9e3qye2sstflgesg7zxra2znqlrgq604nf0q07e9sezu8ujls3mtmtf: auth-required: please authenticate before sending REQs
[pool] CLOSED from wss://filter.nostr.wine/npub1cmwzh936xyjmqmwyqpl6yyr4gp048w72l57346vdw7azus60d9rs9q7cf2: auth-required: please authenticate before sending REQs
[pool] CLOSED from wss://inbox.nostr.wine: blocked: this relay does not store any of the kinds in this request
[pool] CLOSED from wss://hole.v0l.io: error: queries not allowed
[pool] CLOSED from wss://filter.nostr.wine/npub1jw4e8qh6vmyq0n2tkupv7wlfu5h59luk98dcfedf03anh5ek5jkq936u57: auth-required: please authenticate before sending REQs
[pool] CLOSED from wss://filter.nostr.wine/npub1k0jrarx8um0lyw3nmysn50539ky4k8p7gfgzgrsvn8d7lccx3d0s38dczd: auth-required: please authenticate before sending REQs
[baseline] Progress: 250/304 relays queried
[pool] CLOSED from wss://filter.nostr.wine/npub1zpq2gsz25wsgun2e4gtks9p63j7fvyfd46weyjzp5tv6yys89zcsjdflcv: auth-required: please authenticate before sending REQs
[pool] CLOSED from wss://filter.nostr.wine/npub14twsqzjpsvvk4tu06w9gedt4jctwqxt74jwutm4f3qhhf3rznmzqfufqc5: auth-required: please authenticate before sending REQs
[pool] CLOSED from wss://relay.nosflare.com: auth-required: authentication required to subscribe
[baseline] Progress: 300/304 relays queried
[baseline] Progress: 304/304 relays queried
[phase2] Subscription timeouts (no EOSE): 9
[phase2] CLOSED messages received: 22
  wss://aggr.nostr.land: auth-required: auth required for aggregator
  wss://sendit.nosflare.com: restricted: this relay does not accept REQs
  wss://relay.getalby.com/v1: blocked: Request rejected
  wss://filter.nostr.wine/npub1ca32j9f2fl5n7d0rs6mxsjva69qzqrfc0j05x85c436l6ehtpt2snvu0tt: auth-required: please authenticate before sending REQs
  wss://bostr.erechorse.com: auth-required: authentication is required to perform this action.
  wss://filter.nostr.wine/npub12y8qp9hyuc3wnu580tm70tuhntp0mag8q2uu6aczzevrgng6dqkq5zt26q: auth-required: please authenticate before sending REQs
  wss://creatr.nostr.wine: auth-required: please authenticate before sending REQs
  wss://nostr-relay.moctane.net: auth-required: authentication required to subscribe
  wss://filter.nostr.wine/npub12ftld459xqw7s7fqnxstzu7r74l5yagxztwcwmaqj4d24jgpj2csee3mx0: auth-required: please authenticate before sending REQs
  wss://filter.nostr.wine/npub14sw26a7wvglnywzurts9nl09g93hs6xvhqdexjppp66ykyd6f7ws80gdjg: auth-required: please authenticate before sending REQs

=== Phase 2: Event Verification (365d window) ===
Baseline: 304 relays queried (35.5% success), 1.2min
  Timing: connect 684ms median (1.3s p95) | query 1.2s median (15.7s p95) | 9 timeouts (9 relays)
  Authors: 283 with relay data
    Testable (reliable): 109 | Testable (partial): 42 | Zero events: 72 | Unreliable: 60
  Baseline events: 39,244 (mean 259.9/author, median 61)
  Events per (relay,pubkey) capped at: 10000

  Headline metrics (109 testable-reliable authors, 35,154 baseline events):

  Algorithm                        |   Evt Recall |   Auth Recall |  Relay OK% |     TTFE |      p50 |      p80 | Timeouts
  ---------------------------------+--------------+---------------+------------+----------+----------+----------+---------
  Filter Decomposition (cap@20)    |        20.9% |         68.8% |      55.0% |    545ms |     2.2s |     3.2s |        0
  FD+Thompson (seed=0, single run) |        21.3% |         78.0% |      65.0% |    545ms |     2.7s |     2.9s |        0
  Priority-Based (NDK)             |        10.0% |         79.8% |      65.0% |    545ms |     2.7s |     3.2s |        1
  NDK+Thompson (Priority) (seed=0, single run) |        10.2% |         81.7% |      70.0% |    545ms |     2.7s |     3.2s |        0

  Per-author recall distribution:
  Algorithm                        |   Median |  % at 0% |      p25 |      p75
  ---------------------------------+----------+----------+----------+---------
  Filter Decomposition (cap@20)    |    14.8% |    31.2% |     0.0% |    97.4%
  FD+Thompson (seed=0, single run) |    72.6% |    22.0% |     2.1% |   100.0%
  Priority-Based (NDK)             |    15.4% |    20.2% |     1.3% |    85.7%
  NDK+Thompson (Priority) (seed=0, single run) |    20.2% |    18.3% |     1.3% |    98.2%

  Latency simulation (parallel relay query):
  Algorithm                        |     TTFE |      p50 |      p80 |      Max |   TO |   TO Tax |   Relays |   Events
  ---------------------------------+----------+----------+----------+----------+------+----------+----------+---------
  Filter Decomposition (cap@20)    |    545ms |     2.2s |     3.2s |     4.1s |    0 |      0ms | 10/11/20 |   15,227
  FD+Thompson (seed=0, single run) |    545ms |     2.7s |     2.9s |     4.1s |    0 |      0ms | 13/13/20 |   17,227
  Priority-Based (NDK)             |    545ms |     2.7s |     3.2s |    16.4s |    1 |    15.0s | 13/15/20 |   13,020
  NDK+Thompson (Priority) (seed=0, single run) |    545ms |     2.7s |     3.2s |     4.1s |    0 |      0ms | 12/14/20 |   11,228
  (Relays: with-events/connected/total | TO Tax: ceil(timeouts/concurrency) × EOSE timeout)

  Progressive completeness (% of recall achieved by time):
  Algorithm                        |      @1s |      @2s |      @5s |     @10s |     @15s
  ---------------------------------+----------+----------+----------+----------+---------
  Filter Decomposition (cap@20)    |     0.0% |    64.5% |   100.0% |   100.0% |   100.0%
  FD+Thompson (seed=0, single run) |     0.0% |    65.5% |   100.0% |   100.0% |   100.0%
  Priority-Based (NDK)             |     0.3% |    64.6% |   100.0% |   100.0% |   100.0%
  NDK+Thompson (Priority) (seed=0, single run) |     0.0% |    29.2% |   100.0% |   100.0% |   100.0%

  EOSE-race simulation (stop after first EOSE + grace period):
  Algorithm                        |     +0ms |   +200ms |   +500ms |      +1s |      +2s
  ---------------------------------+----------+----------+----------+----------+---------
  Filter Decomposition (cap@20)    |     6.0% |     7.9% |    64.5% |    71.4% |    80.5%
  FD+Thompson (seed=0, single run) |    13.0% |    17.3% |    65.5% |    69.2% |    88.7%
  Priority-Based (NDK)             |     0.3% |     0.3% |    44.5% |    64.6% |    67.6%
  NDK+Thompson (Priority) (seed=0, single run) |    28.7% |    28.7% |    29.2% |    37.6% |    60.1%
  (First EOSE: Filter Decomposition (cap@20)=1.3s, FD+Thompson (seed=0, single run)=1.3s, Priority-Based (NDK)=959ms, NDK+Thompson (Priority) (seed=0, single run)=1.3s)

  Profile-view latency (per-author outbox query, top 3 write relays):
    Authors simulated: 151 | Hit rate: 97.4%
    TTFE: 1.2s median, 1.2s mean, 1.7s p95
    Relays/profile: 3.0 queried, 2.1 with events, 0.03 timeouts

  Feed vs profile-view TTFE comparison:
  Algorithm                        |  Feed TTFE |  Profile TTFE |    Delta
  ---------------------------------+------------+---------------+---------
  Filter Decomposition (cap@20)    |      545ms |          1.2s |   +664ms
  FD+Thompson (seed=0, single run) |      545ms |          1.2s |   +664ms
  Priority-Based (NDK)             |      545ms |          1.2s |   +664ms
  NDK+Thompson (Priority) (seed=0, single run) |      545ms |          1.2s |   +664ms

  Including partial-baseline authors (151 testable authors, 39,244 baseline events):

  Algorithm                        |   Evt Recall |   Auth Recall
  ---------------------------------+--------------+--------------
  Filter Decomposition (cap@20)    |        20.3% |         60.9%
  FD+Thompson (seed=0, single run) |        22.2% |         78.8%
  Priority-Based (NDK)             |        11.9% |         82.8%
  NDK+Thompson (Priority) (seed=0, single run) |        12.8% |         84.8%
[relay-scores] Updated scores for fd-thompson: 39 relays, session 5
[relay-scores] Saved to .cache/relay_scores_07804b786c6a3b40_31536000_fd-thompson.json

Thompson Sampling [fd-thompson] learning state:
  Session: 5
  Relays with observations: 39
  Mean prior α: 10.3, β: 18.9
  Relays with strong preference (α>5): 13
  Relays learned to avoid (β>5): 27
[relay-scores] Updated scores for ndk-thompson: 44 relays, session 5
[relay-scores] Degrading relays (1): wss://relay.nostrcheck.me
[relay-scores] Saved to .cache/relay_scores_07804b786c6a3b40_31536000_ndk-thompson.json

Thompson Sampling [ndk-thompson] learning state:
  Session: 5
  Relays with observations: 44
  Mean prior α: 8.8, β: 19.1
  Relays with strong preference (α>5): 11
  Relays learned to avoid (β>5): 26

JSON results written to: results/07804b786c6a3b40_1772960679253.json
