[0m[32mTask[0m [0m[36mbench[0m deno run --allow-net --allow-read --allow-write main.ts "b3e43e8cc7e6dff23a33d9213a3e912d895b1c3e4250240e0c99dbefe3068b5f" "--algorithms" "rust-nostr,fd-thompson,ndk,ndk-thompson" "--verify" "--verify-window" "31536000" "--verify-concurrency" "10" "--no-phase2-cache" "--fast" "--output" "both"
Target: b3e43e8cc7e6dff2...
Seed: 0 | Filter: strict | Runs: 3
Using cached data (fetched 2026-03-08T08:04:18.261Z)

=== Fetch Quality ===
Indexers: wss://purplepag.es (1016 events, 1056ms), wss://relay.damus.io (366 events, 330ms), wss://nos.lol (597 events, 829ms)
Follows: 1017 | With relay list: 594 (58.4%) | Missing: 423 (41.6%) | Filtered-to-empty: 7
Filter profile: strict | Filtered URLs: 54 (5 localhost, 5 insecure ws, 5 IP-only, 39 known-bad)
Unique valid write relays: 366 | Seed: 0
[relay-scores] Loaded 28 relay priors (session 2, from 2026-03-08T08:20:12.464Z)

Thompson Sampling [fd-thompson]: loaded 28 relay priors (session 2)
[relay-scores] Loaded 28 relay priors (session 2, from 2026-03-08T08:20:12.485Z)

Thompson Sampling [ndk-thompson]: loaded 28 relay priors (session 2)

=== Regime A: Fixed 20 Connections ===
  Algorithm                      |  Relays |   Assign% |  Orphans |  Alg.Orph |  Avg/pk |   Gini |    HHI
  -------------------------------+---------+-----------+----------+-----------+---------+--------+-------
  Filter Decomposition (cap@20)  |      20 |     55.5% |      453 |        30 |     2.4 |   0.43 |  0.104
  FD+Thompson (cap@20)           |      20 |     52.9% (0.0sd) | 478.6666666666667 | 55.666666666666664 |     2.3 |   0.63 |  0.158
  Priority-Based (NDK)           |      20 |     58.0% |      427 |         4 |     1.9 |   0.79 |  0.270
  NDK+Thompson (Priority)        |      20 |     56.2% (0.0sd) | 445.3333333333333 | 22.333333333333332 |     1.9 |   0.75 |  0.208

=== Phase 2: Event Verification ===
Window: 31536000s | Kinds: 1 | Concurrency: 10
[baseline] Querying 366 relays for 594 authors (window: 31536000s)
[pool] CLOSED from wss://filter.nostr.wine/npub1zpq2gsz25wsgun2e4gtks9p63j7fvyfd46weyjzp5tv6yys89zcsjdflcv: auth-required: please authenticate before sending REQs
[pool] CLOSED from wss://filter.nostr.wine/npub1guchl0q0hduptnfvyqm7tk9uttq0u52ynequnf20rr9xs7k2ujyqvdpnug: auth-required: please authenticate before sending REQs
[pool] CLOSED from wss://filter.nostr.wine/npub1k0jrarx8um0lyw3nmysn50539ky4k8p7gfgzgrsvn8d7lccx3d0s38dczd: auth-required: please authenticate before sending REQs
[baseline] Progress: 50/366 relays queried
[baseline] Progress: 100/366 relays queried
[pool] CLOSED from wss://filter.nostr.wine/npub1cmwzh936xyjmqmwyqpl6yyr4gp048w72l57346vdw7azus60d9rs9q7cf2: auth-required: please authenticate before sending REQs
[pool] CLOSED from wss://filter.nostr.wine/npub1jw4e8qh6vmyq0n2tkupv7wlfu5h59luk98dcfedf03anh5ek5jkq936u57: auth-required: please authenticate before sending REQs
[pool] CLOSED from wss://filter.nostr.wine/npub14sw26a7wvglnywzurts9nl09g93hs6xvhqdexjppp66ykyd6f7ws80gdjg: auth-required: please authenticate before sending REQs
[pool] CLOSED from wss://filter.nostr.wine/npub1aj8h9lefxlqe0jcdqvk6ufa6upe6u6jwr0f23ch0z4uxx6e4jh9sqwxcwg: auth-required: please authenticate before sending REQs
[pool] CLOSED from wss://bostr.erechorse.com: auth-required: authentication is required to perform this action.
[pool] CLOSED from wss://filter.nostr.wine/npub12y8qp9hyuc3wnu580tm70tuhntp0mag8q2uu6aczzevrgng6dqkq5zt26q: auth-required: please authenticate before sending REQs
[baseline] Progress: 150/366 relays queried
[pool] CLOSED from wss://aggr.nostr.land: auth-required: auth required for aggregator
[pool] CLOSED from wss://filter.nostr.wine/npub1yutankwnk66swhk0qdy4w35tmrxxdpe4d5gw6m2m9xs0tfr5me5sfxeaaq: auth-required: please authenticate before sending REQs
[pool] CLOSED from wss://filter.nostr.wine/npub1lelkh3hhxw9hdwlcpk6q9t0xt9f7yze0y0nxazvzqjmre3p98x3sthkvyz: auth-required: please authenticate before sending REQs
[baseline] Progress: 200/366 relays queried
[pool] CLOSED from wss://filter.nostr.wine/npub1s5yq6wadwrxde4lhfs56gn64hwzuhnfa6r9mj476r5s4hkunzgzqrs6q7z: auth-required: please authenticate before sending REQs
[pool] CLOSED from wss://hole.v0l.io: error: queries not allowed
[pool] CLOSED from wss://filter.nostr.wine/npub1a3pvwe2p3v7mnjz6hle63r628wl9w567aw7u23fzqs062v5vqcqqu3sgh3: auth-required: please authenticate before sending REQs
[pool] CLOSED from wss://filter.nostr.wine/npub19mun7qwdyjf7qs3456u8kyxncjn5u2n7klpu4utgy68k4aenzj6synjnft: auth-required: please authenticate before sending REQs
[pool] CLOSED from wss://filter.nostr.wine/npub1t5wc8h37uhkau9tsw82sjxndq04d3n8p634utpdfvs4tm5xmt2sqgk6dke: auth-required: please authenticate before sending REQs
[baseline] Progress: 250/366 relays queried
[pool] CLOSED from wss://relay.nosflare.com: auth-required: authentication required to subscribe
[pool] CLOSED from wss://groups.0xchat.com: blocked: invalid query, must have 'h', 'e' or 'a' tag
[pool] CLOSED from wss://relay.danieldaquino.me/chat: blocked: you must be in the web of trust to chat with the relay owner
[pool] CLOSED from wss://relay.danieldaquino.me/private: auth-required: this query requires you to be authenticated
[baseline] Progress: 300/366 relays queried
[pool] CLOSED from wss://relay29.notoshi.win: blocked: invalid query, must have 'h', 'e' or 'a' tag
[pool] CLOSED from wss://auth.nostr1.com: auth-required: you must auth
[pool] CLOSED from wss://nostr-relay.moctane.net: auth-required: authentication required to subscribe
[pool] CLOSED from wss://groups.yugoatobe.com: blocked: invalid query, must have 'h', 'e' or 'a' tag
[baseline] Progress: 350/366 relays queried
[baseline] Progress: 366/366 relays queried
[phase2] Subscription timeouts (no EOSE): 8
[phase2] CLOSED messages received: 25
  wss://filter.nostr.wine/npub1zpq2gsz25wsgun2e4gtks9p63j7fvyfd46weyjzp5tv6yys89zcsjdflcv: auth-required: please authenticate before sending REQs
  wss://filter.nostr.wine/npub1guchl0q0hduptnfvyqm7tk9uttq0u52ynequnf20rr9xs7k2ujyqvdpnug: auth-required: please authenticate before sending REQs
  wss://filter.nostr.wine/npub1k0jrarx8um0lyw3nmysn50539ky4k8p7gfgzgrsvn8d7lccx3d0s38dczd: auth-required: please authenticate before sending REQs
  wss://filter.nostr.wine/npub1cmwzh936xyjmqmwyqpl6yyr4gp048w72l57346vdw7azus60d9rs9q7cf2: auth-required: please authenticate before sending REQs
  wss://filter.nostr.wine/npub1jw4e8qh6vmyq0n2tkupv7wlfu5h59luk98dcfedf03anh5ek5jkq936u57: auth-required: please authenticate before sending REQs
  wss://filter.nostr.wine/npub14sw26a7wvglnywzurts9nl09g93hs6xvhqdexjppp66ykyd6f7ws80gdjg: auth-required: please authenticate before sending REQs
  wss://filter.nostr.wine/npub1aj8h9lefxlqe0jcdqvk6ufa6upe6u6jwr0f23ch0z4uxx6e4jh9sqwxcwg: auth-required: please authenticate before sending REQs
  wss://bostr.erechorse.com: auth-required: authentication is required to perform this action.
  wss://filter.nostr.wine/npub12y8qp9hyuc3wnu580tm70tuhntp0mag8q2uu6aczzevrgng6dqkq5zt26q: auth-required: please authenticate before sending REQs
  wss://aggr.nostr.land: auth-required: auth required for aggregator

=== Phase 2: Event Verification (365d window) ===
Baseline: 366 relays queried (30.9% success), 1.1min
  Timing: connect 705ms median (1.5s p95) | query 1.3s median (7.2s p95) | 8 timeouts (9 relays)
  Authors: 594 with relay data
    Testable (reliable): 186 | Testable (partial): 74 | Zero events: 185 | Unreliable: 149
  Baseline events: 44,215 (mean 170.1/author, median 33)
  Events per (relay,pubkey) capped at: 10000

  Headline metrics (186 testable-reliable authors, 37,448 baseline events):

  Algorithm                        |   Evt Recall |   Auth Recall |  Relay OK% |     TTFE |      p50 |      p80 | Timeouts
  ---------------------------------+--------------+---------------+------------+----------+----------+----------+---------
  Filter Decomposition (cap@20)    |        28.9% |         68.3% |      50.0% |    903ms |     2.7s |     3.7s |        0
  FD+Thompson (seed=0, single run) |        21.5% |         79.6% |      75.0% |    662ms |     2.2s |     3.1s |        0
  Priority-Based (NDK)             |        16.3% |         79.6% |      70.0% |    903ms |     2.6s |     3.7s |        0
  NDK+Thompson (Priority) (seed=0, single run) |        27.3% |         78.5% |      65.0% |    903ms |     2.2s |     3.1s |        0

  Per-author recall distribution:
  Algorithm                        |   Median |  % at 0% |      p25 |      p75
  ---------------------------------+----------+----------+----------+---------
  Filter Decomposition (cap@20)    |    29.6% |    31.7% |     0.0% |   100.0%
  FD+Thompson (seed=0, single run) |   100.0% |    20.4% |     3.4% |   100.0%
  Priority-Based (NDK)             |    33.2% |    20.4% |     1.1% |   100.0%
  NDK+Thompson (Priority) (seed=0, single run) |    62.5% |    21.5% |     2.4% |   100.0%

  Latency simulation (parallel relay query):
  Algorithm                        |     TTFE |      p50 |      p80 |      Max |   TO |   TO Tax |   Relays |   Events
  ---------------------------------+----------+----------+----------+----------+------+----------+----------+---------
  Filter Decomposition (cap@20)    |    903ms |     2.7s |     3.7s |     7.8s |    0 |      0ms | 10/10/20 |   25,563
  FD+Thompson (seed=0, single run) |    662ms |     2.2s |     3.1s |     7.8s |    0 |      0ms | 15/15/20 |   27,904
  Priority-Based (NDK)             |    903ms |     2.6s |     3.7s |     7.8s |    0 |      0ms | 14/14/20 |   22,680
  NDK+Thompson (Priority) (seed=0, single run) |    903ms |     2.2s |     3.1s |     7.8s |    0 |      0ms | 13/13/20 |   23,308
  (Relays: with-events/connected/total | TO Tax: ceil(timeouts/concurrency) × EOSE timeout)

  Progressive completeness (% of recall achieved by time):
  Algorithm                        |      @1s |      @2s |      @5s |     @10s |     @15s
  ---------------------------------+----------+----------+----------+----------+---------
  Filter Decomposition (cap@20)    |     0.0% |    48.0% |    97.6% |   100.0% |   100.0%
  FD+Thompson (seed=0, single run) |     0.4% |    42.4% |    83.5% |   100.0% |   100.0%
  Priority-Based (NDK)             |     0.3% |    51.6% |    67.3% |   100.0% |   100.0%
  NDK+Thompson (Priority) (seed=0, single run) |     0.2% |    42.9% |    81.4% |   100.0% |   100.0%

  EOSE-race simulation (stop after first EOSE + grace period):
  Algorithm                        |     +0ms |   +200ms |   +500ms |      +1s |      +2s
  ---------------------------------+----------+----------+----------+----------+---------
  Filter Decomposition (cap@20)    |     1.6% |     1.6% |     1.6% |    48.0% |    52.4%
  FD+Thompson (seed=0, single run) |     0.4% |     0.4% |     0.9% |     6.7% |    52.8%
  Priority-Based (NDK)             |     0.3% |     0.3% |     2.2% |    51.6% |    53.7%
  NDK+Thompson (Priority) (seed=0, single run) |     0.2% |     0.2% |     2.9% |    42.9% |    43.8%
  (First EOSE: Filter Decomposition (cap@20)=1.4s, FD+Thompson (seed=0, single run)=804ms, Priority-Based (NDK)=994ms, NDK+Thompson (Priority) (seed=0, single run)=994ms)

  Profile-view latency (per-author outbox query, top 3 write relays):
    Authors simulated: 260 | Hit rate: 97.3%
    TTFE: 1.1s median, 1.3s mean, 1.7s p95
    Relays/profile: 2.9 queried, 2.0 with events, 0.02 timeouts

  Feed vs profile-view TTFE comparison:
  Algorithm                        |  Feed TTFE |  Profile TTFE |    Delta
  ---------------------------------+------------+---------------+---------
  Filter Decomposition (cap@20)    |      903ms |          1.1s |   +220ms
  FD+Thompson (seed=0, single run) |      662ms |          1.1s |   +462ms
  Priority-Based (NDK)             |      903ms |          1.1s |   +220ms
  NDK+Thompson (Priority) (seed=0, single run) |      903ms |          1.1s |   +220ms

  Including partial-baseline authors (260 testable authors, 44,215 baseline events):

  Algorithm                        |   Evt Recall |   Auth Recall
  ---------------------------------+--------------+--------------
  Filter Decomposition (cap@20)    |        27.8% |         60.0%
  FD+Thompson (seed=0, single run) |        25.7% |         78.1%
  Priority-Based (NDK)             |        19.9% |         81.2%
  NDK+Thompson (Priority) (seed=0, single run) |        31.0% |         82.7%
[relay-scores] Updated scores for fd-thompson: 34 relays, session 3
[relay-scores] Degrading relays (1): wss://relay.snort.social
[relay-scores] Saved to .cache/relay_scores_b3e43e8cc7e6dff2_31536000_fd-thompson.json

Thompson Sampling [fd-thompson] learning state:
  Session: 3
  Relays with observations: 34
  Mean prior α: 17.4, β: 28.9
  Relays with strong preference (α>5): 11
  Relays learned to avoid (β>5): 30
[relay-scores] Updated scores for ndk-thompson: 33 relays, session 3
[relay-scores] Degrading relays (1): wss://relay.primal.net
[relay-scores] Saved to .cache/relay_scores_b3e43e8cc7e6dff2_31536000_ndk-thompson.json

Thompson Sampling [ndk-thompson] learning state:
  Session: 3
  Relays with observations: 33
  Mean prior α: 16.4, β: 27.8
  Relays with strong preference (α>5): 10
  Relays learned to avoid (β>5): 20

JSON results written to: results/b3e43e8cc7e6dff2_1772958888726.json
