[0m[32mTask[0m [0m[36mbench[0m deno run --allow-net --allow-read --allow-write main.ts "b3e43e8cc7e6dff23a33d9213a3e912d895b1c3e4250240e0c99dbefe3068b5f" "--algorithms" "rust-nostr,fd-thompson,ndk,ndk-thompson" "--verify" "--verify-window" "31536000" "--verify-concurrency" "10" "--no-phase2-cache" "--fast" "--output" "both"
Target: b3e43e8cc7e6dff2...
Seed: 0 | Filter: strict | Runs: 3
Using cached data (fetched 2026-03-08T08:04:18.261Z)

=== Fetch Quality ===
Indexers: wss://purplepag.es (1016 events, 1056ms), wss://relay.damus.io (366 events, 330ms), wss://nos.lol (597 events, 829ms)
Follows: 1017 | With relay list: 594 (58.4%) | Missing: 423 (41.6%) | Filtered-to-empty: 7
Filter profile: strict | Filtered URLs: 54 (5 localhost, 5 insecure ws, 5 IP-only, 39 known-bad)
Unique valid write relays: 366 | Seed: 0
[relay-scores] Loaded 20 relay priors (session 1, from 2026-03-08T08:05:34.423Z)

Thompson Sampling [fd-thompson]: loaded 20 relay priors (session 1)
[relay-scores] Loaded 20 relay priors (session 1, from 2026-03-08T08:05:34.439Z)

Thompson Sampling [ndk-thompson]: loaded 20 relay priors (session 1)

=== Regime A: Fixed 20 Connections ===
  Algorithm                      |  Relays |   Assign% |  Orphans |  Alg.Orph |  Avg/pk |   Gini |    HHI
  -------------------------------+---------+-----------+----------+-----------+---------+--------+-------
  Filter Decomposition (cap@20)  |      20 |     55.5% |      453 |        30 |     2.4 |   0.43 |  0.104
  FD+Thompson (cap@20)           |      20 |     53.4% (0.0sd) |      474 |        51 |     2.2 |   0.57 |  0.139
  Priority-Based (NDK)           |      20 |     58.0% |      427 |         4 |     1.9 |   0.79 |  0.270
  NDK+Thompson (Priority)        |      20 |     56.4% (0.0sd) | 443.6666666666667 | 20.666666666666668 |     1.9 |   0.73 |  0.206

=== Phase 2: Event Verification ===
Window: 31536000s | Kinds: 1 | Concurrency: 10
[baseline] Querying 366 relays for 594 authors (window: 31536000s)
[pool] CLOSED from wss://filter.nostr.wine/npub1zpq2gsz25wsgun2e4gtks9p63j7fvyfd46weyjzp5tv6yys89zcsjdflcv: auth-required: please authenticate before sending REQs
[pool] CLOSED from wss://filter.nostr.wine/npub1guchl0q0hduptnfvyqm7tk9uttq0u52ynequnf20rr9xs7k2ujyqvdpnug: auth-required: please authenticate before sending REQs
[pool] CLOSED from wss://filter.nostr.wine/npub1k0jrarx8um0lyw3nmysn50539ky4k8p7gfgzgrsvn8d7lccx3d0s38dczd: auth-required: please authenticate before sending REQs
[baseline] Progress: 50/366 relays queried
[baseline] Progress: 100/366 relays queried
[pool] CLOSED from wss://filter.nostr.wine/npub1cmwzh936xyjmqmwyqpl6yyr4gp048w72l57346vdw7azus60d9rs9q7cf2: auth-required: please authenticate before sending REQs
[pool] CLOSED from wss://filter.nostr.wine/npub1jw4e8qh6vmyq0n2tkupv7wlfu5h59luk98dcfedf03anh5ek5jkq936u57: auth-required: please authenticate before sending REQs
[pool] CLOSED from wss://filter.nostr.wine/npub14sw26a7wvglnywzurts9nl09g93hs6xvhqdexjppp66ykyd6f7ws80gdjg: auth-required: please authenticate before sending REQs
[pool] CLOSED from wss://bostr.erechorse.com: auth-required: authentication is required to perform this action.
[pool] CLOSED from wss://filter.nostr.wine/npub1aj8h9lefxlqe0jcdqvk6ufa6upe6u6jwr0f23ch0z4uxx6e4jh9sqwxcwg: auth-required: please authenticate before sending REQs
[pool] CLOSED from wss://filter.nostr.wine/npub12y8qp9hyuc3wnu580tm70tuhntp0mag8q2uu6aczzevrgng6dqkq5zt26q: auth-required: please authenticate before sending REQs
[pool] CLOSED from wss://aggr.nostr.land: auth-required: auth required for aggregator
[pool] CLOSED from wss://filter.nostr.wine/npub12ftld459xqw7s7fqnxstzu7r74l5yagxztwcwmaqj4d24jgpj2csee3mx0: auth-required: please authenticate before sending REQs
[baseline] Progress: 150/366 relays queried
[pool] CLOSED from wss://inbox.nostr.wine: blocked: this relay does not store any of the kinds in this request
[pool] CLOSED from wss://creatr.nostr.wine: auth-required: please authenticate before sending REQs
[pool] CLOSED from wss://filter.nostr.wine/npub14twsqzjpsvvk4tu06w9gedt4jctwqxt74jwutm4f3qhhf3rznmzqfufqc5: auth-required: please authenticate before sending REQs
[pool] CLOSED from wss://relay.getalby.com/v1: blocked: Request rejected
[pool] CLOSED from wss://filter.nostr.wine/npub1yutankwnk66swhk0qdy4w35tmrxxdpe4d5gw6m2m9xs0tfr5me5sfxeaaq: auth-required: please authenticate before sending REQs
[pool] CLOSED from wss://filter.nostr.wine/YOUR_NPUB: auth-required: please authenticate before sending REQs
[pool] CLOSED from wss://sendit.nosflare.com: restricted: this relay does not accept REQs
[pool] CLOSED from wss://filter.nostr.wine/npub1lelkh3hhxw9hdwlcpk6q9t0xt9f7yze0y0nxazvzqjmre3p98x3sthkvyz: auth-required: please authenticate before sending REQs
[baseline] Progress: 200/366 relays queried
[pool] CLOSED from wss://filter.nostr.wine/npub1s5yq6wadwrxde4lhfs56gn64hwzuhnfa6r9mj476r5s4hkunzgzqrs6q7z: auth-required: please authenticate before sending REQs
[pool] CLOSED from wss://hole.v0l.io: error: queries not allowed
[pool] CLOSED from wss://filter.nostr.wine/npub1a3pvwe2p3v7mnjz6hle63r628wl9w567aw7u23fzqs062v5vqcqqu3sgh3: auth-required: please authenticate before sending REQs
[pool] CLOSED from wss://filter.nostr.wine/npub19mun7qwdyjf7qs3456u8kyxncjn5u2n7klpu4utgy68k4aenzj6synjnft: auth-required: please authenticate before sending REQs
[pool] CLOSED from wss://filter.nostr.wine/npub1t5wc8h37uhkau9tsw82sjxndq04d3n8p634utpdfvs4tm5xmt2sqgk6dke: auth-required: please authenticate before sending REQs
[baseline] Progress: 250/366 relays queried
[pool] CLOSED from wss://relay.nosflare.com: auth-required: authentication required to subscribe
[pool] CLOSED from wss://groups.0xchat.com: blocked: invalid query, must have 'h', 'e' or 'a' tag
[pool] CLOSED from wss://relay.danieldaquino.me/chat: blocked: you must be in the web of trust to chat with the relay owner
[pool] CLOSED from wss://relay.danieldaquino.me/private: auth-required: this query requires you to be authenticated
[baseline] Progress: 300/366 relays queried
[pool] CLOSED from wss://auth.nostr1.com: auth-required: you must auth
[pool] CLOSED from wss://relay29.notoshi.win: blocked: invalid query, must have 'h', 'e' or 'a' tag
[pool] CLOSED from wss://nostr-relay.moctane.net: auth-required: authentication required to subscribe
[pool] CLOSED from wss://groups.yugoatobe.com: blocked: invalid query, must have 'h', 'e' or 'a' tag
[baseline] Progress: 350/366 relays queried
[baseline] Progress: 366/366 relays queried
[phase2] Subscription timeouts (no EOSE): 11
[phase2] CLOSED messages received: 32
  wss://filter.nostr.wine/npub1zpq2gsz25wsgun2e4gtks9p63j7fvyfd46weyjzp5tv6yys89zcsjdflcv: auth-required: please authenticate before sending REQs
  wss://filter.nostr.wine/npub1guchl0q0hduptnfvyqm7tk9uttq0u52ynequnf20rr9xs7k2ujyqvdpnug: auth-required: please authenticate before sending REQs
  wss://filter.nostr.wine/npub1k0jrarx8um0lyw3nmysn50539ky4k8p7gfgzgrsvn8d7lccx3d0s38dczd: auth-required: please authenticate before sending REQs
  wss://filter.nostr.wine/npub1cmwzh936xyjmqmwyqpl6yyr4gp048w72l57346vdw7azus60d9rs9q7cf2: auth-required: please authenticate before sending REQs
  wss://filter.nostr.wine/npub1jw4e8qh6vmyq0n2tkupv7wlfu5h59luk98dcfedf03anh5ek5jkq936u57: auth-required: please authenticate before sending REQs
  wss://filter.nostr.wine/npub14sw26a7wvglnywzurts9nl09g93hs6xvhqdexjppp66ykyd6f7ws80gdjg: auth-required: please authenticate before sending REQs
  wss://bostr.erechorse.com: auth-required: authentication is required to perform this action.
  wss://filter.nostr.wine/npub1aj8h9lefxlqe0jcdqvk6ufa6upe6u6jwr0f23ch0z4uxx6e4jh9sqwxcwg: auth-required: please authenticate before sending REQs
  wss://filter.nostr.wine/npub12y8qp9hyuc3wnu580tm70tuhntp0mag8q2uu6aczzevrgng6dqkq5zt26q: auth-required: please authenticate before sending REQs
  wss://aggr.nostr.land: auth-required: auth required for aggregator

=== Phase 2: Event Verification (365d window) ===
Baseline: 366 relays queried (35.8% success), 1.3min
  Timing: connect 675ms median (1.2s p95) | query 1.1s median (15.4s p95) | 11 timeouts (12 relays)
  Authors: 594 with relay data
    Testable (reliable): 194 | Testable (partial): 69 | Zero events: 187 | Unreliable: 144
  Baseline events: 48,626 (mean 184.9/author, median 34)
  Events per (relay,pubkey) capped at: 10000

  Headline metrics (194 testable-reliable authors, 41,775 baseline events):

  Algorithm                        |   Evt Recall |   Auth Recall |  Relay OK% |     TTFE |      p50 |      p80 | Timeouts
  ---------------------------------+--------------+---------------+------------+----------+----------+----------+---------
  Filter Decomposition (cap@20)    |        26.1% |         66.5% |      50.0% |    814ms |     2.5s |     3.7s |        0
  FD+Thompson (seed=0, single run) |        15.6% |         73.7% |      70.0% |    814ms |     2.4s |     3.4s |        0
  Priority-Based (NDK)             |        14.9% |         78.9% |      70.0% |    814ms |     2.4s |     3.7s |        0
  NDK+Thompson (Priority) (seed=0, single run) |        24.4% |         81.4% |      65.0% |    814ms |     2.3s |     3.0s |        0

  Per-author recall distribution:
  Algorithm                        |   Median |  % at 0% |      p25 |      p75
  ---------------------------------+----------+----------+----------+---------
  Filter Decomposition (cap@20)    |    28.6% |    33.5% |     0.0% |   100.0%
  FD+Thompson (seed=0, single run) |    74.9% |    26.3% |     0.0% |   100.0%
  Priority-Based (NDK)             |    31.7% |    21.1% |     0.6% |   100.0%
  NDK+Thompson (Priority) (seed=0, single run) |    66.7% |    18.6% |     3.2% |   100.0%

  Latency simulation (parallel relay query):
  Algorithm                        |     TTFE |      p50 |      p80 |      Max |   TO |   TO Tax |   Relays |   Events
  ---------------------------------+----------+----------+----------+----------+------+----------+----------+---------
  Filter Decomposition (cap@20)    |    814ms |     2.5s |     3.7s |     7.1s |    0 |      0ms | 10/10/20 |   25,563
  FD+Thompson (seed=0, single run) |    814ms |     2.4s |     3.4s |     7.1s |    0 |      0ms | 14/14/20 |   28,854
  Priority-Based (NDK)             |    814ms |     2.4s |     3.7s |     7.1s |    0 |      0ms | 14/14/20 |   22,680
  NDK+Thompson (Priority) (seed=0, single run) |    814ms |     2.3s |     3.0s |     7.1s |    0 |      0ms | 13/13/20 |   22,308
  (Relays: with-events/connected/total | TO Tax: ceil(timeouts/concurrency) × EOSE timeout)

  Progressive completeness (% of recall achieved by time):
  Algorithm                        |      @1s |      @2s |      @5s |     @10s |     @15s
  ---------------------------------+----------+----------+----------+----------+---------
  Filter Decomposition (cap@20)    |     0.0% |    15.1% |    97.5% |   100.0% |   100.0%
  FD+Thompson (seed=0, single run) |     0.0% |     8.8% |    81.7% |   100.0% |   100.0%
  Priority-Based (NDK)             |     0.3% |     5.6% |    67.2% |   100.0% |   100.0%
  NDK+Thompson (Priority) (seed=0, single run) |     0.2% |     2.8% |    81.8% |   100.0% |   100.0%

  EOSE-race simulation (stop after first EOSE + grace period):
  Algorithm                        |     +0ms |   +200ms |   +500ms |      +1s |      +2s
  ---------------------------------+----------+----------+----------+----------+---------
  Filter Decomposition (cap@20)    |     1.6% |    15.1% |    15.1% |    49.4% |    60.9%
  FD+Thompson (seed=0, single run) |     2.5% |     2.5% |     8.8% |    16.4% |    55.3%
  Priority-Based (NDK)             |     0.3% |     0.3% |     1.1% |     5.6% |    53.7%
  NDK+Thompson (Priority) (seed=0, single run) |     0.2% |     0.2% |     2.8% |     2.8% |    55.9%
  (First EOSE: Filter Decomposition (cap@20)=1.5s, FD+Thompson (seed=0, single run)=1.3s, Priority-Based (NDK)=979ms, NDK+Thompson (Priority) (seed=0, single run)=979ms)

  Profile-view latency (per-author outbox query, top 3 write relays):
    Authors simulated: 263 | Hit rate: 97.3%
    TTFE: 1.0s median, 1.2s mean, 1.7s p95
    Relays/profile: 2.9 queried, 2.0 with events, 0.02 timeouts

  Feed vs profile-view TTFE comparison:
  Algorithm                        |  Feed TTFE |  Profile TTFE |    Delta
  ---------------------------------+------------+---------------+---------
  Filter Decomposition (cap@20)    |      814ms |          1.0s |   +189ms
  FD+Thompson (seed=0, single run) |      814ms |          1.0s |   +189ms
  Priority-Based (NDK)             |      814ms |          1.0s |   +189ms
  NDK+Thompson (Priority) (seed=0, single run) |      814ms |          1.0s |   +189ms

  Including partial-baseline authors (263 testable authors, 48,626 baseline events):

  Algorithm                        |   Evt Recall |   Auth Recall
  ---------------------------------+--------------+--------------
  Filter Decomposition (cap@20)    |        25.3% |         59.3%
  FD+Thompson (seed=0, single run) |        18.8% |         75.3%
  Priority-Based (NDK)             |        18.1% |         80.2%
  NDK+Thompson (Priority) (seed=0, single run) |        28.4% |         84.8%
[relay-scores] Updated scores for fd-thompson: 28 relays, session 2
[relay-scores] Saved to .cache/relay_scores_b3e43e8cc7e6dff2_31536000_fd-thompson.json

Thompson Sampling [fd-thompson] learning state:
  Session: 2
  Relays with observations: 28
  Mean prior α: 13.4, β: 26.0
  Relays with strong preference (α>5): 9
  Relays learned to avoid (β>5): 26
[relay-scores] Updated scores for ndk-thompson: 28 relays, session 2
[relay-scores] Saved to .cache/relay_scores_b3e43e8cc7e6dff2_31536000_ndk-thompson.json

Thompson Sampling [ndk-thompson] learning state:
  Session: 2
  Relays with observations: 28
  Mean prior α: 12.8, β: 23.8
  Relays with strong preference (α>5): 9
  Relays learned to avoid (β>5): 18

JSON results written to: results/b3e43e8cc7e6dff2_1772958012501.json
