[0m[32mTask[0m [0m[36mbench[0m deno run --allow-net --allow-read --allow-write main.ts "ec42c765418b3db9c85abff3a88f4a3bbe57535eebbdc54522041fa5328c0600" "--algorithms" "rust-nostr,fd-thompson,ndk,ndk-thompson" "--verify" "--verify-window" "31536000" "--verify-concurrency" "10" "--no-phase2-cache" "--fast" "--output" "both"
Target: ec42c765418b3db9...
Seed: 0 | Filter: strict | Runs: 3
Using cached data (fetched 2026-03-08T07:59:39.012Z)

=== Fetch Quality ===
Indexers: wss://purplepag.es (899 events, 1057ms), wss://relay.damus.io (381 events, 383ms), wss://nos.lol (628 events, 775ms)
Follows: 898 | With relay list: 630 (70.2%) | Missing: 268 (29.8%) | Filtered-to-empty: 4
Filter profile: strict | Filtered URLs: 46 (2 localhost, 4 insecure ws, 5 IP-only, 35 known-bad)
Unique valid write relays: 346 | Seed: 0
[relay-scores] Loaded 20 relay priors (session 1, from 2026-03-08T08:00:47.841Z)

Thompson Sampling [fd-thompson]: loaded 20 relay priors (session 1)
[relay-scores] Loaded 20 relay priors (session 1, from 2026-03-08T08:00:47.867Z)

Thompson Sampling [ndk-thompson]: loaded 20 relay priors (session 1)

=== Regime A: Fixed 20 Connections ===
  Algorithm                      |  Relays |   Assign% |  Orphans |  Alg.Orph |  Avg/pk |   Gini |    HHI
  -------------------------------+---------+-----------+----------+-----------+---------+--------+-------
  Filter Decomposition (cap@20)  |      20 |     67.4% |      293 |        25 |     2.4 |   0.46 |  0.107
  FD+Thompson (cap@20)           |      20 |     65.6% (0.0sd) |      309 |        41 |     2.3 |   0.62 |  0.164
  Priority-Based (NDK)           |      20 |     69.6% |      273 |         5 |     1.9 |   0.81 |  0.289
  NDK+Thompson (Priority)        |      20 |     68.8% (0.0sd) | 280.3333333333333 | 12.333333333333334 |     1.9 |   0.72 |  0.186

=== Phase 2: Event Verification ===
Window: 31536000s | Kinds: 1 | Concurrency: 10
[baseline] Querying 346 relays for 630 authors (window: 31536000s)
[pool] CLOSED from wss://relay.getalby.com/v1: blocked: Request rejected
[baseline] Progress: 50/346 relays queried
[pool] CLOSED from wss://greensoul.space: auth-required: only authenticated users can read from this relay
[baseline] Progress: 100/346 relays queried
[pool] CLOSED from wss://filter.nostr.wine/npub12ftld459xqw7s7fqnxstzu7r74l5yagxztwcwmaqj4d24jgpj2csee3mx0: auth-required: please authenticate before sending REQs
[pool] CLOSED from wss://bostr.erechorse.com: auth-required: authentication is required to perform this action.
[pool] CLOSED from wss://filter.nostr.wine/npub12y8qp9hyuc3wnu580tm70tuhntp0mag8q2uu6aczzevrgng6dqkq5zt26q: auth-required: please authenticate before sending REQs
[pool] CLOSED from wss://filter.nostr.wine/npub1jw4e8qh6vmyq0n2tkupv7wlfu5h59luk98dcfedf03anh5ek5jkq936u57: auth-required: please authenticate before sending REQs
[pool] CLOSED from wss://aggr.nostr.land: auth-required: auth required for aggregator
[baseline] Progress: 150/346 relays queried
[pool] CLOSED from wss://filter.nostr.wine/npub1aj8h9lefxlqe0jcdqvk6ufa6upe6u6jwr0f23ch0z4uxx6e4jh9sqwxcwg: auth-required: please authenticate before sending REQs
[pool] CLOSED from wss://filter.nostr.wine/npub1dwp9e3qye2sstflgesg7zxra2znqlrgq604nf0q07e9sezu8ujls3mtmtf: auth-required: please authenticate before sending REQs
[pool] CLOSED from wss://filter.nostr.wine/npub1k0jrarx8um0lyw3nmysn50539ky4k8p7gfgzgrsvn8d7lccx3d0s38dczd: auth-required: please authenticate before sending REQs
[pool] CLOSED from wss://inbox.nostr.wine: blocked: this relay does not store any of the kinds in this request
[pool] CLOSED from wss://creatr.nostr.wine: auth-required: please authenticate before sending REQs
[pool] CLOSED from wss://sendit.nosflare.com: restricted: this relay does not accept REQs
[pool] CLOSED from wss://filter.nostr.wine/YOUR_NPUB: auth-required: please authenticate before sending REQs
[baseline] Progress: 200/346 relays queried
[pool] CLOSED from wss://filter.nostr.wine/npub1s5yq6wadwrxde4lhfs56gn64hwzuhnfa6r9mj476r5s4hkunzgzqrs6q7z: auth-required: please authenticate before sending REQs
[pool] CLOSED from wss://filter.nostr.wine/npub1a3pvwe2p3v7mnjz6hle63r628wl9w567aw7u23fzqs062v5vqcqqu3sgh3: auth-required: please authenticate before sending REQs
[pool] CLOSED from wss://nostr-relay.moctane.net: auth-required: authentication required to subscribe
[pool] CLOSED from wss://groups.0xchat.com: blocked: invalid query, must have 'h', 'e' or 'a' tag
[pool] CLOSED from wss://relay.groups.nip29.com: blocked: invalid query, must have 'h', 'e' or 'a' tag
[baseline] Progress: 250/346 relays queried
[pool] CLOSED from wss://relay.nosflare.com: auth-required: authentication required to subscribe
[pool] CLOSED from wss://auth.nostr1.com: auth-required: you must auth
[pool] CLOSED from wss://anchor.coracle.social: auth-required: alerts are protected
[baseline] Progress: 300/346 relays queried
[pool] CLOSED from wss://groups.yugoatobe.com: blocked: invalid query, must have 'h', 'e' or 'a' tag
[baseline] Progress: 346/346 relays queried
[phase2] Subscription timeouts (no EOSE): 9
[phase2] CLOSED messages received: 23
  wss://relay.getalby.com/v1: blocked: Request rejected
  wss://greensoul.space: auth-required: only authenticated users can read from this relay
  wss://filter.nostr.wine/npub12ftld459xqw7s7fqnxstzu7r74l5yagxztwcwmaqj4d24jgpj2csee3mx0: auth-required: please authenticate before sending REQs
  wss://bostr.erechorse.com: auth-required: authentication is required to perform this action.
  wss://filter.nostr.wine/npub12y8qp9hyuc3wnu580tm70tuhntp0mag8q2uu6aczzevrgng6dqkq5zt26q: auth-required: please authenticate before sending REQs
  wss://filter.nostr.wine/npub1jw4e8qh6vmyq0n2tkupv7wlfu5h59luk98dcfedf03anh5ek5jkq936u57: auth-required: please authenticate before sending REQs
  wss://aggr.nostr.land: auth-required: auth required for aggregator
  wss://filter.nostr.wine/npub1aj8h9lefxlqe0jcdqvk6ufa6upe6u6jwr0f23ch0z4uxx6e4jh9sqwxcwg: auth-required: please authenticate before sending REQs
  wss://filter.nostr.wine/npub1dwp9e3qye2sstflgesg7zxra2znqlrgq604nf0q07e9sezu8ujls3mtmtf: auth-required: please authenticate before sending REQs
  wss://filter.nostr.wine/npub1k0jrarx8um0lyw3nmysn50539ky4k8p7gfgzgrsvn8d7lccx3d0s38dczd: auth-required: please authenticate before sending REQs

=== Phase 2: Event Verification (365d window) ===
Baseline: 346 relays queried (34.7% success), 1.1min
  Timing: connect 681ms median (1.2s p95) | query 1.1s median (15.4s p95) | 9 timeouts (10 relays)
  Authors: 630 with relay data
    Testable (reliable): 182 | Testable (partial): 79 | Zero events: 209 | Unreliable: 160
  Baseline events: 44,888 (mean 172.0/author, median 23)
  Events per (relay,pubkey) capped at: 10000

  Headline metrics (182 testable-reliable authors, 37,815 baseline events):

  Algorithm                        |   Evt Recall |   Auth Recall |  Relay OK% |     TTFE |      p50 |      p80 | Timeouts
  ---------------------------------+--------------+---------------+------------+----------+----------+----------+---------
  Filter Decomposition (cap@20)    |        25.3% |         63.2% |      50.0% |    798ms |     2.3s |     4.2s |        0
  FD+Thompson (seed=0, single run) |        27.3% |         72.5% |      65.0% |    798ms |     2.0s |     4.2s |        0
  Priority-Based (NDK)             |        14.2% |         71.4% |      70.0% |    791ms |     2.1s |     3.0s |        0
  NDK+Thompson (Priority) (seed=0, single run) |        19.3% |         74.2% |      60.0% |    791ms |     2.5s |     4.4s |        1

  Per-author recall distribution:
  Algorithm                        |   Median |  % at 0% |      p25 |      p75
  ---------------------------------+----------+----------+----------+---------
  Filter Decomposition (cap@20)    |    30.8% |    36.8% |     0.0% |   100.0%
  FD+Thompson (seed=0, single run) |    77.0% |    27.5% |     0.0% |   100.0%
  Priority-Based (NDK)             |    19.9% |    28.6% |     0.0% |    87.5%
  NDK+Thompson (Priority) (seed=0, single run) |    62.2% |    25.8% |     0.0% |   100.0%

  Latency simulation (parallel relay query):
  Algorithm                        |     TTFE |      p50 |      p80 |      Max |   TO |   TO Tax |   Relays |   Events
  ---------------------------------+----------+----------+----------+----------+------+----------+----------+---------
  Filter Decomposition (cap@20)    |    798ms |     2.3s |     4.2s |     7.0s |    0 |      0ms | 10/10/20 |   23,641
  FD+Thompson (seed=0, single run) |    798ms |     2.0s |     4.2s |     7.0s |    0 |      0ms | 13/13/20 |   26,320
  Priority-Based (NDK)             |    791ms |     2.1s |     3.0s |     7.0s |    0 |      0ms | 14/14/20 |   21,709
  NDK+Thompson (Priority) (seed=0, single run) |    791ms |     2.5s |     4.4s |    16.5s |    1 |    15.0s | 12/13/20 |   20,734
  (Relays: with-events/connected/total | TO Tax: ceil(timeouts/concurrency) × EOSE timeout)

  Progressive completeness (% of recall achieved by time):
  Algorithm                        |      @1s |      @2s |      @5s |     @10s |     @15s
  ---------------------------------+----------+----------+----------+----------+---------
  Filter Decomposition (cap@20)    |     0.0% |    46.4% |    97.2% |   100.0% |   100.0%
  FD+Thompson (seed=0, single run) |     0.0% |    34.0% |    86.1% |   100.0% |   100.0%
  Priority-Based (NDK)             |     0.2% |    18.5% |    45.5% |   100.0% |   100.0%
  NDK+Thompson (Priority) (seed=0, single run) |     0.0% |     4.5% |    73.8% |   100.0% |   100.0%

  EOSE-race simulation (stop after first EOSE + grace period):
  Algorithm                        |     +0ms |   +200ms |   +500ms |      +1s |      +2s
  ---------------------------------+----------+----------+----------+----------+---------
  Filter Decomposition (cap@20)    |     1.7% |    29.4% |    46.4% |    54.8% |    55.9%
  FD+Thompson (seed=0, single run) |     0.3% |     0.3% |     2.0% |    56.1% |    57.7%
  Priority-Based (NDK)             |     0.2% |     1.5% |     2.6% |    18.5% |    38.2%
  NDK+Thompson (Priority) (seed=0, single run) |     1.0% |     1.0% |     1.8% |    33.2% |    34.4%
  (First EOSE: Filter Decomposition (cap@20)=1.4s, FD+Thompson (seed=0, single run)=1.0s, Priority-Based (NDK)=949ms, NDK+Thompson (Priority) (seed=0, single run)=1.0s)

  Profile-view latency (per-author outbox query, top 3 write relays):
    Authors simulated: 261 | Hit rate: 97.7%
    TTFE: 1.2s median, 1.3s mean, 1.8s p95
    Relays/profile: 2.9 queried, 1.9 with events, 0.02 timeouts

  Feed vs profile-view TTFE comparison:
  Algorithm                        |  Feed TTFE |  Profile TTFE |    Delta
  ---------------------------------+------------+---------------+---------
  Filter Decomposition (cap@20)    |      798ms |          1.2s |   +361ms
  FD+Thompson (seed=0, single run) |      798ms |          1.2s |   +361ms
  Priority-Based (NDK)             |      791ms |          1.2s |   +368ms
  NDK+Thompson (Priority) (seed=0, single run) |      791ms |          1.2s |   +368ms

  Including partial-baseline authors (261 testable authors, 44,888 baseline events):

  Algorithm                        |   Evt Recall |   Auth Recall
  ---------------------------------+--------------+--------------
  Filter Decomposition (cap@20)    |        24.1% |         57.1%
  FD+Thompson (seed=0, single run) |        28.9% |         74.7%
  Priority-Based (NDK)             |        17.3% |         74.3%
  NDK+Thompson (Priority) (seed=0, single run) |        23.0% |         77.4%
[relay-scores] Updated scores for fd-thompson: 27 relays, session 2
[relay-scores] Saved to .cache/relay_scores_ec42c765418b3db9_31536000_fd-thompson.json

Thompson Sampling [fd-thompson] learning state:
  Session: 2
  Relays with observations: 27
  Mean prior α: 14.6, β: 26.9
  Relays with strong preference (α>5): 9
  Relays learned to avoid (β>5): 26
[relay-scores] Updated scores for ndk-thompson: 31 relays, session 2
[relay-scores] Saved to .cache/relay_scores_ec42c765418b3db9_31536000_ndk-thompson.json

Thompson Sampling [ndk-thompson] learning state:
  Session: 2
  Relays with observations: 31
  Mean prior α: 11.5, β: 22.0
  Relays with strong preference (α>5): 6
  Relays learned to avoid (β>5): 17

JSON results written to: results/ec42c765418b3db9_1772957778236.json
