[0m[32mTask[0m [0m[36mbench[0m deno run --allow-net --allow-read --allow-write main.ts "ec42c765418b3db9c85abff3a88f4a3bbe57535eebbdc54522041fa5328c0600" "--algorithms" "rust-nostr,fd-thompson,ndk,ndk-thompson" "--verify" "--verify-window" "31536000" "--verify-concurrency" "10" "--no-phase2-cache" "--fast" "--output" "both"
Target: ec42c765418b3db9...
Seed: 0 | Filter: strict | Runs: 3
Using cached data (fetched 2026-03-08T07:59:39.012Z)

=== Fetch Quality ===
Indexers: wss://purplepag.es (899 events, 1057ms), wss://relay.damus.io (381 events, 383ms), wss://nos.lol (628 events, 775ms)
Follows: 898 | With relay list: 630 (70.2%) | Missing: 268 (29.8%) | Filtered-to-empty: 4
Filter profile: strict | Filtered URLs: 46 (2 localhost, 4 insecure ws, 5 IP-only, 35 known-bad)
Unique valid write relays: 346 | Seed: 0
[relay-scores] Loaded 31 relay priors (session 3, from 2026-03-08T08:30:39.903Z)

Thompson Sampling [fd-thompson]: loaded 31 relay priors (session 3)
[relay-scores] Loaded 34 relay priors (session 3, from 2026-03-08T08:30:39.909Z)

Thompson Sampling [ndk-thompson]: loaded 34 relay priors (session 3)

=== Regime A: Fixed 20 Connections ===
  Algorithm                      |  Relays |   Assign% |  Orphans |  Alg.Orph |  Avg/pk |   Gini |    HHI
  -------------------------------+---------+-----------+----------+-----------+---------+--------+-------
  Filter Decomposition (cap@20)  |      20 |     67.4% |      293 |        25 |     2.4 |   0.46 |  0.107
  FD+Thompson (cap@20)           |      20 |     65.3% (0.0sd) | 311.3333333333333 | 43.333333333333336 |     2.4 |   0.65 |  0.169
  Priority-Based (NDK)           |      20 |     69.6% |      273 |         5 |     1.9 |   0.81 |  0.289
  NDK+Thompson (Priority)        |      20 |     68.5% (0.0sd) |      283 |        15 |     1.9 |   0.76 |  0.231

=== Phase 2: Event Verification ===
Window: 31536000s | Kinds: 1 | Concurrency: 10
[baseline] Querying 346 relays for 630 authors (window: 31536000s)
[pool] CLOSED from wss://relay.getalby.com/v1: blocked: Request rejected
[baseline] Progress: 50/346 relays queried
[pool] CLOSED from wss://greensoul.space: auth-required: only authenticated users can read from this relay
[baseline] Progress: 100/346 relays queried
[pool] CLOSED from wss://filter.nostr.wine/npub12ftld459xqw7s7fqnxstzu7r74l5yagxztwcwmaqj4d24jgpj2csee3mx0: auth-required: please authenticate before sending REQs
[pool] CLOSED from wss://bostr.erechorse.com: auth-required: authentication is required to perform this action.
[pool] CLOSED from wss://filter.nostr.wine/npub12y8qp9hyuc3wnu580tm70tuhntp0mag8q2uu6aczzevrgng6dqkq5zt26q: auth-required: please authenticate before sending REQs
[pool] CLOSED from wss://filter.nostr.wine/npub1jw4e8qh6vmyq0n2tkupv7wlfu5h59luk98dcfedf03anh5ek5jkq936u57: auth-required: please authenticate before sending REQs
[pool] CLOSED from wss://aggr.nostr.land: auth-required: auth required for aggregator
[baseline] Progress: 150/346 relays queried
[pool] CLOSED from wss://filter.nostr.wine/npub1aj8h9lefxlqe0jcdqvk6ufa6upe6u6jwr0f23ch0z4uxx6e4jh9sqwxcwg: auth-required: please authenticate before sending REQs
[pool] CLOSED from wss://filter.nostr.wine/npub1dwp9e3qye2sstflgesg7zxra2znqlrgq604nf0q07e9sezu8ujls3mtmtf: auth-required: please authenticate before sending REQs
[pool] CLOSED from wss://filter.nostr.wine/npub1k0jrarx8um0lyw3nmysn50539ky4k8p7gfgzgrsvn8d7lccx3d0s38dczd: auth-required: please authenticate before sending REQs
[pool] CLOSED from wss://inbox.nostr.wine: blocked: this relay does not store any of the kinds in this request
[pool] CLOSED from wss://creatr.nostr.wine: auth-required: please authenticate before sending REQs
[pool] CLOSED from wss://sendit.nosflare.com: restricted: this relay does not accept REQs
[pool] CLOSED from wss://filter.nostr.wine/YOUR_NPUB: auth-required: please authenticate before sending REQs
[baseline] Progress: 200/346 relays queried
[pool] CLOSED from wss://filter.nostr.wine/npub1s5yq6wadwrxde4lhfs56gn64hwzuhnfa6r9mj476r5s4hkunzgzqrs6q7z: auth-required: please authenticate before sending REQs
[pool] CLOSED from wss://filter.nostr.wine/npub1a3pvwe2p3v7mnjz6hle63r628wl9w567aw7u23fzqs062v5vqcqqu3sgh3: auth-required: please authenticate before sending REQs
[pool] CLOSED from wss://nostr-relay.moctane.net: auth-required: authentication required to subscribe
[pool] CLOSED from wss://groups.0xchat.com: blocked: invalid query, must have 'h', 'e' or 'a' tag
[pool] CLOSED from wss://relay.nosflare.com: auth-required: authentication required to subscribe
[pool] CLOSED from wss://relay.groups.nip29.com: blocked: invalid query, must have 'h', 'e' or 'a' tag
[baseline] Progress: 250/346 relays queried
[pool] CLOSED from wss://auth.nostr1.com: auth-required: you must auth
[pool] CLOSED from wss://wheat.happytavern.co: rate-limited: REQ rate limit exceeded
[pool] CLOSED from wss://anchor.coracle.social: auth-required: alerts are protected
[baseline] Progress: 300/346 relays queried
[pool] CLOSED from wss://groups.yugoatobe.com: blocked: invalid query, must have 'h', 'e' or 'a' tag
[baseline] Progress: 346/346 relays queried
[phase2] Subscription timeouts (no EOSE): 8
[phase2] CLOSED messages received: 24
  wss://relay.getalby.com/v1: blocked: Request rejected
  wss://greensoul.space: auth-required: only authenticated users can read from this relay
  wss://filter.nostr.wine/npub12ftld459xqw7s7fqnxstzu7r74l5yagxztwcwmaqj4d24jgpj2csee3mx0: auth-required: please authenticate before sending REQs
  wss://bostr.erechorse.com: auth-required: authentication is required to perform this action.
  wss://filter.nostr.wine/npub12y8qp9hyuc3wnu580tm70tuhntp0mag8q2uu6aczzevrgng6dqkq5zt26q: auth-required: please authenticate before sending REQs
  wss://filter.nostr.wine/npub1jw4e8qh6vmyq0n2tkupv7wlfu5h59luk98dcfedf03anh5ek5jkq936u57: auth-required: please authenticate before sending REQs
  wss://aggr.nostr.land: auth-required: auth required for aggregator
  wss://filter.nostr.wine/npub1aj8h9lefxlqe0jcdqvk6ufa6upe6u6jwr0f23ch0z4uxx6e4jh9sqwxcwg: auth-required: please authenticate before sending REQs
  wss://filter.nostr.wine/npub1dwp9e3qye2sstflgesg7zxra2znqlrgq604nf0q07e9sezu8ujls3mtmtf: auth-required: please authenticate before sending REQs
  wss://filter.nostr.wine/npub1k0jrarx8um0lyw3nmysn50539ky4k8p7gfgzgrsvn8d7lccx3d0s38dczd: auth-required: please authenticate before sending REQs

=== Phase 2: Event Verification (365d window) ===
Baseline: 346 relays queried (33.2% success), 1.1min
  Timing: connect 710ms median (1.6s p95) | query 1.2s median (8.2s p95) | 8 timeouts (9 relays)
  Authors: 630 with relay data
    Testable (reliable): 145 | Testable (partial): 114 | Zero events: 153 | Unreliable: 218
  Baseline events: 43,452 (mean 167.8/author, median 18)
  Events per (relay,pubkey) capped at: 10000

  Headline metrics (145 testable-reliable authors, 34,386 baseline events):

  Algorithm                        |   Evt Recall |   Auth Recall |  Relay OK% |     TTFE |      p50 |      p80 | Timeouts
  ---------------------------------+--------------+---------------+------------+----------+----------+----------+---------
  Filter Decomposition (cap@20)    |        22.7% |         62.1% |      45.0% |     1.2s |     2.9s |     3.8s |        0
  FD+Thompson (seed=0, single run) |        21.5% |         68.3% |      55.0% |     1.2s |     2.6s |     5.0s |        0
  Priority-Based (NDK)             |        12.4% |         66.2% |      65.0% |    744ms |     2.3s |     3.0s |        0
  NDK+Thompson (Priority) (seed=0, single run) |        11.7% |         67.6% |      70.0% |    744ms |     2.5s |     3.0s |        0

  Per-author recall distribution:
  Algorithm                        |   Median |  % at 0% |      p25 |      p75
  ---------------------------------+----------+----------+----------+---------
  Filter Decomposition (cap@20)    |    28.3% |    37.9% |     0.0% |   100.0%
  FD+Thompson (seed=0, single run) |    80.0% |    31.7% |     0.0% |   100.0%
  Priority-Based (NDK)             |    15.8% |    33.8% |     0.0% |    95.1%
  NDK+Thompson (Priority) (seed=0, single run) |    27.7% |    32.4% |     0.0% |   100.0%

  Latency simulation (parallel relay query):
  Algorithm                        |     TTFE |      p50 |      p80 |      Max |   TO |   TO Tax |   Relays |   Events
  ---------------------------------+----------+----------+----------+----------+------+----------+----------+---------
  Filter Decomposition (cap@20)    |     1.2s |     2.9s |     3.8s |     8.9s |    0 |      0ms |   9/9/20 |   19,141
  FD+Thompson (seed=0, single run) |     1.2s |     2.6s |     5.0s |     8.9s |    0 |      0ms | 11/11/20 |   20,770
  Priority-Based (NDK)             |    744ms |     2.3s |     3.0s |     8.9s |    0 |      0ms | 13/13/20 |   17,209
  NDK+Thompson (Priority) (seed=0, single run) |    744ms |     2.5s |     3.0s |     8.9s |    0 |      0ms | 13/14/20 |   15,734
  (Relays: with-events/connected/total | TO Tax: ceil(timeouts/concurrency) × EOSE timeout)

  Progressive completeness (% of recall achieved by time):
  Algorithm                        |      @1s |      @2s |      @5s |     @10s |     @15s
  ---------------------------------+----------+----------+----------+----------+---------
  Filter Decomposition (cap@20)    |     0.0% |    31.2% |    63.2% |   100.0% |   100.0%
  FD+Thompson (seed=0, single run) |     0.0% |    27.3% |    58.3% |   100.0% |   100.0%
  Priority-Based (NDK)             |     0.0% |     2.7% |    25.0% |   100.0% |   100.0%
  NDK+Thompson (Priority) (seed=0, single run) |     0.0% |     8.5% |    27.1% |   100.0% |   100.0%

  EOSE-race simulation (stop after first EOSE + grace period):
  Algorithm                        |     +0ms |   +200ms |   +500ms |      +1s |      +2s
  ---------------------------------+----------+----------+----------+----------+---------
  Filter Decomposition (cap@20)    |     1.8% |    31.2% |    31.2% |    51.5% |    51.6%
  FD+Thompson (seed=0, single run) |     0.7% |    25.0% |    27.3% |    42.8% |    49.6%
  Priority-Based (NDK)             |     1.4% |     1.6% |     1.6% |     2.7% |    24.6%
  NDK+Thompson (Priority) (seed=0, single run) |     1.3% |     1.3% |     1.3% |     8.5% |    18.4%
  (First EOSE: Filter Decomposition (cap@20)=1.7s, FD+Thompson (seed=0, single run)=1.7s, Priority-Based (NDK)=1.1s, NDK+Thompson (Priority) (seed=0, single run)=1.1s)

  Profile-view latency (per-author outbox query, top 3 write relays):
    Authors simulated: 259 | Hit rate: 94.6%
    TTFE: 1.7s median, 1.7s mean, 1.9s p95
    Relays/profile: 2.9 queried, 1.5 with events, 0.02 timeouts

  Feed vs profile-view TTFE comparison:
  Algorithm                        |  Feed TTFE |  Profile TTFE |    Delta
  ---------------------------------+------------+---------------+---------
  Filter Decomposition (cap@20)    |       1.2s |          1.7s |   +528ms
  FD+Thompson (seed=0, single run) |       1.2s |          1.7s |   +528ms
  Priority-Based (NDK)             |      744ms |          1.7s |   +954ms
  NDK+Thompson (Priority) (seed=0, single run) |      744ms |          1.7s |   +954ms

  Including partial-baseline authors (259 testable authors, 43,452 baseline events):

  Algorithm                        |   Evt Recall |   Auth Recall
  ---------------------------------+--------------+--------------
  Filter Decomposition (cap@20)    |        23.5% |         55.2%
  FD+Thompson (seed=0, single run) |        27.0% |         75.7%
  Priority-Based (NDK)             |        16.7% |         69.5%
  NDK+Thompson (Priority) (seed=0, single run) |        19.7% |         75.7%
[relay-scores] Updated scores for fd-thompson: 34 relays, session 4
[relay-scores] Degrading relays (2): wss://relay.damus.io, wss://relay.snort.social
[relay-scores] Saved to .cache/relay_scores_ec42c765418b3db9_31536000_fd-thompson.json

Thompson Sampling [fd-thompson] learning state:
  Session: 4
  Relays with observations: 34
  Mean prior α: 23.8, β: 37.7
  Relays with strong preference (α>5): 12
  Relays learned to avoid (β>5): 32
[relay-scores] Updated scores for ndk-thompson: 37 relays, session 4
[relay-scores] Degrading relays (4): wss://relay.damus.io, wss://relay.ditto.pub, wss://relay.nostr.wirednet.jp, wss://relay.momostr.pink
[relay-scores] Saved to .cache/relay_scores_ec42c765418b3db9_31536000_ndk-thompson.json

Thompson Sampling [ndk-thompson] learning state:
  Session: 4
  Relays with observations: 37
  Mean prior α: 18.5, β: 33.5
  Relays with strong preference (α>5): 8
  Relays learned to avoid (β>5): 22

JSON results written to: results/ec42c765418b3db9_1772959527458.json
