[0m[32mTask[0m [0m[36mbench[0m deno run --allow-net --allow-read --allow-write main.ts "ec42c765418b3db9c85abff3a88f4a3bbe57535eebbdc54522041fa5328c0600" "--algorithms" "rust-nostr,fd-thompson,ndk,ndk-thompson" "--verify" "--verify-window" "31536000" "--verify-concurrency" "10" "--no-phase2-cache" "--fast" "--output" "both"
Target: ec42c765418b3db9...
Seed: 0 | Filter: strict | Runs: 3
[fetch] Connecting to 3 indexer relays...
[fetch] wss://purplepag.es: connected (1057ms)
[fetch] wss://relay.damus.io: connected (383ms)
[fetch] wss://nos.lol: connected (775ms)
[fetch] Fetching kind 3 (contact list) for ec42c765...
[fetch] 898 follows to fetch relay lists for
[fetch] Fetched relay lists: 200/898
[fetch] Fetched relay lists: 400/898
[fetch] Fetched relay lists: 600/898
[fetch] Fetched relay lists: 800/898
[fetch] Received 634 relay list events

=== Fetch Quality ===
Indexers: wss://purplepag.es (899 events, 1057ms), wss://relay.damus.io (381 events, 383ms), wss://nos.lol (628 events, 775ms)
Follows: 898 | With relay list: 630 (70.2%) | Missing: 268 (29.8%) | Filtered-to-empty: 4
Filter profile: strict | Filtered URLs: 46 (2 localhost, 4 insecure ws, 5 IP-only, 35 known-bad)
Unique valid write relays: 346 | Seed: 0

=== Regime A: Fixed 20 Connections ===
  Algorithm                      |  Relays |   Assign% |  Orphans |  Alg.Orph |  Avg/pk |   Gini |    HHI
  -------------------------------+---------+-----------+----------+-----------+---------+--------+-------
  Filter Decomposition (cap@20)  |      20 |     67.4% |      293 |        25 |     2.4 |   0.46 |  0.107
  FD+Thompson (cap@20)           |      20 |     67.6% (0.0sd) |      291 |        23 |     2.4 |   0.47 |  0.094
  Priority-Based (NDK)           |      20 |     69.6% |      273 |         5 |     1.9 |   0.81 |  0.289
  NDK+Thompson (Priority)        |      20 |     69.4% (0.0sd) | 274.6666666666667 | 6.666666666666667 |     1.9 |   0.67 |  0.143

=== Phase 2: Event Verification ===
Window: 31536000s | Kinds: 1 | Concurrency: 10
[baseline] Querying 346 relays for 630 authors (window: 31536000s)
[pool] CLOSED from wss://relay.getalby.com/v1: blocked: Request rejected
[baseline] Progress: 50/346 relays queried
[pool] CLOSED from wss://greensoul.space: auth-required: only authenticated users can read from this relay
[baseline] Progress: 100/346 relays queried
[pool] CLOSED from wss://filter.nostr.wine/npub12ftld459xqw7s7fqnxstzu7r74l5yagxztwcwmaqj4d24jgpj2csee3mx0: auth-required: please authenticate before sending REQs
[pool] CLOSED from wss://bostr.erechorse.com: auth-required: authentication is required to perform this action.
[pool] CLOSED from wss://filter.nostr.wine/npub12y8qp9hyuc3wnu580tm70tuhntp0mag8q2uu6aczzevrgng6dqkq5zt26q: auth-required: please authenticate before sending REQs
[baseline] Progress: 150/346 relays queried
[pool] CLOSED from wss://aggr.nostr.land: auth-required: auth required for aggregator
[pool] CLOSED from wss://filter.nostr.wine/npub1aj8h9lefxlqe0jcdqvk6ufa6upe6u6jwr0f23ch0z4uxx6e4jh9sqwxcwg: auth-required: please authenticate before sending REQs
[pool] CLOSED from wss://filter.nostr.wine/npub1dwp9e3qye2sstflgesg7zxra2znqlrgq604nf0q07e9sezu8ujls3mtmtf: auth-required: please authenticate before sending REQs
[pool] CLOSED from wss://filter.nostr.wine/npub1k0jrarx8um0lyw3nmysn50539ky4k8p7gfgzgrsvn8d7lccx3d0s38dczd: auth-required: please authenticate before sending REQs
[pool] CLOSED from wss://creatr.nostr.wine: auth-required: please authenticate before sending REQs
[pool] CLOSED from wss://inbox.nostr.wine: blocked: this relay does not store any of the kinds in this request
[pool] CLOSED from wss://sendit.nosflare.com: restricted: this relay does not accept REQs
[pool] CLOSED from wss://filter.nostr.wine/YOUR_NPUB: auth-required: please authenticate before sending REQs
[baseline] Progress: 200/346 relays queried
[pool] CLOSED from wss://filter.nostr.wine/npub1s5yq6wadwrxde4lhfs56gn64hwzuhnfa6r9mj476r5s4hkunzgzqrs6q7z: auth-required: please authenticate before sending REQs
[pool] CLOSED from wss://filter.nostr.wine/npub1a3pvwe2p3v7mnjz6hle63r628wl9w567aw7u23fzqs062v5vqcqqu3sgh3: auth-required: please authenticate before sending REQs
[pool] CLOSED from wss://nostr-relay.moctane.net: auth-required: authentication required to subscribe
[pool] CLOSED from wss://groups.0xchat.com: blocked: invalid query, must have 'h', 'e' or 'a' tag
[pool] CLOSED from wss://relay.groups.nip29.com: blocked: invalid query, must have 'h', 'e' or 'a' tag
[pool] CLOSED from wss://relay.nosflare.com: auth-required: authentication required to subscribe
[baseline] Progress: 250/346 relays queried
[pool] CLOSED from wss://auth.nostr1.com: auth-required: you must auth
[pool] CLOSED from wss://anchor.coracle.social: auth-required: alerts are protected
[pool] CLOSED from wss://wheat.happytavern.co: rate-limited: REQ rate limit exceeded
[baseline] Progress: 300/346 relays queried
[pool] CLOSED from wss://groups.yugoatobe.com: blocked: invalid query, must have 'h', 'e' or 'a' tag
[baseline] Progress: 346/346 relays queried
[phase2] Subscription timeouts (no EOSE): 11
[phase2] CLOSED messages received: 23
  wss://relay.getalby.com/v1: blocked: Request rejected
  wss://greensoul.space: auth-required: only authenticated users can read from this relay
  wss://filter.nostr.wine/npub12ftld459xqw7s7fqnxstzu7r74l5yagxztwcwmaqj4d24jgpj2csee3mx0: auth-required: please authenticate before sending REQs
  wss://bostr.erechorse.com: auth-required: authentication is required to perform this action.
  wss://filter.nostr.wine/npub12y8qp9hyuc3wnu580tm70tuhntp0mag8q2uu6aczzevrgng6dqkq5zt26q: auth-required: please authenticate before sending REQs
  wss://aggr.nostr.land: auth-required: auth required for aggregator
  wss://filter.nostr.wine/npub1aj8h9lefxlqe0jcdqvk6ufa6upe6u6jwr0f23ch0z4uxx6e4jh9sqwxcwg: auth-required: please authenticate before sending REQs
  wss://filter.nostr.wine/npub1dwp9e3qye2sstflgesg7zxra2znqlrgq604nf0q07e9sezu8ujls3mtmtf: auth-required: please authenticate before sending REQs
  wss://filter.nostr.wine/npub1k0jrarx8um0lyw3nmysn50539ky4k8p7gfgzgrsvn8d7lccx3d0s38dczd: auth-required: please authenticate before sending REQs
  wss://creatr.nostr.wine: auth-required: please authenticate before sending REQs

=== Phase 2: Event Verification (365d window) ===
Baseline: 346 relays queried (34.1% success), 1.1min
  Timing: connect 712ms median (1.3s p95) | query 1.2s median (15.7s p95) | 11 timeouts (12 relays)
  Authors: 630 with relay data
    Testable (reliable): 181 | Testable (partial): 79 | Zero events: 208 | Unreliable: 162
  Baseline events: 44,638 (mean 171.7/author, median 22)
  Events per (relay,pubkey) capped at: 10000

  Headline metrics (181 testable-reliable authors, 37,790 baseline events):

  Algorithm                        |   Evt Recall |   Auth Recall |  Relay OK% |     TTFE |      p50 |      p80 | Timeouts
  ---------------------------------+--------------+---------------+------------+----------+----------+----------+---------
  Filter Decomposition (cap@20)    |        25.4% |         63.5% |      50.0% |    499ms |     2.6s |     3.9s |        0
  FD+Thompson (seed=0, single run) |        21.1% |         66.3% |      60.0% |    499ms |     2.8s |     4.6s |        0
  Priority-Based (NDK)             |        14.3% |         71.8% |      70.0% |    499ms |     2.3s |     4.6s |        0
  NDK+Thompson (Priority) (seed=0, single run) |        12.6% |         66.3% |      75.0% |    499ms |     2.3s |     4.6s |        0

  Per-author recall distribution:
  Algorithm                        |   Median |  % at 0% |      p25 |      p75
  ---------------------------------+----------+----------+----------+---------
  Filter Decomposition (cap@20)    |    31.0% |    36.5% |     0.0% |   100.0%
  FD+Thompson (seed=0, single run) |    25.0% |    33.7% |     0.0% |   100.0%
  Priority-Based (NDK)             |    20.6% |    28.2% |     0.0% |    91.4%
  NDK+Thompson (Priority) (seed=0, single run) |    21.7% |    33.7% |     0.0% |   100.0%

  Latency simulation (parallel relay query):
  Algorithm                        |     TTFE |      p50 |      p80 |      Max |   TO |   TO Tax |   Relays |   Events
  ---------------------------------+----------+----------+----------+----------+------+----------+----------+---------
  Filter Decomposition (cap@20)    |    499ms |     2.6s |     3.9s |     7.3s |    0 |      0ms | 10/10/20 |   23,641
  FD+Thompson (seed=0, single run) |    499ms |     2.8s |     4.6s |     7.3s |    0 |      0ms | 12/12/20 |   23,194
  Priority-Based (NDK)             |    499ms |     2.3s |     4.6s |     7.3s |    0 |      0ms | 14/14/20 |   21,709
  NDK+Thompson (Priority) (seed=0, single run) |    499ms |     2.3s |     4.6s |     7.3s |    0 |      0ms | 13/15/20 |   20,727
  (Relays: with-events/connected/total | TO Tax: ceil(timeouts/concurrency) × EOSE timeout)

  Progressive completeness (% of recall achieved by time):
  Algorithm                        |      @1s |      @2s |      @5s |     @10s |     @15s
  ---------------------------------+----------+----------+----------+----------+---------
  Filter Decomposition (cap@20)    |     0.0% |    52.7% |    97.2% |   100.0% |   100.0%
  FD+Thompson (seed=0, single run) |     0.0% |    37.3% |    75.3% |   100.0% |   100.0%
  Priority-Based (NDK)             |     0.2% |    36.0% |    45.1% |   100.0% |   100.0%
  NDK+Thompson (Priority) (seed=0, single run) |     0.3% |    38.1% |    59.0% |   100.0% |   100.0%

  EOSE-race simulation (stop after first EOSE + grace period):
  Algorithm                        |     +0ms |   +200ms |   +500ms |      +1s |      +2s
  ---------------------------------+----------+----------+----------+----------+---------
  Filter Decomposition (cap@20)    |    17.0% |    51.2% |    52.7% |    52.7% |    55.9%
  FD+Thompson (seed=0, single run) |    15.5% |    35.7% |    37.3% |    38.8% |    42.8%
  Priority-Based (NDK)             |     0.2% |     1.5% |     1.5% |    36.0% |    38.2%
  NDK+Thompson (Priority) (seed=0, single run) |     0.3% |     0.3% |     0.3% |    38.1% |    40.8%
  (First EOSE: Filter Decomposition (cap@20)=1.5s, FD+Thompson (seed=0, single run)=1.5s, Priority-Based (NDK)=893ms, NDK+Thompson (Priority) (seed=0, single run)=893ms)

  Profile-view latency (per-author outbox query, top 3 write relays):
    Authors simulated: 260 | Hit rate: 97.7%
    TTFE: 1.6s median, 1.2s mean, 2.2s p95
    Relays/profile: 2.9 queried, 1.9 with events, 0.02 timeouts

  Feed vs profile-view TTFE comparison:
  Algorithm                        |  Feed TTFE |  Profile TTFE |    Delta
  ---------------------------------+------------+---------------+---------
  Filter Decomposition (cap@20)    |      499ms |          1.6s |    +1.1s
  FD+Thompson (seed=0, single run) |      499ms |          1.6s |    +1.1s
  Priority-Based (NDK)             |      499ms |          1.6s |    +1.1s
  NDK+Thompson (Priority) (seed=0, single run) |      499ms |          1.6s |    +1.1s

  Including partial-baseline authors (260 testable authors, 44,638 baseline events):

  Algorithm                        |   Evt Recall |   Auth Recall
  ---------------------------------+--------------+--------------
  Filter Decomposition (cap@20)    |        24.3% |         57.3%
  FD+Thompson (seed=0, single run) |        22.7% |         67.7%
  Priority-Based (NDK)             |        17.4% |         74.6%
  NDK+Thompson (Priority) (seed=0, single run) |        16.6% |         67.7%
[relay-scores] Updated scores for fd-thompson: 20 relays, session 1
[relay-scores] Saved to .cache/relay_scores_ec42c765418b3db9_31536000_fd-thompson.json

Thompson Sampling [fd-thompson] learning state:
  Session: 1
  Relays with observations: 20
  Mean prior α: 8.6, β: 21.9
  Relays with strong preference (α>5): 7
  Relays learned to avoid (β>5): 19
[relay-scores] Updated scores for ndk-thompson: 20 relays, session 1
[relay-scores] Saved to .cache/relay_scores_ec42c765418b3db9_31536000_ndk-thompson.json

Thompson Sampling [ndk-thompson] learning state:
  Session: 1
  Relays with observations: 20
  Mean prior α: 8.0, β: 19.3
  Relays with strong preference (α>5): 5
  Relays learned to avoid (β>5): 12

JSON results written to: results/ec42c765418b3db9_1772956847876.json
