[0m[32mTask[0m [0m[36mbench[0m deno run --allow-net --allow-read --allow-write main.ts "0c9b1e9fef76c88b63f86645dc33bb7777f0259ec41e674b61f4fc553f6db0e0" "--algorithms" "rust-nostr,fd-thompson,ndk,ndk-thompson" "--verify" "--verify-window" "31536000" "--verify-concurrency" "10" "--no-phase2-cache" "--fast" "--output" "both"
Target: 0c9b1e9fef76c88b...
Seed: 0 | Filter: strict | Runs: 3
[fetch] Connecting to 3 indexer relays...
[fetch] wss://purplepag.es: connected (1819ms)
[fetch] wss://relay.damus.io: connected (301ms)
[fetch] wss://nos.lol: connected (1692ms)
[fetch] Fetching kind 3 (contact list) for 0c9b1e9f...
[fetch] 1746 follows to fetch relay lists for
[fetch] Fetched relay lists: 200/1746
[fetch] Fetched relay lists: 400/1746
[fetch] Fetched relay lists: 600/1746
[fetch] Fetched relay lists: 800/1746
[fetch] Fetched relay lists: 1000/1746
[fetch] Fetched relay lists: 1200/1746
[fetch] Fetched relay lists: 1400/1746
[fetch] Fetched relay lists: 1600/1746
[fetch] Received 959 relay list events

=== Fetch Quality ===
Indexers: wss://purplepag.es (1673 events, 1819ms), wss://relay.damus.io (411 events, 301ms), wss://nos.lol (952 events, 1692ms)
Follows: 1746 | With relay list: 948 (54.3%) | Missing: 798 (45.7%) | Filtered-to-empty: 11
Filter profile: strict | Filtered URLs: 75 (6 localhost, 16 insecure ws, 3 IP-only, 50 known-bad)
Unique valid write relays: 413 | Seed: 0

=== Regime A: Fixed 20 Connections ===
  Algorithm                      |  Relays |   Assign% |  Orphans |  Alg.Orph |  Avg/pk |   Gini |    HHI
  -------------------------------+---------+-----------+----------+-----------+---------+--------+-------
  Filter Decomposition (cap@20)  |      20 |     51.6% |      845 |        47 |     2.5 |   0.50 |  0.116
  FD+Thompson (cap@20)           |      20 |     51.7% (0.0sd) | 843.6666666666666 | 45.666666666666664 |     2.5 |   0.46 |  0.090
  Priority-Based (NDK)           |      20 |     53.6% |      810 |        12 |     1.9 |   0.81 |  0.296
  NDK+Thompson (Priority)        |      20 |     53.5% (0.0sd) | 811.6666666666666 | 13.666666666666666 |     1.9 |   0.65 |  0.137

=== Phase 2: Event Verification ===
Window: 31536000s | Kinds: 1 | Concurrency: 10
[baseline] Querying 413 relays for 948 authors (window: 31536000s)
[pool] CLOSED from wss://aggr.nostr.land: auth-required: auth required for aggregator
[pool] CLOSED from wss://relay.getalby.com/v1: blocked: Request rejected
[baseline] Progress: 50/413 relays queried
[pool] CLOSED from wss://filter.nostr.wine/npub12y8qp9hyuc3wnu580tm70tuhntp0mag8q2uu6aczzevrgng6dqkq5zt26q: auth-required: please authenticate before sending REQs
[pool] CLOSED from wss://filter.nostr.wine/npub1jw4e8qh6vmyq0n2tkupv7wlfu5h59luk98dcfedf03anh5ek5jkq936u57: auth-required: please authenticate before sending REQs
[pool] CLOSED from wss://filter.nostr.wine/npub1ts7c7rvdyrd239sdtp6y9nq8dqm3jscrf0tfd38pvdjpey2sudxq74mccx: auth-required: please authenticate before sending REQs
[baseline] Progress: 100/413 relays queried
[pool] CLOSED from wss://greensoul.space: auth-required: only authenticated users can read from this relay
[pool] CLOSED from wss://filter.nostr.wine/npub14sw26a7wvglnywzurts9nl09g93hs6xvhqdexjppp66ykyd6f7ws80gdjg: auth-required: please authenticate before sending REQs
[pool] CLOSED from wss://filter.nostr.wine/npub1zpq2gsz25wsgun2e4gtks9p63j7fvyfd46weyjzp5tv6yys89zcsjdflcv: auth-required: please authenticate before sending REQs
[pool] CLOSED from wss://filter.nostr.wine/npub12ftld459xqw7s7fqnxstzu7r74l5yagxztwcwmaqj4d24jgpj2csee3mx0: auth-required: please authenticate before sending REQs
[pool] CLOSED from wss://filter.nostr.wine/npub1ca32j9f2fl5n7d0rs6mxsjva69qzqrfc0j05x85c436l6ehtpt2snvu0tt: auth-required: please authenticate before sending REQs
[baseline] Progress: 150/413 relays queried
[pool] CLOSED from wss://filter.nostr.wine/npub1dwp9e3qye2sstflgesg7zxra2znqlrgq604nf0q07e9sezu8ujls3mtmtf: auth-required: please authenticate before sending REQs
[pool] CLOSED from wss://sendit.nosflare.com: restricted: this relay does not accept REQs
[pool] CLOSED from wss://creatr.nostr.wine: auth-required: please authenticate before sending REQs
[pool] CLOSED from wss://inbox.nostr.wine: blocked: this relay does not store any of the kinds in this request
[baseline] Progress: 200/413 relays queried
[pool] CLOSED from wss://filter.nostr.wine/YOUR_NPUB: auth-required: please authenticate before sending REQs
[pool] CLOSED from wss://filter.nostr.wine/npub1lelkh3hhxw9hdwlcpk6q9t0xt9f7yze0y0nxazvzqjmre3p98x3sthkvyz: auth-required: please authenticate before sending REQs
[pool] CLOSED from wss://filter.nostr.wine/npub1k0jrarx8um0lyw3nmysn50539ky4k8p7gfgzgrsvn8d7lccx3d0s38dczd: auth-required: please authenticate before sending REQs
[baseline] Progress: 250/413 relays queried
[pool] CLOSED from wss://nostr-relay.moctane.net: auth-required: authentication required to subscribe
[pool] CLOSED from wss://filter.nostr.wine/npub1a3pvwe2p3v7mnjz6hle63r628wl9w567aw7u23fzqs062v5vqcqqu3sgh3: auth-required: please authenticate before sending REQs
[pool] CLOSED from wss://filter.nostr.wine/npub1csamkk8zu67zl9z4wkp90a462v53q775aqn5q6xzjdkxnkvcpd7srtz4x9: auth-required: please authenticate before sending REQs
[pool] CLOSED from wss://groups.0xchat.com: blocked: invalid query, must have 'h', 'e' or 'a' tag
[pool] CLOSED from wss://relay.groups.nip29.com: blocked: invalid query, must have 'h', 'e' or 'a' tag
[pool] CLOSED from wss://filter.nostr.wine/npub1aj8h9lefxlqe0jcdqvk6ufa6upe6u6jwr0f23ch0z4uxx6e4jh9sqwxcwg: auth-required: please authenticate before sending REQs
[pool] CLOSED from wss://relay29.notoshi.win: blocked: invalid query, must have 'h', 'e' or 'a' tag
[baseline] Progress: 300/413 relays queried
[baseline] Progress: 350/413 relays queried
[pool] CLOSED from wss://auth.nostr1.com: auth-required: you must auth
[baseline] Progress: 400/413 relays queried
[baseline] Progress: 413/413 relays queried
[phase2] Subscription timeouts (no EOSE): 4
[phase2] CLOSED messages received: 25
  wss://aggr.nostr.land: auth-required: auth required for aggregator
  wss://relay.getalby.com/v1: blocked: Request rejected
  wss://filter.nostr.wine/npub12y8qp9hyuc3wnu580tm70tuhntp0mag8q2uu6aczzevrgng6dqkq5zt26q: auth-required: please authenticate before sending REQs
  wss://filter.nostr.wine/npub1jw4e8qh6vmyq0n2tkupv7wlfu5h59luk98dcfedf03anh5ek5jkq936u57: auth-required: please authenticate before sending REQs
  wss://filter.nostr.wine/npub1ts7c7rvdyrd239sdtp6y9nq8dqm3jscrf0tfd38pvdjpey2sudxq74mccx: auth-required: please authenticate before sending REQs
  wss://greensoul.space: auth-required: only authenticated users can read from this relay
  wss://filter.nostr.wine/npub14sw26a7wvglnywzurts9nl09g93hs6xvhqdexjppp66ykyd6f7ws80gdjg: auth-required: please authenticate before sending REQs
  wss://filter.nostr.wine/npub1zpq2gsz25wsgun2e4gtks9p63j7fvyfd46weyjzp5tv6yys89zcsjdflcv: auth-required: please authenticate before sending REQs
  wss://filter.nostr.wine/npub12ftld459xqw7s7fqnxstzu7r74l5yagxztwcwmaqj4d24jgpj2csee3mx0: auth-required: please authenticate before sending REQs
  wss://filter.nostr.wine/npub1ca32j9f2fl5n7d0rs6mxsjva69qzqrfc0j05x85c436l6ehtpt2snvu0tt: auth-required: please authenticate before sending REQs

=== Phase 2: Event Verification (365d window) ===
Baseline: 413 relays queried (31.2% success), 1.2min
  Timing: connect 691ms median (1.4s p95) | query 1.3s median (4.6s p95) | 4 timeouts (4 relays)
  Authors: 948 with relay data
    Testable (reliable): 217 | Testable (partial): 87 | Zero events: 292 | Unreliable: 352
  Baseline events: 54,095 (mean 177.9/author, median 30)
  Events per (relay,pubkey) capped at: 10000

  Headline metrics (217 testable-reliable authors, 47,872 baseline events):

  Algorithm                        |   Evt Recall |   Auth Recall |  Relay OK% |     TTFE |      p50 |      p80 | Timeouts
  ---------------------------------+--------------+---------------+------------+----------+----------+----------+---------
  Filter Decomposition (cap@20)    |        26.8% |         67.7% |      50.0% |    520ms |     2.9s |     3.9s |        0
  FD+Thompson (seed=0, single run) |        23.7% |         70.5% |      60.0% |    520ms |     3.2s |     4.2s |        0
  Priority-Based (NDK)             |        21.7% |         77.0% |      65.0% |    520ms |     3.5s |     4.2s |        0
  NDK+Thompson (Priority) (seed=0, single run) |        20.0% |         72.8% |      75.0% |    520ms |     3.0s |     4.2s |        0

  Per-author recall distribution:
  Algorithm                        |   Median |  % at 0% |      p25 |      p75
  ---------------------------------+----------+----------+----------+---------
  Filter Decomposition (cap@20)    |    50.0% |    32.3% |     0.0% |   100.0%
  FD+Thompson (seed=0, single run) |    50.0% |    29.5% |     0.0% |   100.0%
  Priority-Based (NDK)             |    43.8% |    23.0% |     0.8% |   100.0%
  NDK+Thompson (Priority) (seed=0, single run) |    38.4% |    27.2% |     0.0% |   100.0%

  Latency simulation (parallel relay query):
  Algorithm                        |     TTFE |      p50 |      p80 |      Max |   TO |   TO Tax |   Relays |   Events
  ---------------------------------+----------+----------+----------+----------+------+----------+----------+---------
  Filter Decomposition (cap@20)    |    520ms |     2.9s |     3.9s |    10.4s |    0 |      0ms | 10/10/20 |   31,325
  FD+Thompson (seed=0, single run) |    520ms |     3.2s |     4.2s |    10.4s |    0 |      0ms | 12/12/20 |   32,533
  Priority-Based (NDK)             |    520ms |     3.5s |     4.2s |    10.4s |    0 |      0ms | 13/13/20 |   31,792
  NDK+Thompson (Priority) (seed=0, single run) |    520ms |     3.0s |     4.2s |    10.4s |    0 |      0ms | 15/15/20 |   30,767
  (Relays: with-events/connected/total | TO Tax: ceil(timeouts/concurrency) × EOSE timeout)

  Progressive completeness (% of recall achieved by time):
  Algorithm                        |      @1s |      @2s |      @5s |     @10s |     @15s
  ---------------------------------+----------+----------+----------+----------+---------
  Filter Decomposition (cap@20)    |     0.0% |    23.6% |    57.9% |    94.8% |   100.0%
  FD+Thompson (seed=0, single run) |     0.0% |     4.5% |    57.7% |    78.9% |   100.0%
  Priority-Based (NDK)             |     0.0% |     2.4% |    64.2% |    74.2% |   100.0%
  NDK+Thompson (Priority) (seed=0, single run) |     0.0% |     4.8% |    59.4% |    80.9% |   100.0%

  EOSE-race simulation (stop after first EOSE + grace period):
  Algorithm                        |     +0ms |   +200ms |   +500ms |      +1s |      +2s
  ---------------------------------+----------+----------+----------+----------+---------
  Filter Decomposition (cap@20)    |     1.4% |    23.6% |    35.3% |    43.5% |    53.2%
  FD+Thompson (seed=0, single run) |     3.6% |     3.6% |     4.5% |    24.4% |    50.9%
  Priority-Based (NDK)             |     1.8% |     1.8% |     2.4% |    10.6% |    64.2%
  NDK+Thompson (Priority) (seed=0, single run) |     3.3% |     4.8% |     4.8% |     7.7% |    49.9%
  (First EOSE: Filter Decomposition (cap@20)=1.8s, FD+Thompson (seed=0, single run)=1.4s, Priority-Based (NDK)=1.4s, NDK+Thompson (Priority) (seed=0, single run)=1.4s)

  Profile-view latency (per-author outbox query, top 3 write relays):
    Authors simulated: 304 | Hit rate: 97.7%
    TTFE: 1.2s median, 1.2s mean, 2.1s p95
    Relays/profile: 2.9 queried, 2.0 with events, 0.01 timeouts

  Feed vs profile-view TTFE comparison:
  Algorithm                        |  Feed TTFE |  Profile TTFE |    Delta
  ---------------------------------+------------+---------------+---------
  Filter Decomposition (cap@20)    |      520ms |          1.2s |   +644ms
  FD+Thompson (seed=0, single run) |      520ms |          1.2s |   +644ms
  Priority-Based (NDK)             |      520ms |          1.2s |   +644ms
  NDK+Thompson (Priority) (seed=0, single run) |      520ms |          1.2s |   +644ms

  Including partial-baseline authors (304 testable authors, 54,095 baseline events):

  Algorithm                        |   Evt Recall |   Auth Recall
  ---------------------------------+--------------+--------------
  Filter Decomposition (cap@20)    |        26.2% |         63.2%
  FD+Thompson (seed=0, single run) |        24.6% |         68.8%
  Priority-Based (NDK)             |        24.7% |         79.6%
  NDK+Thompson (Priority) (seed=0, single run) |        22.0% |         71.1%
[relay-scores] Updated scores for fd-thompson: 20 relays, session 1
[relay-scores] Saved to .cache/relay_scores_0c9b1e9fef76c88b_31536000_fd-thompson.json

Thompson Sampling [fd-thompson] learning state:
  Session: 1
  Relays with observations: 20
  Mean prior α: 10.3, β: 24.2
  Relays with strong preference (α>5): 9
  Relays learned to avoid (β>5): 20
[relay-scores] Updated scores for ndk-thompson: 20 relays, session 1
[relay-scores] Saved to .cache/relay_scores_0c9b1e9fef76c88b_31536000_ndk-thompson.json

Thompson Sampling [ndk-thompson] learning state:
  Session: 1
  Relays with observations: 20
  Mean prior α: 9.4, β: 22.1
  Relays with strong preference (α>5): 5
  Relays learned to avoid (β>5): 13

JSON results written to: results/0c9b1e9fef76c88b_1772956712309.json
