[0m[32mTask[0m [0m[36mbench[0m deno run --allow-net --allow-read --allow-write main.ts "78b3c1ed0a53b072fcfb8cc2e2e09cad31c9bfec869d1c8745c343d55033eea9" "--algorithms" "rust-nostr,fd-thompson,ndk,ndk-thompson" "--verify" "--verify-window" "31536000" "--verify-concurrency" "10" "--no-phase2-cache" "--fast" "--output" "both"
Target: 78b3c1ed0a53b072...
Seed: 0 | Filter: strict | Runs: 3
Using cached data (fetched 2026-03-08T07:52:44.329Z)

=== Fetch Quality ===
Indexers: wss://purplepag.es (85 events, 1913ms), wss://relay.damus.io (37 events, 408ms), wss://nos.lol (54 events, 851ms)
Follows: 84 | With relay list: 54 (64.3%) | Missing: 30 (35.7%)
Filter profile: strict | Filtered URLs: 10 (10 known-bad)
Unique valid write relays: 108 | Seed: 0
[relay-scores] Loaded 31 relay priors (session 3, from 2026-03-08T08:23:49.556Z)

Thompson Sampling [fd-thompson]: loaded 31 relay priors (session 3)
[relay-scores] Loaded 28 relay priors (session 3, from 2026-03-08T08:23:49.567Z)

Thompson Sampling [ndk-thompson]: loaded 28 relay priors (session 3)

=== Regime A: Fixed 20 Connections ===
  Algorithm                      |  Relays |   Assign% |  Orphans |  Alg.Orph |  Avg/pk |   Gini |    HHI
  -------------------------------+---------+-----------+----------+-----------+---------+--------+-------
  Filter Decomposition (cap@20)  |      20 |     61.9% |       32 |         2 |     2.3 |   0.44 |  0.116
  FD+Thompson (cap@20)           |      20 |     58.7% (0.0sd) | 34.666666666666664 | 4.666666666666667 |     2.1 |   0.40 |  0.084
  Priority-Based (NDK)           |      13 |     64.3% |       30 |         0 |     2.0 |   0.66 |  0.244
  NDK+Thompson (Priority)        | 16.333333333333332 |     64.3% (0.0sd) |       30 |         0 |     2.0 |   0.58 |  0.150

=== Phase 2: Event Verification ===
Window: 31536000s | Kinds: 1 | Concurrency: 10
[baseline] Querying 108 relays for 54 authors (window: 31536000s)
[pool] CLOSED from wss://relay.getalby.com/v1: blocked: Request rejected
[pool] CLOSED from wss://filter.nostr.wine/npub1s5yq6wadwrxde4lhfs56gn64hwzuhnfa6r9mj476r5s4hkunzgzqrs6q7z: auth-required: please authenticate before sending REQs
[baseline] Progress: 50/108 relays queried
[pool] CLOSED from wss://filter.nostr.wine/npub1a3pvwe2p3v7mnjz6hle63r628wl9w567aw7u23fzqs062v5vqcqqu3sgh3: auth-required: please authenticate before sending REQs
[pool] CLOSED from wss://auth.nostr1.com: auth-required: you must auth
[baseline] Progress: 100/108 relays queried
[baseline] Progress: 108/108 relays queried
[phase2] Subscription timeouts (no EOSE): 3
[phase2] CLOSED messages received: 4
  wss://relay.getalby.com/v1: blocked: Request rejected
  wss://filter.nostr.wine/npub1s5yq6wadwrxde4lhfs56gn64hwzuhnfa6r9mj476r5s4hkunzgzqrs6q7z: auth-required: please authenticate before sending REQs
  wss://filter.nostr.wine/npub1a3pvwe2p3v7mnjz6hle63r628wl9w567aw7u23fzqs062v5vqcqqu3sgh3: auth-required: please authenticate before sending REQs
  wss://auth.nostr1.com: auth-required: you must auth

=== Phase 2: Event Verification (365d window) ===
Baseline: 108 relays queried (39.8% success), 34s
  Timing: connect 688ms median (1.5s p95) | query 1.0s median (2.3s p95) | 3 timeouts (3 relays)
  Authors: 54 with relay data
    Testable (reliable): 25 | Testable (partial): 5 | Zero events: 16 | Unreliable: 8
  Baseline events: 4,871 (mean 162.4/author, median 45)
  Events per (relay,pubkey) capped at: 10000

  Headline metrics (25 testable-reliable authors, 3,780 baseline events):

  Algorithm                        |   Evt Recall |   Auth Recall |  Relay OK% |     TTFE |      p50 |      p80 | Timeouts
  ---------------------------------+--------------+---------------+------------+----------+----------+----------+---------
  Filter Decomposition (cap@20)    |        47.8% |         80.0% |      60.0% |    869ms |     2.2s |     2.4s |        0
  FD+Thompson (seed=0, single run) |        43.3% |         76.0% |      65.0% |    869ms |     2.2s |     2.4s |        1
  Priority-Based (NDK)             |        14.3% |         80.0% |      53.8% |    869ms |     2.1s |     2.4s |        0
  NDK+Thompson (Priority) (seed=0, single run) |        43.3% |         80.0% |      52.6% |    869ms |     1.5s |     2.4s |        0

  Per-author recall distribution:
  Algorithm                        |   Median |  % at 0% |      p25 |      p75
  ---------------------------------+----------+----------+----------+---------
  Filter Decomposition (cap@20)    |    32.0% |    20.0% |     3.3% |   100.0%
  FD+Thompson (seed=0, single run) |   100.0% |    24.0% |     6.7% |   100.0%
  Priority-Based (NDK)             |    13.5% |    20.0% |     0.7% |    44.7%
  NDK+Thompson (Priority) (seed=0, single run) |    32.8% |    20.0% |     2.8% |   100.0%

  Latency simulation (parallel relay query):
  Algorithm                        |     TTFE |      p50 |      p80 |      Max |   TO |   TO Tax |   Relays |   Events
  ---------------------------------+----------+----------+----------+----------+------+----------+----------+---------
  Filter Decomposition (cap@20)    |    869ms |     2.2s |     2.4s |     3.3s |    0 |      0ms | 10/12/20 |    5,107
  FD+Thompson (seed=0, single run) |    869ms |     2.2s |     2.4s |    16.5s |    1 |    15.0s | 12/14/20 |    5,193
  Priority-Based (NDK)             |    869ms |     2.1s |     2.4s |     2.4s |    0 |      0ms |   7/7/13 |    3,095
  NDK+Thompson (Priority) (seed=0, single run) |    869ms |     1.5s |     2.4s |     2.8s |    0 |      0ms |  8/10/19 |    3,962
  (Relays: with-events/connected/total | TO Tax: ceil(timeouts/concurrency) × EOSE timeout)

  Progressive completeness (% of recall achieved by time):
  Algorithm                        |      @1s |      @2s |      @5s |     @10s |     @15s
  ---------------------------------+----------+----------+----------+----------+---------
  Filter Decomposition (cap@20)    |     0.0% |    44.0% |   100.0% |   100.0% |   100.0%
  FD+Thompson (seed=0, single run) |     0.0% |    45.5% |   100.0% |   100.0% |   100.0%
  Priority-Based (NDK)             |     0.2% |    61.9% |   100.0% |   100.0% |   100.0%
  NDK+Thompson (Priority) (seed=0, single run) |     0.1% |    54.2% |   100.0% |   100.0% |   100.0%

  EOSE-race simulation (stop after first EOSE + grace period):
  Algorithm                        |     +0ms |   +200ms |   +500ms |      +1s |      +2s
  ---------------------------------+----------+----------+----------+----------+---------
  Filter Decomposition (cap@20)    |     6.5% |    13.4% |    13.4% |    44.0% |    84.2%
  FD+Thompson (seed=0, single run) |     5.8% |     6.2% |     6.2% |    64.5% |   100.0%
  Priority-Based (NDK)             |     0.2% |    61.4% |    61.4% |    61.9% |   100.0%
  NDK+Thompson (Priority) (seed=0, single run) |     0.1% |     0.1% |     5.2% |    54.2% |   100.0%
  (First EOSE: Filter Decomposition (cap@20)=1.1s, FD+Thompson (seed=0, single run)=1.1s, Priority-Based (NDK)=920ms, NDK+Thompson (Priority) (seed=0, single run)=920ms)

  Profile-view latency (per-author outbox query, top 3 write relays):
    Authors simulated: 30 | Hit rate: 100.0%
    TTFE: 1.4s median, 1.3s mean, 1.8s p95
    Relays/profile: 3.0 queried, 1.9 with events, 0.03 timeouts

  Feed vs profile-view TTFE comparison:
  Algorithm                        |  Feed TTFE |  Profile TTFE |    Delta
  ---------------------------------+------------+---------------+---------
  Filter Decomposition (cap@20)    |      869ms |          1.4s |   +520ms
  FD+Thompson (seed=0, single run) |      869ms |          1.4s |   +520ms
  Priority-Based (NDK)             |      869ms |          1.4s |   +520ms
  NDK+Thompson (Priority) (seed=0, single run) |      869ms |          1.4s |   +520ms

  Including partial-baseline authors (30 testable authors, 4,871 baseline events):

  Algorithm                        |   Evt Recall |   Auth Recall
  ---------------------------------+--------------+--------------
  Filter Decomposition (cap@20)    |        48.1% |         73.3%
  FD+Thompson (seed=0, single run) |        53.8% |         73.3%
  Priority-Based (NDK)             |        16.8% |         80.0%
  NDK+Thompson (Priority) (seed=0, single run) |        39.3% |         80.0%
[relay-scores] Updated scores for fd-thompson: 32 relays, session 4
[relay-scores] Degrading relays (1): wss://nos.lol
[relay-scores] Saved to .cache/relay_scores_78b3c1ed0a53b072_31536000_fd-thompson.json

Thompson Sampling [fd-thompson] learning state:
  Session: 4
  Relays with observations: 32
  Mean prior α: 3.1, β: 5.9
  Relays with strong preference (α>5): 7
  Relays learned to avoid (β>5): 11
[relay-scores] Updated scores for ndk-thompson: 29 relays, session 4
[relay-scores] Degrading relays (2): wss://nostr.wine, wss://relay.damus.io
[relay-scores] Saved to .cache/relay_scores_78b3c1ed0a53b072_31536000_ndk-thompson.json

Thompson Sampling [ndk-thompson] learning state:
  Session: 4
  Relays with observations: 29
  Mean prior α: 2.9, β: 6.5
  Relays with strong preference (α>5): 3
  Relays learned to avoid (β>5): 9

JSON results written to: results/78b3c1ed0a53b072_1772959103668.json
