[0m[32mTask[0m [0m[36mbench[0m deno run --allow-net --allow-read --allow-write main.ts "78b3c1ed0a53b072fcfb8cc2e2e09cad31c9bfec869d1c8745c343d55033eea9" "--algorithms" "rust-nostr,fd-thompson,ndk,ndk-thompson" "--verify" "--verify-window" "31536000" "--verify-concurrency" "10" "--no-phase2-cache" "--fast" "--output" "both"
Target: 78b3c1ed0a53b072...
Seed: 0 | Filter: strict | Runs: 3
Using cached data (fetched 2026-03-08T07:52:44.329Z)

=== Fetch Quality ===
Indexers: wss://purplepag.es (85 events, 1913ms), wss://relay.damus.io (37 events, 408ms), wss://nos.lol (54 events, 851ms)
Follows: 84 | With relay list: 54 (64.3%) | Missing: 30 (35.7%)
Filter profile: strict | Filtered URLs: 10 (10 known-bad)
Unique valid write relays: 108 | Seed: 0
[relay-scores] Loaded 27 relay priors (session 2, from 2026-03-08T08:09:15.369Z)

Thompson Sampling [fd-thompson]: loaded 27 relay priors (session 2)
[relay-scores] Loaded 19 relay priors (session 2, from 2026-03-08T08:09:15.386Z)

Thompson Sampling [ndk-thompson]: loaded 19 relay priors (session 2)

=== Regime A: Fixed 20 Connections ===
  Algorithm                      |  Relays |   Assign% |  Orphans |  Alg.Orph |  Avg/pk |   Gini |    HHI
  -------------------------------+---------+-----------+----------+-----------+---------+--------+-------
  Filter Decomposition (cap@20)  |      20 |     61.9% |       32 |         2 |     2.3 |   0.44 |  0.116
  FD+Thompson (cap@20)           |      20 |     60.3% (0.0sd) | 33.333333333333336 | 3.3333333333333335 |     2.1 |   0.44 |  0.103
  Priority-Based (NDK)           |      13 |     64.3% |       30 |         0 |     2.0 |   0.66 |  0.244
  NDK+Thompson (Priority)        | 19.666666666666668 |     64.3% (0.0sd) |       30 |         0 |     2.0 |   0.56 |  0.127

=== Phase 2: Event Verification ===
Window: 31536000s | Kinds: 1 | Concurrency: 10
[baseline] Querying 108 relays for 54 authors (window: 31536000s)
[pool] CLOSED from wss://relay.getalby.com/v1: blocked: Request rejected
[pool] CLOSED from wss://filter.nostr.wine/npub1s5yq6wadwrxde4lhfs56gn64hwzuhnfa6r9mj476r5s4hkunzgzqrs6q7z: auth-required: please authenticate before sending REQs
[pool] CLOSED from wss://filter.nostr.wine/npub1a3pvwe2p3v7mnjz6hle63r628wl9w567aw7u23fzqs062v5vqcqqu3sgh3: auth-required: please authenticate before sending REQs
[baseline] Progress: 50/108 relays queried
[pool] CLOSED from wss://auth.nostr1.com: auth-required: you must auth
[baseline] Progress: 100/108 relays queried
[baseline] Progress: 108/108 relays queried
[phase2] Subscription timeouts (no EOSE): 4
[phase2] CLOSED messages received: 4
  wss://relay.getalby.com/v1: blocked: Request rejected
  wss://filter.nostr.wine/npub1s5yq6wadwrxde4lhfs56gn64hwzuhnfa6r9mj476r5s4hkunzgzqrs6q7z: auth-required: please authenticate before sending REQs
  wss://filter.nostr.wine/npub1a3pvwe2p3v7mnjz6hle63r628wl9w567aw7u23fzqs062v5vqcqqu3sgh3: auth-required: please authenticate before sending REQs
  wss://auth.nostr1.com: auth-required: you must auth

=== Phase 2: Event Verification (365d window) ===
Baseline: 108 relays queried (38.9% success), 36s
  Timing: connect 695ms median (1.4s p95) | query 1.1s median (15.2s p95) | 4 timeouts (4 relays)
  Authors: 54 with relay data
    Testable (reliable): 20 | Testable (partial): 10 | Zero events: 14 | Unreliable: 10
  Baseline events: 4,860 (mean 162.0/author, median 45)
  Events per (relay,pubkey) capped at: 10000

  Headline metrics (20 testable-reliable authors, 3,581 baseline events):

  Algorithm                        |   Evt Recall |   Auth Recall |  Relay OK% |     TTFE |      p50 |      p80 | Timeouts
  ---------------------------------+--------------+---------------+------------+----------+----------+----------+---------
  Filter Decomposition (cap@20)    |        46.0% |         75.0% |      55.0% |     1.3s |     2.2s |     2.6s |        0
  FD+Thompson (seed=0, single run) |        39.6% |         75.0% |      65.0% |    674ms |     2.1s |     2.5s |        0
  Priority-Based (NDK)             |        10.2% |         80.0% |      46.2% |     1.2s |     2.0s |     2.3s |        0
  NDK+Thompson (Priority) (seed=0, single run) |        42.8% |         70.0% |      60.0% |     1.2s |     2.2s |     2.8s |        2

  Per-author recall distribution:
  Algorithm                        |   Median |  % at 0% |      p25 |      p75
  ---------------------------------+----------+----------+----------+---------
  Filter Decomposition (cap@20)    |    26.3% |    25.0% |     0.0% |   100.0%
  FD+Thompson (seed=0, single run) |    32.1% |    25.0% |     0.0% |   100.0%
  Priority-Based (NDK)             |     9.0% |    20.0% |     0.5% |    23.9%
  NDK+Thompson (Priority) (seed=0, single run) |    24.1% |    30.0% |     0.0% |   100.0%

  Latency simulation (parallel relay query):
  Algorithm                        |     TTFE |      p50 |      p80 |      Max |   TO |   TO Tax |   Relays |   Events
  ---------------------------------+----------+----------+----------+----------+------+----------+----------+---------
  Filter Decomposition (cap@20)    |     1.3s |     2.2s |     2.6s |     3.2s |    0 |      0ms |  9/11/20 |    4,607
  FD+Thompson (seed=0, single run) |    674ms |     2.1s |     2.5s |     3.2s |    0 |      0ms | 11/13/20 |    4,571
  Priority-Based (NDK)             |     1.2s |     2.0s |     2.3s |     3.2s |    0 |      0ms |   6/6/13 |    2,594
  NDK+Thompson (Priority) (seed=0, single run) |     1.2s |     2.2s |     2.8s |    16.6s |    2 |    15.0s |  9/14/20 |    4,062
  (Relays: with-events/connected/total | TO Tax: ceil(timeouts/concurrency) × EOSE timeout)

  Progressive completeness (% of recall achieved by time):
  Algorithm                        |      @1s |      @2s |      @5s |     @10s |     @15s
  ---------------------------------+----------+----------+----------+----------+---------
  Filter Decomposition (cap@20)    |     0.0% |    63.0% |   100.0% |   100.0% |   100.0%
  FD+Thompson (seed=0, single run) |     0.5% |    62.1% |   100.0% |   100.0% |   100.0%
  Priority-Based (NDK)             |     0.0% |     0.7% |   100.0% |   100.0% |   100.0%
  NDK+Thompson (Priority) (seed=0, single run) |     0.0% |    48.2% |   100.0% |   100.0% |   100.0%

  EOSE-race simulation (stop after first EOSE + grace period):
  Algorithm                        |     +0ms |   +200ms |   +500ms |      +1s |      +2s
  ---------------------------------+----------+----------+----------+----------+---------
  Filter Decomposition (cap@20)    |    10.0% |    40.2% |    63.0% |    71.3% |   100.0%
  FD+Thompson (seed=0, single run) |     0.5% |     0.5% |     0.5% |    40.0% |    78.8%
  Priority-Based (NDK)             |     0.2% |     0.2% |     0.7% |     0.7% |   100.0%
  NDK+Thompson (Priority) (seed=0, single run) |     0.1% |     0.1% |    43.9% |    48.2% |   100.0%
  (First EOSE: Filter Decomposition (cap@20)=1.5s, FD+Thompson (seed=0, single run)=702ms, Priority-Based (NDK)=1.2s, NDK+Thompson (Priority) (seed=0, single run)=1.2s)

  Profile-view latency (per-author outbox query, top 3 write relays):
    Authors simulated: 30 | Hit rate: 90.0%
    TTFE: 1.6s median, 1.7s mean, 1.9s p95
    Relays/profile: 3.0 queried, 1.5 with events, 0.03 timeouts

  Feed vs profile-view TTFE comparison:
  Algorithm                        |  Feed TTFE |  Profile TTFE |    Delta
  ---------------------------------+------------+---------------+---------
  Filter Decomposition (cap@20)    |       1.3s |          1.6s |   +339ms
  FD+Thompson (seed=0, single run) |      674ms |          1.6s |   +968ms
  Priority-Based (NDK)             |       1.2s |          1.6s |   +460ms
  NDK+Thompson (Priority) (seed=0, single run) |       1.2s |          1.6s |   +460ms

  Including partial-baseline authors (30 testable authors, 4,860 baseline events):

  Algorithm                        |   Evt Recall |   Auth Recall
  ---------------------------------+--------------+--------------
  Filter Decomposition (cap@20)    |        45.0% |         66.7%
  FD+Thompson (seed=0, single run) |        49.9% |         76.7%
  Priority-Based (NDK)             |        16.5% |         80.0%
  NDK+Thompson (Priority) (seed=0, single run) |        48.6% |         76.7%
[relay-scores] Updated scores for fd-thompson: 31 relays, session 3
[relay-scores] Degrading relays (2): wss://nos.lol, wss://relay.damus.io
[relay-scores] Saved to .cache/relay_scores_78b3c1ed0a53b072_31536000_fd-thompson.json

Thompson Sampling [fd-thompson] learning state:
  Session: 3
  Relays with observations: 31
  Mean prior α: 2.4, β: 5.1
  Relays with strong preference (α>5): 4
  Relays learned to avoid (β>5): 8
[relay-scores] Updated scores for ndk-thompson: 28 relays, session 3
[relay-scores] Degrading relays (1): wss://nostr.wine
[relay-scores] Saved to .cache/relay_scores_78b3c1ed0a53b072_31536000_ndk-thompson.json

Thompson Sampling [ndk-thompson] learning state:
  Session: 3
  Relays with observations: 28
  Mean prior α: 2.4, β: 5.4
  Relays with strong preference (α>5): 3
  Relays learned to avoid (β>5): 9

JSON results written to: results/78b3c1ed0a53b072_1772958229572.json
