[0m[32mTask[0m [0m[36mbench[0m deno run --allow-net --allow-read --allow-write main.ts "78b3c1ed0a53b072fcfb8cc2e2e09cad31c9bfec869d1c8745c343d55033eea9" "--algorithms" "rust-nostr,fd-thompson,ndk,ndk-thompson" "--verify" "--verify-window" "31536000" "--verify-concurrency" "10" "--no-phase2-cache" "--fast" "--output" "both"
Target: 78b3c1ed0a53b072...
Seed: 0 | Filter: strict | Runs: 3
[fetch] Connecting to 3 indexer relays...
[fetch] wss://purplepag.es: connected (1913ms)
[fetch] wss://relay.damus.io: connected (408ms)
[fetch] wss://nos.lol: connected (851ms)
[fetch] Fetching kind 3 (contact list) for 78b3c1ed...
[fetch] 84 follows to fetch relay lists for
[fetch] Received 54 relay list events

=== Fetch Quality ===
Indexers: wss://purplepag.es (85 events, 1913ms), wss://relay.damus.io (37 events, 408ms), wss://nos.lol (54 events, 851ms)
Follows: 84 | With relay list: 54 (64.3%) | Missing: 30 (35.7%)
Filter profile: strict | Filtered URLs: 10 (10 known-bad)
Unique valid write relays: 108 | Seed: 0

=== Regime A: Fixed 20 Connections ===
  Algorithm                      |  Relays |   Assign% |  Orphans |  Alg.Orph |  Avg/pk |   Gini |    HHI
  -------------------------------+---------+-----------+----------+-----------+---------+--------+-------
  Filter Decomposition (cap@20)  |      20 |     61.9% |       32 |         2 |     2.3 |   0.44 |  0.116
  FD+Thompson (cap@20)           |      20 |     63.1% (0.0sd) |       31 |         1 |     2.3 |   0.44 |  0.088
  Priority-Based (NDK)           |      13 |     64.3% |       30 |         0 |     2.0 |   0.66 |  0.244
  NDK+Thompson (Priority)        |      14 |     64.3% (0.0sd) |       30 |         0 |     2.0 |   0.56 |  0.158

=== Phase 2: Event Verification ===
Window: 31536000s | Kinds: 1 | Concurrency: 10
[baseline] Querying 108 relays for 54 authors (window: 31536000s)
[pool] CLOSED from wss://relay.getalby.com/v1: blocked: Request rejected
[pool] CLOSED from wss://filter.nostr.wine/npub1s5yq6wadwrxde4lhfs56gn64hwzuhnfa6r9mj476r5s4hkunzgzqrs6q7z: auth-required: please authenticate before sending REQs
[baseline] Progress: 50/108 relays queried
[pool] CLOSED from wss://filter.nostr.wine/npub1a3pvwe2p3v7mnjz6hle63r628wl9w567aw7u23fzqs062v5vqcqqu3sgh3: auth-required: please authenticate before sending REQs
[pool] CLOSED from wss://auth.nostr1.com: auth-required: you must auth
[baseline] Progress: 100/108 relays queried
[baseline] Progress: 108/108 relays queried
[phase2] Subscription timeouts (no EOSE): 5
[phase2] CLOSED messages received: 4
  wss://relay.getalby.com/v1: blocked: Request rejected
  wss://filter.nostr.wine/npub1s5yq6wadwrxde4lhfs56gn64hwzuhnfa6r9mj476r5s4hkunzgzqrs6q7z: auth-required: please authenticate before sending REQs
  wss://filter.nostr.wine/npub1a3pvwe2p3v7mnjz6hle63r628wl9w567aw7u23fzqs062v5vqcqqu3sgh3: auth-required: please authenticate before sending REQs
  wss://auth.nostr1.com: auth-required: you must auth

=== Phase 2: Event Verification (365d window) ===
Baseline: 108 relays queried (37.0% success), 36s
  Timing: connect 641ms median (1.2s p95) | query 944ms median (15.7s p95) | 5 timeouts (5 relays)
  Authors: 54 with relay data
    Testable (reliable): 25 | Testable (partial): 5 | Zero events: 15 | Unreliable: 9
  Baseline events: 4,869 (mean 162.3/author, median 45)
  Events per (relay,pubkey) capped at: 10000

  Headline metrics (25 testable-reliable authors, 3,778 baseline events):

  Algorithm                        |   Evt Recall |   Auth Recall |  Relay OK% |     TTFE |      p50 |      p80 | Timeouts
  ---------------------------------+--------------+---------------+------------+----------+----------+----------+---------
  Filter Decomposition (cap@20)    |        47.9% |         80.0% |      60.0% |    725ms |     2.1s |     2.3s |        0
  FD+Thompson (seed=0, single run) |        23.4% |         84.0% |      60.0% |    725ms |     2.1s |     2.4s |        1
  Priority-Based (NDK)             |        14.2% |         80.0% |      53.8% |    725ms |     2.1s |     2.1s |        0
  NDK+Thompson (Priority) (seed=0, single run) |        18.2% |         92.0% |      46.2% |    725ms |     2.1s |     2.1s |        1

  Per-author recall distribution:
  Algorithm                        |   Median |  % at 0% |      p25 |      p75
  ---------------------------------+----------+----------+----------+---------
  Filter Decomposition (cap@20)    |    33.6% |    20.0% |     3.3% |   100.0%
  FD+Thompson (seed=0, single run) |    34.4% |    16.0% |    12.5% |   100.0%
  Priority-Based (NDK)             |    13.5% |    20.0% |     0.7% |    46.1%
  NDK+Thompson (Priority) (seed=0, single run) |    16.7% |     8.0% |     6.7% |   100.0%

  Latency simulation (parallel relay query):
  Algorithm                        |     TTFE |      p50 |      p80 |      Max |   TO |   TO Tax |   Relays |   Events
  ---------------------------------+----------+----------+----------+----------+------+----------+----------+---------
  Filter Decomposition (cap@20)    |    725ms |     2.1s |     2.3s |     3.1s |    0 |      0ms | 10/12/20 |    5,107
  FD+Thompson (seed=0, single run) |    725ms |     2.1s |     2.4s |    16.5s |    1 |    15.0s | 10/13/20 |    4,737
  Priority-Based (NDK)             |    725ms |     2.1s |     2.1s |     2.4s |    0 |      0ms |   7/7/13 |    3,092
  NDK+Thompson (Priority) (seed=0, single run) |    725ms |     2.1s |     2.1s |    15.7s |    1 |    15.0s |   6/7/13 |    2,962
  (Relays: with-events/connected/total | TO Tax: ceil(timeouts/concurrency) × EOSE timeout)

  Progressive completeness (% of recall achieved by time):
  Algorithm                        |      @1s |      @2s |      @5s |     @10s |     @15s
  ---------------------------------+----------+----------+----------+----------+---------
  Filter Decomposition (cap@20)    |     6.5% |    44.0% |   100.0% |   100.0% |   100.0%
  FD+Thompson (seed=0, single run) |    18.0% |    41.0% |   100.0% |   100.0% |   100.0%
  Priority-Based (NDK)             |    61.6% |    62.1% |   100.0% |   100.0% |   100.0%
  NDK+Thompson (Priority) (seed=0, single run) |     8.1% |    31.6% |   100.0% |   100.0% |   100.0%

  EOSE-race simulation (stop after first EOSE + grace period):
  Algorithm                        |     +0ms |   +200ms |   +500ms |      +1s |      +2s
  ---------------------------------+----------+----------+----------+----------+---------
  Filter Decomposition (cap@20)    |     6.5% |     6.5% |    34.0% |    44.0% |    95.8%
  FD+Thompson (seed=0, single run) |    18.0% |    18.0% |    19.3% |    41.0% |    88.6%
  Priority-Based (NDK)             |     0.2% |    61.6% |    61.6% |    62.1% |   100.0%
  NDK+Thompson (Priority) (seed=0, single run) |     0.2% |     8.1% |     8.1% |    31.6% |   100.0%
  (First EOSE: Filter Decomposition (cap@20)=887ms, FD+Thompson (seed=0, single run)=887ms, Priority-Based (NDK)=849ms, NDK+Thompson (Priority) (seed=0, single run)=849ms)

  Profile-view latency (per-author outbox query, top 3 write relays):
    Authors simulated: 30 | Hit rate: 100.0%
    TTFE: 1.2s median, 1.2s mean, 1.8s p95
    Relays/profile: 3.0 queried, 1.9 with events, 0.03 timeouts

  Feed vs profile-view TTFE comparison:
  Algorithm                        |  Feed TTFE |  Profile TTFE |    Delta
  ---------------------------------+------------+---------------+---------
  Filter Decomposition (cap@20)    |      725ms |          1.2s |   +491ms
  FD+Thompson (seed=0, single run) |      725ms |          1.2s |   +491ms
  Priority-Based (NDK)             |      725ms |          1.2s |   +491ms
  NDK+Thompson (Priority) (seed=0, single run) |      725ms |          1.2s |   +491ms

  Including partial-baseline authors (30 testable authors, 4,869 baseline events):

  Algorithm                        |   Evt Recall |   Auth Recall
  ---------------------------------+--------------+--------------
  Filter Decomposition (cap@20)    |        48.1% |         73.3%
  FD+Thompson (seed=0, single run) |        20.7% |         76.7%
  Priority-Based (NDK)             |        16.7% |         80.0%
  NDK+Thompson (Priority) (seed=0, single run) |        18.9% |         86.7%
[relay-scores] Updated scores for fd-thompson: 20 relays, session 1
[relay-scores] Saved to .cache/relay_scores_78b3c1ed0a53b072_31536000_fd-thompson.json

Thompson Sampling [fd-thompson] learning state:
  Session: 1
  Relays with observations: 20
  Mean prior α: 1.8, β: 3.7
  Relays with strong preference (α>5): 0
  Relays learned to avoid (β>5): 5
[relay-scores] Updated scores for ndk-thompson: 13 relays, session 1
[relay-scores] Saved to .cache/relay_scores_78b3c1ed0a53b072_31536000_ndk-thompson.json

Thompson Sampling [ndk-thompson] learning state:
  Session: 1
  Relays with observations: 13
  Mean prior α: 2.1, β: 4.5
  Relays with strong preference (α>5): 0
  Relays learned to avoid (β>5): 6

JSON results written to: results/78b3c1ed0a53b072_1772956400363.json
