[0m[32mTask[0m [0m[36mbench[0m deno run --allow-net --allow-read --allow-write main.ts "75f457569d7027f819de92e8bb13795c0febe9750dc3fb1b5c42aeb502d0841d" "--algorithms" "rust-nostr,fd-thompson,ndk,ndk-thompson" "--verify" "--verify-window" "31536000" "--verify-concurrency" "10" "--no-phase2-cache" "--fast" "--output" "both"
Target: 75f457569d7027f8...
Seed: 0 | Filter: strict | Runs: 3
[fetch] Connecting to 3 indexer relays...
[fetch] wss://purplepag.es: connected (1094ms)
[fetch] wss://relay.damus.io: connected (411ms)
[fetch] wss://nos.lol: connected (807ms)
[fetch] Fetching kind 3 (contact list) for 75f45756...
[fetch] 240 follows to fetch relay lists for
[fetch] Fetched relay lists: 200/240
[fetch] Received 191 relay list events

=== Fetch Quality ===
Indexers: wss://purplepag.es (0 events, 1094ms), wss://relay.damus.io (143 events, 411ms), wss://nos.lol (192 events, 807ms)
Follows: 240 | With relay list: 188 (78.3%) | Missing: 52 (21.7%) | Filtered-to-empty: 3
Filter profile: strict | Filtered URLs: 77 (3 localhost, 11 insecure ws, 1 IP-only, 61 known-bad, 1 malformed)
Unique valid write relays: 339 | Seed: 0
[relay-scores] Loaded 43 relay priors (session 4, from 2026-03-08T08:41:00.918Z)

Thompson Sampling [fd-thompson]: loaded 43 relay priors (session 4)
[relay-scores] Loaded 41 relay priors (session 4, from 2026-03-08T08:41:00.922Z)

Thompson Sampling [ndk-thompson]: loaded 41 relay priors (session 4)

=== Regime A: Fixed 20 Connections ===
  Algorithm                      |  Relays |   Assign% |  Orphans |  Alg.Orph |  Avg/pk |   Gini |    HHI
  -------------------------------+---------+-----------+----------+-----------+---------+--------+-------
  Filter Decomposition (cap@20)  |      20 |     74.6% |       61 |         9 |     2.2 |   0.49 |  0.129
  FD+Thompson (cap@20)           |      20 |     68.5% (0.0sd) | 75.66666666666667 | 23.666666666666668 |     2.0 |   0.49 |  0.100
  Priority-Based (NDK)           |      20 |     77.9% |       53 |         1 |     2.0 |   0.81 |  0.329
  NDK+Thompson (Priority)        |      20 |     77.5% (0.0sd) |       54 |         2 |     2.0 |   0.69 |  0.165

=== Phase 2: Event Verification ===
Window: 31536000s | Kinds: 1 | Concurrency: 10
[baseline] Querying 339 relays for 188 authors (window: 31536000s)
[pool] CLOSED from wss://bostr.erechorse.com: auth-required: authentication is required to perform this action.
[pool] CLOSED from wss://creatr.nostr.wine: auth-required: please authenticate before sending REQs
[pool] CLOSED from wss://inbox.nostr.wine: blocked: this relay does not store any of the kinds in this request
[baseline] Progress: 50/339 relays queried
[pool] CLOSED from wss://filter.nostr.wine/npub1tayk4al06es6wmwlvpy7kqgup54rdk54w0l7l789mq88xzfv0nzsl3q845: auth-required: please authenticate before sending REQs
[pool] CLOSED from wss://filter.nostr.wine/npub1hycynfhz23ardfmf9kgwfw4gpyqj2fsh24r2zuehg4x7lx4kn5cqsqv4y3: auth-required: please authenticate before sending REQs
[pool] CLOSED from wss://filter.nostr.wine/npub1csamkk8zu67zl9z4wkp90a462v53q775aqn5q6xzjdkxnkvcpd7srtz4x9: auth-required: please authenticate before sending REQs
[baseline] Progress: 100/339 relays queried
[pool] CLOSED from wss://aggr.nostr.land: auth-required: auth required for aggregator
[pool] CLOSED from wss://relay.getalby.com/v1: blocked: Request rejected
[pool] CLOSED from wss://filter.nostr.wine/npub12y8qp9hyuc3wnu580tm70tuhntp0mag8q2uu6aczzevrgng6dqkq5zt26q: auth-required: please authenticate before sending REQs
[pool] CLOSED from wss://filter.nostr.wine/npub1jw4e8qh6vmyq0n2tkupv7wlfu5h59luk98dcfedf03anh5ek5jkq936u57: auth-required: please authenticate before sending REQs
[pool] CLOSED from wss://filter.nostr.wine/npub12ftld459xqw7s7fqnxstzu7r74l5yagxztwcwmaqj4d24jgpj2csee3mx0: auth-required: please authenticate before sending REQs
[pool] CLOSED from wss://filter.nostr.wine/npub1k0jrarx8um0lyw3nmysn50539ky4k8p7gfgzgrsvn8d7lccx3d0s38dczd: auth-required: please authenticate before sending REQs
[pool] CLOSED from wss://sendit.nosflare.com: restricted: this relay does not accept REQs
[pool] CLOSED from wss://filter.nostr.wine/npub1l66wvfm7dxhd6wmvpukpjpyhvwtlxzu0qqajqxjfpr4rlfa8hl5qlkfr3q: auth-required: please authenticate before sending REQs
[baseline] Progress: 150/339 relays queried
[pool] CLOSED from wss://nostr.dbtc.link: auth-required: NIP-42 auth required
[pool] CLOSED from wss://greensoul.space: auth-required: only authenticated users can read from this relay
[pool] CLOSED from wss://filter.nostr.wine/npub1xv6axulxcx6mce5mfvfzpsy89r4gee3zuknulm45cqqpmyw7680q5pxea6: auth-required: please authenticate before sending REQs
[baseline] Progress: 200/339 relays queried
[pool] CLOSED from wss://filter.nostr.wine/npub10awzknjg5r5lajnr53438ndcyjylgqsrnrtq5grs495v42qc6awsj45ys7: auth-required: please authenticate before sending REQs
[pool] CLOSED from wss://filter.nostr.wine/npub1jz005en8k2rz0ug8wexw8s5gjhzxll73sydhg9wu4vplfrzykktsheh5z8: auth-required: please authenticate before sending REQs
[pool] CLOSED from wss://filter.nostr.wine/npub1jt3643ngake9xx0d68v8et00pvvf24la6ya3y0vz5xwk0lfpryys5vrezs: auth-required: please authenticate before sending REQs
[pool] CLOSED from wss://relay.nosflare.com: auth-required: authentication required to subscribe
[baseline] Progress: 250/339 relays queried
[pool] CLOSED from wss://hole.v0l.io: error: queries not allowed
[pool] CLOSED from wss://filter.nostr.wine/npub1s5yq6wadwrxde4lhfs56gn64hwzuhnfa6r9mj476r5s4hkunzgzqrs6q7z: auth-required: please authenticate before sending REQs
[pool] CLOSED from wss://filter.nostr.wine/npub1t0nyg64g5vwprva52wlcmt7fkdr07v5dr7s35raq9g0xgc0k4xcsedjgqv: auth-required: please authenticate before sending REQs
[pool] CLOSED from wss://filter.nostr.wine/npub1upmh82f2vy9z3k3qwj8amx9lkkhkjjcv45y9yfyqzfj4jj5czz9qhsg8fq: auth-required: please authenticate before sending REQs
[pool] CLOSED from wss://filter.nostr.wine/npub1dld9hn3gsgtkh7atl26s8gd49qfjjkpdw8ztap9mk4n7vhq60y0satfd8s: auth-required: please authenticate before sending REQs
[pool] CLOSED from wss://filter.nostr.wine/npub1lelkh3hhxw9hdwlcpk6q9t0xt9f7yze0y0nxazvzqjmre3p98x3sthkvyz: auth-required: please authenticate before sending REQs
[baseline] Progress: 300/339 relays queried
[pool] CLOSED from wss://relay.shawnyeager.com/private: auth-required: all requests must be authenticated
[pool] CLOSED from wss://relay.shawnyeager.com/chat: auth-required: all requests must be authenticated
[baseline] Progress: 339/339 relays queried
[phase2] Subscription timeouts (no EOSE): 9
[phase2] CLOSED messages received: 29
  wss://bostr.erechorse.com: auth-required: authentication is required to perform this action.
  wss://creatr.nostr.wine: auth-required: please authenticate before sending REQs
  wss://inbox.nostr.wine: blocked: this relay does not store any of the kinds in this request
  wss://filter.nostr.wine/npub1tayk4al06es6wmwlvpy7kqgup54rdk54w0l7l789mq88xzfv0nzsl3q845: auth-required: please authenticate before sending REQs
  wss://filter.nostr.wine/npub1hycynfhz23ardfmf9kgwfw4gpyqj2fsh24r2zuehg4x7lx4kn5cqsqv4y3: auth-required: please authenticate before sending REQs
  wss://filter.nostr.wine/npub1csamkk8zu67zl9z4wkp90a462v53q775aqn5q6xzjdkxnkvcpd7srtz4x9: auth-required: please authenticate before sending REQs
  wss://aggr.nostr.land: auth-required: auth required for aggregator
  wss://relay.getalby.com/v1: blocked: Request rejected
  wss://filter.nostr.wine/npub12y8qp9hyuc3wnu580tm70tuhntp0mag8q2uu6aczzevrgng6dqkq5zt26q: auth-required: please authenticate before sending REQs
  wss://filter.nostr.wine/npub1jw4e8qh6vmyq0n2tkupv7wlfu5h59luk98dcfedf03anh5ek5jkq936u57: auth-required: please authenticate before sending REQs

=== Phase 2: Event Verification (365d window) ===
Baseline: 339 relays queried (35.7% success), 1.1min
  Timing: connect 637ms median (1.3s p95) | query 1.0s median (15.5s p95) | 9 timeouts (9 relays)
  Authors: 188 with relay data
    Testable (reliable): 121 | Testable (partial): 9 | Zero events: 48 | Unreliable: 10
  Baseline events: 49,680 (mean 382.2/author, median 74)
  Events per (relay,pubkey) capped at: 10000

  Headline metrics (121 testable-reliable authors, 46,595 baseline events):

  Algorithm                        |   Evt Recall |   Auth Recall |  Relay OK% |     TTFE |      p50 |      p80 | Timeouts
  ---------------------------------+--------------+---------------+------------+----------+----------+----------+---------
  Filter Decomposition (cap@20)    |        18.1% |         81.0% |      85.0% |    777ms |     2.6s |     3.3s |        0
  FD+Thompson (seed=0, single run) |        16.7% |         75.2% |      85.0% |    777ms |     2.3s |     3.0s |        0
  Priority-Based (NDK)             |         9.2% |         81.0% |      75.0% |    777ms |     2.2s |     2.7s |        0
  NDK+Thompson (Priority) (seed=0, single run) |        16.1% |         82.6% |      70.0% |    777ms |     2.4s |     3.0s |        1

  Per-author recall distribution:
  Algorithm                        |   Median |  % at 0% |      p25 |      p75
  ---------------------------------+----------+----------+----------+---------
  Filter Decomposition (cap@20)    |    20.0% |    19.0% |     1.3% |   100.0%
  FD+Thompson (seed=0, single run) |    42.9% |    24.8% |     0.3% |   100.0%
  Priority-Based (NDK)             |    11.4% |    19.0% |     0.9% |    48.3%
  NDK+Thompson (Priority) (seed=0, single run) |    21.4% |    17.4% |     1.1% |    99.6%

  Latency simulation (parallel relay query):
  Algorithm                        |     TTFE |      p50 |      p80 |      Max |   TO |   TO Tax |   Relays |   Events
  ---------------------------------+----------+----------+----------+----------+------+----------+----------+---------
  Filter Decomposition (cap@20)    |    777ms |     2.6s |     3.3s |     4.6s |    0 |      0ms | 16/17/20 |   16,222
  FD+Thompson (seed=0, single run) |    777ms |     2.3s |     3.0s |     3.5s |    0 |      0ms | 16/18/20 |   16,072
  Priority-Based (NDK)             |    777ms |     2.2s |     2.7s |     3.5s |    0 |      0ms | 15/17/20 |   11,602
  NDK+Thompson (Priority) (seed=0, single run) |    777ms |     2.4s |     3.0s |    19.7s |    1 |    15.0s | 14/16/20 |   14,342
  (Relays: with-events/connected/total | TO Tax: ceil(timeouts/concurrency) × EOSE timeout)

  Progressive completeness (% of recall achieved by time):
  Algorithm                        |      @1s |      @2s |      @5s |     @10s |     @15s
  ---------------------------------+----------+----------+----------+----------+---------
  Filter Decomposition (cap@20)    |     0.0% |    60.9% |   100.0% |   100.0% |   100.0%
  FD+Thompson (seed=0, single run) |     0.0% |    72.2% |   100.0% |   100.0% |   100.0%
  Priority-Based (NDK)             |     0.0% |    72.1% |   100.0% |   100.0% |   100.0%
  NDK+Thompson (Priority) (seed=0, single run) |     0.0% |    79.1% |   100.0% |   100.0% |   100.0%

  EOSE-race simulation (stop after first EOSE + grace period):
  Algorithm                        |     +0ms |   +200ms |   +500ms |      +1s |      +2s
  ---------------------------------+----------+----------+----------+----------+---------
  Filter Decomposition (cap@20)    |     3.5% |    14.2% |    49.0% |    64.9% |    85.6%
  FD+Thompson (seed=0, single run) |     4.8% |    15.3% |    58.5% |    74.0% |    95.4%
  Priority-Based (NDK)             |     1.6% |     1.7% |    42.9% |    72.1% |    88.9%
  NDK+Thompson (Priority) (seed=0, single run) |     0.2% |     0.2% |    57.1% |    79.1% |    94.1%
  (First EOSE: Filter Decomposition (cap@20)=1.4s, FD+Thompson (seed=0, single run)=1.4s, Priority-Based (NDK)=1.1s, NDK+Thompson (Priority) (seed=0, single run)=1.2s)

  Profile-view latency (per-author outbox query, top 3 write relays):
    Authors simulated: 130 | Hit rate: 96.2%
    TTFE: 1.1s median, 1.1s mean, 1.9s p95
    Relays/profile: 2.9 queried, 2.2 with events, 0.05 timeouts

  Feed vs profile-view TTFE comparison:
  Algorithm                        |  Feed TTFE |  Profile TTFE |    Delta
  ---------------------------------+------------+---------------+---------
  Filter Decomposition (cap@20)    |      777ms |          1.1s |   +292ms
  FD+Thompson (seed=0, single run) |      777ms |          1.1s |   +292ms
  Priority-Based (NDK)             |      777ms |          1.1s |   +292ms
  NDK+Thompson (Priority) (seed=0, single run) |      777ms |          1.1s |   +292ms

  Including partial-baseline authors (130 testable authors, 49,680 baseline events):

  Algorithm                        |   Evt Recall |   Auth Recall
  ---------------------------------+--------------+--------------
  Filter Decomposition (cap@20)    |        17.8% |         79.2%
  FD+Thompson (seed=0, single run) |        16.8% |         73.1%
  Priority-Based (NDK)             |         9.8% |         80.8%
  NDK+Thompson (Priority) (seed=0, single run) |        16.1% |         83.1%
[relay-scores] Updated scores for fd-thompson: 50 relays, session 5
[relay-scores] Saved to .cache/relay_scores_75f457569d7027f8_31536000_fd-thompson.json

Thompson Sampling [fd-thompson] learning state:
  Session: 5
  Relays with observations: 50
  Mean prior α: 12.3, β: 20.3
  Relays with strong preference (α>5): 13
  Relays learned to avoid (β>5): 37
[relay-scores] Updated scores for ndk-thompson: 48 relays, session 5
[relay-scores] Saved to .cache/relay_scores_75f457569d7027f8_31536000_ndk-thompson.json

Thompson Sampling [ndk-thompson] learning state:
  Session: 5
  Relays with observations: 48
  Mean prior α: 12.7, β: 26.2
  Relays with strong preference (α>5): 10
  Relays learned to avoid (β>5): 25

JSON results written to: results/75f457569d7027f8_1772960204590.json
