[0m[32mTask[0m [0m[36mbench[0m deno run --allow-net --allow-read --allow-write main.ts "3bf0c63fcb93463407af97a5e5ee64fa883d107ef9e558472c4eb9aaaefa459d" "--algorithms" "greedy,greedy-thompson" "--verify" "--verify-window" "31536000" "--verify-concurrency" "10" "--nip66-filter" "liveness" "--no-phase2-cache" "--fast" "--output" "both"
Target: 3bf0c63fcb934634...
Seed: 0 | Filter: strict | Runs: 3
[fetch] Connecting to 3 indexer relays...
[fetch] wss://purplepag.es: connected (970ms)
[fetch] wss://relay.damus.io: connected (291ms)
[fetch] wss://nos.lol: connected (795ms)
[fetch] Fetching kind 3 (contact list) for 3bf0c63f...
[fetch] 196 follows to fetch relay lists for
[fetch] Received 154 relay list events

=== Fetch Quality ===
Indexers: wss://purplepag.es (197 events, 970ms), wss://relay.damus.io (123 events, 291ms), wss://nos.lol (154 events, 795ms)
Follows: 196 | With relay list: 151 (77.0%) | Missing: 45 (23.0%) | Filtered-to-empty: 3
Filter profile: strict | Filtered URLs: 34 (2 localhost, 3 insecure ws, 29 known-bad)
Unique valid write relays: 235 | Seed: 0
[nip66] Connecting to 3 relays for kind 30166 events...
[nip66] wss://relaypag.es: connected (1045ms)
[nip66] wss://relaypag.es: received 1000 kind 30166 + 0 kind 1066 events
[nip66] wss://relay.nostr.watch: connected (342ms)
[nip66] wss://relay.nostr.watch: received 3080 kind 30166 + 1920 kind 1066 events
[nip66] wss://monitorlizard.nostr1.com: connected (472ms)
[nip66] wss://monitorlizard.nostr1.com: received 5000 kind 30166 + 0 kind 1066 events
[nip66] Trying nostr.watch HTTP API fallback...
[nip66] HTTP API returned 957 online relays
[nip66] Fetched NIP-66 data for 1041 relays via Nostr + 27 via HTTP API (1068 total)

=== NIP-66 Liveness Filter (liveness) ===
Monitor data: 1068 relays
Candidate relays: 235
  Known alive: 138
  Unknown (removed): 97
  .onion preserved: 1
  Parse-failed preserved: 0
  Authors filtered to empty: 1
Relays after filter: 138

=== Regime A: Fixed 20 Connections ===
  Algorithm                      |  Relays |   Assign% |  Orphans |  Alg.Orph |  Avg/pk |   Gini |    HHI
  -------------------------------+---------+-----------+----------+-----------+---------+--------+-------
  Greedy Set-Cover               |      20 |     75.5% |       48 |         3 |     1.9 |   0.77 |  0.272
  Greedy+Thompson                |      20 |     75.3% (0.0sd) | 48.333333333333336 | 3.3333333333333335 |     1.9 |   0.77 |  0.260

=== Phase 2: Event Verification ===
Window: 31536000s | Kinds: 1 | Concurrency: 10
[baseline] Querying 138 relays for 150 authors (window: 31536000s)
[pool] CLOSED from wss://creatr.nostr.wine: auth-required: please authenticate before sending REQs
[pool] CLOSED from wss://greensoul.space: auth-required: only authenticated users can read from this relay
[pool] CLOSED from wss://relay.nosflare.com: auth-required: authentication required to subscribe
[pool] CLOSED from wss://sendit.nosflare.com: restricted: this relay does not accept REQs
[baseline] Progress: 50/138 relays queried
[pool] CLOSED from wss://aggr.nostr.land: auth-required: auth required for aggregator
[pool] CLOSED from wss://inbox.nostr.wine: blocked: this relay does not store any of the kinds in this request
[pool] CLOSED from wss://relay.getalby.com/v1: blocked: Request rejected
[pool] CLOSED from wss://hole.v0l.io: error: queries not allowed
[baseline] Progress: 100/138 relays queried
[pool] CLOSED from wss://relay.danieldaquino.me/private: auth-required: this query requires you to be authenticated
[baseline] Progress: 138/138 relays queried
[phase2] Subscription timeouts (no EOSE): 7
[phase2] CLOSED messages received: 9
  wss://creatr.nostr.wine: auth-required: please authenticate before sending REQs
  wss://greensoul.space: auth-required: only authenticated users can read from this relay
  wss://relay.nosflare.com: auth-required: authentication required to subscribe
  wss://sendit.nosflare.com: restricted: this relay does not accept REQs
  wss://aggr.nostr.land: auth-required: auth required for aggregator
  wss://inbox.nostr.wine: blocked: this relay does not store any of the kinds in this request
  wss://relay.getalby.com/v1: blocked: Request rejected
  wss://hole.v0l.io: error: queries not allowed
  wss://relay.danieldaquino.me/private: auth-required: this query requires you to be authenticated

=== Phase 2: Event Verification (365d window) ===
Baseline: 138 relays queried (85.5% success), 45s
  Timing: connect 800ms median (1.8s p95) | query 1.5s median (5.1s p95) | 7 timeouts (7 relays)
  Authors: 150 with relay data
    Testable (reliable): 118 | Testable (partial): 0 | Zero events: 32 | Unreliable: 0
  Baseline events: 38,551 (mean 326.7/author, median 63)
  Events per (relay,pubkey) capped at: 10000

  Headline metrics (118 testable-reliable authors, 38,551 baseline events):

  Algorithm                        |   Evt Recall |   Auth Recall |  Relay OK% |     TTFE |      p50 |      p80 | Timeouts
  ---------------------------------+--------------+---------------+------------+----------+----------+----------+---------
  Greedy Set-Cover                 |        27.8% |         76.3% |     100.0% |    605ms |     2.5s |     3.0s |        0
  Greedy+Thompson (seed=0, single run) |        27.6% |         77.1% |      95.0% |    605ms |     2.3s |     2.9s |        0

  Per-author recall distribution:
  Algorithm                        |   Median |  % at 0% |      p25 |      p75
  ---------------------------------+----------+----------+----------+---------
  Greedy Set-Cover                 |    11.0% |    23.7% |     0.8% |    97.0%
  Greedy+Thompson (seed=0, single run) |     8.7% |    22.9% |     0.6% |    91.3%

  Latency simulation (parallel relay query):
  Algorithm                        |     TTFE |      p50 |      p80 |      Max |   TO |   TO Tax |   Relays |   Events
  ---------------------------------+----------+----------+----------+----------+------+----------+----------+---------
  Greedy Set-Cover                 |    605ms |     2.5s |     3.0s |     4.5s |    0 |      0ms | 19/20/20 |   21,372
  Greedy+Thompson (seed=0, single run) |    605ms |     2.3s |     2.9s |     4.5s |    0 |      0ms | 18/20/20 |   20,393
  (Relays: with-events/connected/total | TO Tax: ceil(timeouts/concurrency) × EOSE timeout)

  Progressive completeness (% of recall achieved by time):
  Algorithm                        |      @1s |      @2s |      @5s |     @10s |     @15s
  ---------------------------------+----------+----------+----------+----------+---------
  Greedy Set-Cover                 |     0.0% |    26.8% |   100.0% |   100.0% |   100.0%
  Greedy+Thompson (seed=0, single run) |     0.0% |    33.8% |   100.0% |   100.0% |   100.0%

  EOSE-race simulation (stop after first EOSE + grace period):
  Algorithm                        |     +0ms |   +200ms |   +500ms |      +1s |      +2s
  ---------------------------------+----------+----------+----------+----------+---------
  Greedy Set-Cover                 |    14.0% |    14.0% |    15.6% |    26.8% |    95.0%
  Greedy+Thompson (seed=0, single run) |    14.1% |    14.3% |    18.5% |    34.1% |   100.0%
  (First EOSE: Greedy Set-Cover=1.1s, Greedy+Thompson (seed=0, single run)=1.1s)

  Profile-view latency (per-author outbox query, top 3 write relays):
    Authors simulated: 118 | Hit rate: 100.0%
    TTFE: 939ms median, 1.0s mean, 1.9s p95
    Relays/profile: 2.8 queried, 2.7 with events, 0.03 timeouts

  Feed vs profile-view TTFE comparison:
  Algorithm                        |  Feed TTFE |  Profile TTFE |    Delta
  ---------------------------------+------------+---------------+---------
  Greedy Set-Cover                 |      605ms |         939ms |   +334ms
  Greedy+Thompson (seed=0, single run) |      605ms |         939ms |   +334ms

=== NIP-66 RTT vs Measured Latency (131 relays, data age: 16min) ===
                             N   Spearman r      MAE    Bias    Top5   Top10   Top20
------------------------  ----  -----------  -------  ------  ------  ------  ------
rttOpen vs connect         131         0.08    882ms    0.8x    0.0%    0.0%   10.0%
rttRead vs query           114        -0.07     1.5s   10.5x    0.0%   10.0%   10.0%
(Bias = measured/nip66, >1 = NIP-66 underestimates. TopK = overlap of K fastest relays.)
Monitor: 9bbbb845e5b6..., 0b01aa38c2cc..., 9b85d54cc4bc..., 9ba0ce3dcc28..., 9ba1d7892cd0..., http-api..., b2c949c0fb79...

JSON results written to: results/3bf0c63fcb934634_1772946083023.json
