[0m[32mTask[0m [0m[36mbench[0m deno run --allow-net --allow-read --allow-write main.ts "6a0c596c1484eae2e8131a030f269944921e52619c1dd143a029c64ea6cd9731" "--algorithms" "greedy,greedy-thompson" "--verify" "--verify-window" "31536000" "--verify-concurrency" "10" "--nip66-filter" "liveness" "--no-phase2-cache" "--fast" "--output" "both"
Target: 6a0c596c1484eae2...
Seed: 0 | Filter: strict | Runs: 3
Using cached data (fetched 2026-03-08T04:27:35.408Z)

=== Fetch Quality ===
Indexers: wss://purplepag.es (0 events, 1120ms), wss://relay.damus.io (132 events, 449ms), wss://nos.lol (236 events, 811ms)
Follows: 399 | With relay list: 231 (57.9%) | Missing: 168 (42.1%) | Filtered-to-empty: 8
Filter profile: strict | Filtered URLs: 107 (6 localhost, 32 insecure ws, 7 IP-only, 55 known-bad, 7 malformed)
Unique valid write relays: 566 | Seed: 0
[nip66] Using cached monitor data (1068 relays)

=== NIP-66 Liveness Filter (liveness) ===
Monitor data: 1068 relays
Candidate relays: 566
  Known alive: 183
  Unknown (removed): 383
  .onion preserved: 18
  Parse-failed preserved: 0
  Authors filtered to empty: 2
Relays after filter: 183

=== Regime A: Fixed 20 Connections ===
  Algorithm                      |  Relays |   Assign% |  Orphans |  Alg.Orph |  Avg/pk |   Gini |    HHI
  -------------------------------+---------+-----------+----------+-----------+---------+--------+-------
  Greedy Set-Cover               |      20 |     56.9% |      172 |         4 |     1.9 |   0.79 |  0.263
  Greedy+Thompson                |      20 |     56.8% (0.0sd) | 172.33333333333334 | 4.333333333333333 |     1.9 |   0.77 |  0.237

=== Phase 2: Event Verification ===
Window: 31536000s | Kinds: 1 | Concurrency: 10
[baseline] Querying 183 relays for 229 authors (window: 31536000s)
[pool] CLOSED from wss://relay.nosflare.com: auth-required: authentication required to subscribe
[pool] CLOSED from wss://greensoul.space: auth-required: only authenticated users can read from this relay
[pool] CLOSED from wss://aggr.nostr.land: auth-required: auth required for aggregator
[baseline] Progress: 50/183 relays queried
[pool] CLOSED from wss://creatr.nostr.wine: auth-required: please authenticate before sending REQs
[baseline] Progress: 100/183 relays queried
[pool] CLOSED from wss://auth.nostr1.com: auth-required: you must auth
[pool] CLOSED from wss://wot.azzamo.net: rate-limited: there is a bug in the client, no one should be making so many requests
[pool] CLOSED from wss://relay.getalby.com/v1: blocked: Request rejected
[pool] CLOSED from wss://relay.nostraddress.com: auth-required: authentication required to subscribe
[pool] CLOSED from wss://relay.nsec.app: blocked: we only keep kind 24133 or 24135
[baseline] Progress: 150/183 relays queried
[pool] CLOSED from wss://impromptu.relays.land: auth-required: all requests must be authenticated
[baseline] Progress: 183/183 relays queried
[phase2] Subscription timeouts (no EOSE): 11
[phase2] CLOSED messages received: 10
  wss://relay.nosflare.com: auth-required: authentication required to subscribe
  wss://greensoul.space: auth-required: only authenticated users can read from this relay
  wss://aggr.nostr.land: auth-required: auth required for aggregator
  wss://creatr.nostr.wine: auth-required: please authenticate before sending REQs
  wss://auth.nostr1.com: auth-required: you must auth
  wss://wot.azzamo.net: rate-limited: there is a bug in the client, no one should be making so many requests
  wss://relay.getalby.com/v1: blocked: Request rejected
  wss://relay.nostraddress.com: auth-required: authentication required to subscribe
  wss://relay.nsec.app: blocked: we only keep kind 24133 or 24135
  wss://impromptu.relays.land: auth-required: all requests must be authenticated

=== Phase 2: Event Verification (365d window) ===
Baseline: 183 relays queried (77.6% success), 51s
  Timing: connect 716ms median (1.7s p95) | query 1.1s median (15.7s p95) | 11 timeouts (11 relays)
  Authors: 229 with relay data
    Testable (reliable): 105 | Testable (partial): 0 | Zero events: 121 | Unreliable: 3
  Baseline events: 28,797 (mean 274.3/author, median 46)
  Events per (relay,pubkey) capped at: 10000

  Headline metrics (105 testable-reliable authors, 28,797 baseline events):

  Algorithm                        |   Evt Recall |   Auth Recall |  Relay OK% |     TTFE |      p50 |      p80 | Timeouts
  ---------------------------------+--------------+---------------+------------+----------+----------+----------+---------
  Greedy Set-Cover                 |        14.5% |         85.7% |      95.0% |     1.2s |     4.3s |     9.4s |        0
  Greedy+Thompson (seed=0, single run) |        17.6% |         85.7% |     100.0% |    987ms |     3.1s |     8.9s |        0

  Per-author recall distribution:
  Algorithm                        |   Median |  % at 0% |      p25 |      p75
  ---------------------------------+----------+----------+----------+---------
  Greedy Set-Cover                 |    33.8% |    14.3% |     3.3% |   100.0%
  Greedy+Thompson (seed=0, single run) |    39.1% |    14.3% |     4.9% |   100.0%

  Latency simulation (parallel relay query):
  Algorithm                        |     TTFE |      p50 |      p80 |      Max |   TO |   TO Tax |   Relays |   Events
  ---------------------------------+----------+----------+----------+----------+------+----------+----------+---------
  Greedy Set-Cover                 |     1.2s |     4.3s |     9.4s |    10.8s |    0 |      0ms | 16/19/20 |   12,266
  Greedy+Thompson (seed=0, single run) |    987ms |     3.1s |     8.9s |     9.9s |    0 |      0ms | 17/20/20 |   12,263
  (Relays: with-events/connected/total | TO Tax: ceil(timeouts/concurrency) × EOSE timeout)

  Progressive completeness (% of recall achieved by time):
  Algorithm                        |      @1s |      @2s |      @5s |     @10s |     @15s
  ---------------------------------+----------+----------+----------+----------+---------
  Greedy Set-Cover                 |     0.0% |     4.2% |    15.3% |    99.7% |   100.0%
  Greedy+Thompson (seed=0, single run) |     0.0% |    12.9% |    46.2% |   100.0% |   100.0%

  EOSE-race simulation (stop after first EOSE + grace period):
  Algorithm                        |     +0ms |   +200ms |   +500ms |      +1s |      +2s
  ---------------------------------+----------+----------+----------+----------+---------
  Greedy Set-Cover                 |     3.8% |     4.2% |     4.2% |     8.7% |    15.3%
  Greedy+Thompson (seed=0, single run) |     0.3% |     0.3% |     3.2% |    12.9% |    16.6%
  (First EOSE: Greedy Set-Cover=1.5s, Greedy+Thompson (seed=0, single run)=1.1s)

  Profile-view latency (per-author outbox query, top 3 write relays):
    Authors simulated: 105 | Hit rate: 99.0%
    TTFE: 1.5s median, 1.6s mean, 1.9s p95
    Relays/profile: 2.8 queried, 2.6 with events, 0.02 timeouts

  Feed vs profile-view TTFE comparison:
  Algorithm                        |  Feed TTFE |  Profile TTFE |    Delta
  ---------------------------------+------------+---------------+---------
  Greedy Set-Cover                 |       1.2s |          1.5s |   +383ms
  Greedy+Thompson (seed=0, single run) |      987ms |          1.5s |   +546ms

=== NIP-66 RTT vs Measured Latency (162 relays, data age: 25min) ===
                             N   Spearman r      MAE    Bias    Top5   Top10   Top20
------------------------  ----  -----------  -------  ------  ------  ------  ------
rttOpen vs connect         162        -0.10    940ms    0.7x    0.0%    0.0%    0.0%
rttRead vs query           140        -0.08     1.5s    4.8x    0.0%    0.0%    0.0%
(Bias = measured/nip66, >1 = NIP-66 underestimates. TopK = overlap of K fastest relays.)
Monitor: 9bbbb845e5b6..., 0b01aa38c2cc..., 9b85d54cc4bc..., 9ba0ce3dcc28..., http-api...

JSON results written to: results/6a0c596c1484eae2_1772946652402.json
