[0m[32mTask[0m [0m[36mbench[0m deno run --allow-net --allow-read --allow-write main.ts "6a0c596c1484eae2e8131a030f269944921e52619c1dd143a029c64ea6cd9731" "--algorithms" "greedy,greedy-thompson" "--verify" "--verify-window" "31536000" "--verify-concurrency" "10" "--nip66-filter" "liveness" "--no-phase2-cache" "--fast" "--output" "both"
Target: 6a0c596c1484eae2...
Seed: 0 | Filter: strict | Runs: 3
Using cached data (fetched 2026-03-08T03:14:25.162Z)

=== Fetch Quality ===
Indexers: wss://purplepag.es (0 events, 1153ms), wss://relay.damus.io (132 events, 281ms), wss://nos.lol (236 events, 836ms)
Follows: 399 | With relay list: 231 (57.9%) | Missing: 168 (42.1%) | Filtered-to-empty: 8
Filter profile: strict | Filtered URLs: 107 (6 localhost, 32 insecure ws, 7 IP-only, 55 known-bad, 7 malformed)
Unique valid write relays: 566 | Seed: 0
[nip66] Using cached monitor data (1068 relays)

=== NIP-66 Liveness Filter (liveness) ===
Monitor data: 1068 relays
Candidate relays: 566
  Known alive: 183
  Unknown (removed): 383
  .onion preserved: 18
  Parse-failed preserved: 0
  Authors filtered to empty: 2
Relays after filter: 183

=== Regime A: Fixed 20 Connections ===
  Algorithm                      |  Relays |   Assign% |  Orphans |  Alg.Orph |  Avg/pk |   Gini |    HHI
  -------------------------------+---------+-----------+----------+-----------+---------+--------+-------
  Greedy Set-Cover               |      20 |     56.9% |      172 |         4 |     1.9 |   0.79 |  0.263
  Greedy+Thompson                |      20 |     56.8% (0.0sd) | 172.33333333333334 | 4.333333333333333 |     1.9 |   0.77 |  0.237

=== Phase 2: Event Verification ===
Window: 31536000s | Kinds: 1 | Concurrency: 10
[baseline] Querying 183 relays for 229 authors (window: 31536000s)
[pool] CLOSED from wss://relay.nosflare.com: auth-required: authentication required to subscribe
[pool] CLOSED from wss://greensoul.space: auth-required: only authenticated users can read from this relay
[pool] CLOSED from wss://aggr.nostr.land: auth-required: auth required for aggregator
[baseline] Progress: 50/183 relays queried
[pool] CLOSED from wss://creatr.nostr.wine: auth-required: please authenticate before sending REQs
[baseline] Progress: 100/183 relays queried
[pool] CLOSED from wss://auth.nostr1.com: auth-required: you must auth
[baseline] Progress: 150/183 relays queried
[pool] CLOSED from wss://impromptu.relays.land: auth-required: all requests must be authenticated
[baseline] Progress: 183/183 relays queried
[phase2] Subscription timeouts (no EOSE): 9
[phase2] CLOSED messages received: 6
  wss://relay.nosflare.com: auth-required: authentication required to subscribe
  wss://greensoul.space: auth-required: only authenticated users can read from this relay
  wss://aggr.nostr.land: auth-required: auth required for aggregator
  wss://creatr.nostr.wine: auth-required: please authenticate before sending REQs
  wss://auth.nostr1.com: auth-required: you must auth
  wss://impromptu.relays.land: auth-required: all requests must be authenticated

=== Phase 2: Event Verification (365d window) ===
Baseline: 183 relays queried (65.0% success), 36s
  Timing: connect 729ms median (1.4s p95) | query 1.1s median (15.7s p95) | 9 timeouts (9 relays)
  Authors: 229 with relay data
    Testable (reliable): 103 | Testable (partial): 1 | Zero events: 122 | Unreliable: 3
  Baseline events: 28,519 (mean 274.2/author, median 45)
  Events per (relay,pubkey) capped at: 10000

  Headline metrics (103 testable-reliable authors, 28,516 baseline events):

  Algorithm                        |   Evt Recall |   Auth Recall |  Relay OK% |     TTFE |      p50 |      p80 | Timeouts
  ---------------------------------+--------------+---------------+------------+----------+----------+----------+---------
  Greedy Set-Cover                 |        14.3% |         85.4% |      90.0% |     1.1s |     2.1s |     2.8s |        0
  Greedy+Thompson (seed=0, single run) |        17.4% |         85.4% |      95.0% |    788ms |     1.9s |     2.8s |        0

  Per-author recall distribution:
  Algorithm                        |   Median |  % at 0% |      p25 |      p75
  ---------------------------------+----------+----------+----------+---------
  Greedy Set-Cover                 |    42.8% |    14.6% |     3.3% |   100.0%
  Greedy+Thompson (seed=0, single run) |    44.4% |    14.6% |     4.9% |   100.0%

  Latency simulation (parallel relay query):
  Algorithm                        |     TTFE |      p50 |      p80 |      Max |   TO |   TO Tax |   Relays |   Events
  ---------------------------------+----------+----------+----------+----------+------+----------+----------+---------
  Greedy Set-Cover                 |     1.1s |     2.1s |     2.8s |     3.9s |    0 |      0ms | 15/18/20 |   12,159
  Greedy+Thompson (seed=0, single run) |    788ms |     1.9s |     2.8s |     3.9s |    0 |      0ms | 16/19/20 |   12,158
  (Relays: with-events/connected/total | TO Tax: ceil(timeouts/concurrency) × EOSE timeout)

  Progressive completeness (% of recall achieved by time):
  Algorithm                        |      @1s |      @2s |      @5s |     @10s |     @15s
  ---------------------------------+----------+----------+----------+----------+---------
  Greedy Set-Cover                 |     0.0% |    54.3% |   100.0% |   100.0% |   100.0%
  Greedy+Thompson (seed=0, single run) |     0.3% |    56.4% |   100.0% |   100.0% |   100.0%

  EOSE-race simulation (stop after first EOSE + grace period):
  Algorithm                        |     +0ms |   +200ms |   +500ms |      +1s |      +2s
  ---------------------------------+----------+----------+----------+----------+---------
  Greedy Set-Cover                 |     3.9% |     5.7% |    54.3% |    58.6% |    84.1%
  Greedy+Thompson (seed=0, single run) |     0.3% |     0.3% |     0.3% |    56.4% |    77.0%
  (First EOSE: Greedy Set-Cover=1.5s, Greedy+Thompson (seed=0, single run)=958ms)

  Profile-view latency (per-author outbox query, top 3 write relays):
    Authors simulated: 104 | Hit rate: 99.0%
    TTFE: 1.1s median, 1.3s mean, 1.8s p95
    Relays/profile: 2.8 queried, 2.5 with events, 0.02 timeouts

  Feed vs profile-view TTFE comparison:
  Algorithm                        |  Feed TTFE |  Profile TTFE |    Delta
  ---------------------------------+------------+---------------+---------
  Greedy Set-Cover                 |       1.1s |          1.1s |     +0ms
  Greedy+Thompson (seed=0, single run) |      788ms |          1.1s |   +344ms

  Including partial-baseline authors (104 testable authors, 28,519 baseline events):

  Algorithm                        |   Evt Recall |   Auth Recall
  ---------------------------------+--------------+--------------
  Greedy Set-Cover                 |        14.3% |         85.6%
  Greedy+Thompson (seed=0, single run) |        17.4% |         85.6%

=== NIP-66 RTT vs Measured Latency (134 relays, data age: 27min) ===
                             N   Spearman r      MAE    Bias    Top5   Top10   Top20
------------------------  ----  -----------  -------  ------  ------  ------  ------
rttOpen vs connect         134         0.12    661ms    1.0x    0.0%    0.0%   15.0%
rttRead vs query           121        -0.10     1.4s    9.9x    0.0%   10.0%    5.0%
(Bias = measured/nip66, >1 = NIP-66 underestimates. TopK = overlap of K fastest relays.)
Monitor: 63019a1fc7c4..., 9bbbb845e5b6..., 9ba6484003e8..., 9ba046db56b8..., b2c949c0fb79..., 0b01aa38c2cc..., 9ba1d7892cd0...

JSON results written to: results/6a0c596c1484eae2_1772943098308.json
