[0m[32mTask[0m [0m[36mbench[0m deno run --allow-net --allow-read --allow-write main.ts "97c70a44366a6535c145b333f973ea86dfdc2d7a99da618c40c64705ad98e322" "--algorithms" "greedy,greedy-thompson" "--verify" "--verify-window" "31536000" "--verify-concurrency" "10" "--nip66-filter" "liveness" "--no-phase2-cache" "--fast" "--output" "both"
Target: 97c70a44366a6535...
Seed: 0 | Filter: strict | Runs: 3
[fetch] Connecting to 3 indexer relays...
[fetch] wss://purplepag.es: connected (1183ms)
[fetch] wss://relay.damus.io: WebSocket error: NetworkError: failed to connect to WebSocket: Invalid status code 400 Bad Request
[fetch] wss://nos.lol: connected (750ms)
[fetch] Fetching kind 3 (contact list) for 97c70a44...
[fetch] 452 follows to fetch relay lists for
[fetch] Fetched relay lists: 200/452
[fetch] Fetched relay lists: 400/452
[fetch] Received 401 relay list events

=== Fetch Quality ===
Indexers: wss://purplepag.es (453 events, 1183ms), wss://relay.damus.io (0 events, 474ms, errors: WebSocket error: NetworkError: failed to connect to WebSocket: Invalid status code 400 Bad Request), wss://nos.lol (401 events, 750ms)
Follows: 452 | With relay list: 392 (86.7%) | Missing: 60 (13.3%) | Filtered-to-empty: 9
Filter profile: strict | Filtered URLs: 141 (6 localhost, 13 insecure ws, 8 IP-only, 114 known-bad)
Unique valid write relays: 481 | Seed: 0
[nip66] Using cached monitor data (1068 relays)

=== NIP-66 Liveness Filter (liveness) ===
Monitor data: 1068 relays
Candidate relays: 481
  Known alive: 252
  Unknown (removed): 229
  .onion preserved: 10
  Parse-failed preserved: 0
  Authors filtered to empty: 3
Relays after filter: 252

=== Regime A: Fixed 20 Connections ===
  Algorithm                      |  Relays |   Assign% |  Orphans |  Alg.Orph |  Avg/pk |   Gini |    HHI
  -------------------------------+---------+-----------+----------+-----------+---------+--------+-------
  Greedy Set-Cover               |      20 |     84.1% |       72 |        12 |     1.9 |   0.79 |  0.305
  Greedy+Thompson                |      20 |     84.6% (0.0sd) | 69.66666666666667 | 9.666666666666666 |     1.9 |   0.78 |  0.276

=== Phase 2: Event Verification ===
Window: 31536000s | Kinds: 1 | Concurrency: 10
[baseline] Querying 252 relays for 389 authors (window: 31536000s)
[pool] CLOSED from wss://hole.v0l.io: error: queries not allowed
[baseline] Progress: 50/252 relays queried
[pool] CLOSED from wss://relay.getalby.com/v1: blocked: Request rejected
[pool] CLOSED from wss://greensoul.space: auth-required: only authenticated users can read from this relay
[pool] CLOSED from wss://sendit.nosflare.com: restricted: this relay does not accept REQs
[baseline] Progress: 100/252 relays queried
[pool] CLOSED from wss://relay.shawnyeager.com/chat: auth-required: all requests must be authenticated
[pool] CLOSED from wss://auth.nostr1.com: auth-required: you must auth
[baseline] Progress: 150/252 relays queried
[pool] CLOSED from wss://aggr.nostr.land: auth-required: auth required for aggregator
[pool] CLOSED from wss://bostr.erechorse.com: auth-required: authentication is required to perform this action.
[pool] CLOSED from wss://relay.nsec.app: blocked: we only keep kind 24133 or 24135
[baseline] Progress: 200/252 relays queried
[pool] CLOSED from wss://relay.albylabs.com: blocked: Request rejected
[pool] CLOSED from wss://relay.danieldaquino.me/private: auth-required: this query requires you to be authenticated
[pool] CLOSED from wss://aplaceinthesun.nostr1.com: auth-required: you must auth
[baseline] Progress: 250/252 relays queried
[baseline] Progress: 252/252 relays queried
[phase2] Subscription timeouts (no EOSE): 14
[phase2] CLOSED messages received: 12
  wss://hole.v0l.io: error: queries not allowed
  wss://relay.getalby.com/v1: blocked: Request rejected
  wss://greensoul.space: auth-required: only authenticated users can read from this relay
  wss://sendit.nosflare.com: restricted: this relay does not accept REQs
  wss://relay.shawnyeager.com/chat: auth-required: all requests must be authenticated
  wss://auth.nostr1.com: auth-required: you must auth
  wss://aggr.nostr.land: auth-required: auth required for aggregator
  wss://bostr.erechorse.com: auth-required: authentication is required to perform this action.
  wss://relay.nsec.app: blocked: we only keep kind 24133 or 24135
  wss://relay.albylabs.com: blocked: Request rejected

=== Phase 2: Event Verification (365d window) ===
Baseline: 252 relays queried (70.2% success), 1.1min
  Timing: connect 731ms median (1.5s p95) | query 1.3s median (15.6s p95) | 14 timeouts (15 relays)
  Authors: 389 with relay data
    Testable (reliable): 261 | Testable (partial): 1 | Zero events: 125 | Unreliable: 2
  Baseline events: 57,935 (mean 221.1/author, median 52)
  Events per (relay,pubkey) capped at: 10000

  Headline metrics (261 testable-reliable authors, 57,934 baseline events):

  Algorithm                        |   Evt Recall |   Auth Recall |  Relay OK% |     TTFE |      p50 |      p80 | Timeouts
  ---------------------------------+--------------+---------------+------------+----------+----------+----------+---------
  Greedy Set-Cover                 |        17.3% |         81.6% |      90.0% |    659ms |     2.8s |     4.0s |        0
  Greedy+Thompson (seed=0, single run) |        18.1% |         82.0% |      95.0% |    659ms |     2.6s |     3.8s |        0

  Per-author recall distribution:
  Algorithm                        |   Median |  % at 0% |      p25 |      p75
  ---------------------------------+----------+----------+----------+---------
  Greedy Set-Cover                 |    20.5% |    18.4% |     2.0% |    89.5%
  Greedy+Thompson (seed=0, single run) |    25.0% |    18.0% |     2.7% |    95.9%

  Latency simulation (parallel relay query):
  Algorithm                        |     TTFE |      p50 |      p80 |      Max |   TO |   TO Tax |   Relays |   Events
  ---------------------------------+----------+----------+----------+----------+------+----------+----------+---------
  Greedy Set-Cover                 |    659ms |     2.8s |     4.0s |     7.2s |    0 |      0ms | 17/18/20 |   38,576
  Greedy+Thompson (seed=0, single run) |    659ms |     2.6s |     3.8s |     4.9s |    0 |      0ms | 18/19/20 |   39,826
  (Relays: with-events/connected/total | TO Tax: ceil(timeouts/concurrency) × EOSE timeout)

  Progressive completeness (% of recall achieved by time):
  Algorithm                        |      @1s |      @2s |      @5s |     @10s |     @15s
  ---------------------------------+----------+----------+----------+----------+---------
  Greedy Set-Cover                 |     0.0% |     1.6% |    99.8% |   100.0% |   100.0%
  Greedy+Thompson (seed=0, single run) |     0.0% |     2.1% |   100.0% |   100.0% |   100.0%

  EOSE-race simulation (stop after first EOSE + grace period):
  Algorithm                        |     +0ms |   +200ms |   +500ms |      +1s |      +2s
  ---------------------------------+----------+----------+----------+----------+---------
  Greedy Set-Cover                 |     0.2% |     0.2% |     0.2% |     9.7% |    32.0%
  Greedy+Thompson (seed=0, single run) |     0.2% |     0.2% |     0.2% |    11.9% |    37.2%
  (First EOSE: Greedy Set-Cover=1.3s, Greedy+Thompson (seed=0, single run)=1.3s)

  Profile-view latency (per-author outbox query, top 3 write relays):
    Authors simulated: 262 | Hit rate: 100.0%
    TTFE: 1.4s median, 1.5s mean, 2.3s p95
    Relays/profile: 2.9 queried, 2.6 with events, 0.02 timeouts

  Feed vs profile-view TTFE comparison:
  Algorithm                        |  Feed TTFE |  Profile TTFE |    Delta
  ---------------------------------+------------+---------------+---------
  Greedy Set-Cover                 |      659ms |          1.4s |   +760ms
  Greedy+Thompson (seed=0, single run) |      659ms |          1.4s |   +760ms

  Including partial-baseline authors (262 testable authors, 57,935 baseline events):

  Algorithm                        |   Evt Recall |   Auth Recall
  ---------------------------------+--------------+--------------
  Greedy Set-Cover                 |        17.3% |         81.7%
  Greedy+Thompson (seed=0, single run) |        18.1% |         82.1%

=== NIP-66 RTT vs Measured Latency (200 relays, data age: 18min) ===
                             N   Spearman r      MAE    Bias    Top5   Top10   Top20
------------------------  ----  -----------  -------  ------  ------  ------  ------
rttOpen vs connect         200        -0.10    899ms    0.7x    0.0%    0.0%   10.0%
rttRead vs query           176        -0.19     1.5s    6.5x    0.0%    0.0%    0.0%
(Bias = measured/nip66, >1 = NIP-66 underestimates. TopK = overlap of K fastest relays.)
Monitor: 9bbbb845e5b6..., 0b01aa38c2cc..., 9b85d54cc4bc..., 9ba0ce3dcc28..., http-api..., b2c949c0fb79..., 9ba1d7892cd0..., 63019a1fc7c4...

JSON results written to: results/97c70a44366a6535_1772946218555.json
