[0m[32mTask[0m [0m[36mbench[0m deno run --allow-net --allow-read --allow-write main.ts "97c70a44366a6535c145b333f973ea86dfdc2d7a99da618c40c64705ad98e322" "--algorithms" "greedy,greedy-thompson" "--verify" "--verify-window" "31536000" "--verify-concurrency" "10" "--nip66-filter" "liveness" "--no-phase2-cache" "--fast" "--output" "both"
Target: 97c70a44366a6535...
Seed: 0 | Filter: strict | Runs: 3
Using cached data (fetched 2026-03-08T04:00:40.644Z)

=== Fetch Quality ===
Indexers: wss://purplepag.es (0 events, 978ms), wss://relay.damus.io (298 events, 336ms), wss://nos.lol (401 events, 738ms)
Follows: 452 | With relay list: 393 (86.9%) | Missing: 59 (13.1%) | Filtered-to-empty: 9
Filter profile: strict | Filtered URLs: 140 (6 localhost, 13 insecure ws, 7 IP-only, 114 known-bad)
Unique valid write relays: 479 | Seed: 0
[nip66] Using cached monitor data (1068 relays)

=== NIP-66 Liveness Filter (liveness) ===
Monitor data: 1068 relays
Candidate relays: 479
  Known alive: 250
  Unknown (removed): 229
  .onion preserved: 10
  Parse-failed preserved: 0
  Authors filtered to empty: 3
Relays after filter: 250

=== Regime A: Fixed 20 Connections ===
  Algorithm                      |  Relays |   Assign% |  Orphans |  Alg.Orph |  Avg/pk |   Gini |    HHI
  -------------------------------+---------+-----------+----------+-----------+---------+--------+-------
  Greedy Set-Cover               |      20 |     84.3% |       71 |        12 |     1.9 |   0.79 |  0.306
  Greedy+Thompson                |      20 |     84.7% (0.0sd) | 69.33333333333333 | 10.333333333333334 |     1.9 |   0.77 |  0.243

=== Phase 2: Event Verification ===
Window: 31536000s | Kinds: 1 | Concurrency: 10
[baseline] Querying 250 relays for 390 authors (window: 31536000s)
[pool] CLOSED from wss://hole.v0l.io: error: queries not allowed
[baseline] Progress: 50/250 relays queried
[pool] CLOSED from wss://relay.getalby.com/v1: blocked: Request rejected
[pool] CLOSED from wss://greensoul.space: auth-required: only authenticated users can read from this relay
[pool] CLOSED from wss://sendit.nosflare.com: restricted: this relay does not accept REQs
[pool] CLOSED from wss://relay.nosflare.com: auth-required: authentication required to subscribe
[baseline] Progress: 100/250 relays queried
[pool] CLOSED from wss://creatr.nostr.wine: auth-required: please authenticate before sending REQs
[pool] CLOSED from wss://inbox.nostr.wine: blocked: this relay does not store any of the kinds in this request
[pool] CLOSED from wss://david.nostr1.com: auth-required: you must auth
[pool] CLOSED from wss://relay.shawnyeager.com/chat: auth-required: all requests must be authenticated
[pool] CLOSED from wss://auth.nostr1.com: auth-required: you must auth
[baseline] Progress: 150/250 relays queried
[pool] CLOSED from wss://bostr.erechorse.com: auth-required: authentication is required to perform this action.
[pool] CLOSED from wss://aggr.nostr.land: auth-required: auth required for aggregator
[pool] CLOSED from wss://relay.nsec.app: blocked: we only keep kind 24133 or 24135
[baseline] Progress: 200/250 relays queried
[pool] CLOSED from wss://relay.danieldaquino.me/private: auth-required: this query requires you to be authenticated
[pool] CLOSED from wss://relay.albylabs.com: blocked: Request rejected
[pool] CLOSED from wss://aplaceinthesun.nostr1.com: auth-required: you must auth
[baseline] Progress: 250/250 relays queried
[phase2] Subscription timeouts (no EOSE): 13
[phase2] CLOSED messages received: 16
  wss://hole.v0l.io: error: queries not allowed
  wss://relay.getalby.com/v1: blocked: Request rejected
  wss://greensoul.space: auth-required: only authenticated users can read from this relay
  wss://sendit.nosflare.com: restricted: this relay does not accept REQs
  wss://relay.nosflare.com: auth-required: authentication required to subscribe
  wss://creatr.nostr.wine: auth-required: please authenticate before sending REQs
  wss://inbox.nostr.wine: blocked: this relay does not store any of the kinds in this request
  wss://david.nostr1.com: auth-required: you must auth
  wss://relay.shawnyeager.com/chat: auth-required: all requests must be authenticated
  wss://auth.nostr1.com: auth-required: you must auth

=== Phase 2: Event Verification (365d window) ===
Baseline: 250 relays queried (78.8% success), 1.2min
  Timing: connect 795ms median (1.8s p95) | query 1.4s median (15.5s p95) | 13 timeouts (14 relays)
  Authors: 390 with relay data
    Testable (reliable): 264 | Testable (partial): 0 | Zero events: 125 | Unreliable: 1
  Baseline events: 62,584 (mean 237.1/author, median 58)
  Events per (relay,pubkey) capped at: 10000

  Headline metrics (264 testable-reliable authors, 62,584 baseline events):

  Algorithm                        |   Evt Recall |   Auth Recall |  Relay OK% |     TTFE |      p50 |      p80 | Timeouts
  ---------------------------------+--------------+---------------+------------+----------+----------+----------+---------
  Greedy Set-Cover                 |        16.5% |         81.4% |     100.0% |    999ms |     2.7s |     5.2s |        0
  Greedy+Thompson (seed=0, single run) |        18.2% |         83.0% |     100.0% |    999ms |     2.5s |     3.5s |        0

  Per-author recall distribution:
  Algorithm                        |   Median |  % at 0% |      p25 |      p75
  ---------------------------------+----------+----------+----------+---------
  Greedy Set-Cover                 |    18.6% |    18.6% |     1.7% |    89.5%
  Greedy+Thompson (seed=0, single run) |    23.0% |    17.0% |     2.1% |    95.2%

  Latency simulation (parallel relay query):
  Algorithm                        |     TTFE |      p50 |      p80 |      Max |   TO |   TO Tax |   Relays |   Events
  ---------------------------------+----------+----------+----------+----------+------+----------+----------+---------
  Greedy Set-Cover                 |    999ms |     2.7s |     5.2s |     8.8s |    0 |      0ms | 19/20/20 |   39,674
  Greedy+Thompson (seed=0, single run) |    999ms |     2.5s |     3.5s |     6.1s |    0 |      0ms | 19/20/20 |   33,989
  (Relays: with-events/connected/total | TO Tax: ceil(timeouts/concurrency) × EOSE timeout)

  Progressive completeness (% of recall achieved by time):
  Algorithm                        |      @1s |      @2s |      @5s |     @10s |     @15s
  ---------------------------------+----------+----------+----------+----------+---------
  Greedy Set-Cover                 |     0.0% |     1.6% |    75.0% |   100.0% |   100.0%
  Greedy+Thompson (seed=0, single run) |     0.0% |     1.5% |    76.8% |   100.0% |   100.0%

  EOSE-race simulation (stop after first EOSE + grace period):
  Algorithm                        |     +0ms |   +200ms |   +500ms |      +1s |      +2s
  ---------------------------------+----------+----------+----------+----------+---------
  Greedy Set-Cover                 |     0.2% |     0.2% |     0.2% |     3.1% |    59.7%
  Greedy+Thompson (seed=0, single run) |     0.3% |     0.3% |     0.3% |     3.8% |    54.8%
  (First EOSE: Greedy Set-Cover=1.2s, Greedy+Thompson (seed=0, single run)=1.2s)

  Profile-view latency (per-author outbox query, top 3 write relays):
    Authors simulated: 264 | Hit rate: 100.0%
    TTFE: 1.0s median, 1.2s mean, 1.8s p95
    Relays/profile: 2.9 queried, 2.7 with events, 0.02 timeouts

  Feed vs profile-view TTFE comparison:
  Algorithm                        |  Feed TTFE |  Profile TTFE |    Delta
  ---------------------------------+------------+---------------+---------
  Greedy Set-Cover                 |      999ms |          1.0s |     +1ms
  Greedy+Thompson (seed=0, single run) |      999ms |          1.0s |     +1ms

=== NIP-66 RTT vs Measured Latency (223 relays, data age: 34min) ===
                             N   Spearman r      MAE    Bias    Top5   Top10   Top20
------------------------  ----  -----------  -------  ------  ------  ------  ------
rttOpen vs connect         223         0.10    734ms    0.9x    0.0%    0.0%    5.0%
rttRead vs query           198         0.07     1.5s   11.4x    0.0%    0.0%   10.0%
(Bias = measured/nip66, >1 = NIP-66 underestimates. TopK = overlap of K fastest relays.)
Monitor: 9bbbb845e5b6..., 9ba6484003e8..., 0b01aa38c2cc..., 9ba046db56b8..., b2c949c0fb79..., 63019a1fc7c4..., http-api..., 9ba0ce3dcc28..., 9ba1d7892cd0..., 9b85d54cc4bc...

JSON results written to: results/97c70a44366a6535_1772943522862.json
