[0m[32mTask[0m [0m[36mbench[0m deno run --allow-net --allow-read --allow-write main.ts "97c70a44366a6535c145b333f973ea86dfdc2d7a99da618c40c64705ad98e322" "--algorithms" "greedy,greedy-thompson" "--verify" "--verify-window" "31536000" "--verify-concurrency" "10" "--nip66-filter" "liveness" "--no-phase2-cache" "--fast" "--output" "both"
Target: 97c70a44366a6535...
Seed: 0 | Filter: strict | Runs: 3
Using cached data (fetched 2026-03-08T04:00:40.644Z)

=== Fetch Quality ===
Indexers: wss://purplepag.es (0 events, 978ms), wss://relay.damus.io (298 events, 336ms), wss://nos.lol (401 events, 738ms)
Follows: 452 | With relay list: 393 (86.9%) | Missing: 59 (13.1%) | Filtered-to-empty: 9
Filter profile: strict | Filtered URLs: 140 (6 localhost, 13 insecure ws, 7 IP-only, 114 known-bad)
Unique valid write relays: 479 | Seed: 0
[nip66] Using cached monitor data (1068 relays)

=== NIP-66 Liveness Filter (liveness) ===
Monitor data: 1068 relays
Candidate relays: 479
  Known alive: 250
  Unknown (removed): 229
  .onion preserved: 10
  Parse-failed preserved: 0
  Authors filtered to empty: 3
Relays after filter: 250

=== Regime A: Fixed 20 Connections ===
  Algorithm                      |  Relays |   Assign% |  Orphans |  Alg.Orph |  Avg/pk |   Gini |    HHI
  -------------------------------+---------+-----------+----------+-----------+---------+--------+-------
  Greedy Set-Cover               |      20 |     84.3% |       71 |        12 |     1.9 |   0.79 |  0.306
  Greedy+Thompson                |      20 |     84.7% (0.0sd) | 69.33333333333333 | 10.333333333333334 |     1.9 |   0.77 |  0.243

=== Phase 2: Event Verification ===
Window: 31536000s | Kinds: 1 | Concurrency: 10
[baseline] Querying 250 relays for 390 authors (window: 31536000s)
[pool] CLOSED from wss://hole.v0l.io: error: queries not allowed
[pool] CLOSED from wss://relay.getalby.com/v1: blocked: Request rejected
[baseline] Progress: 50/250 relays queried
[pool] CLOSED from wss://greensoul.space: auth-required: only authenticated users can read from this relay
[pool] CLOSED from wss://sendit.nosflare.com: restricted: this relay does not accept REQs
[pool] CLOSED from wss://wheat.happytavern.co: rate-limited: REQ rate limit exceeded
[pool] CLOSED from wss://relay.nosflare.com: auth-required: authentication required to subscribe
[baseline] Progress: 100/250 relays queried
[pool] CLOSED from wss://creatr.nostr.wine: auth-required: please authenticate before sending REQs
[pool] CLOSED from wss://inbox.nostr.wine: blocked: this relay does not store any of the kinds in this request
[pool] CLOSED from wss://david.nostr1.com: auth-required: you must auth
[pool] CLOSED from wss://relay.shawnyeager.com/chat: auth-required: all requests must be authenticated
[pool] CLOSED from wss://auth.nostr1.com: auth-required: you must auth
[baseline] Progress: 150/250 relays queried
[pool] CLOSED from wss://aggr.nostr.land: auth-required: auth required for aggregator
[pool] CLOSED from wss://bostr.erechorse.com: auth-required: authentication is required to perform this action.
[pool] CLOSED from wss://relay.nsec.app: blocked: we only keep kind 24133 or 24135
[baseline] Progress: 200/250 relays queried
[pool] CLOSED from wss://relay.danieldaquino.me/private: auth-required: this query requires you to be authenticated
[pool] CLOSED from wss://relay.albylabs.com: blocked: Request rejected
[pool] CLOSED from wss://aplaceinthesun.nostr1.com: auth-required: you must auth
[baseline] Progress: 250/250 relays queried
[phase2] Subscription timeouts (no EOSE): 15
[phase2] CLOSED messages received: 17
  wss://hole.v0l.io: error: queries not allowed
  wss://relay.getalby.com/v1: blocked: Request rejected
  wss://greensoul.space: auth-required: only authenticated users can read from this relay
  wss://sendit.nosflare.com: restricted: this relay does not accept REQs
  wss://wheat.happytavern.co: rate-limited: REQ rate limit exceeded
  wss://relay.nosflare.com: auth-required: authentication required to subscribe
  wss://creatr.nostr.wine: auth-required: please authenticate before sending REQs
  wss://inbox.nostr.wine: blocked: this relay does not store any of the kinds in this request
  wss://david.nostr1.com: auth-required: you must auth
  wss://relay.shawnyeager.com/chat: auth-required: all requests must be authenticated

=== Phase 2: Event Verification (365d window) ===
Baseline: 250 relays queried (80.4% success), 1.1min
  Timing: connect 703ms median (1.8s p95) | query 1.3s median (15.6s p95) | 15 timeouts (15 relays)
  Authors: 390 with relay data
    Testable (reliable): 265 | Testable (partial): 0 | Zero events: 124 | Unreliable: 1
  Baseline events: 62,510 (mean 235.9/author, median 63)
  Events per (relay,pubkey) capped at: 10000

  Headline metrics (265 testable-reliable authors, 62,510 baseline events):

  Algorithm                        |   Evt Recall |   Auth Recall |  Relay OK% |     TTFE |      p50 |      p80 | Timeouts
  ---------------------------------+--------------+---------------+------------+----------+----------+----------+---------
  Greedy Set-Cover                 |        16.5% |         80.4% |      95.0% |    754ms |     3.1s |     4.5s |        1
  Greedy+Thompson (seed=0, single run) |        18.2% |         82.6% |     100.0% |    754ms |     3.1s |     4.2s |        0

  Per-author recall distribution:
  Algorithm                        |   Median |  % at 0% |      p25 |      p75
  ---------------------------------+----------+----------+----------+---------
  Greedy Set-Cover                 |    17.5% |    19.6% |     1.3% |    85.9%
  Greedy+Thompson (seed=0, single run) |    22.0% |    17.4% |     2.1% |    95.2%

  Latency simulation (parallel relay query):
  Algorithm                        |     TTFE |      p50 |      p80 |      Max |   TO |   TO Tax |   Relays |   Events
  ---------------------------------+----------+----------+----------+----------+------+----------+----------+---------
  Greedy Set-Cover                 |    754ms |     3.1s |     4.5s |    22.0s |    1 |    15.0s | 18/20/20 |   39,424
  Greedy+Thompson (seed=0, single run) |    754ms |     3.1s |     4.2s |     7.1s |    0 |      0ms | 19/20/20 |   33,989
  (Relays: with-events/connected/total | TO Tax: ceil(timeouts/concurrency) × EOSE timeout)

  Progressive completeness (% of recall achieved by time):
  Algorithm                        |      @1s |      @2s |      @5s |     @10s |     @15s
  ---------------------------------+----------+----------+----------+----------+---------
  Greedy Set-Cover                 |     0.0% |     1.9% |    70.1% |   100.0% |   100.0%
  Greedy+Thompson (seed=0, single run) |     0.0% |     1.1% |    59.9% |   100.0% |   100.0%

  EOSE-race simulation (stop after first EOSE + grace period):
  Algorithm                        |     +0ms |   +200ms |   +500ms |      +1s |      +2s
  ---------------------------------+----------+----------+----------+----------+---------
  Greedy Set-Cover                 |     1.7% |     1.7% |     1.9% |     9.7% |    23.1%
  Greedy+Thompson (seed=0, single run) |     0.3% |     0.3% |     8.2% |     8.3% |    25.4%
  (First EOSE: Greedy Set-Cover=1.2s, Greedy+Thompson (seed=0, single run)=1.7s)

  Profile-view latency (per-author outbox query, top 3 write relays):
    Authors simulated: 265 | Hit rate: 100.0%
    TTFE: 754ms median, 1.1s mean, 2.2s p95
    Relays/profile: 2.9 queried, 2.6 with events, 0.05 timeouts

  Feed vs profile-view TTFE comparison:
  Algorithm                        |  Feed TTFE |  Profile TTFE |    Delta
  ---------------------------------+------------+---------------+---------
  Greedy Set-Cover                 |      754ms |         754ms |     +0ms
  Greedy+Thompson (seed=0, single run) |      754ms |         754ms |     +0ms

=== NIP-66 RTT vs Measured Latency (229 relays, data age: 50min) ===
                             N   Spearman r      MAE    Bias    Top5   Top10   Top20
------------------------  ----  -----------  -------  ------  ------  ------  ------
rttOpen vs connect         229         0.14    711ms    0.9x    0.0%    0.0%    5.0%
rttRead vs query           203         0.01     1.4s    8.1x   20.0%   10.0%    5.0%
(Bias = measured/nip66, >1 = NIP-66 underestimates. TopK = overlap of K fastest relays.)
Monitor: 9bbbb845e5b6..., 0b01aa38c2cc..., 9ba046db56b8..., 9ba6484003e8..., 63019a1fc7c4..., b2c949c0fb79..., http-api..., 9ba0ce3dcc28..., 9bb7cd94d7b6..., 9ba1d7892cd0..., 9b85d54cc4bc...

JSON results written to: results/97c70a44366a6535_1772944516204.json
