[0m[32mTask[0m [0m[36mbench[0m deno run --allow-net --allow-read --allow-write main.ts "32e1827635450ebb3c5a7d12c1f8e7b2b514439ac10a67eef3d9fd9c5c68e245" "--algorithms" "greedy,greedy-thompson" "--verify" "--verify-window" "31536000" "--verify-concurrency" "10" "--nip66-filter" "liveness" "--no-phase2-cache" "--fast" "--output" "both"
Target: 32e1827635450ebb...
Seed: 0 | Filter: strict | Runs: 3
Using cached data (fetched 2026-03-08T03:04:30.318Z)

=== Fetch Quality ===
Indexers: wss://purplepag.es (0 events, 1303ms), wss://relay.damus.io (453 events, 295ms), wss://nos.lol (659 events, 761ms)
Follows: 908 | With relay list: 647 (71.3%) | Missing: 261 (28.7%) | Filtered-to-empty: 13
Filter profile: strict | Filtered URLs: 238 (6 localhost, 33 insecure ws, 6 IP-only, 191 known-bad, 2 malformed)
Unique valid write relays: 726 | Seed: 0
[nip66] Using cached monitor data (1068 relays)

=== NIP-66 Liveness Filter (liveness) ===
Monitor data: 1068 relays
Candidate relays: 726
  Known alive: 296
  Unknown (removed): 430
  .onion preserved: 12
  Parse-failed preserved: 0
  Authors filtered to empty: 1
Relays after filter: 296

=== Regime A: Fixed 20 Connections ===
  Algorithm                      |  Relays |   Assign% |  Orphans |  Alg.Orph |  Avg/pk |   Gini |    HHI
  -------------------------------+---------+-----------+----------+-----------+---------+--------+-------
  Greedy Set-Cover               |      20 |     70.3% |      270 |         9 |     1.9 |   0.81 |  0.322
  Greedy+Thompson                |      20 |     70.3% (0.0sd) | 269.3333333333333 | 8.333333333333334 |     1.9 |   0.78 |  0.259

=== Phase 2: Event Verification ===
Window: 31536000s | Kinds: 1 | Concurrency: 10
[baseline] Querying 296 relays for 646 authors (window: 31536000s)
[pool] CLOSED from wss://aggr.nostr.land: auth-required: auth required for aggregator
[pool] CLOSED from wss://relay.shawnyeager.com/chat: auth-required: all requests must be authenticated
[pool] CLOSED from wss://relay.nosflare.com: auth-required: authentication required to subscribe
[pool] CLOSED from wss://greensoul.space: auth-required: only authenticated users can read from this relay
[pool] CLOSED from wss://relay.getalby.com/v1: blocked: Request rejected
[baseline] Progress: 50/296 relays queried
[pool] CLOSED from wss://relay.usefusion.ai: restricted: only kind 4 (DM) queries are allowed
[pool] CLOSED from wss://creatr.nostr.wine: auth-required: please authenticate before sending REQs
[pool] CLOSED from wss://inbox.nostr.wine: blocked: this relay does not store any of the kinds in this request
[pool] CLOSED from wss://sendit.nosflare.com: restricted: this relay does not accept REQs
[baseline] Progress: 100/296 relays queried
[pool] CLOSED from wss://nostr.dbtc.link: auth-required: NIP-42 auth required
[pool] CLOSED from wss://hole.v0l.io: error: queries not allowed
[pool] CLOSED from wss://auth.nostr1.com: auth-required: you must auth
[baseline] Progress: 150/296 relays queried
[pool] CLOSED from wss://relay.albylabs.com: blocked: Request rejected
[baseline] Progress: 200/296 relays queried
[pool] CLOSED from wss://relay.danieldaquino.me/private: auth-required: this query requires you to be authenticated
[pool] CLOSED from wss://impromptu.relays.land: auth-required: all requests must be authenticated
[pool] CLOSED from wss://pantry.zap.cooking: auth-required: please authenticate
[pool] CLOSED from wss://nortis.nostr1.com: auth-required: you must auth
[pool] CLOSED from wss://relay.nsec.app: blocked: we only keep kind 24133 or 24135
[baseline] Progress: 250/296 relays queried
[pool] CLOSED from wss://wot.azzamo.net: rate-limited: there is a bug in the client, no one should be making so many requests
[pool] CLOSED from wss://wheat.happytavern.co: rate-limited: REQ rate limit exceeded
[pool] CLOSED from wss://david.nostr1.com: auth-required: you must auth
[baseline] Progress: 296/296 relays queried
[phase2] Subscription timeouts (no EOSE): 19
[phase2] CLOSED messages received: 21
  wss://aggr.nostr.land: auth-required: auth required for aggregator
  wss://relay.shawnyeager.com/chat: auth-required: all requests must be authenticated
  wss://relay.nosflare.com: auth-required: authentication required to subscribe
  wss://greensoul.space: auth-required: only authenticated users can read from this relay
  wss://relay.getalby.com/v1: blocked: Request rejected
  wss://relay.usefusion.ai: restricted: only kind 4 (DM) queries are allowed
  wss://creatr.nostr.wine: auth-required: please authenticate before sending REQs
  wss://inbox.nostr.wine: blocked: this relay does not store any of the kinds in this request
  wss://sendit.nosflare.com: restricted: this relay does not accept REQs
  wss://nostr.dbtc.link: auth-required: NIP-42 auth required

=== Phase 2: Event Verification (365d window) ===
Baseline: 296 relays queried (81.1% success), 1.4min
  Timing: connect 718ms median (1.9s p95) | query 1.3s median (15.7s p95) | 19 timeouts (20 relays)
  Authors: 646 with relay data
    Testable (reliable): 430 | Testable (partial): 0 | Zero events: 216 | Unreliable: 0
  Baseline events: 77,070 (mean 179.2/author, median 30)
  Events per (relay,pubkey) capped at: 10000

  Headline metrics (430 testable-reliable authors, 77,070 baseline events):

  Algorithm                        |   Evt Recall |   Auth Recall |  Relay OK% |     TTFE |      p50 |      p80 | Timeouts
  ---------------------------------+--------------+---------------+------------+----------+----------+----------+---------
  Greedy Set-Cover                 |        20.1% |         78.1% |      95.0% |    743ms |     3.8s |     7.2s |        0
  Greedy+Thompson (seed=0, single run) |        20.0% |         79.5% |     100.0% |    743ms |     4.0s |     7.2s |        0

  Per-author recall distribution:
  Algorithm                        |   Median |  % at 0% |      p25 |      p75
  ---------------------------------+----------+----------+----------+---------
  Greedy Set-Cover                 |    20.4% |    21.9% |     1.3% |    99.0%
  Greedy+Thompson (seed=0, single run) |    29.0% |    20.5% |     2.0% |   100.0%

  Latency simulation (parallel relay query):
  Algorithm                        |     TTFE |      p50 |      p80 |      Max |   TO |   TO Tax |   Relays |   Events
  ---------------------------------+----------+----------+----------+----------+------+----------+----------+---------
  Greedy Set-Cover                 |    743ms |     3.8s |     7.2s |    11.8s |    0 |      0ms | 17/20/20 |   46,340
  Greedy+Thompson (seed=0, single run) |    743ms |     4.0s |     7.2s |    11.8s |    0 |      0ms | 18/20/20 |   45,986
  (Relays: with-events/connected/total | TO Tax: ceil(timeouts/concurrency) × EOSE timeout)

  Progressive completeness (% of recall achieved by time):
  Algorithm                        |      @1s |      @2s |      @5s |     @10s |     @15s
  ---------------------------------+----------+----------+----------+----------+---------
  Greedy Set-Cover                 |     0.0% |     0.6% |    87.0% |   100.0% |   100.0%
  Greedy+Thompson (seed=0, single run) |     0.2% |     1.2% |    78.0% |   100.0% |   100.0%

  EOSE-race simulation (stop after first EOSE + grace period):
  Algorithm                        |     +0ms |   +200ms |   +500ms |      +1s |      +2s
  ---------------------------------+----------+----------+----------+----------+---------
  Greedy Set-Cover                 |     0.6% |     0.6% |     0.6% |     0.6% |    86.1%
  Greedy+Thompson (seed=0, single run) |     0.2% |     0.2% |     0.4% |     1.2% |    27.7%
  (First EOSE: Greedy Set-Cover=1.4s, Greedy+Thompson (seed=0, single run)=948ms)

  Profile-view latency (per-author outbox query, top 3 write relays):
    Authors simulated: 430 | Hit rate: 100.0%
    TTFE: 903ms median, 1.1s mean, 1.9s p95
    Relays/profile: 2.9 queried, 2.7 with events, 0.03 timeouts

  Feed vs profile-view TTFE comparison:
  Algorithm                        |  Feed TTFE |  Profile TTFE |    Delta
  ---------------------------------+------------+---------------+---------
  Greedy Set-Cover                 |      743ms |         903ms |   +160ms
  Greedy+Thompson (seed=0, single run) |      743ms |         903ms |   +160ms

=== NIP-66 RTT vs Measured Latency (275 relays, data age: 19min) ===
                             N   Spearman r      MAE    Bias    Top5   Top10   Top20
------------------------  ----  -----------  -------  ------  ------  ------  ------
rttOpen vs connect         275         0.10    808ms    0.8x    0.0%   10.0%    5.0%
rttRead vs query           240         0.03     1.6s    8.3x    0.0%    0.0%    0.0%
(Bias = measured/nip66, >1 = NIP-66 underestimates. TopK = overlap of K fastest relays.)
Monitor: 9ba046db56b8..., 9bbbb845e5b6..., 9ba6484003e8..., 0b01aa38c2cc..., 63019a1fc7c4..., http-api..., b2c949c0fb79..., 9ba1d7892cd0...

JSON results written to: results/32e1827635450ebb_1772942656280.json
