[0m[32mTask[0m [0m[36mbench[0m deno run --allow-net --allow-read --allow-write main.ts "32e1827635450ebb3c5a7d12c1f8e7b2b514439ac10a67eef3d9fd9c5c68e245" "--algorithms" "greedy,greedy-thompson" "--verify" "--verify-window" "31536000" "--verify-concurrency" "10" "--nip66-filter" "liveness" "--no-phase2-cache" "--fast" "--output" "both"
Target: 32e1827635450ebb...
Seed: 0 | Filter: strict | Runs: 3
Using cached data (fetched 2026-03-08T04:21:15.452Z)

=== Fetch Quality ===
Indexers: wss://purplepag.es (0 events, 1074ms), wss://relay.damus.io (453 events, 297ms), wss://nos.lol (659 events, 963ms)
Follows: 908 | With relay list: 647 (71.3%) | Missing: 261 (28.7%) | Filtered-to-empty: 13
Filter profile: strict | Filtered URLs: 239 (6 localhost, 33 insecure ws, 6 IP-only, 192 known-bad, 2 malformed)
Unique valid write relays: 726 | Seed: 0
[nip66] Using cached monitor data (1068 relays)

=== NIP-66 Liveness Filter (liveness) ===
Monitor data: 1068 relays
Candidate relays: 726
  Known alive: 296
  Unknown (removed): 430
  .onion preserved: 12
  Parse-failed preserved: 0
  Authors filtered to empty: 1
Relays after filter: 296

=== Regime A: Fixed 20 Connections ===
  Algorithm                      |  Relays |   Assign% |  Orphans |  Alg.Orph |  Avg/pk |   Gini |    HHI
  -------------------------------+---------+-----------+----------+-----------+---------+--------+-------
  Greedy Set-Cover               |      20 |     70.3% |      270 |         9 |     1.9 |   0.81 |  0.322
  Greedy+Thompson                |      20 |     70.3% (0.0sd) |      270 |         9 |     1.9 |   0.78 |  0.257

=== Phase 2: Event Verification ===
Window: 31536000s | Kinds: 1 | Concurrency: 10
[baseline] Querying 296 relays for 646 authors (window: 31536000s)
[pool] CLOSED from wss://relay.shawnyeager.com/chat: auth-required: all requests must be authenticated
[pool] CLOSED from wss://aggr.nostr.land: auth-required: auth required for aggregator
[pool] CLOSED from wss://greensoul.space: auth-required: only authenticated users can read from this relay
[pool] CLOSED from wss://relay.nosflare.com: auth-required: authentication required to subscribe
[pool] CLOSED from wss://relay.getalby.com/v1: blocked: Request rejected
[baseline] Progress: 50/296 relays queried
[pool] CLOSED from wss://relay.usefusion.ai: restricted: only kind 4 (DM) queries are allowed
[pool] CLOSED from wss://creatr.nostr.wine: auth-required: please authenticate before sending REQs
[pool] CLOSED from wss://inbox.nostr.wine: blocked: this relay does not store any of the kinds in this request
[pool] CLOSED from wss://sendit.nosflare.com: restricted: this relay does not accept REQs
[baseline] Progress: 100/296 relays queried
[pool] CLOSED from wss://nostr.dbtc.link: auth-required: NIP-42 auth required
[pool] CLOSED from wss://auth.nostr1.com: auth-required: you must auth
[pool] CLOSED from wss://hole.v0l.io: error: queries not allowed
[baseline] Progress: 150/296 relays queried
[pool] CLOSED from wss://relay.albylabs.com: blocked: Request rejected
[pool] CLOSED from wss://relay.danieldaquino.me/private: auth-required: this query requires you to be authenticated
[baseline] Progress: 200/296 relays queried
[pool] CLOSED from wss://pantry.zap.cooking: auth-required: please authenticate
[pool] CLOSED from wss://impromptu.relays.land: auth-required: all requests must be authenticated
[pool] CLOSED from wss://nortis.nostr1.com: auth-required: you must auth
[pool] CLOSED from wss://relay.nsec.app: blocked: we only keep kind 24133 or 24135
[baseline] Progress: 250/296 relays queried
[pool] CLOSED from wss://david.nostr1.com: auth-required: you must auth
[baseline] Progress: 296/296 relays queried
[phase2] Subscription timeouts (no EOSE): 22
[phase2] CLOSED messages received: 19
  wss://relay.shawnyeager.com/chat: auth-required: all requests must be authenticated
  wss://aggr.nostr.land: auth-required: auth required for aggregator
  wss://greensoul.space: auth-required: only authenticated users can read from this relay
  wss://relay.nosflare.com: auth-required: authentication required to subscribe
  wss://relay.getalby.com/v1: blocked: Request rejected
  wss://relay.usefusion.ai: restricted: only kind 4 (DM) queries are allowed
  wss://creatr.nostr.wine: auth-required: please authenticate before sending REQs
  wss://inbox.nostr.wine: blocked: this relay does not store any of the kinds in this request
  wss://sendit.nosflare.com: restricted: this relay does not accept REQs
  wss://nostr.dbtc.link: auth-required: NIP-42 auth required

=== Phase 2: Event Verification (365d window) ===
Baseline: 296 relays queried (80.1% success), 1.3min
  Timing: connect 709ms median (1.4s p95) | query 1.2s median (15.7s p95) | 22 timeouts (23 relays)
  Authors: 646 with relay data
    Testable (reliable): 424 | Testable (partial): 1 | Zero events: 214 | Unreliable: 7
  Baseline events: 76,105 (mean 179.1/author, median 30)
  Events per (relay,pubkey) capped at: 10000

  Headline metrics (424 testable-reliable authors, 76,103 baseline events):

  Algorithm                        |   Evt Recall |   Auth Recall |  Relay OK% |     TTFE |      p50 |      p80 | Timeouts
  ---------------------------------+--------------+---------------+------------+----------+----------+----------+---------
  Greedy Set-Cover                 |        18.4% |         75.7% |      85.0% |    748ms |     3.0s |     5.3s |        1
  Greedy+Thompson (seed=0, single run) |        20.8% |         77.1% |      90.0% |    748ms |     2.9s |     5.3s |        1

  Per-author recall distribution:
  Algorithm                        |   Median |  % at 0% |      p25 |      p75
  ---------------------------------+----------+----------+----------+---------
  Greedy Set-Cover                 |    17.0% |    24.3% |     0.4% |    92.3%
  Greedy+Thompson (seed=0, single run) |    20.3% |    22.9% |     0.9% |    99.3%

  Latency simulation (parallel relay query):
  Algorithm                        |     TTFE |      p50 |      p80 |      Max |   TO |   TO Tax |   Relays |   Events
  ---------------------------------+----------+----------+----------+----------+------+----------+----------+---------
  Greedy Set-Cover                 |    748ms |     3.0s |     5.3s |    19.4s |    1 |    15.0s | 15/19/20 |   40,600
  Greedy+Thompson (seed=0, single run) |    748ms |     2.9s |     5.3s |    19.4s |    1 |    15.0s | 16/19/20 |   40,635
  (Relays: with-events/connected/total | TO Tax: ceil(timeouts/concurrency) × EOSE timeout)

  Progressive completeness (% of recall achieved by time):
  Algorithm                        |      @1s |      @2s |      @5s |     @10s |     @15s
  ---------------------------------+----------+----------+----------+----------+---------
  Greedy Set-Cover                 |     0.0% |    38.4% |    69.6% |   100.0% |   100.0%
  Greedy+Thompson (seed=0, single run) |     0.0% |    34.2% |    60.9% |   100.0% |   100.0%

  EOSE-race simulation (stop after first EOSE + grace period):
  Algorithm                        |     +0ms |   +200ms |   +500ms |      +1s |      +2s
  ---------------------------------+----------+----------+----------+----------+---------
  Greedy Set-Cover                 |     0.6% |     0.6% |    38.4% |    38.4% |    60.1%
  Greedy+Thompson (seed=0, single run) |     0.5% |     0.5% |    34.2% |    34.4% |    52.8%
  (First EOSE: Greedy Set-Cover=1.4s, Greedy+Thompson (seed=0, single run)=1.4s)

  Profile-view latency (per-author outbox query, top 3 write relays):
    Authors simulated: 425 | Hit rate: 99.8%
    TTFE: 1.2s median, 1.3s mean, 1.8s p95
    Relays/profile: 2.9 queried, 2.2 with events, 0.06 timeouts

  Feed vs profile-view TTFE comparison:
  Algorithm                        |  Feed TTFE |  Profile TTFE |    Delta
  ---------------------------------+------------+---------------+---------
  Greedy Set-Cover                 |      748ms |          1.2s |   +409ms
  Greedy+Thompson (seed=0, single run) |      748ms |          1.2s |   +409ms

  Including partial-baseline authors (425 testable authors, 76,105 baseline events):

  Algorithm                        |   Evt Recall |   Auth Recall
  ---------------------------------+--------------+--------------
  Greedy Set-Cover                 |        18.4% |         75.8%
  Greedy+Thompson (seed=0, single run) |        20.8% |         77.2%

=== NIP-66 RTT vs Measured Latency (274 relays, data age: 52min) ===
                             N   Spearman r      MAE    Bias    Top5   Top10   Top20
------------------------  ----  -----------  -------  ------  ------  ------  ------
rttOpen vs connect         274         0.09    787ms    0.8x    0.0%    0.0%    0.0%
rttRead vs query           239        -0.01     1.4s    7.2x    0.0%    0.0%    0.0%
(Bias = measured/nip66, >1 = NIP-66 underestimates. TopK = overlap of K fastest relays.)
Monitor: 9ba046db56b8..., 9bbbb845e5b6..., 9ba6484003e8..., 0b01aa38c2cc..., 63019a1fc7c4..., b2c949c0fb79..., http-api..., 9ba1d7892cd0...

JSON results written to: results/32e1827635450ebb_1772944653939.json
