[0m[32mTask[0m [0m[36mbench[0m deno run --allow-net --allow-read --allow-write main.ts "2c65940725bbf10b452197fba41c6cb14afd41e28e0be22aab49bf246b0c84e3" "--algorithms" "greedy,greedy-thompson" "--verify" "--verify-window" "31536000" "--verify-concurrency" "10" "--no-phase2-cache" "--fast" "--output" "both" "--nip66-filter" "liveness"
Target: 2c65940725bbf10b...
Seed: 0 | Filter: strict | Runs: 3
Using cached data (fetched 2026-03-08T20:30:46.099Z)

=== Fetch Quality ===
Indexers: wss://purplepag.es (2748 events, 997ms), wss://relay.damus.io (0 events, 529ms, errors: WebSocket error: NetworkError: failed to connect to WebSocket: Invalid status code 400 Bad Request), wss://nos.lol (2179 events, 681ms)
Follows: 2747 | With relay list: 2139 (77.9%) | Missing: 608 (22.1%) | Filtered-to-empty: 44
Filter profile: strict | Filtered URLs: 1088 (40 localhost, 156 insecure ws, 72 IP-only, 814 known-bad, 6 malformed)
Unique valid write relays: 1618 | Seed: 0
[nip66] Using cached monitor data (1174 relays)

=== NIP-66 Liveness Filter (liveness) ===
Monitor data: 1174 relays
Candidate relays: 1618
  Known alive: 568
  Unknown (removed): 1050
  .onion preserved: 59
  Parse-failed preserved: 0
  Authors filtered to empty: 12
Relays after filter: 568

=== Regime A: Fixed 20 Connections ===
  Algorithm                      |  Relays |   Assign% |  Orphans |  Alg.Orph |  Avg/pk |   Gini |    HHI
  -------------------------------+---------+-----------+----------+-----------+---------+--------+-------
  Greedy Set-Cover               |      20 |     76.6% |      643 |        35 |     1.9 |   0.80 |  0.285
  Greedy+Thompson                |      20 |     76.5% (0.0sd) | 644.6666666666666 | 36.666666666666664 |     1.9 |   0.79 |  0.257

=== Phase 2: Event Verification ===
Window: 31536000s | Kinds: 1 | Concurrency: 10
[baseline] Querying 568 relays for 2127 authors (window: 31536000s)
[pool] CLOSED from wss://relay.getalby.com/v1: blocked: Request rejected
[pool] CLOSED from wss://relay.getalby.com/v1: blocked: Request rejected
[baseline] Progress: 50/568 relays queried
[pool] CLOSED from wss://sendit.nosflare.com: restricted: this relay does not accept REQs
[pool] CLOSED from wss://relay.nsec.app: blocked: we only keep kind 24133 or 24135
[pool] CLOSED from wss://aggr.nostr.land: auth-required: auth required for aggregator
[baseline] Progress: 100/568 relays queried
[pool] CLOSED from wss://relay.nosflare.com: auth-required: authentication required to subscribe
[pool] CLOSED from wss://podtards.com/chat: auth-required: all requests must be authenticated
[pool] CLOSED from wss://podtards.com/private: auth-required: all requests must be authenticated
[pool] CLOSED from wss://meta.bitcoinwalk.org: auth-required: authentication is required for access
[pool] CLOSED from wss://pantry.zap.cooking: auth-required: please authenticate
[pool] CLOSED from wss://groups.0xchat.com: blocked: invalid query, must have 'h', 'e' or 'a' tag
[pool] CLOSED from wss://creatr.nostr.wine: auth-required: please authenticate before sending REQs
[baseline] Progress: 150/568 relays queried
[pool] CLOSED from wss://greensoul.space: auth-required: only authenticated users can read from this relay
[pool] CLOSED from wss://elites.nostrati.org: auth-required: you must auth
[baseline] Progress: 200/568 relays queried
[pool] CLOSED from wss://inbox.nostr.wine: blocked: this relay does not store any of the kinds in this request
[pool] CLOSED from wss://nostr.dbtc.link: auth-required: NIP-42 auth required
[pool] CLOSED from wss://auth.nostr1.com: auth-required: you must auth
[pool] CLOSED from wss://impromptu.relays.land: auth-required: all requests must be authenticated
[baseline] Progress: 250/568 relays queried
[pool] CLOSED from wss://relay.groups.nip29.com: blocked: invalid query, must have 'h', 'e' or 'a' tag
[pool] CLOSED from wss://relay.usefusion.ai: restricted: only kind 4 (DM) queries are allowed
[baseline] Progress: 300/568 relays queried
[baseline] Progress: 350/568 relays queried
[pool] CLOSED from wss://aplaceinthesun.nostr1.com: auth-required: you must auth
[pool] CLOSED from wss://nortis.nostr1.com: auth-required: you must auth
[pool] CLOSED from wss://meta.spaces.coracle.social: auth-required: authentication is required for access
[pool] CLOSED from wss://soapbox.chat: auth-required: authentication is required for access
[baseline] Progress: 400/568 relays queried
[pool] CLOSED from wss://david.nostr1.com: auth-required: you must auth
[pool] CLOSED from wss://relay29.notoshi.win: blocked: invalid query, must have 'h', 'e' or 'a' tag
[pool] CLOSED from wss://jingle.nostrver.se: auth-required: take a selfie and send it to the CIA
[pool] CLOSED from wss://bostr.erechorse.com: auth-required: authentication is required to perform this action.
[baseline] Progress: 450/568 relays queried
[pool] CLOSED from wss://personal.relays.land: auth-required: all requests must be authenticated
[baseline] Progress: 500/568 relays queried
[pool] CLOSED from wss://internal.coracle.social: auth-required: authentication is required for access
[pool] CLOSED from wss://nostr.rikmeijer.nl: max number of subscriptions per client (100) reached
[pool] CLOSED from wss://relay.shawnyeager.com/chat: auth-required: all requests must be authenticated
[baseline] Progress: 550/568 relays queried
[baseline] Progress: 568/568 relays queried
[phase2] Subscription timeouts (no EOSE): 39
[phase2] CLOSED messages received: 32
  wss://relay.getalby.com/v1: blocked: Request rejected
  wss://relay.getalby.com/v1: blocked: Request rejected
  wss://sendit.nosflare.com: restricted: this relay does not accept REQs
  wss://relay.nsec.app: blocked: we only keep kind 24133 or 24135
  wss://aggr.nostr.land: auth-required: auth required for aggregator
  wss://relay.nosflare.com: auth-required: authentication required to subscribe
  wss://podtards.com/chat: auth-required: all requests must be authenticated
  wss://podtards.com/private: auth-required: all requests must be authenticated
  wss://meta.bitcoinwalk.org: auth-required: authentication is required for access
  wss://pantry.zap.cooking: auth-required: please authenticate

=== Phase 2: Event Verification (365d window) ===
Baseline: 568 relays queried (72.4% success), 2.7min
  Timing: connect 710ms median (1.7s p95) | query 1.2s median (15.7s p95) | 39 timeouts (40 relays)
  Authors: 2,127 with relay data
    Testable (reliable): 1297 | Testable (partial): 1 | Zero events: 820 | Unreliable: 9
  Baseline events: 178,975 (mean 137.9/author, median 25)
  Events per (relay,pubkey) capped at: 10000

  Headline metrics (1297 testable-reliable authors, 178,790 baseline events):

  Algorithm                        |   Evt Recall |   Auth Recall |  Relay OK% |     TTFE |      p50 |      p80 | Timeouts
  ---------------------------------+--------------+---------------+------------+----------+----------+----------+---------
  Greedy Set-Cover                 |        22.1% |         80.1% |     100.0% |    979ms |     7.9s |    13.7s |        0
  Greedy+Thompson (seed=0, single run) |        23.3% |         79.6% |     100.0% |     1.0s |     7.8s |    13.7s |        0

  Per-author recall distribution:
  Algorithm                        |   Median |  % at 0% |      p25 |      p75
  ---------------------------------+----------+----------+----------+---------
  Greedy Set-Cover                 |    37.9% |    19.9% |     2.4% |   100.0%
  Greedy+Thompson (seed=0, single run) |    38.9% |    20.4% |     2.4% |   100.0%

  Latency simulation (parallel relay query):
  Algorithm                        |     TTFE |      p50 |      p80 |      Max |   TO |   TO Tax |   Relays |   Events
  ---------------------------------+----------+----------+----------+----------+------+----------+----------+---------
  Greedy Set-Cover                 |    979ms |     7.9s |    13.7s |    28.1s |    0 |      0ms | 19/20/20 |  120,992
  Greedy+Thompson (seed=0, single run) |     1.0s |     7.8s |    13.7s |    28.1s |    0 |      0ms | 18/20/20 |  121,992
  (Relays: with-events/connected/total | TO Tax: ceil(timeouts/concurrency) × EOSE timeout)

  Progressive completeness (% of recall achieved by time):
  Algorithm                        |      @1s |      @2s |      @5s |     @10s |     @15s
  ---------------------------------+----------+----------+----------+----------+---------
  Greedy Set-Cover                 |     0.0% |     0.5% |     1.3% |    36.9% |    60.6%
  Greedy+Thompson (seed=0, single run) |     0.0% |     0.5% |     1.2% |    46.7% |    81.4%

  EOSE-race simulation (stop after first EOSE + grace period):
  Algorithm                        |     +0ms |   +200ms |   +500ms |      +1s |      +2s
  ---------------------------------+----------+----------+----------+----------+---------
  Greedy Set-Cover                 |     0.5% |     0.5% |     0.5% |     0.5% |     0.6%
  Greedy+Thompson (seed=0, single run) |     0.5% |     0.5% |     0.5% |     0.5% |     0.5%
  (First EOSE: Greedy Set-Cover=2.0s, Greedy+Thompson (seed=0, single run)=2.0s)

  Profile-view latency (per-author outbox query, top 3 write relays):
    Authors simulated: 1298 | Hit rate: 99.8%
    TTFE: 1.1s median, 1.4s mean, 2.3s p95
    Relays/profile: 2.8 queried, 2.6 with events, 0.04 timeouts

  Feed vs profile-view TTFE comparison:
  Algorithm                        |  Feed TTFE |  Profile TTFE |    Delta
  ---------------------------------+------------+---------------+---------
  Greedy Set-Cover                 |      979ms |          1.1s |   +148ms
  Greedy+Thompson (seed=0, single run) |       1.0s |          1.1s |   +118ms

  Including partial-baseline authors (1298 testable authors, 178,975 baseline events):

  Algorithm                        |   Evt Recall |   Auth Recall
  ---------------------------------+--------------+--------------
  Greedy Set-Cover                 |        22.2% |         80.1%
  Greedy+Thompson (seed=0, single run) |        23.3% |         79.7%

=== NIP-66 RTT vs Measured Latency (476 relays, data age: 89min) ===
                             N   Spearman r      MAE    Bias    Top5   Top10   Top20
------------------------  ----  -----------  -------  ------  ------  ------  ------
rttOpen vs connect         476         0.38    537ms    1.0x    0.0%    0.0%   25.0%
rttRead vs query           403         0.30     1.9s    9.2x   20.0%   20.0%   15.0%
(Bias = measured/nip66, >1 = NIP-66 underestimates. TopK = overlap of K fastest relays.)
Monitor: 9ba046db56b8..., 9ba0ce3dcc28..., 0b01aa38c2cc..., 9bb7cd94d7b6..., http-api..., b2c949c0fb79..., 9bbbb845e5b6..., 45df0580711f..., 9ba1d7892cd0..., 58faef87b342..., 9b85d54cc4bc...

JSON results written to: results/2c65940725bbf10b_1773003867890.json
