[0m[32mTask[0m [0m[36mbench[0m deno run --allow-net --allow-read --allow-write main.ts "07804b786c6a3b400b7b20d9bfc945035f3ad213da797b0c50954767c375c543" "--algorithms" "greedy,welshman,welshman-thompson" "--verify" "--verify-window" "31536000" "--verify-concurrency" "10" "--nip66-filter" "liveness" "--no-phase2-cache" "--fast" "--output" "both"
Target: 07804b786c6a3b40...
Seed: 0 | Filter: strict | Runs: 3
Using cached data (fetched 2026-03-10T22:43:00.778Z)

=== Fetch Quality ===
Indexers: wss://purplepag.es (354 events, 1116ms), wss://relay.damus.io (198 events, 357ms), wss://nos.lol (285 events, 707ms)
Follows: 353 | With relay list: 283 (80.2%) | Missing: 70 (19.8%) | Filtered-to-empty: 2
Filter profile: strict | Filtered URLs: 32 (2 localhost, 4 insecure ws, 2 IP-only, 24 known-bad)
Unique valid write relays: 304 | Seed: 0
[nip66] Using cached monitor data (1158 relays)

=== NIP-66 Liveness Filter (liveness) ===
Monitor data: 1158 relays
Candidate relays: 304
  Known alive: 128
  Unknown (removed): 176
  .onion preserved: 1
  Parse-failed preserved: 0
  Authors filtered to empty: 3
Relays after filter: 128
[relay-scores] Loaded 28 relay priors (session 4, from 2026-03-10T23:20:39.775Z)

Thompson Sampling [welshman-thompson]: loaded 28 relay priors (session 4)

=== Regime A: Fixed 20 Connections ===
  Algorithm                      |  Relays |   Assign% |  Orphans |  Alg.Orph |  Avg/pk |   Gini |    HHI
  -------------------------------+---------+-----------+----------+-----------+---------+--------+-------
  Greedy Set-Cover               |      20 |     78.8% |       75 |         5 |     1.9 |   0.79 |  0.268
  Weighted Stochastic (cap@20)   |      20 |     78.8% (0.0sd) | 74.66666666666667 | 4.666666666666667 |     2.5 |   0.54 |  0.125
  Welshman+Thompson (cap@20)     |      20 |     78.9% (0.0sd) | 74.33333333333333 | 4.333333333333333 |     2.4 |   0.61 |  0.146

=== Phase 2: Event Verification ===
Window: 31536000s | Kinds: 1 | Concurrency: 10
[baseline] Querying 128 relays for 280 authors (window: 31536000s)
[pool] CLOSED from wss://aggr.nostr.land: auth-required: auth required for aggregator
[pool] CLOSED from wss://sendit.nosflare.com: restricted: this relay does not accept REQs
[pool] CLOSED from wss://relay.getalby.com/v1: blocked: Request rejected
[pool] CLOSED from wss://bostr.erechorse.com: auth-required: authentication is required to perform this action.
[pool] CLOSED from wss://creatr.nostr.wine: auth-required: please authenticate before sending REQs
[baseline] Progress: 50/128 relays queried
[pool] CLOSED from wss://nostr-relay.moctane.net: auth-required: authentication required to subscribe
[pool] CLOSED from wss://relay.danieldaquino.me/private: auth-required: this query requires you to be authenticated
[pool] CLOSED from wss://greensoul.space: auth-required: only authenticated users can read from this relay
[pool] CLOSED from wss://inbox.nostr.wine: blocked: this relay does not store any of the kinds in this request
[pool] CLOSED from wss://hole.v0l.io: error: queries not allowed
[baseline] Progress: 100/128 relays queried
[pool] CLOSED from wss://relay.nosflare.com: auth-required: authentication required to subscribe
[baseline] Progress: 128/128 relays queried
[phase2] Subscription timeouts (no EOSE): 9
[phase2] CLOSED messages received: 11
  wss://aggr.nostr.land: auth-required: auth required for aggregator
  wss://sendit.nosflare.com: restricted: this relay does not accept REQs
  wss://relay.getalby.com/v1: blocked: Request rejected
  wss://bostr.erechorse.com: auth-required: authentication is required to perform this action.
  wss://creatr.nostr.wine: auth-required: please authenticate before sending REQs
  wss://nostr-relay.moctane.net: auth-required: authentication required to subscribe
  wss://relay.danieldaquino.me/private: auth-required: this query requires you to be authenticated
  wss://greensoul.space: auth-required: only authenticated users can read from this relay
  wss://inbox.nostr.wine: blocked: this relay does not store any of the kinds in this request
  wss://hole.v0l.io: error: queries not allowed

=== Phase 2: Event Verification (365d window) ===
Baseline: 128 relays queried (77.3% success), 41s
  Timing: connect 773ms median (1.3s p95) | query 1.3s median (15.7s p95) | 9 timeouts (9 relays)
  Authors: 280 with relay data
    Testable (reliable): 151 | Testable (partial): 0 | Zero events: 128 | Unreliable: 1
  Baseline events: 36,726 (mean 243.2/author, median 41)
  Events per (relay,pubkey) capped at: 10000

  Headline metrics (151 testable-reliable authors, 36,726 baseline events):

  Algorithm                        |   Evt Recall |   Auth Recall |  Relay OK% |     TTFE |      p50 |      p80 | Timeouts
  ---------------------------------+--------------+---------------+------------+----------+----------+----------+---------
  Greedy Set-Cover                 |        15.8% |         81.5% |      85.0% |    863ms |     3.0s |     3.4s |        1
  Weighted Stochastic (seed=0, single run) |        20.4% |         86.1% |      85.0% |    863ms |     3.2s |     3.7s |        1
  Welshman+Thompson (seed=0, single run) |        24.7% |         90.7% |      90.0% |    863ms |     2.9s |     3.4s |        0

  Per-author recall distribution:
  Algorithm                        |   Median |  % at 0% |      p25 |      p75
  ---------------------------------+----------+----------+----------+---------
  Greedy Set-Cover                 |    47.3% |    18.5% |     2.4% |   100.0%
  Weighted Stochastic (seed=0, single run) |    81.0% |    13.9% |     4.9% |   100.0%
  Welshman+Thompson (seed=0, single run) |   100.0% |     9.3% |    13.5% |   100.0%

  Latency simulation (parallel relay query):
  Algorithm                        |     TTFE |      p50 |      p80 |      Max |   TO |   TO Tax |   Relays |   Events
  ---------------------------------+----------+----------+----------+----------+------+----------+----------+---------
  Greedy Set-Cover                 |    863ms |     3.0s |     3.4s |    16.5s |    1 |    15.0s | 16/18/20 |   14,039
  Weighted Stochastic (seed=0, single run) |    863ms |     3.2s |     3.7s |    16.5s |    1 |    15.0s | 16/18/20 |   15,050
  Welshman+Thompson (seed=0, single run) |    863ms |     2.9s |     3.4s |     4.7s |    0 |      0ms | 17/18/20 |   16,500
  (Relays: with-events/connected/total | TO Tax: ceil(timeouts/concurrency) × EOSE timeout)

  Progressive completeness (% of recall achieved by time):
  Algorithm                        |      @1s |      @2s |      @5s |     @10s |     @15s
  ---------------------------------+----------+----------+----------+----------+---------
  Greedy Set-Cover                 |     0.0% |    63.2% |   100.0% |   100.0% |   100.0%
  Weighted Stochastic (seed=0, single run) |     0.0% |    48.1% |   100.0% |   100.0% |   100.0%
  Welshman+Thompson (seed=0, single run) |     0.0% |    33.0% |   100.0% |   100.0% |   100.0%

  EOSE-race simulation (stop after first EOSE + grace period):
  Algorithm                        |     +0ms |   +200ms |   +500ms |      +1s |      +2s
  ---------------------------------+----------+----------+----------+----------+---------
  Greedy Set-Cover                 |     3.0% |     3.0% |    38.2% |    63.9% |    68.2%
  Weighted Stochastic (seed=0, single run) |    23.6% |    24.6% |    48.1% |    49.7% |    71.3%
  Welshman+Thompson (seed=0, single run) |    12.8% |    16.9% |    33.0% |    52.0% |    75.5%
  (First EOSE: Greedy Set-Cover=1.2s, Weighted Stochastic (seed=0, single run)=1.5s, Welshman+Thompson (seed=0, single run)=1.5s)

  Profile-view latency (per-author outbox query, top 3 write relays):
    Authors simulated: 151 | Hit rate: 100.0%
    TTFE: 1.2s median, 1.3s mean, 1.9s p95
    Relays/profile: 2.8 queried, 2.6 with events, 0.03 timeouts

  Feed vs profile-view TTFE comparison:
  Algorithm                        |  Feed TTFE |  Profile TTFE |    Delta
  ---------------------------------+------------+---------------+---------
  Greedy Set-Cover                 |      863ms |          1.2s |   +326ms
  Weighted Stochastic (seed=0, single run) |      863ms |          1.2s |   +326ms
  Welshman+Thompson (seed=0, single run) |      863ms |          1.2s |   +326ms

=== NIP-66 RTT vs Measured Latency (117 relays, data age: 67min) ===
                             N   Spearman r      MAE    Bias    Top5   Top10   Top20
------------------------  ----  -----------  -------  ------  ------  ------  ------
rttOpen vs connect         117         0.03    505ms    1.0x    0.0%   10.0%   10.0%
rttRead vs query            97        -0.13     1.5s    8.2x    0.0%    0.0%    5.0%
(Bias = measured/nip66, >1 = NIP-66 underestimates. TopK = overlap of K fastest relays.)
Monitor: 9bbbb845e5b6..., 9bb7cd94d7b6..., 58faef87b342..., http-api..., 9b85d54cc4bc..., 0b01aa38c2cc..., 9ba6484003e8..., 9ba1d7892cd0..., b2c949c0fb79..., 9bac3d58ef5a...
[relay-scores] Updated scores for welshman-thompson: 29 relays, session 5
[relay-scores] Degrading relays (2): wss://nostr.land, wss://offchain.pub
[relay-scores] Saved to .cache/relay_scores_07804b786c6a3b40_31536000_liveness_welshman-thompson.json

Thompson Sampling [welshman-thompson] learning state:
  Session: 5
  Relays with observations: 29
  Mean prior α: 22.0, β: 37.9
  Relays with strong preference (α>5): 15
  Relays learned to avoid (β>5): 22

JSON results written to: results/07804b786c6a3b40_1773185569893.json
