[0m[32mTask[0m [0m[36mbench[0m deno run --allow-net --allow-read --allow-write main.ts "b3e43e8cc7e6dff23a33d9213a3e912d895b1c3e4250240e0c99dbefe3068b5f" "--algorithms" "greedy,welshman,welshman-thompson" "--verify" "--verify-window" "31536000" "--verify-concurrency" "10" "--nip66-filter" "liveness" "--no-phase2-cache" "--fast" "--output" "both"
Target: b3e43e8cc7e6dff2...
Seed: 0 | Filter: strict | Runs: 3
Using cached data (fetched 2026-03-10T22:44:51.056Z)

=== Fetch Quality ===
Indexers: wss://purplepag.es (1016 events, 1059ms), wss://relay.damus.io (367 events, 323ms), wss://nos.lol (597 events, 940ms)
Follows: 1017 | With relay list: 594 (58.4%) | Missing: 423 (41.6%) | Filtered-to-empty: 7
Filter profile: strict | Filtered URLs: 54 (5 localhost, 5 insecure ws, 5 IP-only, 39 known-bad)
Unique valid write relays: 366 | Seed: 0
[nip66] Using cached monitor data (1158 relays)

=== NIP-66 Liveness Filter (liveness) ===
Monitor data: 1158 relays
Candidate relays: 366
  Known alive: 156
  Unknown (removed): 210
  .onion preserved: 6
  Parse-failed preserved: 0
  Authors filtered to empty: 14
Relays after filter: 156
[relay-scores] Loaded 20 relay priors (session 1, from 2026-03-10T22:45:31.878Z)

Thompson Sampling [welshman-thompson]: loaded 20 relay priors (session 1)

=== Regime A: Fixed 20 Connections ===
  Algorithm                      |  Relays |   Assign% |  Orphans |  Alg.Orph |  Avg/pk |   Gini |    HHI
  -------------------------------+---------+-----------+----------+-----------+---------+--------+-------
  Greedy Set-Cover               |      20 |     56.7% |      440 |        17 |     1.9 |   0.80 |  0.294
  Weighted Stochastic (cap@20)   |      20 |     56.5% (0.0sd) | 442.3333333333333 | 19.333333333333332 |     2.5 |   0.59 |  0.144
  Welshman+Thompson (cap@20)     |      20 |     56.6% (0.0sd) |      441 |        18 |     2.5 |   0.68 |  0.178

=== Phase 2: Event Verification ===
Window: 31536000s | Kinds: 1 | Concurrency: 10
[baseline] Querying 156 relays for 580 authors (window: 31536000s)
[pool] CLOSED from wss://bostr.erechorse.com: auth-required: authentication is required to perform this action.
[pool] CLOSED from wss://aggr.nostr.land: auth-required: auth required for aggregator
[baseline] Progress: 50/156 relays queried
[pool] CLOSED from wss://inbox.nostr.wine: blocked: this relay does not store any of the kinds in this request
[pool] CLOSED from wss://creatr.nostr.wine: auth-required: please authenticate before sending REQs
[pool] CLOSED from wss://relay.getalby.com/v1: blocked: Request rejected
[pool] CLOSED from wss://sendit.nosflare.com: restricted: this relay does not accept REQs
[pool] CLOSED from wss://hole.v0l.io: error: queries not allowed
[baseline] Progress: 100/156 relays queried
[pool] CLOSED from wss://relay.nosflare.com: auth-required: authentication required to subscribe
[pool] CLOSED from wss://groups.0xchat.com: blocked: invalid query, must have 'h', 'e' or 'a' tag
[pool] CLOSED from wss://relay.danieldaquino.me/private: auth-required: this query requires you to be authenticated
[pool] CLOSED from wss://relay29.notoshi.win: blocked: invalid query, must have 'h', 'e' or 'a' tag
[pool] CLOSED from wss://auth.nostr1.com: auth-required: you must auth
[pool] CLOSED from wss://nostr-relay.moctane.net: auth-required: authentication required to subscribe
[pool] CLOSED from wss://groups.yugoatobe.com: blocked: invalid query, must have 'h', 'e' or 'a' tag
[baseline] Progress: 150/156 relays queried
[baseline] Progress: 156/156 relays queried
[phase2] Subscription timeouts (no EOSE): 9
[phase2] CLOSED messages received: 14
  wss://bostr.erechorse.com: auth-required: authentication is required to perform this action.
  wss://aggr.nostr.land: auth-required: auth required for aggregator
  wss://inbox.nostr.wine: blocked: this relay does not store any of the kinds in this request
  wss://creatr.nostr.wine: auth-required: please authenticate before sending REQs
  wss://relay.getalby.com/v1: blocked: Request rejected
  wss://sendit.nosflare.com: restricted: this relay does not accept REQs
  wss://hole.v0l.io: error: queries not allowed
  wss://relay.nosflare.com: auth-required: authentication required to subscribe
  wss://groups.0xchat.com: blocked: invalid query, must have 'h', 'e' or 'a' tag
  wss://relay.danieldaquino.me/private: auth-required: this query requires you to be authenticated

=== Phase 2: Event Verification (365d window) ===
Baseline: 156 relays queried (78.2% success), 53s
  Timing: connect 821ms median (1.8s p95) | query 1.5s median (15.3s p95) | 9 timeouts (9 relays)
  Authors: 580 with relay data
    Testable (reliable): 256 | Testable (partial): 0 | Zero events: 322 | Unreliable: 2
  Baseline events: 45,108 (mean 176.2/author, median 36)
  Events per (relay,pubkey) capped at: 10000

  Headline metrics (256 testable-reliable authors, 45,108 baseline events):

  Algorithm                        |   Evt Recall |   Auth Recall |  Relay OK% |     TTFE |      p50 |      p80 | Timeouts
  ---------------------------------+--------------+---------------+------------+----------+----------+----------+---------
  Greedy Set-Cover                 |        23.7% |         81.6% |      90.0% |    930ms |     3.7s |     5.1s |        1
  Weighted Stochastic (seed=0, single run) |        31.4% |         87.9% |      85.0% |    930ms |     4.3s |     4.9s |        0
  Welshman+Thompson (seed=0, single run) |        32.4% |         91.4% |      90.0% |    930ms |     4.3s |     5.1s |        1

  Per-author recall distribution:
  Algorithm                        |   Median |  % at 0% |      p25 |      p75
  ---------------------------------+----------+----------+----------+---------
  Greedy Set-Cover                 |    59.8% |    18.4% |     3.1% |   100.0%
  Weighted Stochastic (seed=0, single run) |   100.0% |    12.1% |    17.8% |   100.0%
  Welshman+Thompson (seed=0, single run) |   100.0% |     8.6% |    53.8% |   100.0%

  Latency simulation (parallel relay query):
  Algorithm                        |     TTFE |      p50 |      p80 |      Max |   TO |   TO Tax |   Relays |   Events
  ---------------------------------+----------+----------+----------+----------+------+----------+----------+---------
  Greedy Set-Cover                 |    930ms |     3.7s |     5.1s |    16.6s |    1 |    15.0s | 18/19/20 |   24,983
  Weighted Stochastic (seed=0, single run) |    930ms |     4.3s |     4.9s |     8.3s |    0 |      0ms | 17/17/20 |   26,661
  Welshman+Thompson (seed=0, single run) |    930ms |     4.3s |     5.1s |    16.6s |    1 |    15.0s | 18/19/20 |   27,711
  (Relays: with-events/connected/total | TO Tax: ceil(timeouts/concurrency) × EOSE timeout)

  Progressive completeness (% of recall achieved by time):
  Algorithm                        |      @1s |      @2s |      @5s |     @10s |     @15s
  ---------------------------------+----------+----------+----------+----------+---------
  Greedy Set-Cover                 |     0.0% |     0.0% |    58.5% |   100.0% |   100.0%
  Weighted Stochastic (seed=0, single run) |     0.0% |     0.7% |    65.2% |   100.0% |   100.0%
  Welshman+Thompson (seed=0, single run) |     0.0% |     0.1% |    60.9% |   100.0% |   100.0%

  EOSE-race simulation (stop after first EOSE + grace period):
  Algorithm                        |     +0ms |   +200ms |   +500ms |      +1s |      +2s
  ---------------------------------+----------+----------+----------+----------+---------
  Greedy Set-Cover                 |     0.0% |     0.0% |     0.0% |     2.3% |     4.7%
  Weighted Stochastic (seed=0, single run) |     0.7% |     0.7% |     0.7% |     4.8% |    12.4%
  Welshman+Thompson (seed=0, single run) |     0.1% |     0.1% |     0.1% |     1.9% |     8.5%
  (First EOSE: Greedy Set-Cover=1.5s, Weighted Stochastic (seed=0, single run)=1.5s, Welshman+Thompson (seed=0, single run)=1.1s)

  Profile-view latency (per-author outbox query, top 3 write relays):
    Authors simulated: 256 | Hit rate: 100.0%
    TTFE: 946ms median, 1.4s mean, 2.4s p95
    Relays/profile: 2.8 queried, 2.6 with events, 0.02 timeouts

  Feed vs profile-view TTFE comparison:
  Algorithm                        |  Feed TTFE |  Profile TTFE |    Delta
  ---------------------------------+------------+---------------+---------
  Greedy Set-Cover                 |      930ms |         946ms |    +16ms
  Weighted Stochastic (seed=0, single run) |      930ms |         946ms |    +16ms
  Welshman+Thompson (seed=0, single run) |      930ms |         946ms |    +16ms

=== NIP-66 RTT vs Measured Latency (142 relays, data age: 32min) ===
                             N   Spearman r      MAE    Bias    Top5   Top10   Top20
------------------------  ----  -----------  -------  ------  ------  ------  ------
rttOpen vs connect         142         0.13    613ms    1.3x    0.0%    0.0%    0.0%
rttRead vs query           121         0.04     2.3s    9.4x    0.0%   10.0%   15.0%
(Bias = measured/nip66, >1 = NIP-66 underestimates. TopK = overlap of K fastest relays.)
Monitor: 9bbbb845e5b6..., 58faef87b342..., 9bb7cd94d7b6..., 0b01aa38c2cc..., 9ba1d7892cd0..., 9ba6484003e8..., http-api..., 9b85d54cc4bc..., b2c949c0fb79..., 9bac3d58ef5a...
[relay-scores] Updated scores for welshman-thompson: 25 relays, session 2
[relay-scores] Saved to .cache/relay_scores_b3e43e8cc7e6dff2_31536000_liveness_welshman-thompson.json

Thompson Sampling [welshman-thompson] learning state:
  Session: 2
  Relays with observations: 25
  Mean prior α: 20.9, β: 31.1
  Relays with strong preference (α>5): 12
  Relays learned to avoid (β>5): 23

JSON results written to: results/b3e43e8cc7e6dff2_1773183489139.json
