[0m[32mTask[0m [0m[36mbench[0m deno run --allow-net --allow-read --allow-write main.ts "b3e43e8cc7e6dff23a33d9213a3e912d895b1c3e4250240e0c99dbefe3068b5f" "--algorithms" "greedy,welshman,welshman-thompson" "--verify" "--verify-window" "31536000" "--verify-concurrency" "10" "--nip66-filter" "liveness" "--no-phase2-cache" "--fast" "--output" "both"
Target: b3e43e8cc7e6dff2...
Seed: 0 | Filter: strict | Runs: 3
[fetch] Connecting to 3 indexer relays...
[fetch] wss://purplepag.es: connected (1059ms)
[fetch] wss://relay.damus.io: connected (323ms)
[fetch] wss://nos.lol: connected (940ms)
[fetch] Fetching kind 3 (contact list) for b3e43e8c...
[fetch] 1017 follows to fetch relay lists for
[fetch] Fetched relay lists: 200/1017
[fetch] Fetched relay lists: 400/1017
[fetch] Fetched relay lists: 600/1017
[fetch] Fetched relay lists: 800/1017
[fetch] Fetched relay lists: 1000/1017
[fetch] Received 601 relay list events

=== Fetch Quality ===
Indexers: wss://purplepag.es (1016 events, 1059ms), wss://relay.damus.io (367 events, 323ms), wss://nos.lol (597 events, 940ms)
Follows: 1017 | With relay list: 594 (58.4%) | Missing: 423 (41.6%) | Filtered-to-empty: 7
Filter profile: strict | Filtered URLs: 54 (5 localhost, 5 insecure ws, 5 IP-only, 39 known-bad)
Unique valid write relays: 366 | Seed: 0
[nip66] Using cached monitor data (1158 relays)

=== NIP-66 Liveness Filter (liveness) ===
Monitor data: 1158 relays
Candidate relays: 366
  Known alive: 156
  Unknown (removed): 210
  .onion preserved: 6
  Parse-failed preserved: 0
  Authors filtered to empty: 14
Relays after filter: 156

=== Regime A: Fixed 20 Connections ===
  Algorithm                      |  Relays |   Assign% |  Orphans |  Alg.Orph |  Avg/pk |   Gini |    HHI
  -------------------------------+---------+-----------+----------+-----------+---------+--------+-------
  Greedy Set-Cover               |      20 |     56.7% |      440 |        17 |     1.9 |   0.80 |  0.294
  Weighted Stochastic (cap@20)   |      20 |     56.5% (0.0sd) | 442.3333333333333 | 19.333333333333332 |     2.5 |   0.59 |  0.144
  Welshman+Thompson (cap@20)     |      20 |     56.5% (0.0sd) | 442.3333333333333 | 19.333333333333332 |     2.5 |   0.59 |  0.144

=== Phase 2: Event Verification ===
Window: 31536000s | Kinds: 1 | Concurrency: 10
[baseline] Querying 156 relays for 580 authors (window: 31536000s)
[pool] CLOSED from wss://bostr.erechorse.com: auth-required: authentication is required to perform this action.
[pool] CLOSED from wss://aggr.nostr.land: auth-required: auth required for aggregator
[baseline] Progress: 50/156 relays queried
[pool] CLOSED from wss://hole.v0l.io: error: queries not allowed
[baseline] Progress: 100/156 relays queried
[pool] CLOSED from wss://relay.nosflare.com: auth-required: authentication required to subscribe
[pool] CLOSED from wss://groups.0xchat.com: blocked: invalid query, must have 'h', 'e' or 'a' tag
[pool] CLOSED from wss://relay.danieldaquino.me/private: auth-required: this query requires you to be authenticated
[pool] CLOSED from wss://auth.nostr1.com: auth-required: you must auth
[pool] CLOSED from wss://relay29.notoshi.win: blocked: invalid query, must have 'h', 'e' or 'a' tag
[pool] CLOSED from wss://nostr-relay.moctane.net: auth-required: authentication required to subscribe
[pool] CLOSED from wss://groups.yugoatobe.com: blocked: invalid query, must have 'h', 'e' or 'a' tag
[baseline] Progress: 150/156 relays queried
[baseline] Progress: 156/156 relays queried
[phase2] Subscription timeouts (no EOSE): 8
[phase2] CLOSED messages received: 10
  wss://bostr.erechorse.com: auth-required: authentication is required to perform this action.
  wss://aggr.nostr.land: auth-required: auth required for aggregator
  wss://hole.v0l.io: error: queries not allowed
  wss://relay.nosflare.com: auth-required: authentication required to subscribe
  wss://groups.0xchat.com: blocked: invalid query, must have 'h', 'e' or 'a' tag
  wss://relay.danieldaquino.me/private: auth-required: this query requires you to be authenticated
  wss://auth.nostr1.com: auth-required: you must auth
  wss://relay29.notoshi.win: blocked: invalid query, must have 'h', 'e' or 'a' tag
  wss://nostr-relay.moctane.net: auth-required: authentication required to subscribe
  wss://groups.yugoatobe.com: blocked: invalid query, must have 'h', 'e' or 'a' tag

=== Phase 2: Event Verification (365d window) ===
Baseline: 156 relays queried (64.1% success), 41s
  Timing: connect 736ms median (1.3s p95) | query 1.5s median (15.5s p95) | 8 timeouts (8 relays)
  Authors: 580 with relay data
    Testable (reliable): 248 | Testable (partial): 3 | Zero events: 325 | Unreliable: 4
  Baseline events: 43,421 (mean 173.0/author, median 33)
  Events per (relay,pubkey) capped at: 10000

  Headline metrics (248 testable-reliable authors, 43,367 baseline events):

  Algorithm                        |   Evt Recall |   Auth Recall |  Relay OK% |     TTFE |      p50 |      p80 | Timeouts
  ---------------------------------+--------------+---------------+------------+----------+----------+----------+---------
  Greedy Set-Cover                 |        24.5% |         82.7% |      85.0% |    687ms |     3.1s |     4.2s |        1
  Weighted Stochastic (seed=0, single run) |        32.6% |         89.1% |      85.0% |    687ms |     3.1s |     4.1s |        0
  Welshman+Thompson (seed=0, single run) |        32.6% |         89.1% |      85.0% |    687ms |     3.1s |     4.1s |        0

  Per-author recall distribution:
  Algorithm                        |   Median |  % at 0% |      p25 |      p75
  ---------------------------------+----------+----------+----------+---------
  Greedy Set-Cover                 |    62.2% |    17.3% |     6.3% |   100.0%
  Weighted Stochastic (seed=0, single run) |   100.0% |    10.9% |    23.5% |   100.0%
  Welshman+Thompson (seed=0, single run) |   100.0% |    10.9% |    23.5% |   100.0%

  Latency simulation (parallel relay query):
  Algorithm                        |     TTFE |      p50 |      p80 |      Max |   TO |   TO Tax |   Relays |   Events
  ---------------------------------+----------+----------+----------+----------+------+----------+----------+---------
  Greedy Set-Cover                 |    687ms |     3.1s |     4.2s |    16.7s |    1 |    15.0s | 17/18/20 |   24,883
  Weighted Stochastic (seed=0, single run) |    687ms |     3.1s |     4.1s |     7.8s |    0 |      0ms | 17/17/20 |   26,661
  Welshman+Thompson (seed=0, single run) |    687ms |     3.1s |     4.1s |     7.8s |    0 |      0ms | 17/17/20 |   26,661
  (Relays: with-events/connected/total | TO Tax: ceil(timeouts/concurrency) × EOSE timeout)

  Progressive completeness (% of recall achieved by time):
  Algorithm                        |      @1s |      @2s |      @5s |     @10s |     @15s
  ---------------------------------+----------+----------+----------+----------+---------
  Greedy Set-Cover                 |     0.0% |     2.2% |    62.6% |   100.0% |   100.0%
  Weighted Stochastic (seed=0, single run) |     0.0% |     4.5% |    68.3% |   100.0% |   100.0%
  Welshman+Thompson (seed=0, single run) |     0.0% |     4.5% |    68.3% |   100.0% |   100.0%

  EOSE-race simulation (stop after first EOSE + grace period):
  Algorithm                        |     +0ms |   +200ms |   +500ms |      +1s |      +2s
  ---------------------------------+----------+----------+----------+----------+---------
  Greedy Set-Cover                 |     0.7% |     0.7% |     2.2% |     4.3% |    22.6%
  Weighted Stochastic (seed=0, single run) |     0.5% |     3.5% |     4.5% |     9.1% |    38.5%
  Welshman+Thompson (seed=0, single run) |     0.5% |     3.5% |     4.5% |     9.1% |    38.5%
  (First EOSE: Greedy Set-Cover=1.6s, Weighted Stochastic (seed=0, single run)=1.6s, Welshman+Thompson (seed=0, single run)=1.6s)

  Profile-view latency (per-author outbox query, top 3 write relays):
    Authors simulated: 251 | Hit rate: 100.0%
    TTFE: 977ms median, 1.1s mean, 1.8s p95
    Relays/profile: 2.8 queried, 2.6 with events, 0.02 timeouts

  Feed vs profile-view TTFE comparison:
  Algorithm                        |  Feed TTFE |  Profile TTFE |    Delta
  ---------------------------------+------------+---------------+---------
  Greedy Set-Cover                 |      687ms |         977ms |   +290ms
  Weighted Stochastic (seed=0, single run) |      687ms |         977ms |   +290ms
  Welshman+Thompson (seed=0, single run) |      687ms |         977ms |   +290ms

  Including partial-baseline authors (251 testable authors, 43,421 baseline events):

  Algorithm                        |   Evt Recall |   Auth Recall
  ---------------------------------+--------------+--------------
  Greedy Set-Cover                 |        24.6% |         82.9%
  Weighted Stochastic (seed=0, single run) |        32.6% |         89.2%
  Welshman+Thompson (seed=0, single run) |        32.6% |         89.2%

=== NIP-66 RTT vs Measured Latency (117 relays, data age: 19min) ===
                             N   Spearman r      MAE    Bias    Top5   Top10   Top20
------------------------  ----  -----------  -------  ------  ------  ------  ------
rttOpen vs connect         117         0.06    513ms    1.1x    0.0%    0.0%    5.0%
rttRead vs query            99         0.03     1.8s    8.0x    0.0%    0.0%   15.0%
(Bias = measured/nip66, >1 = NIP-66 underestimates. TopK = overlap of K fastest relays.)
Monitor: 9bbbb845e5b6..., 58faef87b342..., 9bb7cd94d7b6..., 0b01aa38c2cc..., 9ba1d7892cd0..., 9ba6484003e8..., b2c949c0fb79..., 9bac3d58ef5a..., http-api...
[relay-scores] Updated scores for welshman-thompson: 20 relays, session 1
[relay-scores] Saved to .cache/relay_scores_b3e43e8cc7e6dff2_31536000_liveness_welshman-thompson.json

Thompson Sampling [welshman-thompson] learning state:
  Session: 1
  Relays with observations: 20
  Mean prior α: 12.9, β: 20.5
  Relays with strong preference (α>5): 10
  Relays learned to avoid (β>5): 18

JSON results written to: results/b3e43e8cc7e6dff2_1773182731882.json
