[0m[32mTask[0m [0m[36mbench[0m deno run --allow-net --allow-read --allow-write main.ts "ec42c765418b3db9c85abff3a88f4a3bbe57535eebbdc54522041fa5328c0600" "--algorithms" "greedy,welshman,welshman-thompson" "--verify" "--verify-window" "31536000" "--verify-concurrency" "10" "--nip66-filter" "liveness" "--no-phase2-cache" "--fast" "--output" "both"
Target: ec42c765418b3db9...
Seed: 0 | Filter: strict | Runs: 3
Using cached data (fetched 2026-03-10T22:41:12.916Z)

=== Fetch Quality ===
Indexers: wss://purplepag.es (899 events, 1230ms), wss://relay.damus.io (382 events, 705ms), wss://nos.lol (628 events, 865ms)
Follows: 898 | With relay list: 630 (70.2%) | Missing: 268 (29.8%) | Filtered-to-empty: 4
Filter profile: strict | Filtered URLs: 46 (2 localhost, 4 insecure ws, 5 IP-only, 35 known-bad)
Unique valid write relays: 347 | Seed: 0
[nip66] Using cached monitor data (1158 relays)

=== NIP-66 Liveness Filter (liveness) ===
Monitor data: 1158 relays
Candidate relays: 347
  Known alive: 148
  Unknown (removed): 199
  .onion preserved: 6
  Parse-failed preserved: 0
  Authors filtered to empty: 11
Relays after filter: 148
[relay-scores] Loaded 20 relay priors (session 1, from 2026-03-10T22:41:56.991Z)

Thompson Sampling [welshman-thompson]: loaded 20 relay priors (session 1)

=== Regime A: Fixed 20 Connections ===
  Algorithm                      |  Relays |   Assign% |  Orphans |  Alg.Orph |  Avg/pk |   Gini |    HHI
  -------------------------------+---------+-----------+----------+-----------+---------+--------+-------
  Greedy Set-Cover               |      20 |     68.3% |      285 |        17 |     1.9 |   0.81 |  0.312
  Weighted Stochastic (cap@20)   |      20 |     68.2% (0.0sd) | 285.3333333333333 | 17.333333333333332 |     2.5 |   0.63 |  0.163
  Welshman+Thompson (cap@20)     |      20 |     68.2% (0.0sd) | 285.3333333333333 | 17.333333333333332 |     2.5 |   0.73 |  0.217

=== Phase 2: Event Verification ===
Window: 31536000s | Kinds: 1 | Concurrency: 10
[baseline] Querying 148 relays for 619 authors (window: 31536000s)
[pool] CLOSED from wss://relay.getalby.com/v1: blocked: Request rejected
[pool] CLOSED from wss://greensoul.space: auth-required: only authenticated users can read from this relay
[baseline] Progress: 50/148 relays queried
[pool] CLOSED from wss://bostr.erechorse.com: auth-required: authentication is required to perform this action.
[pool] CLOSED from wss://aggr.nostr.land: auth-required: auth required for aggregator
[pool] CLOSED from wss://inbox.nostr.wine: blocked: this relay does not store any of the kinds in this request
[pool] CLOSED from wss://creatr.nostr.wine: auth-required: please authenticate before sending REQs
[pool] CLOSED from wss://sendit.nosflare.com: restricted: this relay does not accept REQs
[pool] CLOSED from wss://nostr-relay.moctane.net: auth-required: authentication required to subscribe
[pool] CLOSED from wss://groups.0xchat.com: blocked: invalid query, must have 'h', 'e' or 'a' tag
[pool] CLOSED from wss://relay.nosflare.com: auth-required: authentication required to subscribe
[pool] CLOSED from wss://relay.groups.nip29.com: blocked: invalid query, must have 'h', 'e' or 'a' tag
[baseline] Progress: 100/148 relays queried
[pool] CLOSED from wss://auth.nostr1.com: auth-required: you must auth
[pool] CLOSED from wss://anchor.coracle.social: auth-required: alerts are protected
[pool] CLOSED from wss://groups.yugoatobe.com: blocked: invalid query, must have 'h', 'e' or 'a' tag
[baseline] Progress: 148/148 relays queried
[phase2] Subscription timeouts (no EOSE): 8
[phase2] CLOSED messages received: 14
  wss://relay.getalby.com/v1: blocked: Request rejected
  wss://greensoul.space: auth-required: only authenticated users can read from this relay
  wss://bostr.erechorse.com: auth-required: authentication is required to perform this action.
  wss://aggr.nostr.land: auth-required: auth required for aggregator
  wss://inbox.nostr.wine: blocked: this relay does not store any of the kinds in this request
  wss://creatr.nostr.wine: auth-required: please authenticate before sending REQs
  wss://sendit.nosflare.com: restricted: this relay does not accept REQs
  wss://nostr-relay.moctane.net: auth-required: authentication required to subscribe
  wss://groups.0xchat.com: blocked: invalid query, must have 'h', 'e' or 'a' tag
  wss://relay.nosflare.com: auth-required: authentication required to subscribe

=== Phase 2: Event Verification (365d window) ===
Baseline: 148 relays queried (77.7% success), 42s
  Timing: connect 713ms median (1.2s p95) | query 1.2s median (15.4s p95) | 8 timeouts (8 relays)
  Authors: 619 with relay data
    Testable (reliable): 255 | Testable (partial): 1 | Zero events: 360 | Unreliable: 3
  Baseline events: 41,751 (mean 163.1/author, median 27)
  Events per (relay,pubkey) capped at: 10000

  Headline metrics (255 testable-reliable authors, 41,750 baseline events):

  Algorithm                        |   Evt Recall |   Auth Recall |  Relay OK% |     TTFE |      p50 |      p80 | Timeouts
  ---------------------------------+--------------+---------------+------------+----------+----------+----------+---------
  Greedy Set-Cover                 |        26.7% |         85.5% |      90.0% |    775ms |     2.7s |     4.1s |        1
  Weighted Stochastic (seed=0, single run) |        30.5% |         87.1% |      80.0% |    882ms |     2.9s |     4.1s |        1
  Welshman+Thompson (seed=0, single run) |        30.5% |         89.4% |      85.0% |    797ms |     2.7s |     4.1s |        1

  Per-author recall distribution:
  Algorithm                        |   Median |  % at 0% |      p25 |      p75
  ---------------------------------+----------+----------+----------+---------
  Greedy Set-Cover                 |    87.5% |    14.5% |    11.1% |   100.0%
  Weighted Stochastic (seed=0, single run) |   100.0% |    12.9% |    22.2% |   100.0%
  Welshman+Thompson (seed=0, single run) |   100.0% |    10.6% |    22.3% |   100.0%

  Latency simulation (parallel relay query):
  Algorithm                        |     TTFE |      p50 |      p80 |      Max |   TO |   TO Tax |   Relays |   Events
  ---------------------------------+----------+----------+----------+----------+------+----------+----------+---------
  Greedy Set-Cover                 |    775ms |     2.7s |     4.1s |    16.5s |    1 |    15.0s | 17/19/20 |   25,018
  Weighted Stochastic (seed=0, single run) |    882ms |     2.9s |     4.1s |    16.5s |    1 |    15.0s | 16/17/20 |   24,745
  Welshman+Thompson (seed=0, single run) |    797ms |     2.7s |     4.1s |    16.5s |    1 |    15.0s | 17/18/20 |   25,842
  (Relays: with-events/connected/total | TO Tax: ceil(timeouts/concurrency) × EOSE timeout)

  Progressive completeness (% of recall achieved by time):
  Algorithm                        |      @1s |      @2s |      @5s |     @10s |     @15s
  ---------------------------------+----------+----------+----------+----------+---------
  Greedy Set-Cover                 |     1.6% |     1.7% |    65.7% |   100.0% |   100.0%
  Weighted Stochastic (seed=0, single run) |     0.0% |     1.7% |    65.1% |   100.0% |   100.0%
  Welshman+Thompson (seed=0, single run) |     0.5% |     2.0% |    64.7% |   100.0% |   100.0%

  EOSE-race simulation (stop after first EOSE + grace period):
  Algorithm                        |     +0ms |   +200ms |   +500ms |      +1s |      +2s
  ---------------------------------+----------+----------+----------+----------+---------
  Greedy Set-Cover                 |     1.6% |     1.6% |     1.6% |     1.7% |    59.1%
  Weighted Stochastic (seed=0, single run) |     0.2% |     0.2% |     1.7% |     6.1% |    56.8%
  Welshman+Thompson (seed=0, single run) |     0.5% |     0.5% |     0.5% |     2.0% |    51.9%
  (First EOSE: Greedy Set-Cover=932ms, Weighted Stochastic (seed=0, single run)=1.4s, Welshman+Thompson (seed=0, single run)=988ms)

  Profile-view latency (per-author outbox query, top 3 write relays):
    Authors simulated: 256 | Hit rate: 100.0%
    TTFE: 1.1s median, 1.3s mean, 2.0s p95
    Relays/profile: 2.7 queried, 2.5 with events, 0.03 timeouts

  Feed vs profile-view TTFE comparison:
  Algorithm                        |  Feed TTFE |  Profile TTFE |    Delta
  ---------------------------------+------------+---------------+---------
  Greedy Set-Cover                 |      775ms |          1.1s |   +277ms
  Weighted Stochastic (seed=0, single run) |      882ms |          1.1s |   +170ms
  Welshman+Thompson (seed=0, single run) |      797ms |          1.1s |   +255ms

  Including partial-baseline authors (256 testable authors, 41,751 baseline events):

  Algorithm                        |   Evt Recall |   Auth Recall
  ---------------------------------+--------------+--------------
  Greedy Set-Cover                 |        26.7% |         85.5%
  Weighted Stochastic (seed=0, single run) |        30.5% |         86.7%
  Welshman+Thompson (seed=0, single run) |        30.5% |         89.1%

=== NIP-66 RTT vs Measured Latency (135 relays, data age: 29min) ===
                             N   Spearman r      MAE    Bias    Top5   Top10   Top20
------------------------  ----  -----------  -------  ------  ------  ------  ------
rttOpen vs connect         135         0.01    517ms    0.9x    0.0%    0.0%    5.0%
rttRead vs query           113        -0.03     1.4s    7.0x    0.0%    0.0%    5.0%
(Bias = measured/nip66, >1 = NIP-66 underestimates. TopK = overlap of K fastest relays.)
Monitor: 9bbbb845e5b6..., 9bb7cd94d7b6..., 58faef87b342..., http-api..., 0b01aa38c2cc..., 9ba1d7892cd0..., 9ba6484003e8..., 9b85d54cc4bc..., b2c949c0fb79..., 9bac3d58ef5a...
[relay-scores] Updated scores for welshman-thompson: 23 relays, session 2
[relay-scores] Saved to .cache/relay_scores_ec42c765418b3db9_31536000_liveness_welshman-thompson.json

Thompson Sampling [welshman-thompson] learning state:
  Session: 2
  Relays with observations: 23
  Mean prior α: 24.1, β: 31.8
  Relays with strong preference (α>5): 12
  Relays learned to avoid (β>5): 19

JSON results written to: results/ec42c765418b3db9_1773183276894.json
