[0m[32mTask[0m [0m[36mbench[0m deno run --allow-net --allow-read --allow-write main.ts "0c9b1e9fef76c88b63f86645dc33bb7777f0259ec41e674b61f4fc553f6db0e0" "--algorithms" "greedy,welshman,welshman-thompson" "--verify" "--verify-window" "31536000" "--verify-concurrency" "10" "--nip66-filter" "liveness" "--no-phase2-cache" "--fast" "--output" "both"
Target: 0c9b1e9fef76c88b...
Seed: 0 | Filter: strict | Runs: 3
Using cached data (fetched 2026-03-08T10:09:49.123Z)

=== Fetch Quality ===
Indexers: wss://purplepag.es (1673 events, 1137ms), wss://relay.damus.io (411 events, 245ms), wss://nos.lol (952 events, 821ms)
Follows: 1746 | With relay list: 948 (54.3%) | Missing: 798 (45.7%) | Filtered-to-empty: 11
Filter profile: strict | Filtered URLs: 75 (6 localhost, 16 insecure ws, 3 IP-only, 50 known-bad)
Unique valid write relays: 413 | Seed: 0
[nip66] Using cached monitor data (1108 relays)

=== NIP-66 Liveness Filter (liveness) ===
Monitor data: 1108 relays
Candidate relays: 413
  Known alive: 169
  Unknown (removed): 244
  .onion preserved: 4
  Parse-failed preserved: 0
  Authors filtered to empty: 22
Relays after filter: 169
[relay-scores] Loaded 31 relay priors (session 7, from 2026-03-08T10:42:24.441Z)

Thompson Sampling [welshman-thompson]: loaded 31 relay priors (session 7)

=== Regime A: Fixed 20 Connections ===
  Algorithm                      |  Relays |   Assign% |  Orphans |  Alg.Orph |  Avg/pk |   Gini |    HHI
  -------------------------------+---------+-----------+----------+-----------+---------+--------+-------
  Greedy Set-Cover               |      20 |     53.0% |      821 |        23 |     1.9 |   0.82 |  0.320
  Weighted Stochastic (cap@20)   |      20 |     52.5% (0.0sd) |      829 |        31 |     2.6 |   0.65 |  0.175
  Welshman+Thompson (cap@20)     |      20 |     52.9% (0.0sd) |      822 |        24 |     2.6 |   0.74 |  0.216

=== Phase 2: Event Verification ===
Window: 31536000s | Kinds: 1 | Concurrency: 10
[baseline] Querying 169 relays for 926 authors (window: 31536000s)
[pool] CLOSED from wss://aggr.nostr.land: auth-required: auth required for aggregator
[pool] CLOSED from wss://relay.getalby.com/v1: blocked: Request rejected
[pool] CLOSED from wss://greensoul.space: auth-required: only authenticated users can read from this relay
[baseline] Progress: 50/169 relays queried
[pool] CLOSED from wss://sendit.nosflare.com: restricted: this relay does not accept REQs
[pool] CLOSED from wss://creatr.nostr.wine: auth-required: please authenticate before sending REQs
[pool] CLOSED from wss://inbox.nostr.wine: blocked: this relay does not store any of the kinds in this request
[baseline] Progress: 100/169 relays queried
[pool] CLOSED from wss://nostr-relay.moctane.net: auth-required: authentication required to subscribe
[pool] CLOSED from wss://groups.0xchat.com: blocked: invalid query, must have 'h', 'e' or 'a' tag
[pool] CLOSED from wss://relay.groups.nip29.com: blocked: invalid query, must have 'h', 'e' or 'a' tag
[pool] CLOSED from wss://relay29.notoshi.win: blocked: invalid query, must have 'h', 'e' or 'a' tag
[pool] CLOSED from wss://bostr.erechorse.com: auth-required: authentication is required to perform this action.
[pool] CLOSED from wss://relay.nosflare.com: auth-required: authentication required to subscribe
[pool] CLOSED from wss://auth.nostr1.com: auth-required: you must auth
[baseline] Progress: 150/169 relays queried
[baseline] Progress: 169/169 relays queried
[phase2] Subscription timeouts (no EOSE): 6
[phase2] CLOSED messages received: 13
  wss://aggr.nostr.land: auth-required: auth required for aggregator
  wss://relay.getalby.com/v1: blocked: Request rejected
  wss://greensoul.space: auth-required: only authenticated users can read from this relay
  wss://sendit.nosflare.com: restricted: this relay does not accept REQs
  wss://creatr.nostr.wine: auth-required: please authenticate before sending REQs
  wss://inbox.nostr.wine: blocked: this relay does not store any of the kinds in this request
  wss://nostr-relay.moctane.net: auth-required: authentication required to subscribe
  wss://groups.0xchat.com: blocked: invalid query, must have 'h', 'e' or 'a' tag
  wss://relay.groups.nip29.com: blocked: invalid query, must have 'h', 'e' or 'a' tag
  wss://relay29.notoshi.win: blocked: invalid query, must have 'h', 'e' or 'a' tag

=== Phase 2: Event Verification (365d window) ===
Baseline: 169 relays queried (82.8% success), 43s
  Timing: connect 715ms median (1.1s p95) | query 1.2s median (7.7s p95) | 6 timeouts (6 relays)
  Authors: 926 with relay data
    Testable (reliable): 303 | Testable (partial): 0 | Zero events: 620 | Unreliable: 3
  Baseline events: 54,819 (mean 180.9/author, median 29)
  Events per (relay,pubkey) capped at: 10000

  Headline metrics (303 testable-reliable authors, 54,819 baseline events):

  Algorithm                        |   Evt Recall |   Auth Recall |  Relay OK% |     TTFE |      p50 |      p80 | Timeouts
  ---------------------------------+--------------+---------------+------------+----------+----------+----------+---------
  Greedy Set-Cover                 |        27.4% |         81.5% |      95.0% |     1.1s |     2.8s |     3.9s |        1
  Weighted Stochastic (seed=0, single run) |        35.2% |         87.1% |      90.0% |    950ms |     2.9s |     3.9s |        1
  Welshman+Thompson (seed=0, single run) |        37.7% |         90.1% |      90.0% |    900ms |     2.5s |     3.8s |        1

  Per-author recall distribution:
  Algorithm                        |   Median |  % at 0% |      p25 |      p75
  ---------------------------------+----------+----------+----------+---------
  Greedy Set-Cover                 |    80.0% |    18.5% |     4.6% |   100.0%
  Weighted Stochastic (seed=0, single run) |   100.0% |    12.9% |    20.1% |   100.0%
  Welshman+Thompson (seed=0, single run) |   100.0% |     9.9% |    40.0% |   100.0%

  Latency simulation (parallel relay query):
  Algorithm                        |     TTFE |      p50 |      p80 |      Max |   TO |   TO Tax |   Relays |   Events
  ---------------------------------+----------+----------+----------+----------+------+----------+----------+---------
  Greedy Set-Cover                 |     1.1s |     2.8s |     3.9s |    16.6s |    1 |    15.0s | 19/20/20 |   35,930
  Weighted Stochastic (seed=0, single run) |    950ms |     2.9s |     3.9s |    16.6s |    1 |    15.0s | 18/19/20 |   38,636
  Welshman+Thompson (seed=0, single run) |    900ms |     2.5s |     3.8s |    16.6s |    1 |    15.0s | 18/19/20 |   38,924
  (Relays: with-events/connected/total | TO Tax: ceil(timeouts/concurrency) × EOSE timeout)

  Progressive completeness (% of recall achieved by time):
  Algorithm                        |      @1s |      @2s |      @5s |     @10s |     @15s
  ---------------------------------+----------+----------+----------+----------+---------
  Greedy Set-Cover                 |     0.0% |     2.3% |    66.7% |    83.8% |   100.0%
  Weighted Stochastic (seed=0, single run) |     0.0% |    21.2% |    73.7% |    89.4% |   100.0%
  Welshman+Thompson (seed=0, single run) |     0.0% |    16.8% |    71.0% |    88.9% |   100.0%

  EOSE-race simulation (stop after first EOSE + grace period):
  Algorithm                        |     +0ms |   +200ms |   +500ms |      +1s |      +2s
  ---------------------------------+----------+----------+----------+----------+---------
  Greedy Set-Cover                 |     1.6% |     2.2% |     2.3% |     3.2% |    18.4%
  Weighted Stochastic (seed=0, single run) |     1.6% |     3.7% |    21.2% |    25.3% |    38.0%
  Welshman+Thompson (seed=0, single run) |     0.0% |     0.0% |     2.6% |    16.8% |    33.3%
  (First EOSE: Greedy Set-Cover=1.3s, Weighted Stochastic (seed=0, single run)=1.3s, Welshman+Thompson (seed=0, single run)=1.1s)

  Profile-view latency (per-author outbox query, top 3 write relays):
    Authors simulated: 303 | Hit rate: 100.0%
    TTFE: 1.8s median, 1.6s mean, 2.0s p95
    Relays/profile: 2.8 queried, 2.6 with events, 0.01 timeouts

  Feed vs profile-view TTFE comparison:
  Algorithm                        |  Feed TTFE |  Profile TTFE |    Delta
  ---------------------------------+------------+---------------+---------
  Greedy Set-Cover                 |       1.1s |          1.8s |   +732ms
  Weighted Stochastic (seed=0, single run) |      950ms |          1.8s |   +861ms
  Welshman+Thompson (seed=0, single run) |      900ms |          1.8s |   +910ms

=== NIP-66 RTT vs Measured Latency (158 relays, data age: 48min) ===
                             N   Spearman r      MAE    Bias    Top5   Top10   Top20
------------------------  ----  -----------  -------  ------  ------  ------  ------
rttOpen vs connect         158         0.05    483ms    1.2x    0.0%   10.0%    5.0%
rttRead vs query           140         0.08     1.4s    7.8x   20.0%   10.0%    5.0%
(Bias = measured/nip66, >1 = NIP-66 underestimates. TopK = overlap of K fastest relays.)
Monitor: 58faef87b342..., 9ba1d7892cd0..., 9bbbb845e5b6..., http-api..., b2c949c0fb79..., 9bb7cd94d7b6..., 9b85d54cc4bc..., 63019a1fc7c4...
[relay-scores] Updated scores for welshman-thompson: 31 relays, session 8
[relay-scores] Saved to .cache/relay_scores_0c9b1e9fef76c88b_31536000_liveness_welshman-thompson.json

Thompson Sampling [welshman-thompson] learning state:
  Session: 8
  Relays with observations: 31
  Mean prior α: 73.6, β: 96.3
  Relays with strong preference (α>5): 17
  Relays learned to avoid (β>5): 28

JSON results written to: results/0c9b1e9fef76c88b_1772967268179.json
