[0m[32mTask[0m [0m[36mbench[0m deno run --allow-net --allow-read --allow-write main.ts "0c9b1e9fef76c88b63f86645dc33bb7777f0259ec41e674b61f4fc553f6db0e0" "--algorithms" "greedy,welshman,welshman-thompson" "--verify" "--verify-window" "31536000" "--verify-concurrency" "10" "--nip66-filter" "liveness" "--no-phase2-cache" "--fast" "--output" "both"
Target: 0c9b1e9fef76c88b...
Seed: 0 | Filter: strict | Runs: 3
Using cached data (fetched 2026-03-10T22:52:09.689Z)

=== Fetch Quality ===
Indexers: wss://purplepag.es (1673 events, 902ms), wss://relay.damus.io (412 events, 313ms), wss://nos.lol (952 events, 661ms)
Follows: 1746 | With relay list: 948 (54.3%) | Missing: 798 (45.7%) | Filtered-to-empty: 11
Filter profile: strict | Filtered URLs: 75 (6 localhost, 16 insecure ws, 3 IP-only, 50 known-bad)
Unique valid write relays: 413 | Seed: 0
[nip66] Using cached monitor data (1158 relays)

=== NIP-66 Liveness Filter (liveness) ===
Monitor data: 1158 relays
Candidate relays: 413
  Known alive: 164
  Unknown (removed): 249
  .onion preserved: 4
  Parse-failed preserved: 0
  Authors filtered to empty: 22
Relays after filter: 164
[relay-scores] Loaded 24 relay priors (session 3, from 2026-03-10T23:17:25.748Z)

Thompson Sampling [welshman-thompson]: loaded 24 relay priors (session 3)

=== Regime A: Fixed 20 Connections ===
  Algorithm                      |  Relays |   Assign% |  Orphans |  Alg.Orph |  Avg/pk |   Gini |    HHI
  -------------------------------+---------+-----------+----------+-----------+---------+--------+-------
  Greedy Set-Cover               |      20 |     53.0% |      821 |        23 |     1.9 |   0.82 |  0.320
  Weighted Stochastic (cap@20)   |      20 |     52.7% (0.0sd) |      825 |        27 |     2.6 |   0.65 |  0.172
  Welshman+Thompson (cap@20)     |      20 |     53.0% (0.0sd) | 821.3333333333334 | 23.333333333333332 |     2.6 |   0.74 |  0.215

=== Phase 2: Event Verification ===
Window: 31536000s | Kinds: 1 | Concurrency: 10
[baseline] Querying 164 relays for 926 authors (window: 31536000s)
[pool] CLOSED from wss://aggr.nostr.land: auth-required: auth required for aggregator
[pool] CLOSED from wss://relay.getalby.com/v1: blocked: Request rejected
[pool] CLOSED from wss://greensoul.space: auth-required: only authenticated users can read from this relay
[baseline] Progress: 50/164 relays queried
[pool] CLOSED from wss://sendit.nosflare.com: restricted: this relay does not accept REQs
[pool] CLOSED from wss://creatr.nostr.wine: auth-required: please authenticate before sending REQs
[pool] CLOSED from wss://inbox.nostr.wine: blocked: this relay does not store any of the kinds in this request
[baseline] Progress: 100/164 relays queried
[pool] CLOSED from wss://nostr-relay.moctane.net: auth-required: authentication required to subscribe
[pool] CLOSED from wss://groups.0xchat.com: blocked: invalid query, must have 'h', 'e' or 'a' tag
[pool] CLOSED from wss://relay.groups.nip29.com: blocked: invalid query, must have 'h', 'e' or 'a' tag
[pool] CLOSED from wss://relay29.notoshi.win: blocked: invalid query, must have 'h', 'e' or 'a' tag
[pool] CLOSED from wss://relay.nosflare.com: auth-required: authentication required to subscribe
[pool] CLOSED from wss://bostr.erechorse.com: auth-required: authentication is required to perform this action.
[pool] CLOSED from wss://auth.nostr1.com: auth-required: you must auth
[baseline] Progress: 150/164 relays queried
[baseline] Progress: 164/164 relays queried
[phase2] Subscription timeouts (no EOSE): 6
[phase2] CLOSED messages received: 13
  wss://aggr.nostr.land: auth-required: auth required for aggregator
  wss://relay.getalby.com/v1: blocked: Request rejected
  wss://greensoul.space: auth-required: only authenticated users can read from this relay
  wss://sendit.nosflare.com: restricted: this relay does not accept REQs
  wss://creatr.nostr.wine: auth-required: please authenticate before sending REQs
  wss://inbox.nostr.wine: blocked: this relay does not store any of the kinds in this request
  wss://nostr-relay.moctane.net: auth-required: authentication required to subscribe
  wss://groups.0xchat.com: blocked: invalid query, must have 'h', 'e' or 'a' tag
  wss://relay.groups.nip29.com: blocked: invalid query, must have 'h', 'e' or 'a' tag
  wss://relay29.notoshi.win: blocked: invalid query, must have 'h', 'e' or 'a' tag

=== Phase 2: Event Verification (365d window) ===
Baseline: 164 relays queried (81.1% success), 42s
  Timing: connect 727ms median (1.2s p95) | query 1.2s median (7.8s p95) | 6 timeouts (6 relays)
  Authors: 926 with relay data
    Testable (reliable): 309 | Testable (partial): 0 | Zero events: 614 | Unreliable: 3
  Baseline events: 51,517 (mean 166.7/author, median 28)
  Events per (relay,pubkey) capped at: 10000

  Headline metrics (309 testable-reliable authors, 51,517 baseline events):

  Algorithm                        |   Evt Recall |   Auth Recall |  Relay OK% |     TTFE |      p50 |      p80 | Timeouts
  ---------------------------------+--------------+---------------+------------+----------+----------+----------+---------
  Greedy Set-Cover                 |        28.7% |         80.6% |      95.0% |    818ms |     2.6s |     6.2s |        1
  Weighted Stochastic (seed=0, single run) |        36.6% |         87.1% |      85.0% |    707ms |     2.6s |     6.2s |        1
  Welshman+Thompson (seed=0, single run) |        32.3% |         90.0% |      90.0% |    818ms |     2.4s |     6.2s |        1

  Per-author recall distribution:
  Algorithm                        |   Median |  % at 0% |      p25 |      p75
  ---------------------------------+----------+----------+----------+---------
  Greedy Set-Cover                 |    79.1% |    19.4% |     4.8% |   100.0%
  Weighted Stochastic (seed=0, single run) |   100.0% |    12.9% |    25.0% |   100.0%
  Welshman+Thompson (seed=0, single run) |   100.0% |    10.0% |    29.3% |   100.0%

  Latency simulation (parallel relay query):
  Algorithm                        |     TTFE |      p50 |      p80 |      Max |   TO |   TO Tax |   Relays |   Events
  ---------------------------------+----------+----------+----------+----------+------+----------+----------+---------
  Greedy Set-Cover                 |    818ms |     2.6s |     6.2s |    18.3s |    1 |    15.0s | 19/20/20 |   36,117
  Weighted Stochastic (seed=0, single run) |    707ms |     2.6s |     6.2s |    18.3s |    1 |    15.0s | 17/18/20 |   35,517
  Welshman+Thompson (seed=0, single run) |    818ms |     2.4s |     6.2s |    18.3s |    1 |    15.0s | 17/19/20 |   35,368
  (Relays: with-events/connected/total | TO Tax: ceil(timeouts/concurrency) × EOSE timeout)

  Progressive completeness (% of recall achieved by time):
  Algorithm                        |      @1s |      @2s |      @5s |     @10s |     @15s
  ---------------------------------+----------+----------+----------+----------+---------
  Greedy Set-Cover                 |     0.0% |     2.6% |    66.5% |    97.8% |   100.0%
  Weighted Stochastic (seed=0, single run) |     0.0% |     9.0% |    65.7% |    97.9% |   100.0%
  Welshman+Thompson (seed=0, single run) |     0.0% |     4.9% |    51.4% |    96.2% |   100.0%

  EOSE-race simulation (stop after first EOSE + grace period):
  Algorithm                        |     +0ms |   +200ms |   +500ms |      +1s |      +2s
  ---------------------------------+----------+----------+----------+----------+---------
  Greedy Set-Cover                 |     0.0% |     2.5% |     2.6% |    62.5% |    66.5%
  Weighted Stochastic (seed=0, single run) |     2.0% |     2.0% |     6.1% |     9.0% |    56.3%
  Welshman+Thompson (seed=0, single run) |     1.4% |     4.7% |     4.9% |    49.5% |    51.2%
  (First EOSE: Greedy Set-Cover=1.5s, Weighted Stochastic (seed=0, single run)=1.0s, Welshman+Thompson (seed=0, single run)=1.5s)

  Profile-view latency (per-author outbox query, top 3 write relays):
    Authors simulated: 309 | Hit rate: 100.0%
    TTFE: 818ms median, 1.2s mean, 2.0s p95
    Relays/profile: 2.7 queried, 2.6 with events, 0.02 timeouts

  Feed vs profile-view TTFE comparison:
  Algorithm                        |  Feed TTFE |  Profile TTFE |    Delta
  ---------------------------------+------------+---------------+---------
  Greedy Set-Cover                 |      818ms |         818ms |     +0ms
  Weighted Stochastic (seed=0, single run) |      707ms |         818ms |   +111ms
  Welshman+Thompson (seed=0, single run) |      818ms |         818ms |     +0ms

=== NIP-66 RTT vs Measured Latency (150 relays, data age: 64min) ===
                             N   Spearman r      MAE    Bias    Top5   Top10   Top20
------------------------  ----  -----------  -------  ------  ------  ------  ------
rttOpen vs connect         150         0.01    542ms    1.1x    0.0%   10.0%    5.0%
rttRead vs query           131        -0.01     1.5s    7.0x    0.0%    0.0%    5.0%
(Bias = measured/nip66, >1 = NIP-66 underestimates. TopK = overlap of K fastest relays.)
Monitor: 9bbbb845e5b6..., 9bb7cd94d7b6..., 0b01aa38c2cc..., 58faef87b342..., http-api..., 9ba1d7892cd0..., 9ba6484003e8..., b2c949c0fb79..., 9b85d54cc4bc..., 9bac3d58ef5a...
[relay-scores] Updated scores for welshman-thompson: 27 relays, session 4
[relay-scores] Degrading relays (2): wss://yabu.me, wss://relay.ditto.pub
[relay-scores] Saved to .cache/relay_scores_0c9b1e9fef76c88b_31536000_liveness_welshman-thompson.json

Thompson Sampling [welshman-thompson] learning state:
  Session: 4
  Relays with observations: 27
  Mean prior α: 44.1, β: 61.2
  Relays with strong preference (α>5): 15
  Relays learned to avoid (β>5): 25

JSON results written to: results/0c9b1e9fef76c88b_1773185365450.json
