[0m[32mTask[0m [0m[36mbench[0m deno run --allow-net --allow-read --allow-write main.ts "78b3c1ed0a53b072fcfb8cc2e2e09cad31c9bfec869d1c8745c343d55033eea9" "--algorithms" "greedy,welshman,welshman-thompson" "--verify" "--verify-window" "31536000" "--verify-concurrency" "10" "--nip66-filter" "liveness" "--no-phase2-cache" "--fast" "--output" "both"
Target: 78b3c1ed0a53b072...
Seed: 0 | Filter: strict | Runs: 3
Using cached data (fetched 2026-03-08T10:05:26.586Z)

=== Fetch Quality ===
Indexers: wss://purplepag.es (85 events, 1538ms), wss://relay.damus.io (37 events, 252ms), wss://nos.lol (54 events, 854ms)
Follows: 84 | With relay list: 54 (64.3%) | Missing: 30 (35.7%)
Filter profile: strict | Filtered URLs: 10 (10 known-bad)
Unique valid write relays: 108 | Seed: 0
[nip66] Using cached monitor data (1108 relays)

=== NIP-66 Liveness Filter (liveness) ===
Monitor data: 1108 relays
Candidate relays: 108
  Known alive: 50
  Unknown (removed): 58
  .onion preserved: 1
  Parse-failed preserved: 0
  Authors filtered to empty: 1
Relays after filter: 50
[relay-scores] Loaded 32 relay priors (session 7, from 2026-03-08T10:38:40.926Z)

Thompson Sampling [welshman-thompson]: loaded 32 relay priors (session 7)

=== Regime A: Fixed 20 Connections ===
  Algorithm                      |  Relays |   Assign% |  Orphans |  Alg.Orph |  Avg/pk |   Gini |    HHI
  -------------------------------+---------+-----------+----------+-----------+---------+--------+-------
  Greedy Set-Cover               |      12 |     63.1% |       31 |         1 |     1.9 |   0.67 |  0.267
  Weighted Stochastic (cap@20)   |      20 |     63.1% (0.0sd) |       31 |         1 |     2.6 |   0.58 |  0.120
  Welshman+Thompson (cap@20)     |      20 |     63.1% (0.0sd) |       31 |         1 |     2.6 |   0.59 |  0.119

=== Phase 2: Event Verification ===
Window: 31536000s | Kinds: 1 | Concurrency: 10
[baseline] Querying 50 relays for 53 authors (window: 31536000s)
[pool] CLOSED from wss://relay.getalby.com/v1: blocked: Request rejected
[pool] CLOSED from wss://auth.nostr1.com: auth-required: you must auth
[baseline] Progress: 50/50 relays queried
[phase2] Subscription timeouts (no EOSE): 2
[phase2] CLOSED messages received: 2
  wss://relay.getalby.com/v1: blocked: Request rejected
  wss://auth.nostr1.com: auth-required: you must auth

=== Phase 2: Event Verification (365d window) ===
Baseline: 50 relays queried (86.0% success), 18s
  Timing: connect 642ms median (951ms p95) | query 882ms median (1.6s p95) | 2 timeouts (2 relays)
  Authors: 53 with relay data
    Testable (reliable): 30 | Testable (partial): 0 | Zero events: 21 | Unreliable: 2
  Baseline events: 4,531 (mean 151.0/author, median 45)
  Events per (relay,pubkey) capped at: 10000

  Headline metrics (30 testable-reliable authors, 4,531 baseline events):

  Algorithm                        |   Evt Recall |   Auth Recall |  Relay OK% |     TTFE |      p50 |      p80 | Timeouts
  ---------------------------------+--------------+---------------+------------+----------+----------+----------+---------
  Greedy Set-Cover                 |        21.0% |         80.0% |      66.7% |    644ms |     2.2s |     2.7s |        2
  Weighted Stochastic (seed=0, single run) |        62.4% |         86.7% |      75.0% |    644ms |     2.1s |     2.4s |        2
  Welshman+Thompson (seed=0, single run) |        68.5% |         90.0% |      75.0% |    556ms |     1.9s |     2.4s |        2

  Per-author recall distribution:
  Algorithm                        |   Median |  % at 0% |      p25 |      p75
  ---------------------------------+----------+----------+----------+---------
  Greedy Set-Cover                 |    22.1% |    20.0% |     0.7% |    76.1%
  Weighted Stochastic (seed=0, single run) |   100.0% |    13.3% |     6.7% |   100.0%
  Welshman+Thompson (seed=0, single run) |   100.0% |    10.0% |    55.8% |   100.0%

  Latency simulation (parallel relay query):
  Algorithm                        |     TTFE |      p50 |      p80 |      Max |   TO |   TO Tax |   Relays |   Events
  ---------------------------------+----------+----------+----------+----------+------+----------+----------+---------
  Greedy Set-Cover                 |    644ms |     2.2s |     2.7s |    16.7s |    2 |    15.0s |  7/10/12 |    3,462
  Weighted Stochastic (seed=0, single run) |    644ms |     2.1s |     2.4s |    16.7s |    2 |    15.0s | 13/18/20 |    5,263
  Welshman+Thompson (seed=0, single run) |    556ms |     1.9s |     2.4s |    16.7s |    2 |    15.0s | 14/18/20 |    5,173
  (Relays: with-events/connected/total | TO Tax: ceil(timeouts/concurrency) × EOSE timeout)

  Progressive completeness (% of recall achieved by time):
  Algorithm                        |      @1s |      @2s |      @5s |     @10s |     @15s
  ---------------------------------+----------+----------+----------+----------+---------
  Greedy Set-Cover                 |    52.8% |    53.2% |   100.0% |   100.0% |   100.0%
  Weighted Stochastic (seed=0, single run) |    12.4% |    77.8% |   100.0% |   100.0% |   100.0%
  Welshman+Thompson (seed=0, single run) |    11.1% |    80.0% |   100.0% |   100.0% |   100.0%

  EOSE-race simulation (stop after first EOSE + grace period):
  Algorithm                        |     +0ms |   +200ms |   +500ms |      +1s |      +2s
  ---------------------------------+----------+----------+----------+----------+---------
  Greedy Set-Cover                 |    52.6% |    52.8% |    52.8% |    53.2% |   100.0%
  Weighted Stochastic (seed=0, single run) |    12.3% |    12.4% |    12.4% |    55.3% |   100.0%
  Welshman+Thompson (seed=0, single run) |     0.3% |    11.1% |    11.1% |    58.5% |    93.5%
  (First EOSE: Greedy Set-Cover=770ms, Weighted Stochastic (seed=0, single run)=770ms, Welshman+Thompson (seed=0, single run)=584ms)

  Profile-view latency (per-author outbox query, top 3 write relays):
    Authors simulated: 30 | Hit rate: 100.0%
    TTFE: 998ms median, 1.1s mean, 1.8s p95
    Relays/profile: 2.8 queried, 2.4 with events, 0.03 timeouts

  Feed vs profile-view TTFE comparison:
  Algorithm                        |  Feed TTFE |  Profile TTFE |    Delta
  ---------------------------------+------------+---------------+---------
  Greedy Set-Cover                 |      644ms |         998ms |   +354ms
  Weighted Stochastic (seed=0, single run) |      644ms |         998ms |   +354ms
  Welshman+Thompson (seed=0, single run) |      556ms |         998ms |   +441ms

=== NIP-66 RTT vs Measured Latency (46 relays, data age: 43min) ===
                             N   Spearman r      MAE    Bias    Top5   Top10   Top20
------------------------  ----  -----------  -------  ------  ------  ------  ------
rttOpen vs connect          46         0.01    500ms    0.9x    0.0%    0.0%   45.0%
rttRead vs query            43         0.24    838ms    4.7x    0.0%   20.0%   55.0%
(Bias = measured/nip66, >1 = NIP-66 underestimates. TopK = overlap of K fastest relays.)
Monitor: 58faef87b342..., http-api..., 9ba1d7892cd0..., b2c949c0fb79..., 9bbbb845e5b6..., 9b85d54cc4bc...
[relay-scores] Updated scores for welshman-thompson: 32 relays, session 8
[relay-scores] Degrading relays (3): wss://nostr.bitcoiner.social, wss://nrelay.c-stellar.net, wss://nostr.mom
[relay-scores] Saved to .cache/relay_scores_78b3c1ed0a53b072_31536000_liveness_welshman-thompson.json

Thompson Sampling [welshman-thompson] learning state:
  Session: 8
  Relays with observations: 32
  Mean prior α: 6.3, β: 10.6
  Relays with strong preference (α>5): 10
  Relays learned to avoid (β>5): 11

JSON results written to: results/78b3c1ed0a53b072_1772967048472.json
