[0m[32mTask[0m [0m[36mbench[0m deno run --allow-net --allow-read --allow-write main.ts "78b3c1ed0a53b072fcfb8cc2e2e09cad31c9bfec869d1c8745c343d55033eea9" "--algorithms" "greedy,welshman,welshman-thompson" "--verify" "--verify-window" "31536000" "--verify-concurrency" "10" "--nip66-filter" "liveness" "--no-phase2-cache" "--fast" "--output" "both"
Target: 78b3c1ed0a53b072...
Seed: 0 | Filter: strict | Runs: 3
Using cached data (fetched 2026-03-08T10:05:26.586Z)

=== Fetch Quality ===
Indexers: wss://purplepag.es (85 events, 1538ms), wss://relay.damus.io (37 events, 252ms), wss://nos.lol (54 events, 854ms)
Follows: 84 | With relay list: 54 (64.3%) | Missing: 30 (35.7%)
Filter profile: strict | Filtered URLs: 10 (10 known-bad)
Unique valid write relays: 108 | Seed: 0
[nip66] Using cached monitor data (1108 relays)

=== NIP-66 Liveness Filter (liveness) ===
Monitor data: 1108 relays
Candidate relays: 108
  Known alive: 50
  Unknown (removed): 58
  .onion preserved: 1
  Parse-failed preserved: 0
  Authors filtered to empty: 1
Relays after filter: 50
[relay-scores] Loaded 29 relay priors (session 5, from 2026-03-07T16:10:02.114Z)

Thompson Sampling [welshman-thompson]: loaded 29 relay priors (session 5)

=== Regime A: Fixed 20 Connections ===
  Algorithm                      |  Relays |   Assign% |  Orphans |  Alg.Orph |  Avg/pk |   Gini |    HHI
  -------------------------------+---------+-----------+----------+-----------+---------+--------+-------
  Greedy Set-Cover               |      12 |     63.1% |       31 |         1 |     1.9 |   0.67 |  0.267
  Weighted Stochastic (cap@20)   |      20 |     63.1% (0.0sd) |       31 |         1 |     2.6 |   0.58 |  0.120
  Welshman+Thompson (cap@20)     |      20 |     63.1% (0.0sd) |       31 |         1 |     2.6 |   0.59 |  0.125

=== Phase 2: Event Verification ===
Window: 31536000s | Kinds: 1 | Concurrency: 10
[baseline] Querying 50 relays for 53 authors (window: 31536000s)
[pool] CLOSED from wss://relay.getalby.com/v1: blocked: Request rejected
[pool] CLOSED from wss://auth.nostr1.com: auth-required: you must auth
[baseline] Progress: 50/50 relays queried
[phase2] Subscription timeouts (no EOSE): 3
[phase2] CLOSED messages received: 2
  wss://relay.getalby.com/v1: blocked: Request rejected
  wss://auth.nostr1.com: auth-required: you must auth

=== Phase 2: Event Verification (365d window) ===
Baseline: 50 relays queried (80.0% success), 19s
  Timing: connect 675ms median (1.1s p95) | query 970ms median (2.6s p95) | 3 timeouts (3 relays)
  Authors: 53 with relay data
    Testable (reliable): 30 | Testable (partial): 0 | Zero events: 21 | Unreliable: 2
  Baseline events: 4,529 (mean 151.0/author, median 45)
  Events per (relay,pubkey) capped at: 10000

  Headline metrics (30 testable-reliable authors, 4,529 baseline events):

  Algorithm                        |   Evt Recall |   Auth Recall |  Relay OK% |     TTFE |      p50 |      p80 | Timeouts
  ---------------------------------+--------------+---------------+------------+----------+----------+----------+---------
  Greedy Set-Cover                 |        21.0% |         80.0% |      66.7% |    874ms |     2.2s |     2.9s |        2
  Weighted Stochastic (seed=0, single run) |        62.4% |         86.7% |      75.0% |    874ms |     2.2s |     2.6s |        2
  Welshman+Thompson (seed=0, single run) |        66.8% |         93.3% |      75.0% |    725ms |     1.7s |     2.5s |        1

  Per-author recall distribution:
  Algorithm                        |   Median |  % at 0% |      p25 |      p75
  ---------------------------------+----------+----------+----------+---------
  Greedy Set-Cover                 |    22.1% |    20.0% |     0.7% |    76.1%
  Weighted Stochastic (seed=0, single run) |   100.0% |    13.3% |     6.7% |   100.0%
  Welshman+Thompson (seed=0, single run) |   100.0% |     6.7% |    55.7% |   100.0%

  Latency simulation (parallel relay query):
  Algorithm                        |     TTFE |      p50 |      p80 |      Max |   TO |   TO Tax |   Relays |   Events
  ---------------------------------+----------+----------+----------+----------+------+----------+----------+---------
  Greedy Set-Cover                 |    874ms |     2.2s |     2.9s |    16.7s |    2 |    15.0s |  7/10/12 |    3,462
  Weighted Stochastic (seed=0, single run) |    874ms |     2.2s |     2.6s |    16.7s |    2 |    15.0s | 13/18/20 |    5,263
  Welshman+Thompson (seed=0, single run) |    725ms |     1.7s |     2.5s |    15.7s |    1 |    15.0s | 14/17/20 |    4,716
  (Relays: with-events/connected/total | TO Tax: ceil(timeouts/concurrency) × EOSE timeout)

  Progressive completeness (% of recall achieved by time):
  Algorithm                        |      @1s |      @2s |      @5s |     @10s |     @15s
  ---------------------------------+----------+----------+----------+----------+---------
  Greedy Set-Cover                 |     0.0% |    53.2% |   100.0% |   100.0% |   100.0%
  Weighted Stochastic (seed=0, single run) |     0.0% |    60.1% |   100.0% |   100.0% |   100.0%
  Welshman+Thompson (seed=0, single run) |     0.4% |    60.2% |   100.0% |   100.0% |   100.0%

  EOSE-race simulation (stop after first EOSE + grace period):
  Algorithm                        |     +0ms |   +200ms |   +500ms |      +1s |      +2s
  ---------------------------------+----------+----------+----------+----------+---------
  Greedy Set-Cover                 |    52.6% |    52.6% |    53.2% |    53.2% |   100.0%
  Weighted Stochastic (seed=0, single run) |    12.4% |    29.0% |    55.3% |    61.2% |    84.9%
  Welshman+Thompson (seed=0, single run) |     0.4% |     0.4% |    22.2% |    58.0% |    82.8%
  (First EOSE: Greedy Set-Cover=1.1s, Weighted Stochastic (seed=0, single run)=1.1s, Welshman+Thompson (seed=0, single run)=758ms)

  Profile-view latency (per-author outbox query, top 3 write relays):
    Authors simulated: 30 | Hit rate: 100.0%
    TTFE: 1.1s median, 1.2s mean, 1.7s p95
    Relays/profile: 2.8 queried, 2.4 with events, 0.03 timeouts

  Feed vs profile-view TTFE comparison:
  Algorithm                        |  Feed TTFE |  Profile TTFE |    Delta
  ---------------------------------+------------+---------------+---------
  Greedy Set-Cover                 |      874ms |          1.1s |   +202ms
  Weighted Stochastic (seed=0, single run) |      874ms |          1.1s |   +202ms
  Welshman+Thompson (seed=0, single run) |      725ms |          1.1s |   +351ms

=== NIP-66 RTT vs Measured Latency (44 relays, data age: 16min) ===
                             N   Spearman r      MAE    Bias    Top5   Top10   Top20
------------------------  ----  -----------  -------  ------  ------  ------  ------
rttOpen vs connect          44         0.07    473ms    1.0x    0.0%    0.0%   50.0%
rttRead vs query            42         0.20     1.3s    5.2x   20.0%   10.0%   55.0%
(Bias = measured/nip66, >1 = NIP-66 underestimates. TopK = overlap of K fastest relays.)
Monitor: http-api..., 58faef87b342..., 9ba1d7892cd0..., b2c949c0fb79..., 9bbbb845e5b6...
[relay-scores] Updated scores for welshman-thompson: 31 relays, session 6
[relay-scores] Degrading relays (5): wss://nostr.wine, wss://nostr.bitcoiner.social, wss://nrelay.c-stellar.net, wss://nostr.oxtr.dev, wss://cellar.nostr.wine
[relay-scores] Saved to .cache/relay_scores_78b3c1ed0a53b072_31536000_liveness_welshman-thompson.json

Thompson Sampling [welshman-thompson] learning state:
  Session: 6
  Relays with observations: 31
  Mean prior α: 5.0, β: 8.3
  Relays with strong preference (α>5): 9
  Relays learned to avoid (β>5): 11

JSON results written to: results/78b3c1ed0a53b072_1772965594762.json
