[0m[32mTask[0m [0m[36mbench[0m deno run --allow-net --allow-read --allow-write main.ts "78b3c1ed0a53b072fcfb8cc2e2e09cad31c9bfec869d1c8745c343d55033eea9" "--algorithms" "greedy,welshman,welshman-thompson" "--verify" "--verify-window" "31536000" "--verify-concurrency" "10" "--nip66-filter" "liveness" "--no-phase2-cache" "--fast" "--output" "both"
Target: 78b3c1ed0a53b072...
Seed: 0 | Filter: strict | Runs: 3
Using cached data (fetched 2026-03-10T22:35:21.592Z)

=== Fetch Quality ===
Indexers: wss://purplepag.es (85 events, 1285ms), wss://relay.damus.io (0 events, 478ms, errors: WebSocket error: NetworkError: failed to connect to WebSocket: Invalid status code 400 Bad Request), wss://nos.lol (54 events, 775ms)
Follows: 84 | With relay list: 54 (64.3%) | Missing: 30 (35.7%)
Filter profile: strict | Filtered URLs: 10 (10 known-bad)
Unique valid write relays: 112 | Seed: 0
[nip66] Using cached monitor data (1158 relays)

=== NIP-66 Liveness Filter (liveness) ===
Monitor data: 1158 relays
Candidate relays: 112
  Known alive: 55
  Unknown (removed): 57
  .onion preserved: 1
  Parse-failed preserved: 0
  Authors filtered to empty: 1
Relays after filter: 55
[relay-scores] Loaded 24 relay priors (session 4, from 2026-03-10T23:13:46.614Z)

Thompson Sampling [welshman-thompson]: loaded 24 relay priors (session 4)

=== Regime A: Fixed 20 Connections ===
  Algorithm                      |  Relays |   Assign% |  Orphans |  Alg.Orph |  Avg/pk |   Gini |    HHI
  -------------------------------+---------+-----------+----------+-----------+---------+--------+-------
  Greedy Set-Cover               |      12 |     63.1% |       31 |         1 |     1.9 |   0.67 |  0.268
  Weighted Stochastic (cap@20)   |      20 |     63.1% (0.0sd) |       31 |         1 |     2.7 |   0.58 |  0.120
  Welshman+Thompson (cap@20)     |      20 |     63.1% (0.0sd) |       31 |         1 |     2.6 |   0.56 |  0.114

=== Phase 2: Event Verification ===
Window: 31536000s | Kinds: 1 | Concurrency: 10
[baseline] Querying 55 relays for 53 authors (window: 31536000s)
[pool] CLOSED from wss://relay.getalby.com/v1: blocked: Request rejected
[pool] CLOSED from wss://auth.nostr1.com: auth-required: you must auth
[baseline] Progress: 50/55 relays queried
[baseline] Progress: 55/55 relays queried
[phase2] Subscription timeouts (no EOSE): 2
[phase2] CLOSED messages received: 2
  wss://relay.getalby.com/v1: blocked: Request rejected
  wss://auth.nostr1.com: auth-required: you must auth

=== Phase 2: Event Verification (365d window) ===
Baseline: 55 relays queried (83.6% success), 19s
  Timing: connect 678ms median (989ms p95) | query 966ms median (1.6s p95) | 2 timeouts (2 relays)
  Authors: 53 with relay data
    Testable (reliable): 30 | Testable (partial): 0 | Zero events: 21 | Unreliable: 2
  Baseline events: 4,552 (mean 151.7/author, median 57)
  Events per (relay,pubkey) capped at: 10000

  Headline metrics (30 testable-reliable authors, 4,552 baseline events):

  Algorithm                        |   Evt Recall |   Auth Recall |  Relay OK% |     TTFE |      p50 |      p80 | Timeouts
  ---------------------------------+--------------+---------------+------------+----------+----------+----------+---------
  Greedy Set-Cover                 |        23.0% |         76.7% |      66.7% |    712ms |     2.3s |     3.1s |        2
  Weighted Stochastic (seed=0, single run) |        55.4% |         90.0% |      70.0% |    712ms |     2.2s |     2.3s |        2
  Welshman+Thompson (seed=0, single run) |        74.7% |         93.3% |      75.0% |    627ms |     2.0s |     2.3s |        2

  Per-author recall distribution:
  Algorithm                        |   Median |  % at 0% |      p25 |      p75
  ---------------------------------+----------+----------+----------+---------
  Greedy Set-Cover                 |    12.9% |    23.3% |     0.1% |    93.0%
  Weighted Stochastic (seed=0, single run) |    86.4% |    10.0% |     8.5% |   100.0%
  Welshman+Thompson (seed=0, single run) |   100.0% |     6.7% |    33.3% |   100.0%

  Latency simulation (parallel relay query):
  Algorithm                        |     TTFE |      p50 |      p80 |      Max |   TO |   TO Tax |   Relays |   Events
  ---------------------------------+----------+----------+----------+----------+------+----------+----------+---------
  Greedy Set-Cover                 |    712ms |     2.3s |     3.1s |    16.4s |    2 |    15.0s |  7/10/12 |    3,452
  Weighted Stochastic (seed=0, single run) |    712ms |     2.2s |     2.3s |    16.4s |    2 |    15.0s | 12/17/20 |    5,237
  Welshman+Thompson (seed=0, single run) |    627ms |     2.0s |     2.3s |    16.4s |    2 |    15.0s | 14/18/20 |    5,108
  (Relays: with-events/connected/total | TO Tax: ceil(timeouts/concurrency) × EOSE timeout)

  Progressive completeness (% of recall achieved by time):
  Algorithm                        |      @1s |      @2s |      @5s |     @10s |     @15s
  ---------------------------------+----------+----------+----------+----------+---------
  Greedy Set-Cover                 |     0.2% |    48.2% |   100.0% |   100.0% |   100.0%
  Weighted Stochastic (seed=0, single run) |     0.1% |    52.6% |   100.0% |   100.0% |   100.0%
  Welshman+Thompson (seed=0, single run) |     0.1% |    52.7% |   100.0% |   100.0% |   100.0%

  EOSE-race simulation (stop after first EOSE + grace period):
  Algorithm                        |     +0ms |   +200ms |   +500ms |      +1s |      +2s
  ---------------------------------+----------+----------+----------+----------+---------
  Greedy Set-Cover                 |     0.2% |     0.2% |    47.9% |    48.2% |    92.0%
  Weighted Stochastic (seed=0, single run) |     0.1% |     0.1% |    19.7% |    51.2% |    96.7%
  Welshman+Thompson (seed=0, single run) |     0.0% |     0.1% |     7.5% |    36.7% |    96.1%
  (First EOSE: Greedy Set-Cover=741ms, Weighted Stochastic (seed=0, single run)=741ms, Welshman+Thompson (seed=0, single run)=654ms)

  Profile-view latency (per-author outbox query, top 3 write relays):
    Authors simulated: 30 | Hit rate: 100.0%
    TTFE: 1.2s median, 1.3s mean, 1.7s p95
    Relays/profile: 2.9 queried, 2.4 with events, 0.03 timeouts

  Feed vs profile-view TTFE comparison:
  Algorithm                        |  Feed TTFE |  Profile TTFE |    Delta
  ---------------------------------+------------+---------------+---------
  Greedy Set-Cover                 |      712ms |          1.2s |   +527ms
  Weighted Stochastic (seed=0, single run) |      712ms |          1.2s |   +527ms
  Welshman+Thompson (seed=0, single run) |      627ms |          1.2s |   +612ms

=== NIP-66 RTT vs Measured Latency (48 relays, data age: 64min) ===
                             N   Spearman r      MAE    Bias    Top5   Top10   Top20
------------------------  ----  -----------  -------  ------  ------  ------  ------
rttOpen vs connect          48         0.23    479ms    0.8x    0.0%   20.0%   60.0%
rttRead vs query            44         0.03    792ms    5.1x    0.0%   10.0%   55.0%
(Bias = measured/nip66, >1 = NIP-66 underestimates. TopK = overlap of K fastest relays.)
Monitor: 9bbbb845e5b6..., http-api..., 9bb7cd94d7b6..., 0b01aa38c2cc..., 9ba6484003e8..., 58faef87b342..., 9ba1d7892cd0..., b2c949c0fb79..., 9b85d54cc4bc..., 9bac3d58ef5a...
[relay-scores] Updated scores for welshman-thompson: 26 relays, session 5
[relay-scores] Degrading relays (1): wss://nostr.mom
[relay-scores] Saved to .cache/relay_scores_78b3c1ed0a53b072_31536000_liveness_welshman-thompson.json

Thompson Sampling [welshman-thompson] learning state:
  Session: 5
  Relays with observations: 26
  Mean prior α: 5.7, β: 10.3
  Relays with strong preference (α>5): 11
  Relays learned to avoid (β>5): 12

JSON results written to: results/78b3c1ed0a53b072_1773185145704.json
