[0m[32mTask[0m [0m[36mbench[0m deno run --allow-net --allow-read --allow-write main.ts "75f457569d7027f819de92e8bb13795c0febe9750dc3fb1b5c42aeb502d0841d" "--algorithms" "greedy,welshman,welshman-thompson" "--verify" "--verify-window" "31536000" "--verify-concurrency" "10" "--nip66-filter" "liveness" "--no-phase2-cache" "--fast" "--output" "both"
Target: 75f457569d7027f8...
Seed: 0 | Filter: strict | Runs: 3
Using cached data (fetched 2026-03-10T22:36:59.073Z)

=== Fetch Quality ===
Indexers: wss://purplepag.es (456 events, 879ms), wss://relay.damus.io (262 events, 289ms), wss://nos.lol (374 events, 725ms)
Follows: 455 | With relay list: 366 (80.4%) | Missing: 89 (19.6%) | Filtered-to-empty: 7
Filter profile: strict | Filtered URLs: 135 (5 localhost, 21 insecure ws, 5 IP-only, 103 known-bad, 1 malformed)
Unique valid write relays: 476 | Seed: 0
[nip66] Using cached monitor data (1158 relays)

=== NIP-66 Liveness Filter (liveness) ===
Monitor data: 1158 relays
Candidate relays: 476
  Known alive: 205
  Unknown (removed): 271
  .onion preserved: 5
  Parse-failed preserved: 0
  Authors filtered to empty: 3
Relays after filter: 205
[relay-scores] Loaded 20 relay priors (session 1, from 2026-03-10T22:38:03.444Z)

Thompson Sampling [welshman-thompson]: loaded 20 relay priors (session 1)

=== Regime A: Fixed 20 Connections ===
  Algorithm                      |  Relays |   Assign% |  Orphans |  Alg.Orph |  Avg/pk |   Gini |    HHI
  -------------------------------+---------+-----------+----------+-----------+---------+--------+-------
  Greedy Set-Cover               |      20 |     78.2% |       99 |        10 |     2.0 |   0.81 |  0.314
  Weighted Stochastic (cap@20)   |      20 |     78.5% (0.0sd) |       98 |         9 |     2.5 |   0.53 |  0.114
  Welshman+Thompson (cap@20)     |      20 |     77.4% (0.0sd) |      103 |        14 |     2.5 |   0.58 |  0.121

=== Phase 2: Event Verification ===
Window: 31536000s | Kinds: 1 | Concurrency: 10
[baseline] Querying 205 relays for 363 authors (window: 31536000s)
[pool] CLOSED from wss://relay.getalby.com/v1: blocked: Request rejected
[pool] CLOSED from wss://bitstack.app: auth-required: authentication required to subscribe
[pool] CLOSED from wss://greensoul.space: auth-required: only authenticated users can read from this relay
[pool] CLOSED from wss://jingle.nostrver.se: auth-required: take a selfie and send it to the CIA
[pool] CLOSED from wss://impromptu.relays.land: auth-required: all requests must be authenticated
[baseline] Progress: 50/205 relays queried
[pool] CLOSED from wss://creatr.nostr.wine: auth-required: please authenticate before sending REQs
[pool] CLOSED from wss://sendit.nosflare.com: restricted: this relay does not accept REQs
[pool] CLOSED from wss://relay.nosflare.com: auth-required: authentication required to subscribe
[baseline] Progress: 100/205 relays queried
[pool] CLOSED from wss://aggr.nostr.land: auth-required: auth required for aggregator
[pool] CLOSED from wss://inbox.nostr.wine: blocked: this relay does not store any of the kinds in this request
[pool] CLOSED from wss://groups.fiatjaf.com: blocked: invalid query, must have 'h', 'e' or 'a' tag
[pool] CLOSED from wss://auth.nostr1.com: auth-required: you must auth
[pool] CLOSED from wss://bostr.erechorse.com: auth-required: authentication is required to perform this action.
[baseline] Progress: 150/205 relays queried
[pool] CLOSED from wss://hole.v0l.io: error: queries not allowed
[pool] CLOSED from wss://nostr.dbtc.link: auth-required: NIP-42 auth required
[pool] CLOSED from wss://relay29.notoshi.win: blocked: invalid query, must have 'h', 'e' or 'a' tag
[pool] CLOSED from wss://relay.shawnyeager.com/chat: auth-required: all requests must be authenticated
[pool] CLOSED from wss://pantry.zap.cooking: auth-required: please authenticate
[baseline] Progress: 200/205 relays queried
[baseline] Progress: 205/205 relays queried
[phase2] Subscription timeouts (no EOSE): 13
[phase2] CLOSED messages received: 18
  wss://relay.getalby.com/v1: blocked: Request rejected
  wss://bitstack.app: auth-required: authentication required to subscribe
  wss://greensoul.space: auth-required: only authenticated users can read from this relay
  wss://jingle.nostrver.se: auth-required: take a selfie and send it to the CIA
  wss://impromptu.relays.land: auth-required: all requests must be authenticated
  wss://creatr.nostr.wine: auth-required: please authenticate before sending REQs
  wss://sendit.nosflare.com: restricted: this relay does not accept REQs
  wss://relay.nosflare.com: auth-required: authentication required to subscribe
  wss://aggr.nostr.land: auth-required: auth required for aggregator
  wss://inbox.nostr.wine: blocked: this relay does not store any of the kinds in this request

=== Phase 2: Event Verification (365d window) ===
Baseline: 205 relays queried (79.0% success), 59s
  Timing: connect 796ms median (1.6s p95) | query 1.3s median (15.6s p95) | 13 timeouts (13 relays)
  Authors: 363 with relay data
    Testable (reliable): 226 | Testable (partial): 1 | Zero events: 135 | Unreliable: 1
  Baseline events: 61,319 (mean 270.1/author, median 42)
  Events per (relay,pubkey) capped at: 10000

  Headline metrics (226 testable-reliable authors, 61,304 baseline events):

  Algorithm                        |   Evt Recall |   Auth Recall |  Relay OK% |     TTFE |      p50 |      p80 | Timeouts
  ---------------------------------+--------------+---------------+------------+----------+----------+----------+---------
  Greedy Set-Cover                 |        13.5% |         83.6% |     100.0% |    641ms |     3.3s |     3.9s |        0
  Weighted Stochastic (seed=0, single run) |        17.7% |         87.2% |      95.0% |    688ms |     3.4s |     4.1s |        0
  Welshman+Thompson (seed=0, single run) |        16.1% |         86.3% |      90.0% |     1.2s |     3.4s |     4.0s |        1

  Per-author recall distribution:
  Algorithm                        |   Median |  % at 0% |      p25 |      p75
  ---------------------------------+----------+----------+----------+---------
  Greedy Set-Cover                 |    25.7% |    16.4% |     2.4% |    94.3%
  Weighted Stochastic (seed=0, single run) |    37.3% |    12.8% |     4.7% |   100.0%
  Welshman+Thompson (seed=0, single run) |    50.0% |    13.7% |     3.4% |   100.0%

  Latency simulation (parallel relay query):
  Algorithm                        |     TTFE |      p50 |      p80 |      Max |   TO |   TO Tax |   Relays |   Events
  ---------------------------------+----------+----------+----------+----------+------+----------+----------+---------
  Greedy Set-Cover                 |    641ms |     3.3s |     3.9s |     5.2s |    0 |      0ms | 19/20/20 |   21,418
  Weighted Stochastic (seed=0, single run) |    688ms |     3.4s |     4.1s |     5.2s |    0 |      0ms | 19/19/20 |   24,149
  Welshman+Thompson (seed=0, single run) |     1.2s |     3.4s |     4.0s |    16.9s |    1 |    15.0s | 16/19/20 |   20,149
  (Relays: with-events/connected/total | TO Tax: ceil(timeouts/concurrency) × EOSE timeout)

  Progressive completeness (% of recall achieved by time):
  Algorithm                        |      @1s |      @2s |      @5s |     @10s |     @15s
  ---------------------------------+----------+----------+----------+----------+---------
  Greedy Set-Cover                 |     0.7% |     3.6% |    86.3% |   100.0% |   100.0%
  Weighted Stochastic (seed=0, single run) |     0.0% |     8.0% |    95.4% |   100.0% |   100.0%
  Welshman+Thompson (seed=0, single run) |     0.0% |    11.9% |    94.7% |   100.0% |   100.0%

  EOSE-race simulation (stop after first EOSE + grace period):
  Algorithm                        |     +0ms |   +200ms |   +500ms |      +1s |      +2s
  ---------------------------------+----------+----------+----------+----------+---------
  Greedy Set-Cover                 |     0.7% |     0.7% |     2.8% |     3.0% |    40.3%
  Weighted Stochastic (seed=0, single run) |     0.6% |     0.6% |     3.5% |     8.0% |    40.6%
  Welshman+Thompson (seed=0, single run) |     2.3% |    11.9% |    11.9% |    15.5% |    63.8%
  (First EOSE: Greedy Set-Cover=711ms, Weighted Stochastic (seed=0, single run)=1.2s, Welshman+Thompson (seed=0, single run)=1.6s)

  Profile-view latency (per-author outbox query, top 3 write relays):
    Authors simulated: 227 | Hit rate: 100.0%
    TTFE: 1.8s median, 1.6s mean, 2.5s p95
    Relays/profile: 2.9 queried, 2.7 with events, 0.04 timeouts

  Feed vs profile-view TTFE comparison:
  Algorithm                        |  Feed TTFE |  Profile TTFE |    Delta
  ---------------------------------+------------+---------------+---------
  Greedy Set-Cover                 |      641ms |          1.8s |    +1.2s
  Weighted Stochastic (seed=0, single run) |      688ms |          1.8s |    +1.1s
  Welshman+Thompson (seed=0, single run) |       1.2s |          1.8s |   +611ms

  Including partial-baseline authors (227 testable authors, 61,319 baseline events):

  Algorithm                        |   Evt Recall |   Auth Recall
  ---------------------------------+--------------+--------------
  Greedy Set-Cover                 |        13.6% |         83.7%
  Weighted Stochastic (seed=0, single run) |        17.7% |         87.2%
  Welshman+Thompson (seed=0, single run) |        16.2% |         86.3%

=== NIP-66 RTT vs Measured Latency (189 relays, data age: 25min) ===
                             N   Spearman r      MAE    Bias    Top5   Top10   Top20
------------------------  ----  -----------  -------  ------  ------  ------  ------
rttOpen vs connect         189        -0.08    549ms    1.3x    0.0%    0.0%    0.0%
rttRead vs query           158        -0.09     1.5s    8.7x    0.0%   10.0%    5.0%
(Bias = measured/nip66, >1 = NIP-66 underestimates. TopK = overlap of K fastest relays.)
Monitor: 9bbbb845e5b6..., 58faef87b342..., 0b01aa38c2cc..., 9bb7cd94d7b6..., http-api..., 9ba6484003e8..., 9ba1d7892cd0..., b2c949c0fb79..., 9b85d54cc4bc...
[relay-scores] Updated scores for welshman-thompson: 27 relays, session 2
[relay-scores] Saved to .cache/relay_scores_75f457569d7027f8_31536000_liveness_welshman-thompson.json

Thompson Sampling [welshman-thompson] learning state:
  Session: 2
  Relays with observations: 27
  Mean prior α: 14.2, β: 27.4
  Relays with strong preference (α>5): 14
  Relays learned to avoid (β>5): 23

JSON results written to: results/75f457569d7027f8_1773183056507.json
