[0m[32mTask[0m [0m[36mbench[0m deno run --allow-net --allow-read --allow-write main.ts "75f457569d7027f819de92e8bb13795c0febe9750dc3fb1b5c42aeb502d0841d" "--algorithms" "greedy,welshman,welshman-thompson" "--verify" "--verify-window" "31536000" "--verify-concurrency" "10" "--nip66-filter" "liveness" "--no-phase2-cache" "--fast" "--output" "both"
Target: 75f457569d7027f8...
Seed: 0 | Filter: strict | Runs: 3
[fetch] Connecting to 3 indexer relays...
[fetch] wss://purplepag.es: connected (1176ms)
[fetch] wss://relay.damus.io: connected (298ms)
[fetch] wss://nos.lol: connected (727ms)
[fetch] Fetching kind 3 (contact list) for 75f45756...
[fetch] 455 follows to fetch relay lists for
[fetch] Fetched relay lists: 200/455
[fetch] Fetched relay lists: 400/455
[fetch] Received 373 relay list events

=== Fetch Quality ===
Indexers: wss://purplepag.es (456 events, 1176ms), wss://relay.damus.io (261 events, 298ms), wss://nos.lol (374 events, 727ms)
Follows: 455 | With relay list: 366 (80.4%) | Missing: 89 (19.6%) | Filtered-to-empty: 7
Filter profile: strict | Filtered URLs: 135 (5 localhost, 21 insecure ws, 5 IP-only, 103 known-bad, 1 malformed)
Unique valid write relays: 476 | Seed: 0
[nip66] Using cached monitor data (1108 relays)

=== NIP-66 Liveness Filter (liveness) ===
Monitor data: 1108 relays
Candidate relays: 476
  Known alive: 214
  Unknown (removed): 262
  .onion preserved: 4
  Parse-failed preserved: 0
  Authors filtered to empty: 3
Relays after filter: 214
[relay-scores] Loaded 36 relay priors (session 9, from 2026-03-08T11:04:43.760Z)

Thompson Sampling [welshman-thompson]: loaded 36 relay priors (session 9)

=== Regime A: Fixed 20 Connections ===
  Algorithm                      |  Relays |   Assign% |  Orphans |  Alg.Orph |  Avg/pk |   Gini |    HHI
  -------------------------------+---------+-----------+----------+-----------+---------+--------+-------
  Greedy Set-Cover               |      20 |     78.5% |       98 |         9 |     2.0 |   0.81 |  0.316
  Weighted Stochastic (cap@20)   |      20 |     78.1% (0.0sd) | 99.66666666666667 | 10.666666666666666 |     2.6 |   0.54 |  0.118
  Welshman+Thompson (cap@20)     |      20 |     78.1% (0.0sd) | 99.66666666666667 | 10.666666666666666 |     2.5 |   0.61 |  0.126

=== Phase 2: Event Verification ===
Window: 31536000s | Kinds: 1 | Concurrency: 10
[baseline] Querying 214 relays for 363 authors (window: 31536000s)
[pool] CLOSED from wss://relay.getalby.com/v1: blocked: Request rejected
[pool] CLOSED from wss://jingle.nostrver.se: auth-required: take a selfie and send it to the CIA
[pool] CLOSED from wss://greensoul.space: auth-required: only authenticated users can read from this relay
[pool] CLOSED from wss://impromptu.relays.land: auth-required: all requests must be authenticated
[baseline] Progress: 50/214 relays queried
[pool] CLOSED from wss://sendit.nosflare.com: restricted: this relay does not accept REQs
[pool] CLOSED from wss://creatr.nostr.wine: auth-required: please authenticate before sending REQs
[pool] CLOSED from wss://relay.nosflare.com: auth-required: authentication required to subscribe
[baseline] Progress: 100/214 relays queried
[pool] CLOSED from wss://aggr.nostr.land: auth-required: auth required for aggregator
[pool] CLOSED from wss://inbox.nostr.wine: blocked: this relay does not store any of the kinds in this request
[pool] CLOSED from wss://groups.fiatjaf.com: blocked: invalid query, must have 'h', 'e' or 'a' tag
[pool] CLOSED from wss://wheat.happytavern.co: rate-limited: REQ rate limit exceeded
[pool] CLOSED from wss://auth.nostr1.com: auth-required: you must auth
[baseline] Progress: 150/214 relays queried
[pool] CLOSED from wss://bostr.erechorse.com: auth-required: authentication is required to perform this action.
[pool] CLOSED from wss://hole.v0l.io: error: queries not allowed
[pool] CLOSED from wss://nostr.dbtc.link: auth-required: NIP-42 auth required
[pool] CLOSED from wss://relay29.notoshi.win: blocked: invalid query, must have 'h', 'e' or 'a' tag
[pool] CLOSED from wss://relay.shawnyeager.com/chat: auth-required: all requests must be authenticated
[pool] CLOSED from wss://pantry.zap.cooking: auth-required: please authenticate
[baseline] Progress: 200/214 relays queried
[baseline] Progress: 214/214 relays queried
[phase2] Subscription timeouts (no EOSE): 15
[phase2] CLOSED messages received: 18
  wss://relay.getalby.com/v1: blocked: Request rejected
  wss://jingle.nostrver.se: auth-required: take a selfie and send it to the CIA
  wss://greensoul.space: auth-required: only authenticated users can read from this relay
  wss://impromptu.relays.land: auth-required: all requests must be authenticated
  wss://sendit.nosflare.com: restricted: this relay does not accept REQs
  wss://creatr.nostr.wine: auth-required: please authenticate before sending REQs
  wss://relay.nosflare.com: auth-required: authentication required to subscribe
  wss://aggr.nostr.land: auth-required: auth required for aggregator
  wss://inbox.nostr.wine: blocked: this relay does not store any of the kinds in this request
  wss://groups.fiatjaf.com: blocked: invalid query, must have 'h', 'e' or 'a' tag

=== Phase 2: Event Verification (365d window) ===
Baseline: 214 relays queried (78.5% success), 1.1min
  Timing: connect 725ms median (1.3s p95) | query 1.3s median (15.7s p95) | 15 timeouts (16 relays)
  Authors: 363 with relay data
    Testable (reliable): 231 | Testable (partial): 1 | Zero events: 130 | Unreliable: 1
  Baseline events: 65,497 (mean 282.3/author, median 43)
  Events per (relay,pubkey) capped at: 10000

  Headline metrics (231 testable-reliable authors, 65,485 baseline events):

  Algorithm                        |   Evt Recall |   Auth Recall |  Relay OK% |     TTFE |      p50 |      p80 | Timeouts
  ---------------------------------+--------------+---------------+------------+----------+----------+----------+---------
  Greedy Set-Cover                 |        12.6% |         80.5% |      95.0% |    540ms |     2.9s |     3.8s |        1
  Weighted Stochastic (seed=0, single run) |        20.9% |         82.3% |     100.0% |    624ms |     2.6s |     3.3s |        0
  Welshman+Thompson (seed=0, single run) |        22.5% |         87.4% |     100.0% |    558ms |     2.9s |     4.0s |        0

  Per-author recall distribution:
  Algorithm                        |   Median |  % at 0% |      p25 |      p75
  ---------------------------------+----------+----------+----------+---------
  Greedy Set-Cover                 |    23.5% |    19.5% |     1.1% |    95.0%
  Weighted Stochastic (seed=0, single run) |    48.0% |    17.7% |     3.3% |   100.0%
  Welshman+Thompson (seed=0, single run) |    90.7% |    12.6% |     8.3% |   100.0%

  Latency simulation (parallel relay query):
  Algorithm                        |     TTFE |      p50 |      p80 |      Max |   TO |   TO Tax |   Relays |   Events
  ---------------------------------+----------+----------+----------+----------+------+----------+----------+---------
  Greedy Set-Cover                 |    540ms |     2.9s |     3.8s |    16.9s |    1 |    15.0s | 19/20/20 |   21,322
  Weighted Stochastic (seed=0, single run) |    624ms |     2.6s |     3.3s |     4.8s |    0 |      0ms | 20/20/20 |   28,523
  Welshman+Thompson (seed=0, single run) |    558ms |     2.9s |     4.0s |     9.8s |    0 |      0ms | 20/20/20 |   27,830
  (Relays: with-events/connected/total | TO Tax: ceil(timeouts/concurrency) × EOSE timeout)

  Progressive completeness (% of recall achieved by time):
  Algorithm                        |      @1s |      @2s |      @5s |     @10s |     @15s
  ---------------------------------+----------+----------+----------+----------+---------
  Greedy Set-Cover                 |     0.7% |     3.9% |   100.0% |   100.0% |   100.0%
  Weighted Stochastic (seed=0, single run) |     0.5% |     8.2% |   100.0% |   100.0% |   100.0%
  Welshman+Thompson (seed=0, single run) |     0.7% |     9.8% |    99.1% |   100.0% |   100.0%

  EOSE-race simulation (stop after first EOSE + grace period):
  Algorithm                        |     +0ms |   +200ms |   +500ms |      +1s |      +2s
  ---------------------------------+----------+----------+----------+----------+---------
  Greedy Set-Cover                 |     0.7% |     0.7% |     2.8% |     3.7% |    75.3%
  Weighted Stochastic (seed=0, single run) |     0.5% |     0.5% |     0.6% |     8.2% |    69.5%
  Welshman+Thompson (seed=0, single run) |     0.7% |     0.7% |     0.7% |     7.1% |    79.9%
  (First EOSE: Greedy Set-Cover=734ms, Weighted Stochastic (seed=0, single run)=941ms, Welshman+Thompson (seed=0, single run)=865ms)

  Profile-view latency (per-author outbox query, top 3 write relays):
    Authors simulated: 232 | Hit rate: 100.0%
    TTFE: 662ms median, 994ms mean, 1.7s p95
    Relays/profile: 2.9 queried, 2.7 with events, 0.03 timeouts

  Feed vs profile-view TTFE comparison:
  Algorithm                        |  Feed TTFE |  Profile TTFE |    Delta
  ---------------------------------+------------+---------------+---------
  Greedy Set-Cover                 |      540ms |         662ms |   +122ms
  Weighted Stochastic (seed=0, single run) |      624ms |         662ms |    +38ms
  Welshman+Thompson (seed=0, single run) |      558ms |         662ms |   +104ms

  Including partial-baseline authors (232 testable authors, 65,497 baseline events):

  Algorithm                        |   Evt Recall |   Auth Recall
  ---------------------------------+--------------+--------------
  Greedy Set-Cover                 |        12.7% |         80.6%
  Weighted Stochastic (seed=0, single run) |        21.0% |         82.3%
  Welshman+Thompson (seed=0, single run) |        22.5% |         87.5%

=== NIP-66 RTT vs Measured Latency (199 relays, data age: 70min) ===
                             N   Spearman r      MAE    Bias    Top5   Top10   Top20
------------------------  ----  -----------  -------  ------  ------  ------  ------
rttOpen vs connect         199         0.10    487ms    1.0x    0.0%    0.0%    5.0%
rttRead vs query           172        -0.08     1.6s    7.6x    0.0%    0.0%    0.0%
(Bias = measured/nip66, >1 = NIP-66 underestimates. TopK = overlap of K fastest relays.)
Monitor: 58faef87b342..., 9bbbb845e5b6..., http-api..., 9ba1d7892cd0..., b2c949c0fb79..., 9b85d54cc4bc..., 9bb7cd94d7b6..., 63019a1fc7c4...
[relay-scores] Updated scores for welshman-thompson: 39 relays, session 10
[relay-scores] Saved to .cache/relay_scores_75f457569d7027f8_31536000_liveness_welshman-thompson.json

Thompson Sampling [welshman-thompson] learning state:
  Session: 10
  Relays with observations: 39
  Mean prior α: 33.7, β: 60.7
  Relays with strong preference (α>5): 21
  Relays learned to avoid (β>5): 27

JSON results written to: results/75f457569d7027f8_1772968606887.json
