[0m[32mTask[0m [0m[36mbench[0m deno run --allow-net --allow-read --allow-write main.ts "75f457569d7027f819de92e8bb13795c0febe9750dc3fb1b5c42aeb502d0841d" "--algorithms" "greedy,welshman,welshman-thompson" "--verify" "--verify-window" "31536000" "--verify-concurrency" "10" "--nip66-filter" "liveness" "--no-phase2-cache" "--fast" "--output" "both"
Target: 75f457569d7027f8...
Seed: 0 | Filter: strict | Runs: 3
Using cached data (fetched 2026-03-08T10:06:56.393Z)

=== Fetch Quality ===
Indexers: wss://purplepag.es (456 events, 996ms), wss://relay.damus.io (261 events, 281ms), wss://nos.lol (374 events, 850ms)
Follows: 455 | With relay list: 366 (80.4%) | Missing: 89 (19.6%) | Filtered-to-empty: 7
Filter profile: strict | Filtered URLs: 135 (5 localhost, 21 insecure ws, 5 IP-only, 103 known-bad, 1 malformed)
Unique valid write relays: 476 | Seed: 0
[nip66] Using cached monitor data (1108 relays)

=== NIP-66 Liveness Filter (liveness) ===
Monitor data: 1108 relays
Candidate relays: 476
  Known alive: 214
  Unknown (removed): 262
  .onion preserved: 4
  Parse-failed preserved: 0
  Authors filtered to empty: 3
Relays after filter: 214
[relay-scores] Loaded 28 relay priors (session 5, from 2026-03-07T17:03:48.122Z)

Thompson Sampling [welshman-thompson]: loaded 28 relay priors (session 5)

=== Regime A: Fixed 20 Connections ===
  Algorithm                      |  Relays |   Assign% |  Orphans |  Alg.Orph |  Avg/pk |   Gini |    HHI
  -------------------------------+---------+-----------+----------+-----------+---------+--------+-------
  Greedy Set-Cover               |      20 |     78.5% |       98 |         9 |     2.0 |   0.81 |  0.316
  Weighted Stochastic (cap@20)   |      20 |     78.1% (0.0sd) | 99.66666666666667 | 10.666666666666666 |     2.6 |   0.54 |  0.118
  Welshman+Thompson (cap@20)     |      20 |     77.8% (0.0sd) |      101 |        12 |     2.4 |   0.51 |  0.106

=== Phase 2: Event Verification ===
Window: 31536000s | Kinds: 1 | Concurrency: 10
[baseline] Querying 214 relays for 363 authors (window: 31536000s)
[pool] CLOSED from wss://relay.getalby.com/v1: blocked: Request rejected
[pool] CLOSED from wss://greensoul.space: auth-required: only authenticated users can read from this relay
[pool] CLOSED from wss://jingle.nostrver.se: auth-required: take a selfie and send it to the CIA
[pool] CLOSED from wss://impromptu.relays.land: auth-required: all requests must be authenticated
[baseline] Progress: 50/214 relays queried
[pool] CLOSED from wss://creatr.nostr.wine: auth-required: please authenticate before sending REQs
[pool] CLOSED from wss://sendit.nosflare.com: restricted: this relay does not accept REQs
[pool] CLOSED from wss://relay.nosflare.com: auth-required: authentication required to subscribe
[baseline] Progress: 100/214 relays queried
[pool] CLOSED from wss://inbox.nostr.wine: blocked: this relay does not store any of the kinds in this request
[pool] CLOSED from wss://aggr.nostr.land: auth-required: auth required for aggregator
[pool] CLOSED from wss://groups.fiatjaf.com: blocked: invalid query, must have 'h', 'e' or 'a' tag
[pool] CLOSED from wss://auth.nostr1.com: auth-required: you must auth
[baseline] Progress: 150/214 relays queried
[pool] CLOSED from wss://bostr.erechorse.com: auth-required: authentication is required to perform this action.
[pool] CLOSED from wss://hole.v0l.io: error: queries not allowed
[pool] CLOSED from wss://nostr.dbtc.link: auth-required: NIP-42 auth required
[pool] CLOSED from wss://relay29.notoshi.win: blocked: invalid query, must have 'h', 'e' or 'a' tag
[pool] CLOSED from wss://relay.shawnyeager.com/chat: auth-required: all requests must be authenticated
[pool] CLOSED from wss://wot.azzamo.net: rate-limited: there is a bug in the client, no one should be making so many requests
[pool] CLOSED from wss://pantry.zap.cooking: auth-required: please authenticate
[baseline] Progress: 200/214 relays queried
[baseline] Progress: 214/214 relays queried
[phase2] Subscription timeouts (no EOSE): 13
[phase2] CLOSED messages received: 18
  wss://relay.getalby.com/v1: blocked: Request rejected
  wss://greensoul.space: auth-required: only authenticated users can read from this relay
  wss://jingle.nostrver.se: auth-required: take a selfie and send it to the CIA
  wss://impromptu.relays.land: auth-required: all requests must be authenticated
  wss://creatr.nostr.wine: auth-required: please authenticate before sending REQs
  wss://sendit.nosflare.com: restricted: this relay does not accept REQs
  wss://relay.nosflare.com: auth-required: authentication required to subscribe
  wss://inbox.nostr.wine: blocked: this relay does not store any of the kinds in this request
  wss://aggr.nostr.land: auth-required: auth required for aggregator
  wss://groups.fiatjaf.com: blocked: invalid query, must have 'h', 'e' or 'a' tag

=== Phase 2: Event Verification (365d window) ===
Baseline: 214 relays queried (78.0% success), 1.0min
  Timing: connect 730ms median (1.7s p95) | query 1.3s median (15.7s p95) | 13 timeouts (14 relays)
  Authors: 363 with relay data
    Testable (reliable): 232 | Testable (partial): 1 | Zero events: 129 | Unreliable: 1
  Baseline events: 66,321 (mean 284.6/author, median 43)
  Events per (relay,pubkey) capped at: 10000

  Headline metrics (232 testable-reliable authors, 66,309 baseline events):

  Algorithm                        |   Evt Recall |   Auth Recall |  Relay OK% |     TTFE |      p50 |      p80 | Timeouts
  ---------------------------------+--------------+---------------+------------+----------+----------+----------+---------
  Greedy Set-Cover                 |        12.5% |         79.7% |     100.0% |    722ms |     4.3s |     5.5s |        0
  Weighted Stochastic (seed=0, single run) |        20.6% |         81.5% |     100.0% |    648ms |     4.8s |     5.7s |        0
  Welshman+Thompson (seed=0, single run) |        20.6% |         84.1% |     100.0% |    648ms |     4.6s |     5.7s |        0

  Per-author recall distribution:
  Algorithm                        |   Median |  % at 0% |      p25 |      p75
  ---------------------------------+----------+----------+----------+---------
  Greedy Set-Cover                 |    23.0% |    20.3% |     0.9% |    94.4%
  Weighted Stochastic (seed=0, single run) |    42.0% |    18.5% |     2.8% |   100.0%
  Welshman+Thompson (seed=0, single run) |    62.1% |    15.9% |     4.2% |   100.0%

  Latency simulation (parallel relay query):
  Algorithm                        |     TTFE |      p50 |      p80 |      Max |   TO |   TO Tax |   Relays |   Events
  ---------------------------------+----------+----------+----------+----------+------+----------+----------+---------
  Greedy Set-Cover                 |    722ms |     4.3s |     5.5s |     6.4s |    0 |      0ms | 19/20/20 |   21,322
  Weighted Stochastic (seed=0, single run) |    648ms |     4.8s |     5.7s |     6.8s |    0 |      0ms | 20/20/20 |   28,523
  Welshman+Thompson (seed=0, single run) |    648ms |     4.6s |     5.7s |     6.8s |    0 |      0ms | 20/20/20 |   28,523
  (Relays: with-events/connected/total | TO Tax: ceil(timeouts/concurrency) × EOSE timeout)

  Progressive completeness (% of recall achieved by time):
  Algorithm                        |      @1s |      @2s |      @5s |     @10s |     @15s
  ---------------------------------+----------+----------+----------+----------+---------
  Greedy Set-Cover                 |     2.8% |     3.5% |    25.9% |   100.0% |   100.0%
  Weighted Stochastic (seed=0, single run) |     0.5% |     0.5% |    34.7% |   100.0% |   100.0%
  Welshman+Thompson (seed=0, single run) |     0.3% |     6.8% |    31.8% |   100.0% |   100.0%

  EOSE-race simulation (stop after first EOSE + grace period):
  Algorithm                        |     +0ms |   +200ms |   +500ms |      +1s |      +2s
  ---------------------------------+----------+----------+----------+----------+---------
  Greedy Set-Cover                 |     0.7% |     2.8% |     2.8% |     3.5% |     3.5%
  Weighted Stochastic (seed=0, single run) |     0.5% |     0.5% |     0.5% |     0.5% |     3.8%
  Welshman+Thompson (seed=0, single run) |     0.3% |     0.3% |     0.3% |     3.2% |     9.4%
  (First EOSE: Greedy Set-Cover=798ms, Weighted Stochastic (seed=0, single run)=790ms, Welshman+Thompson (seed=0, single run)=790ms)

  Profile-view latency (per-author outbox query, top 3 write relays):
    Authors simulated: 233 | Hit rate: 100.0%
    TTFE: 1.5s median, 1.6s mean, 2.7s p95
    Relays/profile: 2.9 queried, 2.7 with events, 0.02 timeouts

  Feed vs profile-view TTFE comparison:
  Algorithm                        |  Feed TTFE |  Profile TTFE |    Delta
  ---------------------------------+------------+---------------+---------
  Greedy Set-Cover                 |      722ms |          1.5s |   +807ms
  Weighted Stochastic (seed=0, single run) |      648ms |          1.5s |   +881ms
  Welshman+Thompson (seed=0, single run) |      648ms |          1.5s |   +881ms

  Including partial-baseline authors (233 testable authors, 66,321 baseline events):

  Algorithm                        |   Evt Recall |   Auth Recall
  ---------------------------------+--------------+--------------
  Greedy Set-Cover                 |        12.5% |         79.8%
  Weighted Stochastic (seed=0, single run) |        20.6% |         81.5%
  Welshman+Thompson (seed=0, single run) |        20.6% |         84.1%

=== NIP-66 RTT vs Measured Latency (196 relays, data age: 21min) ===
                             N   Spearman r      MAE    Bias    Top5   Top10   Top20
------------------------  ----  -----------  -------  ------  ------  ------  ------
rttOpen vs connect         196         0.01    535ms    1.1x    0.0%   10.0%    5.0%
rttRead vs query           169        -0.13     1.6s    8.4x    0.0%   10.0%    5.0%
(Bias = measured/nip66, >1 = NIP-66 underestimates. TopK = overlap of K fastest relays.)
Monitor: 58faef87b342..., 9bbbb845e5b6..., http-api..., 9ba1d7892cd0..., b2c949c0fb79..., 9b85d54cc4bc..., 9bb7cd94d7b6..., 63019a1fc7c4...
[relay-scores] Updated scores for welshman-thompson: 28 relays, session 6
[relay-scores] Degrading relays (2): wss://nostr.oxtr.dev, wss://nrelay.c-stellar.net
[relay-scores] Saved to .cache/relay_scores_75f457569d7027f8_31536000_liveness_welshman-thompson.json

Thompson Sampling [welshman-thompson] learning state:
  Session: 6
  Relays with observations: 28
  Mean prior α: 23.0, β: 47.4
  Relays with strong preference (α>5): 19
  Relays learned to avoid (β>5): 23

JSON results written to: results/75f457569d7027f8_1772965717068.json
