[0m[32mTask[0m [0m[36mbench[0m deno run --allow-net --allow-read --allow-write main.ts "75f457569d7027f819de92e8bb13795c0febe9750dc3fb1b5c42aeb502d0841d" "--algorithms" "greedy,welshman,welshman-thompson" "--verify" "--verify-window" "31536000" "--verify-concurrency" "10" "--nip66-filter" "liveness" "--no-phase2-cache" "--fast" "--output" "both"
Target: 75f457569d7027f8...
Seed: 0 | Filter: strict | Runs: 3
Using cached data (fetched 2026-03-08T10:06:56.393Z)

=== Fetch Quality ===
Indexers: wss://purplepag.es (456 events, 996ms), wss://relay.damus.io (261 events, 281ms), wss://nos.lol (374 events, 850ms)
Follows: 455 | With relay list: 366 (80.4%) | Missing: 89 (19.6%) | Filtered-to-empty: 7
Filter profile: strict | Filtered URLs: 135 (5 localhost, 21 insecure ws, 5 IP-only, 103 known-bad, 1 malformed)
Unique valid write relays: 476 | Seed: 0
[nip66] Using cached monitor data (1108 relays)

=== NIP-66 Liveness Filter (liveness) ===
Monitor data: 1108 relays
Candidate relays: 476
  Known alive: 214
  Unknown (removed): 262
  .onion preserved: 4
  Parse-failed preserved: 0
  Authors filtered to empty: 3
Relays after filter: 214
[relay-scores] Loaded 31 relay priors (session 7, from 2026-03-08T10:40:40.939Z)

Thompson Sampling [welshman-thompson]: loaded 31 relay priors (session 7)

=== Regime A: Fixed 20 Connections ===
  Algorithm                      |  Relays |   Assign% |  Orphans |  Alg.Orph |  Avg/pk |   Gini |    HHI
  -------------------------------+---------+-----------+----------+-----------+---------+--------+-------
  Greedy Set-Cover               |      20 |     78.5% |       98 |         9 |     2.0 |   0.81 |  0.316
  Weighted Stochastic (cap@20)   |      20 |     78.1% (0.0sd) | 99.66666666666667 | 10.666666666666666 |     2.6 |   0.54 |  0.118
  Welshman+Thompson (cap@20)     |      20 |     78.3% (0.0sd) | 98.66666666666667 | 9.666666666666666 |     2.5 |   0.59 |  0.124

=== Phase 2: Event Verification ===
Window: 31536000s | Kinds: 1 | Concurrency: 10
[baseline] Querying 214 relays for 363 authors (window: 31536000s)
[pool] CLOSED from wss://relay.getalby.com/v1: blocked: Request rejected
[pool] CLOSED from wss://jingle.nostrver.se: auth-required: take a selfie and send it to the CIA
[pool] CLOSED from wss://greensoul.space: auth-required: only authenticated users can read from this relay
[pool] CLOSED from wss://impromptu.relays.land: auth-required: all requests must be authenticated
[baseline] Progress: 50/214 relays queried
[pool] CLOSED from wss://relay.nosflare.com: auth-required: authentication required to subscribe
[baseline] Progress: 100/214 relays queried
[pool] CLOSED from wss://aggr.nostr.land: auth-required: auth required for aggregator
[pool] CLOSED from wss://inbox.nostr.wine: blocked: this relay does not store any of the kinds in this request
[pool] CLOSED from wss://groups.fiatjaf.com: blocked: invalid query, must have 'h', 'e' or 'a' tag
[pool] CLOSED from wss://auth.nostr1.com: auth-required: you must auth
[pool] CLOSED from wss://bostr.erechorse.com: auth-required: authentication is required to perform this action.
[baseline] Progress: 150/214 relays queried
[pool] CLOSED from wss://hole.v0l.io: error: queries not allowed
[pool] CLOSED from wss://nostr.dbtc.link: auth-required: NIP-42 auth required
[pool] CLOSED from wss://relay29.notoshi.win: blocked: invalid query, must have 'h', 'e' or 'a' tag
[pool] CLOSED from wss://relay.shawnyeager.com/chat: auth-required: all requests must be authenticated
[pool] CLOSED from wss://pantry.zap.cooking: auth-required: please authenticate
[baseline] Progress: 200/214 relays queried
[baseline] Progress: 214/214 relays queried
[phase2] Subscription timeouts (no EOSE): 13
[phase2] CLOSED messages received: 15
  wss://relay.getalby.com/v1: blocked: Request rejected
  wss://jingle.nostrver.se: auth-required: take a selfie and send it to the CIA
  wss://greensoul.space: auth-required: only authenticated users can read from this relay
  wss://impromptu.relays.land: auth-required: all requests must be authenticated
  wss://relay.nosflare.com: auth-required: authentication required to subscribe
  wss://aggr.nostr.land: auth-required: auth required for aggregator
  wss://inbox.nostr.wine: blocked: this relay does not store any of the kinds in this request
  wss://groups.fiatjaf.com: blocked: invalid query, must have 'h', 'e' or 'a' tag
  wss://auth.nostr1.com: auth-required: you must auth
  wss://bostr.erechorse.com: auth-required: authentication is required to perform this action.

=== Phase 2: Event Verification (365d window) ===
Baseline: 214 relays queried (71.5% success), 56s
  Timing: connect 705ms median (1.8s p95) | query 1.3s median (15.6s p95) | 13 timeouts (13 relays)
  Authors: 363 with relay data
    Testable (reliable): 228 | Testable (partial): 2 | Zero events: 131 | Unreliable: 2
  Baseline events: 65,123 (mean 283.1/author, median 41)
  Events per (relay,pubkey) capped at: 10000

  Headline metrics (228 testable-reliable authors, 65,083 baseline events):

  Algorithm                        |   Evt Recall |   Auth Recall |  Relay OK% |     TTFE |      p50 |      p80 | Timeouts
  ---------------------------------+--------------+---------------+------------+----------+----------+----------+---------
  Greedy Set-Cover                 |        12.5% |         80.7% |      80.0% |    656ms |     2.8s |     3.3s |        0
  Weighted Stochastic (seed=0, single run) |        20.9% |         82.9% |      95.0% |    571ms |     2.4s |     2.9s |        0
  Welshman+Thompson (seed=0, single run) |        22.5% |         86.4% |      85.0% |    656ms |     2.7s |     3.3s |        0

  Per-author recall distribution:
  Algorithm                        |   Median |  % at 0% |      p25 |      p75
  ---------------------------------+----------+----------+----------+---------
  Greedy Set-Cover                 |    23.4% |    19.3% |     1.3% |    95.0%
  Weighted Stochastic (seed=0, single run) |    48.3% |    17.1% |     4.0% |   100.0%
  Welshman+Thompson (seed=0, single run) |    73.4% |    13.6% |     6.7% |   100.0%

  Latency simulation (parallel relay query):
  Algorithm                        |     TTFE |      p50 |      p80 |      Max |   TO |   TO Tax |   Relays |   Events
  ---------------------------------+----------+----------+----------+----------+------+----------+----------+---------
  Greedy Set-Cover                 |    656ms |     2.8s |     3.3s |     4.7s |    0 |      0ms | 15/16/20 |   20,243
  Weighted Stochastic (seed=0, single run) |    571ms |     2.4s |     2.9s |     4.2s |    0 |      0ms | 19/19/20 |   28,023
  Welshman+Thompson (seed=0, single run) |    656ms |     2.7s |     3.3s |     4.4s |    0 |      0ms | 17/17/20 |   26,850
  (Relays: with-events/connected/total | TO Tax: ceil(timeouts/concurrency) × EOSE timeout)

  Progressive completeness (% of recall achieved by time):
  Algorithm                        |      @1s |      @2s |      @5s |     @10s |     @15s
  ---------------------------------+----------+----------+----------+----------+---------
  Greedy Set-Cover                 |     0.0% |     2.6% |   100.0% |   100.0% |   100.0%
  Weighted Stochastic (seed=0, single run) |     0.5% |    28.5% |   100.0% |   100.0% |   100.0%
  Welshman+Thompson (seed=0, single run) |     0.0% |    35.6% |   100.0% |   100.0% |   100.0%

  EOSE-race simulation (stop after first EOSE + grace period):
  Algorithm                        |     +0ms |   +200ms |   +500ms |      +1s |      +2s
  ---------------------------------+----------+----------+----------+----------+---------
  Greedy Set-Cover                 |     2.1% |     2.1% |     2.1% |    39.7% |    86.5%
  Weighted Stochastic (seed=0, single run) |     0.5% |     0.5% |     1.5% |     1.5% |    68.1%
  Welshman+Thompson (seed=0, single run) |     0.4% |     0.4% |     0.4% |    35.6% |    77.3%
  (First EOSE: Greedy Set-Cover=1.2s, Weighted Stochastic (seed=0, single run)=704ms, Welshman+Thompson (seed=0, single run)=1.1s)

  Profile-view latency (per-author outbox query, top 3 write relays):
    Authors simulated: 230 | Hit rate: 100.0%
    TTFE: 656ms median, 1.0s mean, 2.0s p95
    Relays/profile: 2.9 queried, 2.6 with events, 0.02 timeouts

  Feed vs profile-view TTFE comparison:
  Algorithm                        |  Feed TTFE |  Profile TTFE |    Delta
  ---------------------------------+------------+---------------+---------
  Greedy Set-Cover                 |      656ms |         656ms |     +0ms
  Weighted Stochastic (seed=0, single run) |      571ms |         656ms |    +85ms
  Welshman+Thompson (seed=0, single run) |      656ms |         656ms |     +0ms

  Including partial-baseline authors (230 testable authors, 65,123 baseline events):

  Algorithm                        |   Evt Recall |   Auth Recall
  ---------------------------------+--------------+--------------
  Greedy Set-Cover                 |        12.6% |         80.9%
  Weighted Stochastic (seed=0, single run) |        21.0% |         83.0%
  Welshman+Thompson (seed=0, single run) |        22.5% |         86.5%

=== NIP-66 RTT vs Measured Latency (178 relays, data age: 46min) ===
                             N   Spearman r      MAE    Bias    Top5   Top10   Top20
------------------------  ----  -----------  -------  ------  ------  ------  ------
rttOpen vs connect         178         0.06    510ms    1.1x    0.0%    0.0%    0.0%
rttRead vs query           154        -0.11     1.5s    7.4x    0.0%    0.0%    5.0%
(Bias = measured/nip66, >1 = NIP-66 underestimates. TopK = overlap of K fastest relays.)
Monitor: 58faef87b342..., 9bbbb845e5b6..., http-api..., 9ba1d7892cd0..., b2c949c0fb79..., 9b85d54cc4bc..., 9bb7cd94d7b6..., 63019a1fc7c4...
[relay-scores] Updated scores for welshman-thompson: 33 relays, session 8
[relay-scores] Degrading relays (1): wss://relay.ditto.pub
[relay-scores] Saved to .cache/relay_scores_75f457569d7027f8_31536000_liveness_welshman-thompson.json

Thompson Sampling [welshman-thompson] learning state:
  Session: 8
  Relays with observations: 33
  Mean prior α: 29.9, β: 56.5
  Relays with strong preference (α>5): 20
  Relays learned to avoid (β>5): 25

JSON results written to: results/75f457569d7027f8_1772967164805.json
