[0m[32mTask[0m [0m[36mbench[0m deno run --allow-net --allow-read --allow-write main.ts "6a0c596c1484eae2e8131a030f269944921e52619c1dd143a029c64ea6cd9731" "--algorithms" "welshman-thompson" "--verify" "--verify-window" "31536000" "--verify-concurrency" "10" "--max-connections" "30" "--nip66-filter" "liveness" "--no-phase2-cache" "--fast" "--output" "both"
Target: 6a0c596c1484eae2...
Seed: 0 | Filter: strict | Runs: 3
[fetch] Connecting to 3 indexer relays...
[fetch] wss://purplepag.es: connected (1106ms)
[fetch] wss://relay.damus.io: connected (2356ms)
[fetch] wss://nos.lol: connected (761ms)
[fetch] Fetching kind 3 (contact list) for 6a0c596c...
[fetch] 399 follows to fetch relay lists for
[fetch] Fetched relay lists: 200/399
[fetch] Received 239 relay list events

=== Fetch Quality ===
Indexers: wss://purplepag.es (0 events, 1106ms), wss://relay.damus.io (132 events, 2356ms), wss://nos.lol (236 events, 761ms)
Follows: 399 | With relay list: 231 (57.9%) | Missing: 168 (42.1%) | Filtered-to-empty: 8
Filter profile: strict | Filtered URLs: 107 (6 localhost, 32 insecure ws, 7 IP-only, 55 known-bad, 7 malformed)
Unique valid write relays: 566 | Seed: 0
[nip66] Using cached monitor data (1202 relays)

=== NIP-66 Liveness Filter (liveness) ===
Monitor data: 1202 relays
Candidate relays: 566
  Known alive: 188
  Unknown (removed): 378
  .onion preserved: 18
  Parse-failed preserved: 0
  Authors filtered to empty: 2
Relays after filter: 188
[relay-scores] Loaded 32 relay priors (session 15, from 2026-03-08T13:40:37.039Z)

Thompson Sampling [welshman-thompson]: loaded 32 relay priors (session 15)

=== Regime A: Fixed 30 Connections ===
  Algorithm                      |  Relays |   Assign% |  Orphans |  Alg.Orph |  Avg/pk |   Gini |    HHI
  -------------------------------+---------+-----------+----------+-----------+---------+--------+-------
  Welshman+Thompson (cap@30)     |      30 |     57.1% (0.0sd) | 171.33333333333334 | 3.3333333333333335 |     2.7 |   0.71 |  0.129

=== Phase 2: Event Verification ===
Window: 31536000s | Kinds: 1 | Concurrency: 10
[baseline] Querying 188 relays for 229 authors (window: 31536000s)
[pool] CLOSED from wss://greensoul.space: auth-required: only authenticated users can read from this relay
[pool] CLOSED from wss://relay.nosflare.com: auth-required: authentication required to subscribe
[pool] CLOSED from wss://aggr.nostr.land: auth-required: auth required for aggregator
[baseline] Progress: 50/188 relays queried
[pool] CLOSED from wss://creatr.nostr.wine: auth-required: please authenticate before sending REQs
[baseline] Progress: 100/188 relays queried
[pool] CLOSED from wss://auth.nostr1.com: auth-required: you must auth
[pool] CLOSED from wss://wot.azzamo.net: rate-limited: there is a bug in the client, no one should be making so many requests
[pool] CLOSED from wss://relay.getalby.com/v1: blocked: Request rejected
[pool] CLOSED from wss://relay.nostraddress.com: auth-required: authentication required to subscribe
[baseline] Progress: 150/188 relays queried
[pool] CLOSED from wss://relay.nsec.app: blocked: we only keep kind 24133 or 24135
[pool] CLOSED from wss://impromptu.relays.land: auth-required: all requests must be authenticated
[baseline] Progress: 188/188 relays queried
[phase2] Subscription timeouts (no EOSE): 9
[phase2] CLOSED messages received: 10
  wss://greensoul.space: auth-required: only authenticated users can read from this relay
  wss://relay.nosflare.com: auth-required: authentication required to subscribe
  wss://aggr.nostr.land: auth-required: auth required for aggregator
  wss://creatr.nostr.wine: auth-required: please authenticate before sending REQs
  wss://auth.nostr1.com: auth-required: you must auth
  wss://wot.azzamo.net: rate-limited: there is a bug in the client, no one should be making so many requests
  wss://relay.getalby.com/v1: blocked: Request rejected
  wss://relay.nostraddress.com: auth-required: authentication required to subscribe
  wss://relay.nsec.app: blocked: we only keep kind 24133 or 24135
  wss://impromptu.relays.land: auth-required: all requests must be authenticated

=== Phase 2: Event Verification (365d window) ===
Baseline: 188 relays queried (75.5% success), 47s
  Timing: connect 683ms median (1.4s p95) | query 1.1s median (15.6s p95) | 9 timeouts (9 relays)
  Authors: 229 with relay data
    Testable (reliable): 105 | Testable (partial): 0 | Zero events: 121 | Unreliable: 3
  Baseline events: 28,418 (mean 270.6/author, median 45)
  Events per (relay,pubkey) capped at: 10000

  Headline metrics (105 testable-reliable authors, 28,418 baseline events):

  Algorithm                        |   Evt Recall |   Auth Recall |  Relay OK% |     TTFE |      p50 |      p80 | Timeouts
  ---------------------------------+--------------+---------------+------------+----------+----------+----------+---------
  Welshman+Thompson (seed=0, single run) |        31.2% |         94.3% |      93.3% |    559ms |     2.0s |     2.7s |        0

  Per-author recall distribution:
  Algorithm                        |   Median |  % at 0% |      p25 |      p75
  ---------------------------------+----------+----------+----------+---------
  Welshman+Thompson (seed=0, single run) |   100.0% |     5.7% |    54.5% |   100.0%

  Latency simulation (parallel relay query):
  Algorithm                        |     TTFE |      p50 |      p80 |      Max |   TO |   TO Tax |   Relays |   Events
  ---------------------------------+----------+----------+----------+----------+------+----------+----------+---------
  Welshman+Thompson (seed=0, single run) |    559ms |     2.0s |     2.7s |     4.1s |    0 |      0ms | 26/28/30 |   18,285
  (Relays: with-events/connected/total | TO Tax: ceil(timeouts/concurrency) × EOSE timeout)

  Progressive completeness (% of recall achieved by time):
  Algorithm                        |      @1s |      @2s |      @5s |     @10s |     @15s
  ---------------------------------+----------+----------+----------+----------+---------
  Welshman+Thompson (seed=0, single run) |    13.4% |    58.0% |   100.0% |   100.0% |   100.0%

  EOSE-race simulation (stop after first EOSE + grace period):
  Algorithm                        |     +0ms |   +200ms |   +500ms |      +1s |      +2s
  ---------------------------------+----------+----------+----------+----------+---------
  Welshman+Thompson (seed=0, single run) |     1.4% |    13.4% |    13.6% |    38.3% |    73.1%
  (First EOSE: Welshman+Thompson (seed=0, single run)=776ms)

  Profile-view latency (per-author outbox query, top 3 write relays):
    Authors simulated: 105 | Hit rate: 99.0%
    TTFE: 629ms median, 928ms mean, 1.6s p95
    Relays/profile: 2.8 queried, 2.5 with events, 0.03 timeouts

  Feed vs profile-view TTFE comparison:
  Algorithm                        |  Feed TTFE |  Profile TTFE |    Delta
  ---------------------------------+------------+---------------+---------
  Welshman+Thompson (seed=0, single run) |      559ms |         629ms |    +70ms

=== NIP-66 RTT vs Measured Latency (159 relays, data age: 31min) ===
                             N   Spearman r      MAE    Bias    Top5   Top10   Top20
------------------------  ----  -----------  -------  ------  ------  ------  ------
rttOpen vs connect         159         0.19    521ms    0.8x    0.0%   10.0%   30.0%
rttRead vs query           139        -0.11    922ms    5.3x    0.0%   10.0%   35.0%
(Bias = measured/nip66, >1 = NIP-66 underestimates. TopK = overlap of K fastest relays.)
Monitor: 9bbbb845e5b6..., 9bb7cd94d7b6..., 9ba1d7892cd0..., 0b01aa38c2cc..., b2c949c0fb79..., 9b85d54cc4bc..., 9ba0ce3dcc28..., http-api...
[relay-scores] Updated scores for welshman-thompson: 40 relays, session 16
[relay-scores] Saved to .cache/relay_scores_6a0c596c1484eae2_31536000_liveness_welshman-thompson.json

Thompson Sampling [welshman-thompson] learning state:
  Session: 16
  Relays with observations: 40
  Mean prior α: 30.2, β: 36.2
  Relays with strong preference (α>5): 15
  Relays learned to avoid (β>5): 16

JSON results written to: results/6a0c596c1484eae2_1772977692165.json
