[0m[32mTask[0m [0m[36mbench[0m deno run --allow-net --allow-read --allow-write main.ts "6a0c596c1484eae2e8131a030f269944921e52619c1dd143a029c64ea6cd9731" "--algorithms" "welshman-thompson" "--verify" "--verify-window" "31536000" "--verify-concurrency" "10" "--max-connections" "30" "--nip66-filter" "liveness" "--no-phase2-cache" "--fast" "--output" "both"
Target: 6a0c596c1484eae2...
Seed: 0 | Filter: strict | Runs: 3
[fetch] Connecting to 3 indexer relays...
[fetch] wss://purplepag.es: connected (1012ms)
[fetch] wss://relay.damus.io: connected (370ms)
[fetch] wss://nos.lol: connected (836ms)
[fetch] Fetching kind 3 (contact list) for 6a0c596c...
[fetch] 400 follows to fetch relay lists for
[fetch] Fetched relay lists: 200/400
[fetch] Received 240 relay list events

=== Fetch Quality ===
Indexers: wss://purplepag.es (401 events, 1012ms), wss://relay.damus.io (133 events, 370ms), wss://nos.lol (236 events, 836ms)
Follows: 400 | With relay list: 232 (58.0%) | Missing: 168 (42.0%) | Filtered-to-empty: 8
Filter profile: strict | Filtered URLs: 107 (6 localhost, 32 insecure ws, 7 IP-only, 55 known-bad, 7 malformed)
Unique valid write relays: 568 | Seed: 0
[nip66] Using cached monitor data (1182 relays)

=== NIP-66 Liveness Filter (liveness) ===
Monitor data: 1182 relays
Candidate relays: 568
  Known alive: 180
  Unknown (removed): 388
  .onion preserved: 16
  Parse-failed preserved: 0
  Authors filtered to empty: 2
Relays after filter: 180
[relay-scores] Loaded 35 relay priors (session 2, from 2026-03-11T03:09:24.899Z)

Thompson Sampling [welshman-thompson]: loaded 35 relay priors (session 2)

=== Regime A: Fixed 30 Connections ===
  Algorithm                      |  Relays |   Assign% |  Orphans |  Alg.Orph |  Avg/pk |   Gini |    HHI
  -------------------------------+---------+-----------+----------+-----------+---------+--------+-------
  Welshman+Thompson (cap@30)     |      30 |     57.2% (0.0sd) | 171.33333333333334 | 3.3333333333333335 |     2.6 |   0.72 |  0.140

=== Phase 2: Event Verification ===
Window: 31536000s | Kinds: 1 | Concurrency: 10
[baseline] Querying 180 relays for 230 authors (window: 31536000s)
[pool] CLOSED from wss://relay.nosflare.com: auth-required: authentication required to subscribe
[pool] CLOSED from wss://greensoul.space: auth-required: only authenticated users can read from this relay
[pool] CLOSED from wss://aggr.nostr.land: auth-required: auth required for aggregator
[baseline] Progress: 50/180 relays queried
[pool] CLOSED from wss://creatr.nostr.wine: auth-required: please authenticate before sending REQs
[baseline] Progress: 100/180 relays queried
[pool] CLOSED from wss://auth.nostr1.com: auth-required: you must auth
[pool] CLOSED from wss://wot.azzamo.net: rate-limited: there is a bug in the client, no one should be making so many requests
[pool] CLOSED from wss://relay.getalby.com/v1: blocked: Request rejected
[pool] CLOSED from wss://relay.nostraddress.com: auth-required: authentication required to subscribe
[pool] CLOSED from wss://relay.nsec.app: blocked: we only keep kind 24133 or 24135
[baseline] Progress: 150/180 relays queried
[pool] CLOSED from wss://impromptu.relays.land: auth-required: all requests must be authenticated
[baseline] Progress: 180/180 relays queried
[phase2] Subscription timeouts (no EOSE): 9
[phase2] CLOSED messages received: 10
  wss://relay.nosflare.com: auth-required: authentication required to subscribe
  wss://greensoul.space: auth-required: only authenticated users can read from this relay
  wss://aggr.nostr.land: auth-required: auth required for aggregator
  wss://creatr.nostr.wine: auth-required: please authenticate before sending REQs
  wss://auth.nostr1.com: auth-required: you must auth
  wss://wot.azzamo.net: rate-limited: there is a bug in the client, no one should be making so many requests
  wss://relay.getalby.com/v1: blocked: Request rejected
  wss://relay.nostraddress.com: auth-required: authentication required to subscribe
  wss://relay.nsec.app: blocked: we only keep kind 24133 or 24135
  wss://impromptu.relays.land: auth-required: all requests must be authenticated

=== Phase 2: Event Verification (365d window) ===
Baseline: 180 relays queried (72.2% success), 44s
  Timing: connect 733ms median (1.3s p95) | query 1.2s median (15.7s p95) | 9 timeouts (9 relays)
  Authors: 230 with relay data
    Testable (reliable): 100 | Testable (partial): 0 | Zero events: 128 | Unreliable: 2
  Baseline events: 27,284 (mean 272.8/author, median 42)
  Events per (relay,pubkey) capped at: 10000

  Headline metrics (100 testable-reliable authors, 27,284 baseline events):

  Algorithm                        |   Evt Recall |   Auth Recall |  Relay OK% |     TTFE |      p50 |      p80 | Timeouts
  ---------------------------------+--------------+---------------+------------+----------+----------+----------+---------
  Welshman+Thompson (seed=0, single run) |        28.3% |         93.0% |      86.7% |    602ms |     2.2s |     3.5s |        0

  Per-author recall distribution:
  Algorithm                        |   Median |  % at 0% |      p25 |      p75
  ---------------------------------+----------+----------+----------+---------
  Welshman+Thompson (seed=0, single run) |   100.0% |     7.0% |    38.1% |   100.0%

  Latency simulation (parallel relay query):
  Algorithm                        |     TTFE |      p50 |      p80 |      Max |   TO |   TO Tax |   Relays |   Events
  ---------------------------------+----------+----------+----------+----------+------+----------+----------+---------
  Welshman+Thompson (seed=0, single run) |    602ms |     2.2s |     3.5s |     5.7s |    0 |      0ms | 23/26/30 |   17,993
  (Relays: with-events/connected/total | TO Tax: ceil(timeouts/concurrency) × EOSE timeout)

  Progressive completeness (% of recall achieved by time):
  Algorithm                        |      @1s |      @2s |      @5s |     @10s |     @15s
  ---------------------------------+----------+----------+----------+----------+---------
  Welshman+Thompson (seed=0, single run) |     0.0% |    35.8% |   100.0% |   100.0% |   100.0%

  EOSE-race simulation (stop after first EOSE + grace period):
  Algorithm                        |     +0ms |   +200ms |   +500ms |      +1s |      +2s
  ---------------------------------+----------+----------+----------+----------+---------
  Welshman+Thompson (seed=0, single run) |     0.0% |     0.0% |    16.5% |    35.8% |    71.8%
  (First EOSE: Welshman+Thompson (seed=0, single run)=985ms)

  Profile-view latency (per-author outbox query, top 3 write relays):
    Authors simulated: 100 | Hit rate: 99.0%
    TTFE: 774ms median, 1.0s mean, 1.9s p95
    Relays/profile: 2.8 queried, 2.5 with events, 0.04 timeouts

  Feed vs profile-view TTFE comparison:
  Algorithm                        |  Feed TTFE |  Profile TTFE |    Delta
  ---------------------------------+------------+---------------+---------
  Welshman+Thompson (seed=0, single run) |      602ms |         774ms |   +172ms

=== NIP-66 RTT vs Measured Latency (147 relays, data age: 51min) ===
                             N   Spearman r      MAE    Bias    Top5   Top10   Top20
------------------------  ----  -----------  -------  ------  ------  ------  ------
rttOpen vs connect         147        -0.08    523ms    1.2x    0.0%    0.0%    5.0%
rttRead vs query           128        -0.07     1.3s    6.8x    0.0%   10.0%    5.0%
(Bias = measured/nip66, >1 = NIP-66 underestimates. TopK = overlap of K fastest relays.)
Monitor: 9bbbb845e5b6..., 9bb7cd94d7b6..., 9ba1d7892cd0..., 0b01aa38c2cc..., b2c949c0fb79..., 45df0580711f..., 9bac3d58ef5a..., 9ba0ce3dcc28..., 9b85d54cc4bc..., http-api..., 9ba6484003e8..., 9ba046db56b8...
[relay-scores] Updated scores for welshman-thompson: 39 relays, session 3
[relay-scores] Degrading relays (5): wss://nos.lol, wss://atlas.nostr.land, wss://nostrelites.org, wss://yestr.me, wss://no.str.cr
[relay-scores] Saved to .cache/relay_scores_6a0c596c1484eae2_31536000_liveness_welshman-thompson.json

Thompson Sampling [welshman-thompson] learning state:
  Session: 3
  Relays with observations: 39
  Mean prior α: 9.8, β: 10.8
  Relays with strong preference (α>5): 13
  Relays learned to avoid (β>5): 15

JSON results written to: results/6a0c596c1484eae2_1773199218335.json
