[0m[32mTask[0m [0m[36mbench[0m deno run --allow-net --allow-read --allow-write main.ts "6a0c596c1484eae2e8131a030f269944921e52619c1dd143a029c64ea6cd9731" "--algorithms" "welshman-thompson" "--verify" "--verify-window" "31536000" "--verify-concurrency" "10" "--max-connections" "30" "--nip66-filter" "liveness" "--no-phase2-cache" "--fast" "--output" "both"
Target: 6a0c596c1484eae2...
Seed: 0 | Filter: strict | Runs: 3
Using cached data (fetched 2026-03-11T03:19:33.710Z)

=== Fetch Quality ===
Indexers: wss://purplepag.es (401 events, 1012ms), wss://relay.damus.io (133 events, 370ms), wss://nos.lol (236 events, 836ms)
Follows: 400 | With relay list: 232 (58.0%) | Missing: 168 (42.0%) | Filtered-to-empty: 8
Filter profile: strict | Filtered URLs: 107 (6 localhost, 32 insecure ws, 7 IP-only, 55 known-bad, 7 malformed)
Unique valid write relays: 568 | Seed: 0
[nip66] Using cached monitor data (1182 relays)

=== NIP-66 Liveness Filter (liveness) ===
Monitor data: 1182 relays
Candidate relays: 568
  Known alive: 180
  Unknown (removed): 388
  .onion preserved: 16
  Parse-failed preserved: 0
  Authors filtered to empty: 2
Relays after filter: 180
[relay-scores] Loaded 39 relay priors (session 3, from 2026-03-11T03:20:18.213Z)

Thompson Sampling [welshman-thompson]: loaded 39 relay priors (session 3)

=== Regime A: Fixed 30 Connections ===
  Algorithm                      |  Relays |   Assign% |  Orphans |  Alg.Orph |  Avg/pk |   Gini |    HHI
  -------------------------------+---------+-----------+----------+-----------+---------+--------+-------
  Welshman+Thompson (cap@30)     |      30 |     57.0% (0.0sd) |      172 |         4 |     2.7 |   0.74 |  0.144

=== Phase 2: Event Verification ===
Window: 31536000s | Kinds: 1 | Concurrency: 10
[baseline] Querying 180 relays for 230 authors (window: 31536000s)
[pool] CLOSED from wss://relay.nosflare.com: auth-required: authentication required to subscribe
[pool] CLOSED from wss://greensoul.space: auth-required: only authenticated users can read from this relay
[pool] CLOSED from wss://aggr.nostr.land: auth-required: auth required for aggregator
[baseline] Progress: 50/180 relays queried
[pool] CLOSED from wss://creatr.nostr.wine: auth-required: please authenticate before sending REQs
[baseline] Progress: 100/180 relays queried
[pool] CLOSED from wss://auth.nostr1.com: auth-required: you must auth
[pool] CLOSED from wss://relay.getalby.com/v1: blocked: Request rejected
[pool] CLOSED from wss://relay.nostraddress.com: auth-required: authentication required to subscribe
[pool] CLOSED from wss://relay.nsec.app: blocked: we only keep kind 24133 or 24135
[baseline] Progress: 150/180 relays queried
[pool] CLOSED from wss://impromptu.relays.land: auth-required: all requests must be authenticated
[baseline] Progress: 180/180 relays queried
[phase2] Subscription timeouts (no EOSE): 4
[phase2] CLOSED messages received: 9
  wss://relay.nosflare.com: auth-required: authentication required to subscribe
  wss://greensoul.space: auth-required: only authenticated users can read from this relay
  wss://aggr.nostr.land: auth-required: auth required for aggregator
  wss://creatr.nostr.wine: auth-required: please authenticate before sending REQs
  wss://auth.nostr1.com: auth-required: you must auth
  wss://relay.getalby.com/v1: blocked: Request rejected
  wss://relay.nostraddress.com: auth-required: authentication required to subscribe
  wss://relay.nsec.app: blocked: we only keep kind 24133 or 24135
  wss://impromptu.relays.land: auth-required: all requests must be authenticated

=== Phase 2: Event Verification (365d window) ===
Baseline: 180 relays queried (72.2% success), 42s
  Timing: connect 834ms median (2.1s p95) | query 1.4s median (5.7s p95) | 4 timeouts (4 relays)
  Authors: 230 with relay data
    Testable (reliable): 90 | Testable (partial): 3 | Zero events: 128 | Unreliable: 9
  Baseline events: 27,016 (mean 290.5/author, median 45)
  Events per (relay,pubkey) capped at: 10000

  Headline metrics (90 testable-reliable authors, 26,497 baseline events):

  Algorithm                        |   Evt Recall |   Auth Recall |  Relay OK% |     TTFE |      p50 |      p80 | Timeouts
  ---------------------------------+--------------+---------------+------------+----------+----------+----------+---------
  Welshman+Thompson (seed=0, single run) |        23.5% |         88.9% |      70.0% |    921ms |     3.2s |     5.6s |        0

  Per-author recall distribution:
  Algorithm                        |   Median |  % at 0% |      p25 |      p75
  ---------------------------------+----------+----------+----------+---------
  Welshman+Thompson (seed=0, single run) |   100.0% |    11.1% |    14.7% |   100.0%

  Latency simulation (parallel relay query):
  Algorithm                        |     TTFE |      p50 |      p80 |      Max |   TO |   TO Tax |   Relays |   Events
  ---------------------------------+----------+----------+----------+----------+------+----------+----------+---------
  Welshman+Thompson (seed=0, single run) |    921ms |     3.2s |     5.6s |    11.5s |    0 |      0ms | 16/21/30 |   12,919
  (Relays: with-events/connected/total | TO Tax: ceil(timeouts/concurrency) × EOSE timeout)

  Progressive completeness (% of recall achieved by time):
  Algorithm                        |      @1s |      @2s |      @5s |     @10s |     @15s
  ---------------------------------+----------+----------+----------+----------+---------
  Welshman+Thompson (seed=0, single run) |     0.0% |     0.0% |    43.8% |    73.1% |   100.0%

  EOSE-race simulation (stop after first EOSE + grace period):
  Algorithm                        |     +0ms |   +200ms |   +500ms |      +1s |      +2s
  ---------------------------------+----------+----------+----------+----------+---------
  Welshman+Thompson (seed=0, single run) |     1.0% |     1.0% |     7.9% |    17.1% |    26.7%
  (First EOSE: Welshman+Thompson (seed=0, single run)=2.1s)

  Profile-view latency (per-author outbox query, top 3 write relays):
    Authors simulated: 93 | Hit rate: 97.8%
    TTFE: 3.3s median, 2.9s mean, 3.7s p95
    Relays/profile: 2.8 queried, 2.1 with events, 0.00 timeouts

  Feed vs profile-view TTFE comparison:
  Algorithm                        |  Feed TTFE |  Profile TTFE |    Delta
  ---------------------------------+------------+---------------+---------
  Welshman+Thompson (seed=0, single run) |      921ms |          3.3s |    +2.3s

  Including partial-baseline authors (93 testable authors, 27,016 baseline events):

  Algorithm                        |   Evt Recall |   Auth Recall
  ---------------------------------+--------------+--------------
  Welshman+Thompson (seed=0, single run) |        23.9% |         89.2%

=== NIP-66 RTT vs Measured Latency (141 relays, data age: 64min) ===
                             N   Spearman r      MAE    Bias    Top5   Top10   Top20
------------------------  ----  -----------  -------  ------  ------  ------  ------
rttOpen vs connect         141        -0.18    745ms    1.5x    0.0%    0.0%    0.0%
rttRead vs query           125        -0.16     1.8s    8.1x    0.0%    0.0%    0.0%
(Bias = measured/nip66, >1 = NIP-66 underestimates. TopK = overlap of K fastest relays.)
Monitor: 9bbbb845e5b6..., 45df0580711f..., 9bb7cd94d7b6..., 9ba1d7892cd0..., 9bac3d58ef5a..., b2c949c0fb79..., 0b01aa38c2cc..., 9b85d54cc4bc..., http-api..., 9ba6484003e8..., 9ba046db56b8...
[relay-scores] Updated scores for welshman-thompson: 44 relays, session 4
[relay-scores] Degrading relays (5): wss://relay.snort.social, wss://relay.ditto.pub, wss://atlas.nostr.land, wss://pyramid.fiatjaf.com, wss://yestr.me
[relay-scores] Saved to .cache/relay_scores_6a0c596c1484eae2_31536000_liveness_welshman-thompson.json

Thompson Sampling [welshman-thompson] learning state:
  Session: 4
  Relays with observations: 44
  Mean prior α: 10.6, β: 12.5
  Relays with strong preference (α>5): 14
  Relays learned to avoid (β>5): 14

JSON results written to: results/6a0c596c1484eae2_1773199916751.json
