[0m[32mTask[0m [0m[36mbench[0m deno run --allow-net --allow-read --allow-write main.ts "6a0c596c1484eae2e8131a030f269944921e52619c1dd143a029c64ea6cd9731" "--algorithms" "welshman-thompson" "--verify" "--verify-window" "31536000" "--verify-concurrency" "10" "--max-connections" "30" "--nip66-filter" "liveness" "--no-phase2-cache" "--fast" "--output" "both"
Target: 6a0c596c1484eae2...
Seed: 0 | Filter: strict | Runs: 3
Using cached data (fetched 2026-03-11T03:19:33.710Z)

=== Fetch Quality ===
Indexers: wss://purplepag.es (401 events, 1012ms), wss://relay.damus.io (133 events, 370ms), wss://nos.lol (236 events, 836ms)
Follows: 400 | With relay list: 232 (58.0%) | Missing: 168 (42.0%) | Filtered-to-empty: 8
Filter profile: strict | Filtered URLs: 107 (6 localhost, 32 insecure ws, 7 IP-only, 55 known-bad, 7 malformed)
Unique valid write relays: 568 | Seed: 0
[nip66] Using cached monitor data (1182 relays)

=== NIP-66 Liveness Filter (liveness) ===
Monitor data: 1182 relays
Candidate relays: 568
  Known alive: 180
  Unknown (removed): 388
  .onion preserved: 16
  Parse-failed preserved: 0
  Authors filtered to empty: 2
Relays after filter: 180
[relay-scores] Loaded 44 relay priors (session 4, from 2026-03-11T03:31:56.747Z)

Thompson Sampling [welshman-thompson]: loaded 44 relay priors (session 4)

=== Regime A: Fixed 30 Connections ===
  Algorithm                      |  Relays |   Assign% |  Orphans |  Alg.Orph |  Avg/pk |   Gini |    HHI
  -------------------------------+---------+-----------+----------+-----------+---------+--------+-------
  Welshman+Thompson (cap@30)     |      30 |     57.0% (0.0sd) |      172 |         4 |     2.6 |   0.75 |  0.151

=== Phase 2: Event Verification ===
Window: 31536000s | Kinds: 1 | Concurrency: 10
[baseline] Querying 180 relays for 230 authors (window: 31536000s)
[pool] CLOSED from wss://relay.nosflare.com: auth-required: authentication required to subscribe
[pool] CLOSED from wss://greensoul.space: auth-required: only authenticated users can read from this relay
[pool] CLOSED from wss://aggr.nostr.land: auth-required: auth required for aggregator
[baseline] Progress: 50/180 relays queried
[pool] CLOSED from wss://creatr.nostr.wine: auth-required: please authenticate before sending REQs
[baseline] Progress: 100/180 relays queried
[pool] CLOSED from wss://auth.nostr1.com: auth-required: you must auth
[pool] CLOSED from wss://relay.nostraddress.com: auth-required: authentication required to subscribe
[pool] CLOSED from wss://relay.getalby.com/v1: blocked: Request rejected
[pool] CLOSED from wss://relay.nsec.app: blocked: we only keep kind 24133 or 24135
[baseline] Progress: 150/180 relays queried
[pool] CLOSED from wss://impromptu.relays.land: auth-required: all requests must be authenticated
[baseline] Progress: 180/180 relays queried
[phase2] Subscription timeouts (no EOSE): 8
[phase2] CLOSED messages received: 9
  wss://relay.nosflare.com: auth-required: authentication required to subscribe
  wss://greensoul.space: auth-required: only authenticated users can read from this relay
  wss://aggr.nostr.land: auth-required: auth required for aggregator
  wss://creatr.nostr.wine: auth-required: please authenticate before sending REQs
  wss://auth.nostr1.com: auth-required: you must auth
  wss://relay.nostraddress.com: auth-required: authentication required to subscribe
  wss://relay.getalby.com/v1: blocked: Request rejected
  wss://relay.nsec.app: blocked: we only keep kind 24133 or 24135
  wss://impromptu.relays.land: auth-required: all requests must be authenticated

=== Phase 2: Event Verification (365d window) ===
Baseline: 180 relays queried (73.9% success), 42s
  Timing: connect 811ms median (1.9s p95) | query 1.3s median (9.0s p95) | 8 timeouts (8 relays)
  Authors: 230 with relay data
    Testable (reliable): 98 | Testable (partial): 2 | Zero events: 125 | Unreliable: 5
  Baseline events: 27,537 (mean 275.4/author, median 46)
  Events per (relay,pubkey) capped at: 10000

  Headline metrics (98 testable-reliable authors, 27,472 baseline events):

  Algorithm                        |   Evt Recall |   Auth Recall |  Relay OK% |     TTFE |      p50 |      p80 | Timeouts
  ---------------------------------+--------------+---------------+------------+----------+----------+----------+---------
  Welshman+Thompson (seed=0, single run) |        34.8% |         89.8% |      86.7% |    926ms |     2.8s |     3.8s |        0

  Per-author recall distribution:
  Algorithm                        |   Median |  % at 0% |      p25 |      p75
  ---------------------------------+----------+----------+----------+---------
  Welshman+Thompson (seed=0, single run) |   100.0% |    10.2% |    41.1% |   100.0%

  Latency simulation (parallel relay query):
  Algorithm                        |     TTFE |      p50 |      p80 |      Max |   TO |   TO Tax |   Relays |   Events
  ---------------------------------+----------+----------+----------+----------+------+----------+----------+---------
  Welshman+Thompson (seed=0, single run) |    926ms |     2.8s |     3.8s |     7.6s |    0 |      0ms | 24/27/30 |   16,464
  (Relays: with-events/connected/total | TO Tax: ceil(timeouts/concurrency) × EOSE timeout)

  Progressive completeness (% of recall achieved by time):
  Algorithm                        |      @1s |      @2s |      @5s |     @10s |     @15s
  ---------------------------------+----------+----------+----------+----------+---------
  Welshman+Thompson (seed=0, single run) |     0.0% |    12.7% |    94.1% |   100.0% |   100.0%

  EOSE-race simulation (stop after first EOSE + grace period):
  Algorithm                        |     +0ms |   +200ms |   +500ms |      +1s |      +2s
  ---------------------------------+----------+----------+----------+----------+---------
  Welshman+Thompson (seed=0, single run) |     1.2% |     1.2% |    12.3% |    25.8% |    45.6%
  (First EOSE: Welshman+Thompson (seed=0, single run)=1.2s)

  Profile-view latency (per-author outbox query, top 3 write relays):
    Authors simulated: 100 | Hit rate: 99.0%
    TTFE: 1.7s median, 1.6s mean, 2.4s p95
    Relays/profile: 2.8 queried, 2.0 with events, 0.03 timeouts

  Feed vs profile-view TTFE comparison:
  Algorithm                        |  Feed TTFE |  Profile TTFE |    Delta
  ---------------------------------+------------+---------------+---------
  Welshman+Thompson (seed=0, single run) |      926ms |          1.7s |   +742ms

  Including partial-baseline authors (100 testable authors, 27,537 baseline events):

  Algorithm                        |   Evt Recall |   Auth Recall
  ---------------------------------+--------------+--------------
  Welshman+Thompson (seed=0, single run) |        34.7% |         89.0%

=== NIP-66 RTT vs Measured Latency (148 relays, data age: 73min) ===
                             N   Spearman r      MAE    Bias    Top5   Top10   Top20
------------------------  ----  -----------  -------  ------  ------  ------  ------
rttOpen vs connect         148         0.06    637ms    1.5x    0.0%    0.0%    0.0%
rttRead vs query           128         0.06     1.4s    9.5x   20.0%   10.0%   10.0%
(Bias = measured/nip66, >1 = NIP-66 underestimates. TopK = overlap of K fastest relays.)
Monitor: 9bbbb845e5b6..., 9ba1d7892cd0..., 9bb7cd94d7b6..., 0b01aa38c2cc..., b2c949c0fb79..., 45df0580711f..., 9bac3d58ef5a..., 9ba0ce3dcc28..., 9b85d54cc4bc..., 9ba6484003e8..., http-api..., 9ba046db56b8...
[relay-scores] Updated scores for welshman-thompson: 47 relays, session 5
[relay-scores] Degrading relays (5): wss://relay.ditto.pub, wss://premium.primal.net, wss://yestr.me, wss://atlas.nostr.land, wss://no.str.cr
[relay-scores] Saved to .cache/relay_scores_6a0c596c1484eae2_31536000_liveness_welshman-thompson.json

Thompson Sampling [welshman-thompson] learning state:
  Session: 5
  Relays with observations: 47
  Mean prior α: 11.9, β: 14.4
  Relays with strong preference (α>5): 17
  Relays learned to avoid (β>5): 16

JSON results written to: results/6a0c596c1484eae2_1773200501907.json
