[0m[32mTask[0m [0m[36mbench[0m deno run --allow-net --allow-read --allow-write main.ts "78b3c1ed0a53b072fcfb8cc2e2e09cad31c9bfec869d1c8745c343d55033eea9" "--algorithms" "welshman-thompson" "--verify" "--verify-window" "31536000" "--verify-concurrency" "10" "--max-connections" "30" "--nip66-filter" "liveness" "--no-phase2-cache" "--fast" "--output" "both"
Target: 78b3c1ed0a53b072...
Seed: 0 | Filter: strict | Runs: 3
Using cached data (fetched 2026-03-08T13:45:10.517Z)

=== Fetch Quality ===
Indexers: wss://purplepag.es (0 events, 1070ms), wss://relay.damus.io (37 events, 370ms), wss://nos.lol (54 events, 751ms)
Follows: 84 | With relay list: 54 (64.3%) | Missing: 30 (35.7%)
Filter profile: strict | Filtered URLs: 10 (10 known-bad)
Unique valid write relays: 108 | Seed: 0
[nip66] Using cached monitor data (1202 relays)

=== NIP-66 Liveness Filter (liveness) ===
Monitor data: 1202 relays
Candidate relays: 108
  Known alive: 52
  Unknown (removed): 56
  .onion preserved: 1
  Parse-failed preserved: 0
  Authors filtered to empty: 1
Relays after filter: 52
[relay-scores] Loaded 36 relay priors (session 21, from 2026-03-08T13:52:55.125Z)

Thompson Sampling [welshman-thompson]: loaded 36 relay priors (session 21)

=== Regime A: Fixed 30 Connections ===
  Algorithm                      |  Relays |   Assign% |  Orphans |  Alg.Orph |  Avg/pk |   Gini |    HHI
  -------------------------------+---------+-----------+----------+-----------+---------+--------+-------
  Welshman+Thompson              | 22.666666666666668 |     63.1% (0.0sd) |       31 |         1 |     2.7 |   0.58 |  0.105

=== Phase 2: Event Verification ===
Window: 31536000s | Kinds: 1 | Concurrency: 10
[baseline] Querying 52 relays for 53 authors (window: 31536000s)
[pool] CLOSED from wss://relay.getalby.com/v1: blocked: Request rejected
[pool] CLOSED from wss://auth.nostr1.com: auth-required: you must auth
[baseline] Progress: 50/52 relays queried
[baseline] Progress: 52/52 relays queried
[phase2] Subscription timeouts (no EOSE): 3
[phase2] CLOSED messages received: 2
  wss://relay.getalby.com/v1: blocked: Request rejected
  wss://auth.nostr1.com: auth-required: you must auth

=== Phase 2: Event Verification (365d window) ===
Baseline: 52 relays queried (76.9% success), 20s
  Timing: connect 652ms median (930ms p95) | query 980ms median (2.4s p95) | 3 timeouts (3 relays)
  Authors: 53 with relay data
    Testable (reliable): 29 | Testable (partial): 1 | Zero events: 21 | Unreliable: 2
  Baseline events: 4,529 (mean 151.0/author, median 45)
  Events per (relay,pubkey) capped at: 10000

  Headline metrics (29 testable-reliable authors, 4,427 baseline events):

  Algorithm                        |   Evt Recall |   Auth Recall |  Relay OK% |     TTFE |      p50 |      p80 | Timeouts
  ---------------------------------+--------------+---------------+------------+----------+----------+----------+---------
  Welshman+Thompson (seed=0, single run) |        74.8% |         93.1% |      72.7% |    600ms |     1.8s |     2.2s |        1

  Per-author recall distribution:
  Algorithm                        |   Median |  % at 0% |      p25 |      p75
  ---------------------------------+----------+----------+----------+---------
  Welshman+Thompson (seed=0, single run) |   100.0% |     6.9% |    99.1% |   100.0%

  Latency simulation (parallel relay query):
  Algorithm                        |     TTFE |      p50 |      p80 |      Max |   TO |   TO Tax |   Relays |   Events
  ---------------------------------+----------+----------+----------+----------+------+----------+----------+---------
  Welshman+Thompson (seed=0, single run) |    600ms |     1.8s |     2.2s |    16.4s |    1 |    15.0s | 14/18/22 |    5,277
  (Relays: with-events/connected/total | TO Tax: ceil(timeouts/concurrency) × EOSE timeout)

  Progressive completeness (% of recall achieved by time):
  Algorithm                        |      @1s |      @2s |      @5s |     @10s |     @15s
  ---------------------------------+----------+----------+----------+----------+---------
  Welshman+Thompson (seed=0, single run) |     0.3% |    63.9% |   100.0% |   100.0% |   100.0%

  EOSE-race simulation (stop after first EOSE + grace period):
  Algorithm                        |     +0ms |   +200ms |   +500ms |      +1s |      +2s
  ---------------------------------+----------+----------+----------+----------+---------
  Welshman+Thompson (seed=0, single run) |     0.3% |     0.3% |     0.3% |    47.2% |    87.3%
  (First EOSE: Welshman+Thompson (seed=0, single run)=635ms)

  Profile-view latency (per-author outbox query, top 3 write relays):
    Authors simulated: 30 | Hit rate: 96.7%
    TTFE: 1.5s median, 1.4s mean, 1.7s p95
    Relays/profile: 2.8 queried, 2.0 with events, 0.03 timeouts

  Feed vs profile-view TTFE comparison:
  Algorithm                        |  Feed TTFE |  Profile TTFE |    Delta
  ---------------------------------+------------+---------------+---------
  Welshman+Thompson (seed=0, single run) |      600ms |          1.5s |   +940ms

  Including partial-baseline authors (30 testable authors, 4,529 baseline events):

  Algorithm                        |   Evt Recall |   Auth Recall
  ---------------------------------+--------------+--------------
  Welshman+Thompson (seed=0, single run) |        75.4% |         93.3%

=== NIP-66 RTT vs Measured Latency (43 relays, data age: 42min) ===
                             N   Spearman r      MAE    Bias    Top5   Top10   Top20
------------------------  ----  -----------  -------  ------  ------  ------  ------
rttOpen vs connect          43         0.08    592ms    0.8x   40.0%   30.0%   45.0%
rttRead vs query            39        -0.03    793ms    4.9x   20.0%   40.0%   45.0%
(Bias = measured/nip66, >1 = NIP-66 underestimates. TopK = overlap of K fastest relays.)
Monitor: http-api..., 9bbbb845e5b6..., 9bb7cd94d7b6..., 0b01aa38c2cc..., 9ba1d7892cd0..., 9b85d54cc4bc..., b2c949c0fb79...
[relay-scores] Updated scores for welshman-thompson: 36 relays, session 22
[relay-scores] Degrading relays (1): wss://nrelay.c-stellar.net
[relay-scores] Saved to .cache/relay_scores_78b3c1ed0a53b072_31536000_liveness_welshman-thompson.json

Thompson Sampling [welshman-thompson] learning state:
  Session: 22
  Relays with observations: 36
  Mean prior α: 12.0, β: 19.3
  Relays with strong preference (α>5): 14
  Relays learned to avoid (β>5): 14

JSON results written to: results/78b3c1ed0a53b072_1772978344309.json
