[0m[32mTask[0m [0m[36mbench[0m deno run --allow-net --allow-read --allow-write main.ts "78b3c1ed0a53b072fcfb8cc2e2e09cad31c9bfec869d1c8745c343d55033eea9" "--algorithms" "welshman-thompson" "--verify" "--verify-window" "31536000" "--verify-concurrency" "10" "--max-connections" "30" "--nip66-filter" "liveness" "--no-phase2-cache" "--fast" "--output" "both"
Target: 78b3c1ed0a53b072...
Seed: 0 | Filter: strict | Runs: 3
Using cached data (fetched 2026-03-11T03:18:06.203Z)

=== Fetch Quality ===
Indexers: wss://purplepag.es (85 events, 1073ms), wss://relay.damus.io (38 events, 307ms), wss://nos.lol (54 events, 760ms)
Follows: 84 | With relay list: 54 (64.3%) | Missing: 30 (35.7%)
Filter profile: strict | Filtered URLs: 10 (10 known-bad)
Unique valid write relays: 112 | Seed: 0
[nip66] Using cached monitor data (1182 relays)

=== NIP-66 Liveness Filter (liveness) ===
Monitor data: 1182 relays
Candidate relays: 112
  Known alive: 54
  Unknown (removed): 58
  .onion preserved: 1
  Parse-failed preserved: 0
  Authors filtered to empty: 1
Relays after filter: 54
[relay-scores] Loaded 35 relay priors (session 4, from 2026-03-11T03:30:14.006Z)

Thompson Sampling [welshman-thompson]: loaded 35 relay priors (session 4)

=== Regime A: Fixed 30 Connections ===
  Algorithm                      |  Relays |   Assign% |  Orphans |  Alg.Orph |  Avg/pk |   Gini |    HHI
  -------------------------------+---------+-----------+----------+-----------+---------+--------+-------
  Welshman+Thompson              | 25.333333333333332 |     63.1% (0.0sd) |       31 |         1 |     2.7 |   0.63 |  0.121

=== Phase 2: Event Verification ===
Window: 31536000s | Kinds: 1 | Concurrency: 10
[baseline] Querying 54 relays for 53 authors (window: 31536000s)
[pool] CLOSED from wss://relay.getalby.com/v1: blocked: Request rejected
[pool] CLOSED from wss://auth.nostr1.com: auth-required: you must auth
[baseline] Progress: 50/54 relays queried
[baseline] Progress: 54/54 relays queried
[phase2] Subscription timeouts (no EOSE): 3
[phase2] CLOSED messages received: 2
  wss://relay.getalby.com/v1: blocked: Request rejected
  wss://auth.nostr1.com: auth-required: you must auth

=== Phase 2: Event Verification (365d window) ===
Baseline: 54 relays queried (81.5% success), 19s
  Timing: connect 766ms median (1.6s p95) | query 1.3s median (2.5s p95) | 3 timeouts (3 relays)
  Authors: 53 with relay data
    Testable (reliable): 29 | Testable (partial): 1 | Zero events: 21 | Unreliable: 2
  Baseline events: 4,411 (mean 147.0/author, median 46)
  Events per (relay,pubkey) capped at: 10000

  Headline metrics (29 testable-reliable authors, 4,314 baseline events):

  Algorithm                        |   Evt Recall |   Auth Recall |  Relay OK% |     TTFE |      p50 |      p80 | Timeouts
  ---------------------------------+--------------+---------------+------------+----------+----------+----------+---------
  Welshman+Thompson (seed=0, single run) |        67.0% |         93.1% |      75.0% |     1.1s |     2.1s |     2.8s |        2

  Per-author recall distribution:
  Algorithm                        |   Median |  % at 0% |      p25 |      p75
  ---------------------------------+----------+----------+----------+---------
  Welshman+Thompson (seed=0, single run) |   100.0% |     6.9% |    53.8% |   100.0%

  Latency simulation (parallel relay query):
  Algorithm                        |     TTFE |      p50 |      p80 |      Max |   TO |   TO Tax |   Relays |   Events
  ---------------------------------+----------+----------+----------+----------+------+----------+----------+---------
  Welshman+Thompson (seed=0, single run) |     1.1s |     2.1s |     2.8s |    16.4s |    2 |    15.0s | 14/21/24 |    5,351
  (Relays: with-events/connected/total | TO Tax: ceil(timeouts/concurrency) × EOSE timeout)

  Progressive completeness (% of recall achieved by time):
  Algorithm                        |      @1s |      @2s |      @5s |     @10s |     @15s
  ---------------------------------+----------+----------+----------+----------+---------
  Welshman+Thompson (seed=0, single run) |     0.0% |    55.8% |   100.0% |   100.0% |   100.0%

  EOSE-race simulation (stop after first EOSE + grace period):
  Algorithm                        |     +0ms |   +200ms |   +500ms |      +1s |      +2s
  ---------------------------------+----------+----------+----------+----------+---------
  Welshman+Thompson (seed=0, single run) |     0.1% |     0.1% |     0.4% |    55.8% |   100.0%
  (First EOSE: Welshman+Thompson (seed=0, single run)=1.1s)

  Profile-view latency (per-author outbox query, top 3 write relays):
    Authors simulated: 30 | Hit rate: 93.3%
    TTFE: 1.7s median, 1.6s mean, 1.9s p95
    Relays/profile: 2.9 queried, 2.0 with events, 0.03 timeouts

  Feed vs profile-view TTFE comparison:
  Algorithm                        |  Feed TTFE |  Profile TTFE |    Delta
  ---------------------------------+------------+---------------+---------
  Welshman+Thompson (seed=0, single run) |       1.1s |          1.7s |   +664ms

  Including partial-baseline authors (30 testable authors, 4,411 baseline events):

  Algorithm                        |   Evt Recall |   Auth Recall
  ---------------------------------+--------------+--------------
  Welshman+Thompson (seed=0, single run) |        67.7% |         93.3%

=== NIP-66 RTT vs Measured Latency (47 relays, data age: 77min) ===
                             N   Spearman r      MAE    Bias    Top5   Top10   Top20
------------------------  ----  -----------  -------  ------  ------  ------  ------
rttOpen vs connect          47         0.03    627ms    1.3x    0.0%   20.0%   50.0%
rttRead vs query            43        -0.05     1.4s    6.2x    0.0%   20.0%   40.0%
(Bias = measured/nip66, >1 = NIP-66 underestimates. TopK = overlap of K fastest relays.)
Monitor: http-api..., 9bb7cd94d7b6..., 9bbbb845e5b6..., 0b01aa38c2cc..., 9ba1d7892cd0..., 9b85d54cc4bc..., 9bac3d58ef5a..., 45df0580711f..., b2c949c0fb79...
[relay-scores] Updated scores for welshman-thompson: 36 relays, session 5
[relay-scores] Degrading relays (2): wss://nos.lol, wss://nrelay.c-stellar.net
[relay-scores] Saved to .cache/relay_scores_78b3c1ed0a53b072_31536000_liveness_welshman-thompson.json

Thompson Sampling [welshman-thompson] learning state:
  Session: 5
  Relays with observations: 36
  Mean prior α: 4.2, β: 8.0
  Relays with strong preference (α>5): 9
  Relays learned to avoid (β>5): 12

JSON results written to: results/78b3c1ed0a53b072_1773200399588.json
