[0m[32mTask[0m [0m[36mbench[0m deno run --allow-net --allow-read --allow-write main.ts "78b3c1ed0a53b072fcfb8cc2e2e09cad31c9bfec869d1c8745c343d55033eea9" "--algorithms" "welshman-thompson" "--verify" "--verify-window" "31536000" "--verify-concurrency" "10" "--max-connections" "30" "--nip66-filter" "liveness" "--no-phase2-cache" "--fast" "--output" "both"
Target: 78b3c1ed0a53b072...
Seed: 0 | Filter: strict | Runs: 3
Using cached data (fetched 2026-03-11T02:13:46.906Z)

=== Fetch Quality ===
Indexers: wss://purplepag.es (85 events, 3163ms), wss://relay.damus.io (38 events, 917ms), wss://nos.lol (54 events, 1035ms)
Follows: 84 | With relay list: 54 (64.3%) | Missing: 30 (35.7%)
Filter profile: strict | Filtered URLs: 10 (10 known-bad)
Unique valid write relays: 112 | Seed: 0
[nip66] Using cached monitor data (1182 relays)

=== NIP-66 Liveness Filter (liveness) ===
Monitor data: 1182 relays
Candidate relays: 112
  Known alive: 54
  Unknown (removed): 58
  .onion preserved: 1
  Parse-failed preserved: 0
  Authors filtered to empty: 1
Relays after filter: 54

=== Regime A: Fixed 30 Connections ===
  Algorithm                      |  Relays |   Assign% |  Orphans |  Alg.Orph |  Avg/pk |   Gini |    HHI
  -------------------------------+---------+-----------+----------+-----------+---------+--------+-------
  Welshman+Thompson              | 23.666666666666668 |     63.1% (0.0sd) |       31 |         1 |     2.7 |   0.60 |  0.113

=== Phase 2: Event Verification ===
Window: 31536000s | Kinds: 1 | Concurrency: 10
[baseline] Querying 54 relays for 53 authors (window: 31536000s)
[pool] CLOSED from wss://auth.nostr1.com: auth-required: you must auth
[baseline] Progress: 50/54 relays queried
[baseline] Progress: 54/54 relays queried
[phase2] Subscription timeouts (no EOSE): 1
[phase2] CLOSED messages received: 1
  wss://auth.nostr1.com: auth-required: you must auth

=== Phase 2: Event Verification (365d window) ===
Baseline: 54 relays queried (51.9% success), 18s
  Timing: connect 950ms median (2.6s p95) | query 1.4s median (3.6s p95) | 1 timeouts (1 relays)
  Authors: 53 with relay data
    Testable (reliable): 5 | Testable (partial): 14 | Zero events: 5 | Unreliable: 29
  Baseline events: 1,472 (mean 77.5/author, median 22)
  Events per (relay,pubkey) capped at: 10000

  Headline metrics (5 testable-reliable authors, 669 baseline events):

  Algorithm                        |   Evt Recall |   Auth Recall |  Relay OK% |     TTFE |      p50 |      p80 | Timeouts
  ---------------------------------+--------------+---------------+------------+----------+----------+----------+---------
  Welshman+Thompson (seed=0, single run) |        43.9% |         80.0% |      28.0% |     1.8s |     4.5s |     5.5s |        1

  Per-author recall distribution:
  Algorithm                        |   Median |  % at 0% |      p25 |      p75
  ---------------------------------+----------+----------+----------+---------
  Welshman+Thompson (seed=0, single run) |    50.0% |    20.0% |    31.6% |    99.1%

  Latency simulation (parallel relay query):
  Algorithm                        |     TTFE |      p50 |      p80 |      Max |   TO |   TO Tax |   Relays |   Events
  ---------------------------------+----------+----------+----------+----------+------+----------+----------+---------
  Welshman+Thompson (seed=0, single run) |     1.8s |     4.5s |     5.5s |    15.6s |    1 |    15.0s |   5/8/25 |    1,601
  (Relays: with-events/connected/total | TO Tax: ceil(timeouts/concurrency) × EOSE timeout)

  Progressive completeness (% of recall achieved by time):
  Algorithm                        |      @1s |      @2s |      @5s |     @10s |     @15s
  ---------------------------------+----------+----------+----------+----------+---------
  Welshman+Thompson (seed=0, single run) |     0.0% |     9.6% |    15.4% |   100.0% |   100.0%

  EOSE-race simulation (stop after first EOSE + grace period):
  Algorithm                        |     +0ms |   +200ms |   +500ms |      +1s |      +2s
  ---------------------------------+----------+----------+----------+----------+---------
  Welshman+Thompson (seed=0, single run) |     9.6% |     9.6% |     9.6% |     9.6% |    15.4%
  (First EOSE: Welshman+Thompson (seed=0, single run)=1.9s)

  Profile-view latency (per-author outbox query, top 3 write relays):
    Authors simulated: 19 | Hit rate: 84.2%
    TTFE: 4.8s median, 4.5s mean, 5.6s p95
    Relays/profile: 3.0 queried, 1.1 with events, 0.00 timeouts

  Feed vs profile-view TTFE comparison:
  Algorithm                        |  Feed TTFE |  Profile TTFE |    Delta
  ---------------------------------+------------+---------------+---------
  Welshman+Thompson (seed=0, single run) |       1.8s |          4.8s |    +3.0s

  Including partial-baseline authors (19 testable authors, 1,472 baseline events):

  Algorithm                        |   Evt Recall |   Auth Recall
  ---------------------------------+--------------+--------------
  Welshman+Thompson (seed=0, single run) |        70.7% |         68.4%

=== NIP-66 RTT vs Measured Latency (29 relays, data age: 35min) ===
                             N   Spearman r      MAE    Bias    Top5   Top10   Top20
------------------------  ----  -----------  -------  ------  ------  ------  ------
rttOpen vs connect          29        -0.08    913ms    2.2x    0.0%   40.0%   70.0%
rttRead vs query            26         0.04     1.4s    7.6x   20.0%   50.0%   70.0%
(Bias = measured/nip66, >1 = NIP-66 underestimates. TopK = overlap of K fastest relays.)
Monitor: 9bbbb845e5b6..., 9ba1d7892cd0..., 9ba6484003e8..., 9b85d54cc4bc..., http-api..., b2c949c0fb79..., 45df0580711f...
[relay-scores] Updated scores for welshman-thompson: 25 relays, session 1
[relay-scores] Saved to .cache/relay_scores_78b3c1ed0a53b072_31536000_liveness_welshman-thompson.json

Thompson Sampling [welshman-thompson] learning state:
  Session: 1
  Relays with observations: 25
  Mean prior α: 1.5, β: 2.8
  Relays with strong preference (α>5): 1
  Relays learned to avoid (β>5): 3

JSON results written to: results/78b3c1ed0a53b072_1773197828135.json
