[0m[32mTask[0m [0m[36mbench[0m deno run --allow-net --allow-read --allow-write main.ts "78b3c1ed0a53b072fcfb8cc2e2e09cad31c9bfec869d1c8745c343d55033eea9" "--algorithms" "welshman-thompson" "--verify" "--verify-window" "31536000" "--verify-concurrency" "10" "--max-connections" "30" "--nip66-filter" "liveness" "--no-phase2-cache" "--fast" "--output" "both"
Target: 78b3c1ed0a53b072...
Seed: 0 | Filter: strict | Runs: 3
Using cached data (fetched 2026-03-08T13:45:10.517Z)

=== Fetch Quality ===
Indexers: wss://purplepag.es (0 events, 1070ms), wss://relay.damus.io (37 events, 370ms), wss://nos.lol (54 events, 751ms)
Follows: 84 | With relay list: 54 (64.3%) | Missing: 30 (35.7%)
Filter profile: strict | Filtered URLs: 10 (10 known-bad)
Unique valid write relays: 108 | Seed: 0
[nip66] Using cached monitor data (1202 relays)

=== NIP-66 Liveness Filter (liveness) ===
Monitor data: 1202 relays
Candidate relays: 108
  Known alive: 52
  Unknown (removed): 56
  .onion preserved: 1
  Parse-failed preserved: 0
  Authors filtered to empty: 1
Relays after filter: 52
[relay-scores] Loaded 36 relay priors (session 20, from 2026-03-08T13:45:35.607Z)

Thompson Sampling [welshman-thompson]: loaded 36 relay priors (session 20)

=== Regime A: Fixed 30 Connections ===
  Algorithm                      |  Relays |   Assign% |  Orphans |  Alg.Orph |  Avg/pk |   Gini |    HHI
  -------------------------------+---------+-----------+----------+-----------+---------+--------+-------
  Welshman+Thompson              | 23.666666666666668 |     63.1% (0.0sd) |       31 |         1 |     2.7 |   0.58 |  0.102

=== Phase 2: Event Verification ===
Window: 31536000s | Kinds: 1 | Concurrency: 10
[baseline] Querying 52 relays for 53 authors (window: 31536000s)
[pool] CLOSED from wss://relay.getalby.com/v1: blocked: Request rejected
[pool] CLOSED from wss://auth.nostr1.com: auth-required: you must auth
[baseline] Progress: 50/52 relays queried
[baseline] Progress: 52/52 relays queried
[phase2] Subscription timeouts (no EOSE): 4
[phase2] CLOSED messages received: 2
  wss://relay.getalby.com/v1: blocked: Request rejected
  wss://auth.nostr1.com: auth-required: you must auth

=== Phase 2: Event Verification (365d window) ===
Baseline: 52 relays queried (78.8% success), 25s
  Timing: connect 709ms median (1.0s p95) | query 978ms median (15.3s p95) | 4 timeouts (4 relays)
  Authors: 53 with relay data
    Testable (reliable): 30 | Testable (partial): 0 | Zero events: 21 | Unreliable: 2
  Baseline events: 4,539 (mean 151.3/author, median 45)
  Events per (relay,pubkey) capped at: 10000

  Headline metrics (30 testable-reliable authors, 4,539 baseline events):

  Algorithm                        |   Evt Recall |   Auth Recall |  Relay OK% |     TTFE |      p50 |      p80 | Timeouts
  ---------------------------------+--------------+---------------+------------+----------+----------+----------+---------
  Welshman+Thompson (seed=0, single run) |        75.4% |         93.3% |      79.2% |    747ms |     1.9s |     2.4s |        1

  Per-author recall distribution:
  Algorithm                        |   Median |  % at 0% |      p25 |      p75
  ---------------------------------+----------+----------+----------+---------
  Welshman+Thompson (seed=0, single run) |   100.0% |     6.7% |    98.6% |   100.0%

  Latency simulation (parallel relay query):
  Algorithm                        |     TTFE |      p50 |      p80 |      Max |   TO |   TO Tax |   Relays |   Events
  ---------------------------------+----------+----------+----------+----------+------+----------+----------+---------
  Welshman+Thompson (seed=0, single run) |    747ms |     1.9s |     2.4s |    16.8s |    1 |    15.0s | 16/21/24 |    5,808
  (Relays: with-events/connected/total | TO Tax: ceil(timeouts/concurrency) × EOSE timeout)

  Progressive completeness (% of recall achieved by time):
  Algorithm                        |      @1s |      @2s |      @5s |     @10s |     @15s
  ---------------------------------+----------+----------+----------+----------+---------
  Welshman+Thompson (seed=0, single run) |     7.8% |    85.7% |   100.0% |   100.0% |   100.0%

  EOSE-race simulation (stop after first EOSE + grace period):
  Algorithm                        |     +0ms |   +200ms |   +500ms |      +1s |      +2s
  ---------------------------------+----------+----------+----------+----------+---------
  Welshman+Thompson (seed=0, single run) |     0.3% |     7.8% |     7.8% |    54.5% |    94.2%
  (First EOSE: Welshman+Thompson (seed=0, single run)=778ms)

  Profile-view latency (per-author outbox query, top 3 write relays):
    Authors simulated: 30 | Hit rate: 100.0%
    TTFE: 1.0s median, 1.2s mean, 1.8s p95
    Relays/profile: 2.8 queried, 2.4 with events, 0.03 timeouts

  Feed vs profile-view TTFE comparison:
  Algorithm                        |  Feed TTFE |  Profile TTFE |    Delta
  ---------------------------------+------------+---------------+---------
  Welshman+Thompson (seed=0, single run) |      747ms |          1.0s |   +270ms

=== NIP-66 RTT vs Measured Latency (45 relays, data age: 35min) ===
                             N   Spearman r      MAE    Bias    Top5   Top10   Top20
------------------------  ----  -----------  -------  ------  ------  ------  ------
rttOpen vs connect          45         0.22    549ms    0.8x   40.0%   40.0%   60.0%
rttRead vs query            40        -0.06    785ms    4.8x   20.0%   30.0%   45.0%
(Bias = measured/nip66, >1 = NIP-66 underestimates. TopK = overlap of K fastest relays.)
Monitor: 9bbbb845e5b6..., http-api..., 9bb7cd94d7b6..., 0b01aa38c2cc..., 9ba1d7892cd0..., 9b85d54cc4bc..., b2c949c0fb79...
[relay-scores] Updated scores for welshman-thompson: 36 relays, session 21
[relay-scores] Degrading relays (2): wss://nrelay.c-stellar.net, wss://nostr.mom
[relay-scores] Saved to .cache/relay_scores_78b3c1ed0a53b072_31536000_liveness_welshman-thompson.json

Thompson Sampling [welshman-thompson] learning state:
  Session: 21
  Relays with observations: 36
  Mean prior α: 11.7, β: 18.7
  Relays with strong preference (α>5): 13
  Relays learned to avoid (β>5): 13

JSON results written to: results/78b3c1ed0a53b072_1772977975145.json
