[0m[32mTask[0m [0m[36mbench[0m deno run --allow-net --allow-read --allow-write main.ts "2c65940725bbf10b452197fba41c6cb14afd41e28e0be22aab49bf246b0c84e3" "--algorithms" "welshman-thompson" "--verify" "--verify-window" "31536000" "--verify-concurrency" "10" "--max-connections" "30" "--nip66-filter" "liveness" "--no-phase2-cache" "--fast" "--output" "both"
Target: 2c65940725bbf10b...
Seed: 0 | Filter: strict | Runs: 3
Using cached data (fetched 2026-03-11T03:22:41.619Z)

=== Fetch Quality ===
Indexers: wss://purplepag.es (2748 events, 1724ms), wss://relay.damus.io (1362 events, 657ms), wss://nos.lol (2179 events, 639ms)
Follows: 2747 | With relay list: 2154 (78.4%) | Missing: 593 (21.6%) | Filtered-to-empty: 42
Filter profile: strict | Filtered URLs: 1090 (40 localhost, 157 insecure ws, 72 IP-only, 815 known-bad, 6 malformed)
Unique valid write relays: 1626 | Seed: 0
[nip66] Using cached monitor data (1182 relays)

=== NIP-66 Liveness Filter (liveness) ===
Monitor data: 1182 relays
Candidate relays: 1626
  Known alive: 562
  Unknown (removed): 1064
  .onion preserved: 50
  Parse-failed preserved: 0
  Authors filtered to empty: 13
Relays after filter: 562
[relay-scores] Loaded 46 relay priors (session 3, from 2026-03-11T03:25:53.173Z)

Thompson Sampling [welshman-thompson]: loaded 46 relay priors (session 3)

=== Regime A: Fixed 30 Connections ===
  Algorithm                      |  Relays |   Assign% |  Orphans |  Alg.Orph |  Avg/pk |   Gini |    HHI
  -------------------------------+---------+-----------+----------+-----------+---------+--------+-------
  Welshman+Thompson (cap@30)     |      30 |     77.2% (0.0sd) | 627.6666666666666 | 34.666666666666664 |     2.5 |   0.77 |  0.168

=== Phase 2: Event Verification ===
Window: 31536000s | Kinds: 1 | Concurrency: 10
[baseline] Querying 562 relays for 2141 authors (window: 31536000s)
[pool] CLOSED from wss://relay.getalby.com/v1: blocked: Request rejected
[pool] CLOSED from wss://relay.getalby.com/v1: blocked: Request rejected
[baseline] Progress: 50/562 relays queried
[pool] CLOSED from wss://sendit.nosflare.com: restricted: this relay does not accept REQs
[baseline] Progress: 100/562 relays queried
[pool] CLOSED from wss://podtards.com/chat: auth-required: all requests must be authenticated
[pool] CLOSED from wss://podtards.com/private: auth-required: all requests must be authenticated
[pool] CLOSED from wss://meta.bitcoinwalk.org: auth-required: authentication is required for access
[pool] CLOSED from wss://relay.nsec.app: blocked: we only keep kind 24133 or 24135
[pool] CLOSED from wss://pantry.zap.cooking: auth-required: please authenticate
[pool] CLOSED from wss://groups.0xchat.com: blocked: invalid query, must have 'h', 'e' or 'a' tag
[pool] CLOSED from wss://creatr.nostr.wine: auth-required: please authenticate before sending REQs
[pool] CLOSED from wss://greensoul.space: auth-required: only authenticated users can read from this relay
[baseline] Progress: 150/562 relays queried
[pool] CLOSED from wss://elites.nostrati.org: auth-required: you must auth
[baseline] Progress: 200/562 relays queried
[pool] CLOSED from wss://auth.nostr1.com: auth-required: you must auth
[pool] CLOSED from wss://impromptu.relays.land: auth-required: all requests must be authenticated
[pool] CLOSED from wss://wot.azzamo.net: rate-limited: there is a bug in the client, no one should be making so many requests
[baseline] Progress: 250/562 relays queried
[pool] CLOSED from wss://relay.groups.nip29.com: blocked: invalid query, must have 'h', 'e' or 'a' tag
[pool] CLOSED from wss://relay.usefusion.ai: restricted: only kind 4 (DM) queries are allowed
[baseline] Progress: 300/562 relays queried
[pool] CLOSED from wss://groups.fiatjaf.com: blocked: invalid query, must have 'h', 'e' or 'a' tag
[pool] CLOSED from wss://bitstack.app: auth-required: authentication required to subscribe
[pool] CLOSED from wss://reedvpn.asuscomm.com: auth-required: authentication is required for access
[baseline] Progress: 350/562 relays queried
[pool] CLOSED from wss://aplaceinthesun.nostr1.com: auth-required: you must auth
[pool] CLOSED from wss://nortis.nostr1.com: auth-required: you must auth
[pool] CLOSED from wss://meta.spaces.coracle.social: auth-required: authentication is required for access
[pool] CLOSED from wss://soapbox.chat: auth-required: authentication is required for access
[baseline] Progress: 400/562 relays queried
[pool] CLOSED from wss://david.nostr1.com: auth-required: you must auth
[pool] CLOSED from wss://relay29.notoshi.win: blocked: invalid query, must have 'h', 'e' or 'a' tag
[pool] CLOSED from wss://jingle.nostrver.se: auth-required: take a selfie and send it to the CIA
[pool] CLOSED from wss://bostr.erechorse.com: auth-required: authentication is required to perform this action.
[baseline] Progress: 450/562 relays queried
[baseline] Progress: 500/562 relays queried
[pool] CLOSED from wss://personal.relays.land: auth-required: all requests must be authenticated
[pool] CLOSED from wss://internal.coracle.social: auth-required: authentication is required for access
[pool] CLOSED from wss://nostr.rikmeijer.nl: max number of subscriptions per client (100) reached
[pool] CLOSED from wss://relay.shawnyeager.com/chat: auth-required: all requests must be authenticated
[baseline] Progress: 550/562 relays queried
[baseline] Progress: 562/562 relays queried
[phase2] Subscription timeouts (no EOSE): 42
[phase2] CLOSED messages received: 32
  wss://relay.getalby.com/v1: blocked: Request rejected
  wss://relay.getalby.com/v1: blocked: Request rejected
  wss://sendit.nosflare.com: restricted: this relay does not accept REQs
  wss://podtards.com/chat: auth-required: all requests must be authenticated
  wss://podtards.com/private: auth-required: all requests must be authenticated
  wss://meta.bitcoinwalk.org: auth-required: authentication is required for access
  wss://relay.nsec.app: blocked: we only keep kind 24133 or 24135
  wss://pantry.zap.cooking: auth-required: please authenticate
  wss://groups.0xchat.com: blocked: invalid query, must have 'h', 'e' or 'a' tag
  wss://creatr.nostr.wine: auth-required: please authenticate before sending REQs

=== Phase 2: Event Verification (365d window) ===
Baseline: 562 relays queried (66.9% success), 2.7min
  Timing: connect 828ms median (2.0s p95) | query 1.6s median (15.8s p95) | 42 timeouts (43 relays)
  Authors: 2,141 with relay data
    Testable (reliable): 1225 | Testable (partial): 9 | Zero events: 895 | Unreliable: 12
  Baseline events: 150,606 (mean 122.0/author, median 20)
  Events per (relay,pubkey) capped at: 10000

  Headline metrics (1225 testable-reliable authors, 150,259 baseline events):

  Algorithm                        |   Evt Recall |   Auth Recall |  Relay OK% |     TTFE |      p50 |      p80 | Timeouts
  ---------------------------------+--------------+---------------+------------+----------+----------+----------+---------
  Welshman+Thompson (seed=0, single run) |        36.9% |         87.8% |      93.3% |    892ms |     6.8s |    11.5s |        0

  Per-author recall distribution:
  Algorithm                        |   Median |  % at 0% |      p25 |      p75
  ---------------------------------+----------+----------+----------+---------
  Welshman+Thompson (seed=0, single run) |   100.0% |    12.2% |    20.0% |   100.0%

  Latency simulation (parallel relay query):
  Algorithm                        |     TTFE |      p50 |      p80 |      Max |   TO |   TO Tax |   Relays |   Events
  ---------------------------------+----------+----------+----------+----------+------+----------+----------+---------
  Welshman+Thompson (seed=0, single run) |    892ms |     6.8s |    11.5s |    25.1s |    0 |      0ms | 27/29/30 |  140,053
  (Relays: with-events/connected/total | TO Tax: ceil(timeouts/concurrency) × EOSE timeout)

  Progressive completeness (% of recall achieved by time):
  Algorithm                        |      @1s |      @2s |      @5s |     @10s |     @15s
  ---------------------------------+----------+----------+----------+----------+---------
  Welshman+Thompson (seed=0, single run) |     0.0% |     0.4% |     4.7% |    49.7% |    91.1%

  EOSE-race simulation (stop after first EOSE + grace period):
  Algorithm                        |     +0ms |   +200ms |   +500ms |      +1s |      +2s
  ---------------------------------+----------+----------+----------+----------+---------
  Welshman+Thompson (seed=0, single run) |     0.4% |     0.4% |     0.5% |     0.5% |     1.9%
  (First EOSE: Welshman+Thompson (seed=0, single run)=1.8s)

  Profile-view latency (per-author outbox query, top 3 write relays):
    Authors simulated: 1234 | Hit rate: 99.8%
    TTFE: 1.0s median, 1.4s mean, 2.5s p95
    Relays/profile: 2.8 queried, 2.6 with events, 0.05 timeouts

  Feed vs profile-view TTFE comparison:
  Algorithm                        |  Feed TTFE |  Profile TTFE |    Delta
  ---------------------------------+------------+---------------+---------
  Welshman+Thompson (seed=0, single run) |      892ms |          1.0s |   +140ms

  Including partial-baseline authors (1234 testable authors, 150,606 baseline events):

  Algorithm                        |   Evt Recall |   Auth Recall
  ---------------------------------+--------------+--------------
  Welshman+Thompson (seed=0, single run) |        37.0% |         87.9%

=== NIP-66 RTT vs Measured Latency (442 relays, data age: 61min) ===
                             N   Spearman r      MAE    Bias    Top5   Top10   Top20
------------------------  ----  -----------  -------  ------  ------  ------  ------
rttOpen vs connect         442         0.07    606ms    1.2x    0.0%    0.0%    0.0%
rttRead vs query           367        -0.01     2.0s    9.5x    0.0%   10.0%   15.0%
(Bias = measured/nip66, >1 = NIP-66 underestimates. TopK = overlap of K fastest relays.)
Monitor: b2c949c0fb79..., 9bbbb845e5b6..., 9ba1d7892cd0..., 9bb7cd94d7b6..., 0b01aa38c2cc..., http-api..., 9ba6484003e8..., 45df0580711f..., 9bac3d58ef5a..., 9b85d54cc4bc..., 9ba0ce3dcc28..., 58faef87b342...
[relay-scores] Updated scores for welshman-thompson: 52 relays, session 4
[relay-scores] Degrading relays (2): wss://nostr-01.yakihonne.com, wss://relay.nostrplebs.com
[relay-scores] Saved to .cache/relay_scores_2c65940725bbf10b_31536000_liveness_welshman-thompson.json

Thompson Sampling [welshman-thompson] learning state:
  Session: 4
  Relays with observations: 52
  Mean prior α: 98.5, β: 129.0
  Relays with strong preference (α>5): 25
  Relays learned to avoid (β>5): 47

JSON results written to: results/2c65940725bbf10b_1773200139851.json
