[0m[32mTask[0m [0m[36mbench[0m deno run --allow-net --allow-read --allow-write main.ts "2c65940725bbf10b452197fba41c6cb14afd41e28e0be22aab49bf246b0c84e3" "--algorithms" "welshman-thompson" "--verify" "--verify-window" "31536000" "--verify-concurrency" "10" "--max-connections" "30" "--nip66-filter" "liveness" "--no-phase2-cache" "--fast" "--output" "both"
Target: 2c65940725bbf10b...
Seed: 0 | Filter: strict | Runs: 3
Using cached data (fetched 2026-03-08T15:28:25.955Z)

=== Fetch Quality ===
Indexers: wss://purplepag.es (2748 events, 967ms), wss://relay.damus.io (1360 events, 290ms), wss://nos.lol (2179 events, 780ms)
Follows: 2747 | With relay list: 2152 (78.3%) | Missing: 595 (21.7%) | Filtered-to-empty: 44
Filter profile: strict | Filtered URLs: 1093 (40 localhost, 157 insecure ws, 72 IP-only, 818 known-bad, 6 malformed)
Unique valid write relays: 1621 | Seed: 0
[nip66] Using cached monitor data (2289 relays)

=== NIP-66 Liveness Filter (liveness) ===
Monitor data: 2289 relays
Candidate relays: 1621
  Known alive: 926
  Unknown (removed): 695
  .onion preserved: 57
  Parse-failed preserved: 0
  Authors filtered to empty: 6
Relays after filter: 926
[relay-scores] Loaded 51 relay priors (session 11, from 2026-03-08T15:39:07.337Z)

Thompson Sampling [welshman-thompson]: loaded 51 relay priors (session 11)

=== Regime A: Fixed 30 Connections ===
  Algorithm                      |  Relays |   Assign% |  Orphans |  Alg.Orph |  Avg/pk |   Gini |    HHI
  -------------------------------+---------+-----------+----------+-----------+---------+--------+-------
  Welshman+Thompson (cap@30)     |      30 |     77.0% (0.0sd) |      631 |        36 |     2.4 |   0.74 |  0.141

=== Phase 2: Event Verification ===
Window: 31536000s | Kinds: 1 | Concurrency: 10
[baseline] Querying 926 relays for 2146 authors (window: 31536000s)
[pool] CLOSED from wss://relay.getalby.com/v1: blocked: Request rejected
[pool] CLOSED from wss://relay.getalby.com/v1: blocked: Request rejected
[baseline] Progress: 50/926 relays queried
[pool] CLOSED from wss://relay.nsec.app: blocked: we only keep kind 24133 or 24135
[baseline] Progress: 100/926 relays queried
[pool] CLOSED from wss://sendit.nosflare.com: restricted: this relay does not accept REQs
[pool] CLOSED from wss://aggr.nostr.land: auth-required: auth required for aggregator
[baseline] Progress: 150/926 relays queried
[pool] CLOSED from wss://relay.nosflare.com: auth-required: authentication required to subscribe
[pool] CLOSED from wss://podtards.com/chat: auth-required: all requests must be authenticated
[pool] CLOSED from wss://podtards.com/private: auth-required: all requests must be authenticated
[baseline] Progress: 200/926 relays queried
[pool] CLOSED from wss://pantry.zap.cooking: auth-required: please authenticate
[pool] CLOSED from wss://groups.0xchat.com: blocked: invalid query, must have 'h', 'e' or 'a' tag
[pool] CLOSED from wss://creatr.nostr.wine: auth-required: please authenticate before sending REQs
[pool] CLOSED from wss://greensoul.space: auth-required: only authenticated users can read from this relay
[baseline] Progress: 250/926 relays queried
[pool] CLOSED from wss://elites.nostrati.org: auth-required: you must auth
[baseline] Progress: 300/926 relays queried
[pool] CLOSED from wss://inbox.nostr.wine: blocked: this relay does not store any of the kinds in this request
[pool] CLOSED from wss://nostr.dbtc.link: auth-required: NIP-42 auth required
[pool] CLOSED from wss://auth.nostr1.com: auth-required: you must auth
[baseline] Progress: 350/926 relays queried
[pool] CLOSED from wss://impromptu.relays.land: auth-required: all requests must be authenticated
[pool] CLOSED from wss://wot.azzamo.net: rate-limited: there is a bug in the client, no one should be making so many requests
[pool] CLOSED from wss://wheat.happytavern.co: rate-limited: REQ rate limit exceeded
[baseline] Progress: 400/926 relays queried
[pool] CLOSED from wss://relay.groups.nip29.com: blocked: invalid query, must have 'h', 'e' or 'a' tag
[baseline] Progress: 450/926 relays queried
[pool] CLOSED from wss://relay.usefusion.ai: restricted: only kind 4 (DM) queries are allowed
[baseline] Progress: 500/926 relays queried
[pool] CLOSED from wss://groups.fiatjaf.com: blocked: invalid query, must have 'h', 'e' or 'a' tag
[baseline] Progress: 550/926 relays queried
[pool] CLOSED from wss://aplaceinthesun.nostr1.com: auth-required: you must auth
[baseline] Progress: 600/926 relays queried
[pool] CLOSED from wss://relay.utxo.one/private: auth-required: this query requires you to be authenticated
[pool] CLOSED from wss://relay.utxo.one/chat: blocked: you must be in the web of trust to chat with the relay owner
[pool] CLOSED from wss://nortis.nostr1.com: auth-required: you must auth
[baseline] Progress: 650/926 relays queried
[pool] CLOSED from wss://meta.spaces.coracle.social: auth-required: authentication is required for access
[pool] CLOSED from wss://soapbox.chat: auth-required: authentication is required for access
[baseline] Progress: 700/926 relays queried
[pool] CLOSED from wss://relay29.notoshi.win: blocked: invalid query, must have 'h', 'e' or 'a' tag
[pool] CLOSED from wss://jingle.nostrver.se: auth-required: take a selfie and send it to the CIA
[baseline] Progress: 750/926 relays queried
[pool] CLOSED from wss://bostr.erechorse.com: auth-required: authentication is required to perform this action.
[baseline] Progress: 800/926 relays queried
[pool] CLOSED from wss://personal.relays.land: auth-required: all requests must be authenticated
[baseline] Progress: 850/926 relays queried
[pool] CLOSED from wss://nostr.rikmeijer.nl: max number of subscriptions per client (100) reached
[pool] CLOSED from wss://internal.coracle.social: auth-required: authentication is required for access
[pool] CLOSED from wss://relay.shawnyeager.com/chat: auth-required: all requests must be authenticated
[baseline] Progress: 900/926 relays queried
[baseline] Progress: 926/926 relays queried
[phase2] Subscription timeouts (no EOSE): 40
[phase2] CLOSED messages received: 35
  wss://relay.getalby.com/v1: blocked: Request rejected
  wss://relay.getalby.com/v1: blocked: Request rejected
  wss://relay.nsec.app: blocked: we only keep kind 24133 or 24135
  wss://sendit.nosflare.com: restricted: this relay does not accept REQs
  wss://aggr.nostr.land: auth-required: auth required for aggregator
  wss://relay.nosflare.com: auth-required: authentication required to subscribe
  wss://podtards.com/chat: auth-required: all requests must be authenticated
  wss://podtards.com/private: auth-required: all requests must be authenticated
  wss://pantry.zap.cooking: auth-required: please authenticate
  wss://groups.0xchat.com: blocked: invalid query, must have 'h', 'e' or 'a' tag

=== Phase 2: Event Verification (365d window) ===
Baseline: 926 relays queried (41.7% success), 3.7min
  Timing: connect 716ms median (1.7s p95) | query 1.2s median (15.6s p95) | 40 timeouts (38 relays)
  Authors: 2,146 with relay data
    Testable (reliable): 1246 | Testable (partial): 49 | Zero events: 756 | Unreliable: 95
  Baseline events: 172,934 (mean 133.5/author, median 25)
  Events per (relay,pubkey) capped at: 10000

  Headline metrics (1246 testable-reliable authors, 168,141 baseline events):

  Algorithm                        |   Evt Recall |   Auth Recall |  Relay OK% |     TTFE |      p50 |      p80 | Timeouts
  ---------------------------------+--------------+---------------+------------+----------+----------+----------+---------
  Welshman+Thompson (seed=0, single run) |        46.7% |         88.0% |      80.0% |    798ms |     9.2s |    11.4s |        1

  Per-author recall distribution:
  Algorithm                        |   Median |  % at 0% |      p25 |      p75
  ---------------------------------+----------+----------+----------+---------
  Welshman+Thompson (seed=0, single run) |   100.0% |    12.0% |    22.7% |   100.0%

  Latency simulation (parallel relay query):
  Algorithm                        |     TTFE |      p50 |      p80 |      Max |   TO |   TO Tax |   Relays |   Events
  ---------------------------------+----------+----------+----------+----------+------+----------+----------+---------
  Welshman+Thompson (seed=0, single run) |    798ms |     9.2s |    11.4s |    63.5s |    1 |    15.0s | 24/25/30 |  154,102
  (Relays: with-events/connected/total | TO Tax: ceil(timeouts/concurrency) × EOSE timeout)

  Progressive completeness (% of recall achieved by time):
  Algorithm                        |      @1s |      @2s |      @5s |     @10s |     @15s
  ---------------------------------+----------+----------+----------+----------+---------
  Welshman+Thompson (seed=0, single run) |     0.3% |     0.3% |     4.8% |    33.9% |    93.3%

  EOSE-race simulation (stop after first EOSE + grace period):
  Algorithm                        |     +0ms |   +200ms |   +500ms |      +1s |      +2s
  ---------------------------------+----------+----------+----------+----------+---------
  Welshman+Thompson (seed=0, single run) |     0.3% |     0.3% |     0.3% |     0.3% |     0.7%
  (First EOSE: Welshman+Thompson (seed=0, single run)=977ms)

  Profile-view latency (per-author outbox query, top 3 write relays):
    Authors simulated: 1295 | Hit rate: 98.8%
    TTFE: 1.2s median, 1.4s mean, 3.1s p95
    Relays/profile: 2.9 queried, 2.4 with events, 0.06 timeouts

  Feed vs profile-view TTFE comparison:
  Algorithm                        |  Feed TTFE |  Profile TTFE |    Delta
  ---------------------------------+------------+---------------+---------
  Welshman+Thompson (seed=0, single run) |      798ms |          1.2s |   +419ms

  Including partial-baseline authors (1295 testable authors, 172,934 baseline events):

  Algorithm                        |   Evt Recall |   Auth Recall
  ---------------------------------+--------------+--------------
  Welshman+Thompson (seed=0, single run) |        46.5% |         87.9%

=== NIP-66 RTT vs Measured Latency (448 relays, data age: 14min) ===
                             N   Spearman r      MAE    Bias    Top5   Top10   Top20
------------------------  ----  -----------  -------  ------  ------  ------  ------
rttOpen vs connect         448         0.20    528ms    1.1x    0.0%    0.0%    5.0%
rttRead vs query           381         0.14     1.9s    9.9x    0.0%    0.0%    5.0%
(Bias = measured/nip66, >1 = NIP-66 underestimates. TopK = overlap of K fastest relays.)
Monitor: 9bbbb845e5b6..., b2c949c0fb79..., 9ba046db56b8..., 9ba0ce3dcc28..., 9bb7cd94d7b6..., http-api..., 63019a1fc7c4..., 0b01aa38c2cc..., 9ba1d7892cd0..., 45df0580711f..., 9b85d54cc4bc...
[relay-scores] Updated scores for welshman-thompson: 59 relays, session 12
[relay-scores] Saved to .cache/relay_scores_2c65940725bbf10b_31536000_liveness_welshman-thompson.json

Thompson Sampling [welshman-thompson] learning state:
  Session: 12
  Relays with observations: 59
  Mean prior α: 172.7, β: 253.4
  Relays with strong preference (α>5): 25
  Relays learned to avoid (β>5): 58

JSON results written to: results/2c65940725bbf10b_1772984749639.json
