[0m[32mTask[0m [0m[36mbench[0m deno run --allow-net --allow-read --allow-write main.ts "6a0c596c1484eae2e8131a030f269944921e52619c1dd143a029c64ea6cd9731" "--algorithms" "welshman-thompson" "--verify" "--verify-window" "31536000" "--verify-concurrency" "10" "--max-connections" "10" "--nip66-filter" "liveness" "--no-phase2-cache" "--fast" "--output" "both"
Target: 6a0c596c1484eae2...
Seed: 0 | Filter: strict | Runs: 3
Using cached data (fetched 2026-03-08T12:43:57.979Z)

=== Fetch Quality ===
Indexers: wss://purplepag.es (0 events, 1227ms), wss://relay.damus.io (132 events, 305ms), wss://nos.lol (236 events, 830ms)
Follows: 399 | With relay list: 231 (57.9%) | Missing: 168 (42.1%) | Filtered-to-empty: 8
Filter profile: strict | Filtered URLs: 107 (6 localhost, 32 insecure ws, 7 IP-only, 55 known-bad, 7 malformed)
Unique valid write relays: 566 | Seed: 0
[nip66] Using cached monitor data (1163 relays)

=== NIP-66 Liveness Filter (liveness) ===
Monitor data: 1163 relays
Candidate relays: 566
  Known alive: 183
  Unknown (removed): 383
  .onion preserved: 18
  Parse-failed preserved: 0
  Authors filtered to empty: 2
Relays after filter: 183
[relay-scores] Loaded 30 relay priors (session 9, from 2026-03-08T13:03:22.719Z)

Thompson Sampling [welshman-thompson]: loaded 30 relay priors (session 9)

=== Regime A: Fixed 10 Connections ===
  Algorithm                      |  Relays |   Assign% |  Orphans |  Alg.Orph |  Avg/pk |   Gini |    HHI
  -------------------------------+---------+-----------+----------+-----------+---------+--------+-------
  Welshman+Thompson (cap@10)     |      10 |     55.3% (0.0sd) | 178.33333333333334 | 10.333333333333334 |     2.5 |   0.42 |  0.164

=== Phase 2: Event Verification ===
Window: 31536000s | Kinds: 1 | Concurrency: 10
[baseline] Querying 183 relays for 229 authors (window: 31536000s)
[pool] CLOSED from wss://relay.nosflare.com: auth-required: authentication required to subscribe
[pool] CLOSED from wss://greensoul.space: auth-required: only authenticated users can read from this relay
[pool] CLOSED from wss://aggr.nostr.land: auth-required: auth required for aggregator
[baseline] Progress: 50/183 relays queried
[pool] CLOSED from wss://creatr.nostr.wine: auth-required: please authenticate before sending REQs
[baseline] Progress: 100/183 relays queried
[pool] CLOSED from wss://auth.nostr1.com: auth-required: you must auth
[baseline] Progress: 150/183 relays queried
[pool] CLOSED from wss://impromptu.relays.land: auth-required: all requests must be authenticated
[baseline] Progress: 183/183 relays queried
[phase2] Subscription timeouts (no EOSE): 10
[phase2] CLOSED messages received: 6
  wss://relay.nosflare.com: auth-required: authentication required to subscribe
  wss://greensoul.space: auth-required: only authenticated users can read from this relay
  wss://aggr.nostr.land: auth-required: auth required for aggregator
  wss://creatr.nostr.wine: auth-required: please authenticate before sending REQs
  wss://auth.nostr1.com: auth-required: you must auth
  wss://impromptu.relays.land: auth-required: all requests must be authenticated

=== Phase 2: Event Verification (365d window) ===
Baseline: 183 relays queried (66.1% success), 45s
  Timing: connect 696ms median (1.4s p95) | query 1.2s median (15.7s p95) | 10 timeouts (10 relays)
  Authors: 229 with relay data
    Testable (reliable): 103 | Testable (partial): 1 | Zero events: 122 | Unreliable: 3
  Baseline events: 28,190 (mean 271.1/author, median 45)
  Events per (relay,pubkey) capped at: 10000

  Headline metrics (103 testable-reliable authors, 28,187 baseline events):

  Algorithm                        |   Evt Recall |   Auth Recall |  Relay OK% |     TTFE |      p50 |      p80 | Timeouts
  ---------------------------------+--------------+---------------+------------+----------+----------+----------+---------
  Welshman+Thompson (seed=0, single run) |        22.3% |         83.5% |     100.0% |     1.1s |     2.7s |     3.8s |        0

  Per-author recall distribution:
  Algorithm                        |   Median |  % at 0% |      p25 |      p75
  ---------------------------------+----------+----------+----------+---------
  Welshman+Thompson (seed=0, single run) |   100.0% |    16.5% |     5.3% |   100.0%

  Latency simulation (parallel relay query):
  Algorithm                        |     TTFE |      p50 |      p80 |      Max |   TO |   TO Tax |   Relays |   Events
  ---------------------------------+----------+----------+----------+----------+------+----------+----------+---------
  Welshman+Thompson (seed=0, single run) |     1.1s |     2.7s |     3.8s |     4.1s |    0 |      0ms | 10/10/10 |   11,405
  (Relays: with-events/connected/total | TO Tax: ceil(timeouts/concurrency) × EOSE timeout)

  Progressive completeness (% of recall achieved by time):
  Algorithm                        |      @1s |      @2s |      @5s |     @10s |     @15s
  ---------------------------------+----------+----------+----------+----------+---------
  Welshman+Thompson (seed=0, single run) |     0.0% |    42.3% |   100.0% |   100.0% |   100.0%

  EOSE-race simulation (stop after first EOSE + grace period):
  Algorithm                        |     +0ms |   +200ms |   +500ms |      +1s |      +2s
  ---------------------------------+----------+----------+----------+----------+---------
  Welshman+Thompson (seed=0, single run) |    19.5% |    29.3% |    53.8% |    60.0% |    68.1%
  (First EOSE: Welshman+Thompson (seed=0, single run)=1.7s)

  Profile-view latency (per-author outbox query, top 3 write relays):
    Authors simulated: 104 | Hit rate: 99.0%
    TTFE: 1.1s median, 1.2s mean, 1.9s p95
    Relays/profile: 2.8 queried, 2.5 with events, 0.02 timeouts

  Feed vs profile-view TTFE comparison:
  Algorithm                        |  Feed TTFE |  Profile TTFE |    Delta
  ---------------------------------+------------+---------------+---------
  Welshman+Thompson (seed=0, single run) |       1.1s |          1.1s |     +0ms

  Including partial-baseline authors (104 testable authors, 28,190 baseline events):

  Algorithm                        |   Evt Recall |   Auth Recall
  ---------------------------------+--------------+--------------
  Welshman+Thompson (seed=0, single run) |        22.3% |         83.7%

=== NIP-66 RTT vs Measured Latency (135 relays, data age: 55min) ===
                             N   Spearman r      MAE    Bias    Top5   Top10   Top20
------------------------  ----  -----------  -------  ------  ------  ------  ------
rttOpen vs connect         135         0.01    600ms    0.7x    0.0%    0.0%   10.0%
rttRead vs query           119        -0.12     1.1s    5.0x    0.0%    0.0%   20.0%
(Bias = measured/nip66, >1 = NIP-66 underestimates. TopK = overlap of K fastest relays.)
Monitor: 9b85d54cc4bc..., 9bbbb845e5b6..., 63019a1fc7c4..., b2c949c0fb79..., 0b01aa38c2cc..., 9ba1d7892cd0...
[relay-scores] Updated scores for welshman-thompson: 30 relays, session 10
[relay-scores] Saved to .cache/relay_scores_6a0c596c1484eae2_31536000_liveness_welshman-thompson.json

Thompson Sampling [welshman-thompson] learning state:
  Session: 10
  Relays with observations: 30
  Mean prior α: 24.9, β: 32.1
  Relays with strong preference (α>5): 13
  Relays learned to avoid (β>5): 14

JSON results written to: results/6a0c596c1484eae2_1772975378792.json
