[0m[32mTask[0m [0m[36mbench[0m deno run --allow-net --allow-read --allow-write main.ts "6a0c596c1484eae2e8131a030f269944921e52619c1dd143a029c64ea6cd9731" "--algorithms" "welshman-thompson" "--verify" "--verify-window" "31536000" "--verify-concurrency" "10" "--max-connections" "10" "--nip66-filter" "liveness" "--no-phase2-cache" "--fast" "--output" "both"
Target: 6a0c596c1484eae2...
Seed: 0 | Filter: strict | Runs: 3
Using cached data (fetched 2026-03-08T12:43:57.979Z)

=== Fetch Quality ===
Indexers: wss://purplepag.es (0 events, 1227ms), wss://relay.damus.io (132 events, 305ms), wss://nos.lol (236 events, 830ms)
Follows: 399 | With relay list: 231 (57.9%) | Missing: 168 (42.1%) | Filtered-to-empty: 8
Filter profile: strict | Filtered URLs: 107 (6 localhost, 32 insecure ws, 7 IP-only, 55 known-bad, 7 malformed)
Unique valid write relays: 566 | Seed: 0
[nip66] Using cached monitor data (1163 relays)

=== NIP-66 Liveness Filter (liveness) ===
Monitor data: 1163 relays
Candidate relays: 566
  Known alive: 183
  Unknown (removed): 383
  .onion preserved: 18
  Parse-failed preserved: 0
  Authors filtered to empty: 2
Relays after filter: 183
[relay-scores] Loaded 30 relay priors (session 8, from 2026-03-08T12:57:13.400Z)

Thompson Sampling [welshman-thompson]: loaded 30 relay priors (session 8)

=== Regime A: Fixed 10 Connections ===
  Algorithm                      |  Relays |   Assign% |  Orphans |  Alg.Orph |  Avg/pk |   Gini |    HHI
  -------------------------------+---------+-----------+----------+-----------+---------+--------+-------
  Welshman+Thompson (cap@10)     |      10 |     55.4% (0.0sd) |      178 |        10 |     2.5 |   0.40 |  0.158

=== Phase 2: Event Verification ===
Window: 31536000s | Kinds: 1 | Concurrency: 10
[baseline] Querying 183 relays for 229 authors (window: 31536000s)
[pool] CLOSED from wss://greensoul.space: auth-required: only authenticated users can read from this relay
[pool] CLOSED from wss://relay.nosflare.com: auth-required: authentication required to subscribe
[pool] CLOSED from wss://aggr.nostr.land: auth-required: auth required for aggregator
[baseline] Progress: 50/183 relays queried
[pool] CLOSED from wss://creatr.nostr.wine: auth-required: please authenticate before sending REQs
[baseline] Progress: 100/183 relays queried
[pool] CLOSED from wss://auth.nostr1.com: auth-required: you must auth
[pool] CLOSED from wss://relay.getalby.com/v1: blocked: Request rejected
[pool] CLOSED from wss://relay.nostraddress.com: auth-required: authentication required to subscribe
[pool] CLOSED from wss://relay.nsec.app: blocked: we only keep kind 24133 or 24135
[baseline] Progress: 150/183 relays queried
[pool] CLOSED from wss://impromptu.relays.land: auth-required: all requests must be authenticated
[baseline] Progress: 183/183 relays queried
[phase2] Subscription timeouts (no EOSE): 11
[phase2] CLOSED messages received: 9
  wss://greensoul.space: auth-required: only authenticated users can read from this relay
  wss://relay.nosflare.com: auth-required: authentication required to subscribe
  wss://aggr.nostr.land: auth-required: auth required for aggregator
  wss://creatr.nostr.wine: auth-required: please authenticate before sending REQs
  wss://auth.nostr1.com: auth-required: you must auth
  wss://relay.getalby.com/v1: blocked: Request rejected
  wss://relay.nostraddress.com: auth-required: authentication required to subscribe
  wss://relay.nsec.app: blocked: we only keep kind 24133 or 24135
  wss://impromptu.relays.land: auth-required: all requests must be authenticated

=== Phase 2: Event Verification (365d window) ===
Baseline: 183 relays queried (70.5% success), 49s
  Timing: connect 689ms median (1.7s p95) | query 1.1s median (15.6s p95) | 11 timeouts (11 relays)
  Authors: 229 with relay data
    Testable (reliable): 96 | Testable (partial): 2 | Zero events: 122 | Unreliable: 9
  Baseline events: 27,786 (mean 283.5/author, median 48)
  Events per (relay,pubkey) capped at: 10000

  Headline metrics (96 testable-reliable authors, 27,750 baseline events):

  Algorithm                        |   Evt Recall |   Auth Recall |  Relay OK% |     TTFE |      p50 |      p80 | Timeouts
  ---------------------------------+--------------+---------------+------------+----------+----------+----------+---------
  Welshman+Thompson (seed=0, single run) |        20.9% |         83.3% |      80.0% |     1.6s |     3.9s |     5.3s |        0

  Per-author recall distribution:
  Algorithm                        |   Median |  % at 0% |      p25 |      p75
  ---------------------------------+----------+----------+----------+---------
  Welshman+Thompson (seed=0, single run) |    98.1% |    16.7% |     3.3% |   100.0%

  Latency simulation (parallel relay query):
  Algorithm                        |     TTFE |      p50 |      p80 |      Max |   TO |   TO Tax |   Relays |   Events
  ---------------------------------+----------+----------+----------+----------+------+----------+----------+---------
  Welshman+Thompson (seed=0, single run) |     1.6s |     3.9s |     5.3s |     5.4s |    0 |      0ms |   8/8/10 |    9,686
  (Relays: with-events/connected/total | TO Tax: ceil(timeouts/concurrency) × EOSE timeout)

  Progressive completeness (% of recall achieved by time):
  Algorithm                        |      @1s |      @2s |      @5s |     @10s |     @15s
  ---------------------------------+----------+----------+----------+----------+---------
  Welshman+Thompson (seed=0, single run) |     0.0% |     0.0% |    63.1% |   100.0% |   100.0%

  EOSE-race simulation (stop after first EOSE + grace period):
  Algorithm                        |     +0ms |   +200ms |   +500ms |      +1s |      +2s
  ---------------------------------+----------+----------+----------+----------+---------
  Welshman+Thompson (seed=0, single run) |     6.8% |     6.8% |     6.8% |     6.8% |    63.1%
  (First EOSE: Welshman+Thompson (seed=0, single run)=2.3s)

  Profile-view latency (per-author outbox query, top 3 write relays):
    Authors simulated: 98 | Hit rate: 99.0%
    TTFE: 3.1s median, 2.4s mean, 3.4s p95
    Relays/profile: 2.8 queried, 2.3 with events, 0.03 timeouts

  Feed vs profile-view TTFE comparison:
  Algorithm                        |  Feed TTFE |  Profile TTFE |    Delta
  ---------------------------------+------------+---------------+---------
  Welshman+Thompson (seed=0, single run) |       1.6s |          3.1s |    +1.5s

  Including partial-baseline authors (98 testable authors, 27,786 baseline events):

  Algorithm                        |   Evt Recall |   Auth Recall
  ---------------------------------+--------------+--------------
  Welshman+Thompson (seed=0, single run) |        21.0% |         83.7%

=== NIP-66 RTT vs Measured Latency (147 relays, data age: 49min) ===
                             N   Spearman r      MAE    Bias    Top5   Top10   Top20
------------------------  ----  -----------  -------  ------  ------  ------  ------
rttOpen vs connect         147        -0.03    643ms    0.7x    0.0%    0.0%    5.0%
rttRead vs query           129        -0.17     1.6s    5.3x    0.0%    0.0%    5.0%
(Bias = measured/nip66, >1 = NIP-66 underestimates. TopK = overlap of K fastest relays.)
Monitor: 9b85d54cc4bc..., b2c949c0fb79..., 9bbbb845e5b6..., 63019a1fc7c4..., 9ba1d7892cd0..., 0b01aa38c2cc..., http-api..., 9bb7cd94d7b6...
[relay-scores] Updated scores for welshman-thompson: 30 relays, session 9
[relay-scores] Saved to .cache/relay_scores_6a0c596c1484eae2_31536000_liveness_welshman-thompson.json

Thompson Sampling [welshman-thompson] learning state:
  Session: 9
  Relays with observations: 30
  Mean prior α: 22.3, β: 29.6
  Relays with strong preference (α>5): 13
  Relays learned to avoid (β>5): 14

JSON results written to: results/6a0c596c1484eae2_1772975002732.json
