[0m[32mTask[0m [0m[36mbench[0m deno run --allow-net --allow-read --allow-write main.ts "6a0c596c1484eae2e8131a030f269944921e52619c1dd143a029c64ea6cd9731" "--algorithms" "welshman-thompson" "--verify" "--verify-window" "31536000" "--verify-concurrency" "10" "--max-connections" "10" "--nip66-filter" "liveness" "--no-phase2-cache" "--fast" "--output" "both"
Target: 6a0c596c1484eae2...
Seed: 0 | Filter: strict | Runs: 3
Using cached data (fetched 2026-03-11T01:12:35.259Z)

=== Fetch Quality ===
Indexers: wss://purplepag.es (401 events, 972ms), wss://relay.damus.io (133 events, 338ms), wss://nos.lol (236 events, 1565ms)
Follows: 400 | With relay list: 232 (58.0%) | Missing: 168 (42.0%) | Filtered-to-empty: 8
Filter profile: strict | Filtered URLs: 107 (6 localhost, 32 insecure ws, 7 IP-only, 55 known-bad, 7 malformed)
Unique valid write relays: 568 | Seed: 0
[nip66] Using cached monitor data (1141 relays)

=== NIP-66 Liveness Filter (liveness) ===
Monitor data: 1141 relays
Candidate relays: 568
  Known alive: 178
  Unknown (removed): 390
  .onion preserved: 18
  Parse-failed preserved: 0
  Authors filtered to empty: 2
Relays after filter: 178
[relay-scores] Loaded 11 relay priors (session 2, from 2026-03-11T01:22:53.707Z)

Thompson Sampling [welshman-thompson]: loaded 11 relay priors (session 2)

=== Regime A: Fixed 10 Connections ===
  Algorithm                      |  Relays |   Assign% |  Orphans |  Alg.Orph |  Avg/pk |   Gini |    HHI
  -------------------------------+---------+-----------+----------+-----------+---------+--------+-------
  Welshman+Thompson (cap@10)     |      10 |     55.3% (0.0sd) |      179 |        11 |     2.4 |   0.45 |  0.171

=== Phase 2: Event Verification ===
Window: 31536000s | Kinds: 1 | Concurrency: 10
[baseline] Querying 178 relays for 230 authors (window: 31536000s)
[pool] CLOSED from wss://greensoul.space: auth-required: only authenticated users can read from this relay
[pool] CLOSED from wss://relay.nosflare.com: auth-required: authentication required to subscribe
[pool] CLOSED from wss://aggr.nostr.land: auth-required: auth required for aggregator
[baseline] Progress: 50/178 relays queried
[pool] CLOSED from wss://creatr.nostr.wine: auth-required: please authenticate before sending REQs
[pool] CLOSED from wss://auth.nostr1.com: auth-required: you must auth
[baseline] Progress: 100/178 relays queried
[pool] CLOSED from wss://relay.nostraddress.com: auth-required: authentication required to subscribe
[pool] CLOSED from wss://relay.nsec.app: blocked: we only keep kind 24133 or 24135
[baseline] Progress: 150/178 relays queried
[baseline] Progress: 178/178 relays queried
[phase2] Subscription timeouts (no EOSE): 9
[phase2] CLOSED messages received: 7
  wss://greensoul.space: auth-required: only authenticated users can read from this relay
  wss://relay.nosflare.com: auth-required: authentication required to subscribe
  wss://aggr.nostr.land: auth-required: auth required for aggregator
  wss://creatr.nostr.wine: auth-required: please authenticate before sending REQs
  wss://auth.nostr1.com: auth-required: you must auth
  wss://relay.nostraddress.com: auth-required: authentication required to subscribe
  wss://relay.nsec.app: blocked: we only keep kind 24133 or 24135

=== Phase 2: Event Verification (365d window) ===
Baseline: 178 relays queried (68.5% success), 49s
  Timing: connect 1.0s median (2.4s p95) | query 1.6s median (16.0s p95) | 9 timeouts (9 relays)
  Authors: 230 with relay data
    Testable (reliable): 99 | Testable (partial): 0 | Zero events: 128 | Unreliable: 3
  Baseline events: 27,548 (mean 278.3/author, median 43)
  Events per (relay,pubkey) capped at: 10000

  Headline metrics (99 testable-reliable authors, 27,548 baseline events):

  Algorithm                        |   Evt Recall |   Auth Recall |  Relay OK% |     TTFE |      p50 |      p80 | Timeouts
  ---------------------------------+--------------+---------------+------------+----------+----------+----------+---------
  Welshman+Thompson (seed=0, single run) |        17.9% |         85.9% |     100.0% |    620ms |     3.5s |     4.2s |        0

  Per-author recall distribution:
  Algorithm                        |   Median |  % at 0% |      p25 |      p75
  ---------------------------------+----------+----------+----------+---------
  Welshman+Thompson (seed=0, single run) |    97.6% |    14.1% |     6.5% |   100.0%

  Latency simulation (parallel relay query):
  Algorithm                        |     TTFE |      p50 |      p80 |      Max |   TO |   TO Tax |   Relays |   Events
  ---------------------------------+----------+----------+----------+----------+------+----------+----------+---------
  Welshman+Thompson (seed=0, single run) |    620ms |     3.5s |     4.2s |     4.9s |    0 |      0ms | 10/10/10 |   10,353
  (Relays: with-events/connected/total | TO Tax: ceil(timeouts/concurrency) × EOSE timeout)

  Progressive completeness (% of recall achieved by time):
  Algorithm                        |      @1s |      @2s |      @5s |     @10s |     @15s
  ---------------------------------+----------+----------+----------+----------+---------
  Welshman+Thompson (seed=0, single run) |     0.0% |     0.8% |   100.0% |   100.0% |   100.0%

  EOSE-race simulation (stop after first EOSE + grace period):
  Algorithm                        |     +0ms |   +200ms |   +500ms |      +1s |      +2s
  ---------------------------------+----------+----------+----------+----------+---------
  Welshman+Thompson (seed=0, single run) |     0.8% |     0.8% |     0.8% |     0.8% |    50.1%
  (First EOSE: Welshman+Thompson (seed=0, single run)=1.1s)

  Profile-view latency (per-author outbox query, top 3 write relays):
    Authors simulated: 99 | Hit rate: 99.0%
    TTFE: 670ms median, 1.1s mean, 1.9s p95
    Relays/profile: 2.8 queried, 2.5 with events, 0.05 timeouts

  Feed vs profile-view TTFE comparison:
  Algorithm                        |  Feed TTFE |  Profile TTFE |    Delta
  ---------------------------------+------------+---------------+---------
  Welshman+Thompson (seed=0, single run) |      620ms |         670ms |    +50ms

=== NIP-66 RTT vs Measured Latency (136 relays, data age: 57min) ===
                             N   Spearman r      MAE    Bias    Top5   Top10   Top20
------------------------  ----  -----------  -------  ------  ------  ------  ------
rttOpen vs connect         136         0.20    766ms    1.5x   20.0%   10.0%   25.0%
rttRead vs query           119         0.17     2.0s   10.8x   20.0%   10.0%   30.0%
(Bias = measured/nip66, >1 = NIP-66 underestimates. TopK = overlap of K fastest relays.)
Monitor: 9ba0ce3dcc28..., 9b85d54cc4bc..., 9ba6484003e8..., 9bbbb845e5b6..., 45df0580711f..., http-api..., b2c949c0fb79..., 0b01aa38c2cc..., 9bac3d58ef5a...
[relay-scores] Updated scores for welshman-thompson: 12 relays, session 3
[relay-scores] Degrading relays (2): wss://relay.snort.social, wss://offchain.pub
[relay-scores] Saved to .cache/relay_scores_6a0c596c1484eae2_31536000_liveness_welshman-thompson.json

Thompson Sampling [welshman-thompson] learning state:
  Session: 3
  Relays with observations: 12
  Mean prior α: 24.3, β: 28.8
  Relays with strong preference (α>5): 9
  Relays learned to avoid (β>5): 11

JSON results written to: results/6a0c596c1484eae2_1773192721867.json
