[0m[32mTask[0m [0m[36mbench[0m deno run --allow-net --allow-read --allow-write main.ts "78b3c1ed0a53b072fcfb8cc2e2e09cad31c9bfec869d1c8745c343d55033eea9" "--algorithms" "welshman-thompson" "--verify" "--verify-window" "31536000" "--verify-concurrency" "10" "--max-connections" "10" "--nip66-filter" "liveness" "--no-phase2-cache" "--fast" "--output" "both"
Target: 78b3c1ed0a53b072...
Seed: 0 | Filter: strict | Runs: 3
[fetch] Connecting to 3 indexer relays...
[fetch] wss://purplepag.es: connected (1205ms)
[fetch] wss://relay.damus.io: connected (309ms)
[fetch] wss://nos.lol: connected (845ms)
[fetch] Fetching kind 3 (contact list) for 78b3c1ed...
[fetch] 84 follows to fetch relay lists for
[fetch] Received 54 relay list events

=== Fetch Quality ===
Indexers: wss://purplepag.es (85 events, 1205ms), wss://relay.damus.io (38 events, 309ms), wss://nos.lol (54 events, 845ms)
Follows: 84 | With relay list: 54 (64.3%) | Missing: 30 (35.7%)
Filter profile: strict | Filtered URLs: 10 (10 known-bad)
Unique valid write relays: 112 | Seed: 0
[nip66] Using cached monitor data (1141 relays)

=== NIP-66 Liveness Filter (liveness) ===
Monitor data: 1141 relays
Candidate relays: 112
  Known alive: 52
  Unknown (removed): 60
  .onion preserved: 1
  Parse-failed preserved: 0
  Authors filtered to empty: 1
Relays after filter: 52

=== Regime A: Fixed 10 Connections ===
  Algorithm                      |  Relays |   Assign% |  Orphans |  Alg.Orph |  Avg/pk |   Gini |    HHI
  -------------------------------+---------+-----------+----------+-----------+---------+--------+-------
  Welshman+Thompson (cap@10)     |      10 |     61.1% (0.0sd) | 32.666666666666664 | 2.6666666666666665 |     2.5 |   0.37 |  0.148

=== Phase 2: Event Verification ===
Window: 31536000s | Kinds: 1 | Concurrency: 10
[baseline] Querying 52 relays for 53 authors (window: 31536000s)
[pool] CLOSED from wss://relay.getalby.com/v1: blocked: Request rejected
[pool] CLOSED from wss://auth.nostr1.com: auth-required: you must auth
[baseline] Progress: 50/52 relays queried
[baseline] Progress: 52/52 relays queried
[phase2] Subscription timeouts (no EOSE): 2
[phase2] CLOSED messages received: 2
  wss://relay.getalby.com/v1: blocked: Request rejected
  wss://auth.nostr1.com: auth-required: you must auth

=== Phase 2: Event Verification (365d window) ===
Baseline: 52 relays queried (88.5% success), 19s
  Timing: connect 758ms median (1.7s p95) | query 1.2s median (3.9s p95) | 2 timeouts (2 relays)
  Authors: 53 with relay data
    Testable (reliable): 30 | Testable (partial): 0 | Zero events: 21 | Unreliable: 2
  Baseline events: 4,550 (mean 151.7/author, median 57)
  Events per (relay,pubkey) capped at: 10000

  Headline metrics (30 testable-reliable authors, 4,550 baseline events):

  Algorithm                        |   Evt Recall |   Auth Recall |  Relay OK% |     TTFE |      p50 |      p80 | Timeouts
  ---------------------------------+--------------+---------------+------------+----------+----------+----------+---------
  Welshman+Thompson (seed=0, single run) |        42.8% |         86.7% |     100.0% |     1.1s |     2.4s |     2.8s |        0

  Per-author recall distribution:
  Algorithm                        |   Median |  % at 0% |      p25 |      p75
  ---------------------------------+----------+----------+----------+---------
  Welshman+Thompson (seed=0, single run) |    47.7% |    13.3% |     8.5% |   100.0%

  Latency simulation (parallel relay query):
  Algorithm                        |     TTFE |      p50 |      p80 |      Max |   TO |   TO Tax |   Relays |   Events
  ---------------------------------+----------+----------+----------+----------+------+----------+----------+---------
  Welshman+Thompson (seed=0, single run) |     1.1s |     2.4s |     2.8s |     7.2s |    0 |      0ms |  8/10/10 |    4,167
  (Relays: with-events/connected/total | TO Tax: ceil(timeouts/concurrency) × EOSE timeout)

  Progressive completeness (% of recall achieved by time):
  Algorithm                        |      @1s |      @2s |      @5s |     @10s |     @15s
  ---------------------------------+----------+----------+----------+----------+---------
  Welshman+Thompson (seed=0, single run) |     0.0% |    11.1% |    92.4% |   100.0% |   100.0%

  EOSE-race simulation (stop after first EOSE + grace period):
  Algorithm                        |     +0ms |   +200ms |   +500ms |      +1s |      +2s
  ---------------------------------+----------+----------+----------+----------+---------
  Welshman+Thompson (seed=0, single run) |    11.1% |    11.1% |    11.1% |    65.6% |    71.0%
  (First EOSE: Welshman+Thompson (seed=0, single run)=1.6s)

  Profile-view latency (per-author outbox query, top 3 write relays):
    Authors simulated: 30 | Hit rate: 100.0%
    TTFE: 1.7s median, 1.9s mean, 2.0s p95
    Relays/profile: 2.8 queried, 2.5 with events, 0.03 timeouts

  Feed vs profile-view TTFE comparison:
  Algorithm                        |  Feed TTFE |  Profile TTFE |    Delta
  ---------------------------------+------------+---------------+---------
  Welshman+Thompson (seed=0, single run) |       1.1s |          1.7s |   +519ms

=== NIP-66 RTT vs Measured Latency (48 relays, data age: 37min) ===
                             N   Spearman r      MAE    Bias    Top5   Top10   Top20
------------------------  ----  -----------  -------  ------  ------  ------  ------
rttOpen vs connect          48         0.12    563ms    1.1x   20.0%   40.0%   50.0%
rttRead vs query            44        -0.11     1.2s    6.8x   20.0%   50.0%   45.0%
(Bias = measured/nip66, >1 = NIP-66 underestimates. TopK = overlap of K fastest relays.)
Monitor: http-api..., 9b85d54cc4bc..., 9ba0ce3dcc28..., 9ba6484003e8..., 9bbbb845e5b6...
[relay-scores] Updated scores for welshman-thompson: 10 relays, session 1
[relay-scores] Saved to .cache/relay_scores_78b3c1ed0a53b072_31536000_liveness_welshman-thompson.json

Thompson Sampling [welshman-thompson] learning state:
  Session: 1
  Relays with observations: 10
  Mean prior α: 3.0, β: 6.6
  Relays with strong preference (α>5): 0
  Relays learned to avoid (β>5): 5

JSON results written to: results/78b3c1ed0a53b072_1773191489908.json
