[0m[32mTask[0m [0m[36mbench[0m deno run --allow-net --allow-read --allow-write main.ts "78b3c1ed0a53b072fcfb8cc2e2e09cad31c9bfec869d1c8745c343d55033eea9" "--algorithms" "welshman-thompson" "--verify" "--verify-window" "31536000" "--verify-concurrency" "10" "--max-connections" "10" "--nip66-filter" "liveness" "--no-phase2-cache" "--fast" "--output" "both"
Target: 78b3c1ed0a53b072...
Seed: 0 | Filter: strict | Runs: 3
Using cached data (fetched 2026-03-11T01:11:10.537Z)

=== Fetch Quality ===
Indexers: wss://purplepag.es (85 events, 1205ms), wss://relay.damus.io (38 events, 309ms), wss://nos.lol (54 events, 845ms)
Follows: 84 | With relay list: 54 (64.3%) | Missing: 30 (35.7%)
Filter profile: strict | Filtered URLs: 10 (10 known-bad)
Unique valid write relays: 112 | Seed: 0
[nip66] Using cached monitor data (1141 relays)

=== NIP-66 Liveness Filter (liveness) ===
Monitor data: 1141 relays
Candidate relays: 112
  Known alive: 52
  Unknown (removed): 60
  .onion preserved: 1
  Parse-failed preserved: 0
  Authors filtered to empty: 1
Relays after filter: 52
[relay-scores] Loaded 10 relay priors (session 1, from 2026-03-11T01:11:29.892Z)

Thompson Sampling [welshman-thompson]: loaded 10 relay priors (session 1)

=== Regime A: Fixed 10 Connections ===
  Algorithm                      |  Relays |   Assign% |  Orphans |  Alg.Orph |  Avg/pk |   Gini |    HHI
  -------------------------------+---------+-----------+----------+-----------+---------+--------+-------
  Welshman+Thompson (cap@10)     |      10 |     61.5% (0.0sd) | 32.333333333333336 | 2.3333333333333335 |     2.4 |   0.35 |  0.138

=== Phase 2: Event Verification ===
Window: 31536000s | Kinds: 1 | Concurrency: 10
[baseline] Querying 52 relays for 53 authors (window: 31536000s)
[pool] CLOSED from wss://relay.getalby.com/v1: blocked: Request rejected
[pool] CLOSED from wss://auth.nostr1.com: auth-required: you must auth
[baseline] Progress: 50/52 relays queried
[baseline] Progress: 52/52 relays queried
[phase2] Subscription timeouts (no EOSE): 2
[phase2] CLOSED messages received: 2
  wss://relay.getalby.com/v1: blocked: Request rejected
  wss://auth.nostr1.com: auth-required: you must auth

=== Phase 2: Event Verification (365d window) ===
Baseline: 52 relays queried (86.5% success), 21s
  Timing: connect 928ms median (2.1s p95) | query 1.4s median (2.7s p95) | 2 timeouts (2 relays)
  Authors: 53 with relay data
    Testable (reliable): 30 | Testable (partial): 0 | Zero events: 21 | Unreliable: 2
  Baseline events: 4,415 (mean 147.2/author, median 46)
  Events per (relay,pubkey) capped at: 10000

  Headline metrics (30 testable-reliable authors, 4,415 baseline events):

  Algorithm                        |   Evt Recall |   Auth Recall |  Relay OK% |     TTFE |      p50 |      p80 | Timeouts
  ---------------------------------+--------------+---------------+------------+----------+----------+----------+---------
  Welshman+Thompson (seed=0, single run) |        35.4% |         76.7% |      80.0% |     1.7s |     2.9s |     4.8s |        1

  Per-author recall distribution:
  Algorithm                        |   Median |  % at 0% |      p25 |      p75
  ---------------------------------+----------+----------+----------+---------
  Welshman+Thompson (seed=0, single run) |    59.2% |    23.3% |     3.0% |   100.0%

  Latency simulation (parallel relay query):
  Algorithm                        |     TTFE |      p50 |      p80 |      Max |   TO |   TO Tax |   Relays |   Events
  ---------------------------------+----------+----------+----------+----------+------+----------+----------+---------
  Welshman+Thompson (seed=0, single run) |     1.7s |     2.9s |     4.8s |    16.9s |    1 |    15.0s |   8/9/10 |    4,167
  (Relays: with-events/connected/total | TO Tax: ceil(timeouts/concurrency) × EOSE timeout)

  Progressive completeness (% of recall achieved by time):
  Algorithm                        |      @1s |      @2s |      @5s |     @10s |     @15s
  ---------------------------------+----------+----------+----------+----------+---------
  Welshman+Thompson (seed=0, single run) |     0.0% |     0.0% |   100.0% |   100.0% |   100.0%

  EOSE-race simulation (stop after first EOSE + grace period):
  Algorithm                        |     +0ms |   +200ms |   +500ms |      +1s |      +2s
  ---------------------------------+----------+----------+----------+----------+---------
  Welshman+Thompson (seed=0, single run) |     0.4% |     0.4% |    37.8% |    71.6% |    85.5%
  (First EOSE: Welshman+Thompson (seed=0, single run)=2.2s)

  Profile-view latency (per-author outbox query, top 3 write relays):
    Authors simulated: 30 | Hit rate: 93.3%
    TTFE: 1.8s median, 1.9s mean, 2.1s p95
    Relays/profile: 2.8 queried, 2.0 with events, 0.03 timeouts

  Feed vs profile-view TTFE comparison:
  Algorithm                        |  Feed TTFE |  Profile TTFE |    Delta
  ---------------------------------+------------+---------------+---------
  Welshman+Thompson (seed=0, single run) |       1.7s |          1.8s |   +116ms

=== NIP-66 RTT vs Measured Latency (47 relays, data age: 46min) ===
                             N   Spearman r      MAE    Bias    Top5   Top10   Top20
------------------------  ----  -----------  -------  ------  ------  ------  ------
rttOpen vs connect          47         0.10    573ms    1.3x    0.0%   20.0%   40.0%
rttRead vs query            43        -0.04     1.3s    7.8x   20.0%   30.0%   45.0%
(Bias = measured/nip66, >1 = NIP-66 underestimates. TopK = overlap of K fastest relays.)
Monitor: http-api..., 9ba6484003e8..., 9ba0ce3dcc28..., 9b85d54cc4bc..., 9bbbb845e5b6...
[relay-scores] Updated scores for welshman-thompson: 12 relays, session 2
[relay-scores] Saved to .cache/relay_scores_78b3c1ed0a53b072_31536000_liveness_welshman-thompson.json

Thompson Sampling [welshman-thompson] learning state:
  Session: 2
  Relays with observations: 12
  Mean prior α: 4.0, β: 9.9
  Relays with strong preference (α>5): 4
  Relays learned to avoid (β>5): 8

JSON results written to: results/78b3c1ed0a53b072_1773192047655.json
