[0m[32mTask[0m [0m[36mbench[0m deno run --allow-net --allow-read --allow-write main.ts "78b3c1ed0a53b072fcfb8cc2e2e09cad31c9bfec869d1c8745c343d55033eea9" "--algorithms" "welshman-thompson" "--verify" "--verify-window" "31536000" "--verify-concurrency" "10" "--max-connections" "10" "--nip66-filter" "liveness" "--no-phase2-cache" "--fast" "--output" "both"
Target: 78b3c1ed0a53b072...
Seed: 0 | Filter: strict | Runs: 3
Using cached data (fetched 2026-03-11T01:11:10.537Z)

=== Fetch Quality ===
Indexers: wss://purplepag.es (85 events, 1205ms), wss://relay.damus.io (38 events, 309ms), wss://nos.lol (54 events, 845ms)
Follows: 84 | With relay list: 54 (64.3%) | Missing: 30 (35.7%)
Filter profile: strict | Filtered URLs: 10 (10 known-bad)
Unique valid write relays: 112 | Seed: 0
[nip66] Connecting to 3 relays for kind 30166 events...
[nip66] wss://relaypag.es: connected (867ms)
[nip66] wss://relaypag.es: received 701 kind 30166 + 299 kind 1066 events
[nip66] wss://relay.nostr.watch: connected (319ms)
[nip66] wss://relay.nostr.watch: received 3335 kind 30166 + 1665 kind 1066 events
[nip66] wss://monitorlizard.nostr1.com: connected (488ms)
[nip66] wss://monitorlizard.nostr1.com: received 5000 kind 30166 + 0 kind 1066 events
[nip66] Trying nostr.watch HTTP API fallback...
[nip66] HTTP API returned 951 online relays
[nip66] Fetched NIP-66 data for 1152 relays via Nostr + 17 via HTTP API (1169 total)

=== NIP-66 Liveness Filter (liveness) ===
Monitor data: 1169 relays
Candidate relays: 112
  Known alive: 52
  Unknown (removed): 60
  .onion preserved: 1
  Parse-failed preserved: 0
  Authors filtered to empty: 1
Relays after filter: 52
[relay-scores] Loaded 13 relay priors (session 3, from 2026-03-11T01:30:12.550Z)

Thompson Sampling [welshman-thompson]: loaded 13 relay priors (session 3)

=== Regime A: Fixed 10 Connections ===
  Algorithm                      |  Relays |   Assign% |  Orphans |  Alg.Orph |  Avg/pk |   Gini |    HHI
  -------------------------------+---------+-----------+----------+-----------+---------+--------+-------
  Welshman+Thompson (cap@10)     |      10 |     60.3% (0.0sd) | 33.333333333333336 | 3.3333333333333335 |     2.4 |   0.31 |  0.132

=== Phase 2: Event Verification ===
Window: 31536000s | Kinds: 1 | Concurrency: 10
[baseline] Querying 52 relays for 53 authors (window: 31536000s)
[pool] CLOSED from wss://relay.getalby.com/v1: blocked: Request rejected
[pool] CLOSED from wss://auth.nostr1.com: auth-required: you must auth
[baseline] Progress: 50/52 relays queried
[baseline] Progress: 52/52 relays queried
[phase2] Subscription timeouts (no EOSE): 3
[phase2] CLOSED messages received: 2
  wss://relay.getalby.com/v1: blocked: Request rejected
  wss://auth.nostr1.com: auth-required: you must auth

=== Phase 2: Event Verification (365d window) ===
Baseline: 52 relays queried (88.5% success), 20s
  Timing: connect 924ms median (2.8s p95) | query 1.7s median (8.3s p95) | 3 timeouts (3 relays)
  Authors: 53 with relay data
    Testable (reliable): 30 | Testable (partial): 0 | Zero events: 21 | Unreliable: 2
  Baseline events: 4,550 (mean 151.7/author, median 57)
  Events per (relay,pubkey) capped at: 10000

  Headline metrics (30 testable-reliable authors, 4,550 baseline events):

  Algorithm                        |   Evt Recall |   Auth Recall |  Relay OK% |     TTFE |      p50 |      p80 | Timeouts
  ---------------------------------+--------------+---------------+------------+----------+----------+----------+---------
  Welshman+Thompson (seed=0, single run) |        56.7% |         86.7% |      80.0% |    770ms |     3.2s |     3.7s |        1

  Per-author recall distribution:
  Algorithm                        |   Median |  % at 0% |      p25 |      p75
  ---------------------------------+----------+----------+----------+---------
  Welshman+Thompson (seed=0, single run) |    92.0% |    13.3% |     4.7% |   100.0%

  Latency simulation (parallel relay query):
  Algorithm                        |     TTFE |      p50 |      p80 |      Max |   TO |   TO Tax |   Relays |   Events
  ---------------------------------+----------+----------+----------+----------+------+----------+----------+---------
  Welshman+Thompson (seed=0, single run) |    770ms |     3.2s |     3.7s |    16.9s |    1 |    15.0s |  8/10/10 |    4,450
  (Relays: with-events/connected/total | TO Tax: ceil(timeouts/concurrency) × EOSE timeout)

  Progressive completeness (% of recall achieved by time):
  Algorithm                        |      @1s |      @2s |      @5s |     @10s |     @15s
  ---------------------------------+----------+----------+----------+----------+---------
  Welshman+Thompson (seed=0, single run) |     0.0% |     0.0% |   100.0% |   100.0% |   100.0%

  EOSE-race simulation (stop after first EOSE + grace period):
  Algorithm                        |     +0ms |   +200ms |   +500ms |      +1s |      +2s
  ---------------------------------+----------+----------+----------+----------+---------
  Welshman+Thompson (seed=0, single run) |    19.4% |    57.9% |    57.9% |    67.0% |   100.0%
  (First EOSE: Welshman+Thompson (seed=0, single run)=2.0s)

  Profile-view latency (per-author outbox query, top 3 write relays):
    Authors simulated: 30 | Hit rate: 100.0%
    TTFE: 1.4s median, 1.4s mean, 2.2s p95
    Relays/profile: 2.8 queried, 2.5 with events, 0.03 timeouts

  Feed vs profile-view TTFE comparison:
  Algorithm                        |  Feed TTFE |  Profile TTFE |    Delta
  ---------------------------------+------------+---------------+---------
  Welshman+Thompson (seed=0, single run) |      770ms |          1.4s |   +636ms

=== NIP-66 RTT vs Measured Latency (48 relays, data age: 7min) ===
                             N   Spearman r      MAE    Bias    Top5   Top10   Top20
------------------------  ----  -----------  -------  ------  ------  ------  ------
rttOpen vs connect          48         0.24    611ms    1.1x   40.0%   40.0%   50.0%
rttRead vs query            45        -0.11     2.0s    7.4x    0.0%   20.0%   40.0%
(Bias = measured/nip66, >1 = NIP-66 underestimates. TopK = overlap of K fastest relays.)
Monitor: 9bb7cd94d7b6..., 9ba1d7892cd0..., 9bbbb845e5b6..., http-api..., 58faef87b342..., 9ba6484003e8..., 9ba0ce3dcc28...
[relay-scores] Updated scores for welshman-thompson: 13 relays, session 4
[relay-scores] Degrading relays (2): wss://nos.lol, wss://nrelay.c-stellar.net
[relay-scores] Saved to .cache/relay_scores_78b3c1ed0a53b072_31536000_liveness_welshman-thompson.json

Thompson Sampling [welshman-thompson] learning state:
  Session: 4
  Relays with observations: 13
  Mean prior α: 5.9, β: 14.5
  Relays with strong preference (α>5): 7
  Relays learned to avoid (β>5): 10

JSON results written to: results/78b3c1ed0a53b072_1773193190375.json
