[0m[32mTask[0m [0m[36mbench[0m deno run --allow-net --allow-read --allow-write main.ts "2c65940725bbf10b452197fba41c6cb14afd41e28e0be22aab49bf246b0c84e3" "--algorithms" "welshman-thompson" "--verify" "--verify-window" "31536000" "--verify-concurrency" "10" "--max-connections" "10" "--nip66-filter" "liveness" "--no-phase2-cache" "--fast" "--output" "both"
Target: 2c65940725bbf10b...
Seed: 0 | Filter: strict | Runs: 3
Using cached data (fetched 2026-03-11T01:14:38.474Z)

=== Fetch Quality ===
Indexers: wss://purplepag.es (2748 events, 1011ms), wss://relay.damus.io (1362 events, 335ms), wss://nos.lol (2179 events, 992ms)
Follows: 2747 | With relay list: 2154 (78.4%) | Missing: 593 (21.6%) | Filtered-to-empty: 42
Filter profile: strict | Filtered URLs: 1091 (40 localhost, 158 insecure ws, 72 IP-only, 815 known-bad, 6 malformed)
Unique valid write relays: 1626 | Seed: 0
[nip66] Using cached monitor data (1141 relays)

=== NIP-66 Liveness Filter (liveness) ===
Monitor data: 1141 relays
Candidate relays: 1626
  Known alive: 562
  Unknown (removed): 1064
  .onion preserved: 56
  Parse-failed preserved: 0
  Authors filtered to empty: 13
Relays after filter: 562
[relay-scores] Loaded 12 relay priors (session 2, from 2026-03-11T01:26:52.790Z)

Thompson Sampling [welshman-thompson]: loaded 12 relay priors (session 2)

=== Regime A: Fixed 10 Connections ===
  Algorithm                      |  Relays |   Assign% |  Orphans |  Alg.Orph |  Avg/pk |   Gini |    HHI
  -------------------------------+---------+-----------+----------+-----------+---------+--------+-------
  Welshman+Thompson (cap@10)     |      10 |     74.3% (0.0sd) |      706 |       113 |     2.0 |   0.45 |  0.177

=== Phase 2: Event Verification ===
Window: 31536000s | Kinds: 1 | Concurrency: 10
[baseline] Querying 562 relays for 2141 authors (window: 31536000s)
[pool] CLOSED from wss://relay.getalby.com/v1: blocked: Request rejected
[pool] CLOSED from wss://relay.getalby.com/v1: blocked: Request rejected
[baseline] Progress: 50/562 relays queried
[pool] CLOSED from wss://relay.nsec.app: blocked: we only keep kind 24133 or 24135
[pool] CLOSED from wss://sendit.nosflare.com: restricted: this relay does not accept REQs
[pool] CLOSED from wss://aggr.nostr.land: auth-required: auth required for aggregator
[pool] CLOSED from wss://relay.nosflare.com: auth-required: authentication required to subscribe
[baseline] Progress: 100/562 relays queried
[pool] CLOSED from wss://podtards.com/private: auth-required: all requests must be authenticated
[pool] CLOSED from wss://podtards.com/chat: auth-required: all requests must be authenticated
[pool] CLOSED from wss://meta.bitcoinwalk.org: auth-required: authentication is required for access
[pool] CLOSED from wss://pantry.zap.cooking: auth-required: please authenticate
[pool] CLOSED from wss://groups.0xchat.com: blocked: invalid query, must have 'h', 'e' or 'a' tag
[pool] CLOSED from wss://creatr.nostr.wine: auth-required: please authenticate before sending REQs
[baseline] Progress: 150/562 relays queried
[pool] CLOSED from wss://greensoul.space: auth-required: only authenticated users can read from this relay
[pool] CLOSED from wss://elites.nostrati.org: auth-required: you must auth
[baseline] Progress: 200/562 relays queried
[pool] CLOSED from wss://nostr.dbtc.link: auth-required: NIP-42 auth required
[pool] CLOSED from wss://inbox.nostr.wine: blocked: this relay does not store any of the kinds in this request
[pool] CLOSED from wss://auth.nostr1.com: auth-required: you must auth
[pool] CLOSED from wss://impromptu.relays.land: auth-required: all requests must be authenticated
[baseline] Progress: 250/562 relays queried
[pool] CLOSED from wss://relay.groups.nip29.com: blocked: invalid query, must have 'h', 'e' or 'a' tag
[pool] CLOSED from wss://relay.usefusion.ai: restricted: only kind 4 (DM) queries are allowed
[baseline] Progress: 300/562 relays queried
[pool] CLOSED from wss://groups.fiatjaf.com: blocked: invalid query, must have 'h', 'e' or 'a' tag
[pool] CLOSED from wss://bitstack.app: auth-required: authentication required to subscribe
[pool] CLOSED from wss://reedvpn.asuscomm.com: auth-required: authentication is required for access
[baseline] Progress: 350/562 relays queried
[pool] CLOSED from wss://aplaceinthesun.nostr1.com: auth-required: you must auth
[pool] CLOSED from wss://nortis.nostr1.com: auth-required: you must auth
[pool] CLOSED from wss://soapbox.chat: auth-required: authentication is required for access
[pool] CLOSED from wss://meta.spaces.coracle.social: auth-required: authentication is required for access
[baseline] Progress: 400/562 relays queried
[pool] CLOSED from wss://david.nostr1.com: auth-required: you must auth
[pool] CLOSED from wss://relay29.notoshi.win: blocked: invalid query, must have 'h', 'e' or 'a' tag
[pool] CLOSED from wss://jingle.nostrver.se: auth-required: take a selfie and send it to the CIA
[pool] CLOSED from wss://bostr.erechorse.com: auth-required: authentication is required to perform this action.
[baseline] Progress: 450/562 relays queried
[pool] CLOSED from wss://personal.relays.land: auth-required: all requests must be authenticated
[baseline] Progress: 500/562 relays queried
[pool] CLOSED from wss://nostr.rikmeijer.nl: max number of subscriptions per client (100) reached
[pool] CLOSED from wss://internal.coracle.social: auth-required: authentication is required for access
[pool] CLOSED from wss://relay.shawnyeager.com/chat: auth-required: all requests must be authenticated
[baseline] Progress: 550/562 relays queried
[baseline] Progress: 562/562 relays queried
[phase2] Subscription timeouts (no EOSE): 50
[phase2] CLOSED messages received: 35
  wss://relay.getalby.com/v1: blocked: Request rejected
  wss://relay.getalby.com/v1: blocked: Request rejected
  wss://relay.nsec.app: blocked: we only keep kind 24133 or 24135
  wss://sendit.nosflare.com: restricted: this relay does not accept REQs
  wss://aggr.nostr.land: auth-required: auth required for aggregator
  wss://relay.nosflare.com: auth-required: authentication required to subscribe
  wss://podtards.com/private: auth-required: all requests must be authenticated
  wss://podtards.com/chat: auth-required: all requests must be authenticated
  wss://meta.bitcoinwalk.org: auth-required: authentication is required for access
  wss://pantry.zap.cooking: auth-required: please authenticate

=== Phase 2: Event Verification (365d window) ===
Baseline: 562 relays queried (73.0% success), 3.3min
  Timing: connect 947ms median (2.8s p95) | query 1.7s median (16.1s p95) | 50 timeouts (47 relays)
  Authors: 2,141 with relay data
    Testable (reliable): 1233 | Testable (partial): 15 | Zero events: 857 | Unreliable: 36
  Baseline events: 151,474 (mean 121.4/author, median 21)
  Events per (relay,pubkey) capped at: 10000

  Headline metrics (1233 testable-reliable authors, 150,395 baseline events):

  Algorithm                        |   Evt Recall |   Auth Recall |  Relay OK% |     TTFE |      p50 |      p80 | Timeouts
  ---------------------------------+--------------+---------------+------------+----------+----------+----------+---------
  Welshman+Thompson (seed=0, single run) |        20.0% |         78.8% |      80.0% |     1.4s |    15.7s |    34.4s |        1

  Per-author recall distribution:
  Algorithm                        |   Median |  % at 0% |      p25 |      p75
  ---------------------------------+----------+----------+----------+---------
  Welshman+Thompson (seed=0, single run) |    62.5% |    21.2% |     2.1% |   100.0%

  Latency simulation (parallel relay query):
  Algorithm                        |     TTFE |      p50 |      p80 |      Max |   TO |   TO Tax |   Relays |   Events
  ---------------------------------+----------+----------+----------+----------+------+----------+----------+---------
  Welshman+Thompson (seed=0, single run) |     1.4s |    15.7s |    34.4s |    73.0s |    1 |    15.0s |   8/9/10 |   62,474
  (Relays: with-events/connected/total | TO Tax: ceil(timeouts/concurrency) × EOSE timeout)

  Progressive completeness (% of recall achieved by time):
  Algorithm                        |      @1s |      @2s |      @5s |     @10s |     @15s
  ---------------------------------+----------+----------+----------+----------+---------
  Welshman+Thompson (seed=0, single run) |     0.0% |     0.0% |     0.0% |    13.5% |    42.6%

  EOSE-race simulation (stop after first EOSE + grace period):
  Algorithm                        |     +0ms |   +200ms |   +500ms |      +1s |      +2s
  ---------------------------------+----------+----------+----------+----------+---------
  Welshman+Thompson (seed=0, single run) |     3.4% |     3.4% |     3.4% |     3.4% |    13.5%
  (First EOSE: Welshman+Thompson (seed=0, single run)=6.3s)

  Profile-view latency (per-author outbox query, top 3 write relays):
    Authors simulated: 1248 | Hit rate: 99.7%
    TTFE: 1.9s median, 2.2s mean, 4.2s p95
    Relays/profile: 2.9 queried, 2.2 with events, 0.11 timeouts

  Feed vs profile-view TTFE comparison:
  Algorithm                        |  Feed TTFE |  Profile TTFE |    Delta
  ---------------------------------+------------+---------------+---------
  Welshman+Thompson (seed=0, single run) |       1.4s |          1.9s |   +499ms

  Including partial-baseline authors (1248 testable authors, 151,474 baseline events):

  Algorithm                        |   Evt Recall |   Auth Recall
  ---------------------------------+--------------+--------------
  Welshman+Thompson (seed=0, single run) |        20.4% |         78.6%

=== NIP-66 RTT vs Measured Latency (480 relays, data age: 61min) ===
                             N   Spearman r      MAE    Bias    Top5   Top10   Top20
------------------------  ----  -----------  -------  ------  ------  ------  ------
rttOpen vs connect         480         0.24    697ms    1.4x    0.0%   10.0%   15.0%
rttRead vs query           402         0.20     2.8s   13.2x    0.0%    0.0%    0.0%
(Bias = measured/nip66, >1 = NIP-66 underestimates. TopK = overlap of K fastest relays.)
Monitor: 9ba6484003e8..., 9bbbb845e5b6..., 9ba0ce3dcc28..., 9b85d54cc4bc..., http-api..., 45df0580711f..., b2c949c0fb79..., 9ba1d7892cd0..., 0b01aa38c2cc..., 9ba046db56b8..., 9bac3d58ef5a...
[relay-scores] Updated scores for welshman-thompson: 14 relays, session 3
[relay-scores] Saved to .cache/relay_scores_2c65940725bbf10b_31536000_liveness_welshman-thompson.json

Thompson Sampling [welshman-thompson] learning state:
  Session: 3
  Relays with observations: 14
  Mean prior α: 200.5, β: 304.7
  Relays with strong preference (α>5): 12
  Relays learned to avoid (β>5): 14

JSON results written to: results/2c65940725bbf10b_1773192982945.json
