[0m[32mTask[0m [0m[36mbench[0m deno run --allow-net --allow-read --allow-write main.ts "6a0c596c1484eae2e8131a030f269944921e52619c1dd143a029c64ea6cd9731" "--algorithms" "welshman-thompson" "--verify" "--verify-window" "31536000" "--verify-concurrency" "10" "--max-connections" "15" "--nip66-filter" "liveness" "--no-phase2-cache" "--fast" "--output" "both"
Target: 6a0c596c1484eae2...
Seed: 0 | Filter: strict | Runs: 3
[fetch] Connecting to 3 indexer relays...
[fetch] wss://purplepag.es: connected (1242ms)
[fetch] wss://relay.damus.io: connected (632ms)
[fetch] wss://nos.lol: connected (1327ms)
[fetch] Fetching kind 3 (contact list) for 6a0c596c...
[fetch] 400 follows to fetch relay lists for
[fetch] Fetched relay lists: 200/400
[fetch] Received 240 relay list events

=== Fetch Quality ===
Indexers: wss://purplepag.es (401 events, 1242ms), wss://relay.damus.io (133 events, 632ms), wss://nos.lol (236 events, 1327ms)
Follows: 400 | With relay list: 232 (58.0%) | Missing: 168 (42.0%) | Filtered-to-empty: 8
Filter profile: strict | Filtered URLs: 107 (6 localhost, 32 insecure ws, 7 IP-only, 55 known-bad, 7 malformed)
Unique valid write relays: 568 | Seed: 0
[nip66] Using cached monitor data (1169 relays)

=== NIP-66 Liveness Filter (liveness) ===
Monitor data: 1169 relays
Candidate relays: 568
  Known alive: 179
  Unknown (removed): 389
  .onion preserved: 16
  Parse-failed preserved: 0
  Authors filtered to empty: 2
Relays after filter: 179
[relay-scores] Loaded 15 relay priors (session 1, from 2026-03-11T02:04:06.181Z)

Thompson Sampling [welshman-thompson]: loaded 15 relay priors (session 1)

=== Regime A: Fixed 15 Connections ===
  Algorithm                      |  Relays |   Assign% |  Orphans |  Alg.Orph |  Avg/pk |   Gini |    HHI
  -------------------------------+---------+-----------+----------+-----------+---------+--------+-------
  Welshman+Thompson (cap@15)     |      15 |     55.8% (0.0sd) | 176.66666666666666 | 8.666666666666666 |     2.5 |   0.58 |  0.156

=== Phase 2: Event Verification ===
Window: 31536000s | Kinds: 1 | Concurrency: 10
[baseline] Querying 179 relays for 230 authors (window: 31536000s)
[pool] CLOSED from wss://relay.nosflare.com: auth-required: authentication required to subscribe
[pool] CLOSED from wss://greensoul.space: auth-required: only authenticated users can read from this relay
[pool] CLOSED from wss://aggr.nostr.land: auth-required: auth required for aggregator
[baseline] Progress: 50/179 relays queried
[pool] CLOSED from wss://creatr.nostr.wine: auth-required: please authenticate before sending REQs
[baseline] Progress: 100/179 relays queried
[pool] CLOSED from wss://auth.nostr1.com: auth-required: you must auth
[pool] CLOSED from wss://wot.azzamo.net: rate-limited: there is a bug in the client, no one should be making so many requests
[pool] CLOSED from wss://relay.nostraddress.com: auth-required: authentication required to subscribe
[pool] CLOSED from wss://relay.nsec.app: blocked: we only keep kind 24133 or 24135
[baseline] Progress: 150/179 relays queried
[pool] CLOSED from wss://impromptu.relays.land: auth-required: all requests must be authenticated
[baseline] Progress: 179/179 relays queried
[phase2] Subscription timeouts (no EOSE): 11
[phase2] CLOSED messages received: 9
  wss://relay.nosflare.com: auth-required: authentication required to subscribe
  wss://greensoul.space: auth-required: only authenticated users can read from this relay
  wss://aggr.nostr.land: auth-required: auth required for aggregator
  wss://creatr.nostr.wine: auth-required: please authenticate before sending REQs
  wss://auth.nostr1.com: auth-required: you must auth
  wss://wot.azzamo.net: rate-limited: there is a bug in the client, no one should be making so many requests
  wss://relay.nostraddress.com: auth-required: authentication required to subscribe
  wss://relay.nsec.app: blocked: we only keep kind 24133 or 24135
  wss://impromptu.relays.land: auth-required: all requests must be authenticated

=== Phase 2: Event Verification (365d window) ===
Baseline: 179 relays queried (77.1% success), 1.1min
  Timing: connect 1.1s median (3.8s p95) | query 1.8s median (15.7s p95) | 11 timeouts (11 relays)
  Authors: 230 with relay data
    Testable (reliable): 102 | Testable (partial): 0 | Zero events: 126 | Unreliable: 2
  Baseline events: 27,941 (mean 273.9/author, median 42)
  Events per (relay,pubkey) capped at: 10000

  Headline metrics (102 testable-reliable authors, 27,941 baseline events):

  Algorithm                        |   Evt Recall |   Auth Recall |  Relay OK% |     TTFE |      p50 |      p80 | Timeouts
  ---------------------------------+--------------+---------------+------------+----------+----------+----------+---------
  Welshman+Thompson (seed=0, single run) |        22.0% |         83.3% |     100.0% |    792ms |     3.3s |     5.5s |        0

  Per-author recall distribution:
  Algorithm                        |   Median |  % at 0% |      p25 |      p75
  ---------------------------------+----------+----------+----------+---------
  Welshman+Thompson (seed=0, single run) |    90.7% |    16.7% |     9.2% |   100.0%

  Latency simulation (parallel relay query):
  Algorithm                        |     TTFE |      p50 |      p80 |      Max |   TO |   TO Tax |   Relays |   Events
  ---------------------------------+----------+----------+----------+----------+------+----------+----------+---------
  Welshman+Thompson (seed=0, single run) |    792ms |     3.3s |     5.5s |    13.1s |    0 |      0ms | 15/15/15 |   14,854
  (Relays: with-events/connected/total | TO Tax: ceil(timeouts/concurrency) × EOSE timeout)

  Progressive completeness (% of recall achieved by time):
  Algorithm                        |      @1s |      @2s |      @5s |     @10s |     @15s
  ---------------------------------+----------+----------+----------+----------+---------
  Welshman+Thompson (seed=0, single run) |     0.0% |     8.0% |    62.3% |    91.1% |   100.0%

  EOSE-race simulation (stop after first EOSE + grace period):
  Algorithm                        |     +0ms |   +200ms |   +500ms |      +1s |      +2s
  ---------------------------------+----------+----------+----------+----------+---------
  Welshman+Thompson (seed=0, single run) |     1.4% |     1.4% |     1.4% |    29.4% |    50.2%
  (First EOSE: Welshman+Thompson (seed=0, single run)=1.3s)

  Profile-view latency (per-author outbox query, top 3 write relays):
    Authors simulated: 102 | Hit rate: 99.0%
    TTFE: 2.2s median, 1.9s mean, 2.5s p95
    Relays/profile: 2.8 queried, 2.5 with events, 0.06 timeouts

  Feed vs profile-view TTFE comparison:
  Algorithm                        |  Feed TTFE |  Profile TTFE |    Delta
  ---------------------------------+------------+---------------+---------
  Welshman+Thompson (seed=0, single run) |      792ms |          2.2s |    +1.4s

=== NIP-66 RTT vs Measured Latency (157 relays, data age: 42min) ===
                             N   Spearman r      MAE    Bias    Top5   Top10   Top20
------------------------  ----  -----------  -------  ------  ------  ------  ------
rttOpen vs connect         157         0.07     1.1s    1.2x    0.0%   10.0%    5.0%
rttRead vs query           141        -0.17     2.6s    8.1x    0.0%    0.0%   10.0%
(Bias = measured/nip66, >1 = NIP-66 underestimates. TopK = overlap of K fastest relays.)
Monitor: 9bbbb845e5b6..., 9bb7cd94d7b6..., 9ba1d7892cd0..., 58faef87b342..., b2c949c0fb79..., 0b01aa38c2cc..., 9ba0ce3dcc28..., 9ba6484003e8..., 9b85d54cc4bc...
[relay-scores] Updated scores for welshman-thompson: 18 relays, session 2
[relay-scores] Saved to .cache/relay_scores_6a0c596c1484eae2_31536000_liveness_welshman-thompson.json

Thompson Sampling [welshman-thompson] learning state:
  Session: 2
  Relays with observations: 18
  Mean prior α: 12.1, β: 14.8
  Relays with strong preference (α>5): 9
  Relays learned to avoid (β>5): 11

JSON results written to: results/6a0c596c1484eae2_1773195390109.json
