[0m[32mTask[0m [0m[36mbench[0m deno run --allow-net --allow-read --allow-write main.ts "78b3c1ed0a53b072fcfb8cc2e2e09cad31c9bfec869d1c8745c343d55033eea9" "--algorithms" "welshman-thompson" "--verify" "--verify-window" "31536000" "--verify-concurrency" "10" "--max-connections" "15" "--nip66-filter" "liveness" "--no-phase2-cache" "--fast" "--output" "both"
Target: 78b3c1ed0a53b072...
Seed: 0 | Filter: strict | Runs: 3
Using cached data (fetched 2026-03-11T02:13:46.906Z)

=== Fetch Quality ===
Indexers: wss://purplepag.es (85 events, 3163ms), wss://relay.damus.io (38 events, 917ms), wss://nos.lol (54 events, 1035ms)
Follows: 84 | With relay list: 54 (64.3%) | Missing: 30 (35.7%)
Filter profile: strict | Filtered URLs: 10 (10 known-bad)
Unique valid write relays: 112 | Seed: 0
[nip66] Using cached monitor data (1169 relays)

=== NIP-66 Liveness Filter (liveness) ===
Monitor data: 1169 relays
Candidate relays: 112
  Known alive: 52
  Unknown (removed): 60
  .onion preserved: 1
  Parse-failed preserved: 0
  Authors filtered to empty: 1
Relays after filter: 52
[relay-scores] Loaded 18 relay priors (session 3, from 2026-03-11T02:25:39.108Z)

Thompson Sampling [welshman-thompson]: loaded 18 relay priors (session 3)

=== Regime A: Fixed 15 Connections ===
  Algorithm                      |  Relays |   Assign% |  Orphans |  Alg.Orph |  Avg/pk |   Gini |    HHI
  -------------------------------+---------+-----------+----------+-----------+---------+--------+-------
  Welshman+Thompson (cap@15)     |      15 |     62.3% (0.0sd) | 31.666666666666668 | 1.6666666666666667 |     2.6 |   0.50 |  0.126

=== Phase 2: Event Verification ===
Window: 31536000s | Kinds: 1 | Concurrency: 10
[baseline] Querying 52 relays for 53 authors (window: 31536000s)
[pool] CLOSED from wss://relay.getalby.com/v1: blocked: Request rejected
[pool] CLOSED from wss://auth.nostr1.com: auth-required: you must auth
[baseline] Progress: 50/52 relays queried
[baseline] Progress: 52/52 relays queried
[phase2] Subscription timeouts (no EOSE): 4
[phase2] CLOSED messages received: 2
  wss://relay.getalby.com/v1: blocked: Request rejected
  wss://auth.nostr1.com: auth-required: you must auth

=== Phase 2: Event Verification (365d window) ===
Baseline: 52 relays queried (86.5% success), 36s
  Timing: connect 1.0s median (2.2s p95) | query 1.7s median (15.7s p95) | 4 timeouts (4 relays)
  Authors: 53 with relay data
    Testable (reliable): 30 | Testable (partial): 0 | Zero events: 21 | Unreliable: 2
  Baseline events: 4,549 (mean 151.6/author, median 57)
  Events per (relay,pubkey) capped at: 10000

  Headline metrics (30 testable-reliable authors, 4,549 baseline events):

  Algorithm                        |   Evt Recall |   Auth Recall |  Relay OK% |     TTFE |      p50 |      p80 | Timeouts
  ---------------------------------+--------------+---------------+------------+----------+----------+----------+---------
  Welshman+Thompson (seed=0, single run) |        65.8% |         90.0% |      86.7% |    907ms |     4.6s |     5.0s |        0

  Per-author recall distribution:
  Algorithm                        |   Median |  % at 0% |      p25 |      p75
  ---------------------------------+----------+----------+----------+---------
  Welshman+Thompson (seed=0, single run) |    99.9% |    10.0% |    16.7% |   100.0%

  Latency simulation (parallel relay query):
  Algorithm                        |     TTFE |      p50 |      p80 |      Max |   TO |   TO Tax |   Relays |   Events
  ---------------------------------+----------+----------+----------+----------+------+----------+----------+---------
  Welshman+Thompson (seed=0, single run) |    907ms |     4.6s |     5.0s |     7.2s |    0 |      0ms | 12/14/15 |    5,238
  (Relays: with-events/connected/total | TO Tax: ceil(timeouts/concurrency) × EOSE timeout)

  Progressive completeness (% of recall achieved by time):
  Algorithm                        |      @1s |      @2s |      @5s |     @10s |     @15s
  ---------------------------------+----------+----------+----------+----------+---------
  Welshman+Thompson (seed=0, single run) |     0.0% |     0.1% |    54.5% |   100.0% |   100.0%

  EOSE-race simulation (stop after first EOSE + grace period):
  Algorithm                        |     +0ms |   +200ms |   +500ms |      +1s |      +2s
  ---------------------------------+----------+----------+----------+----------+---------
  Welshman+Thompson (seed=0, single run) |     0.1% |     0.1% |     0.1% |     1.8% |    19.2%
  (First EOSE: Welshman+Thompson (seed=0, single run)=1.7s)

  Profile-view latency (per-author outbox query, top 3 write relays):
    Authors simulated: 30 | Hit rate: 100.0%
    TTFE: 1.4s median, 1.7s mean, 3.6s p95
    Relays/profile: 2.8 queried, 2.4 with events, 0.07 timeouts

  Feed vs profile-view TTFE comparison:
  Algorithm                        |  Feed TTFE |  Profile TTFE |    Delta
  ---------------------------------+------------+---------------+---------
  Welshman+Thompson (seed=0, single run) |      907ms |          1.4s |   +498ms

=== NIP-66 RTT vs Measured Latency (48 relays, data age: 63min) ===
                             N   Spearman r      MAE    Bias    Top5   Top10   Top20
------------------------  ----  -----------  -------  ------  ------  ------  ------
rttOpen vs connect          48        -0.11    679ms    1.1x   20.0%   20.0%   35.0%
rttRead vs query            45        -0.31     2.7s    7.2x    0.0%    0.0%   30.0%
(Bias = measured/nip66, >1 = NIP-66 underestimates. TopK = overlap of K fastest relays.)
Monitor: http-api..., 9ba1d7892cd0..., 9bbbb845e5b6..., 9bb7cd94d7b6..., 58faef87b342..., 9ba6484003e8..., 9ba0ce3dcc28...
[relay-scores] Updated scores for welshman-thompson: 19 relays, session 4
[relay-scores] Degrading relays (4): wss://nostr.wine, wss://nostr.bitcoiner.social, wss://r.bitcoinhold.net, wss://relay.primal.net
[relay-scores] Saved to .cache/relay_scores_78b3c1ed0a53b072_31536000_liveness_welshman-thompson.json

Thompson Sampling [welshman-thompson] learning state:
  Session: 4
  Relays with observations: 19
  Mean prior α: 6.2, β: 11.4
  Relays with strong preference (α>5): 9
  Relays learned to avoid (β>5): 10

JSON results written to: results/78b3c1ed0a53b072_1773196560506.json
