[0m[32mTask[0m [0m[36mbench[0m deno run --allow-net --allow-read --allow-write main.ts "78b3c1ed0a53b072fcfb8cc2e2e09cad31c9bfec869d1c8745c343d55033eea9" "--algorithms" "welshman-thompson" "--verify" "--verify-window" "31536000" "--verify-concurrency" "10" "--max-connections" "15" "--nip66-filter" "liveness" "--no-phase2-cache" "--fast" "--output" "both"
Target: 78b3c1ed0a53b072...
Seed: 0 | Filter: strict | Runs: 3
Using cached data (fetched 2026-03-11T02:13:46.906Z)

=== Fetch Quality ===
Indexers: wss://purplepag.es (85 events, 3163ms), wss://relay.damus.io (38 events, 917ms), wss://nos.lol (54 events, 1035ms)
Follows: 84 | With relay list: 54 (64.3%) | Missing: 30 (35.7%)
Filter profile: strict | Filtered URLs: 10 (10 known-bad)
Unique valid write relays: 112 | Seed: 0
[nip66] Connecting to 3 relays for kind 30166 events...
[nip66] wss://relaypag.es: connected (1268ms)
[nip66] wss://relaypag.es: received 571 kind 30166 + 429 kind 1066 events
[nip66] wss://relay.nostr.watch: connected (331ms)
[nip66] wss://relay.nostr.watch: received 2765 kind 30166 + 2235 kind 1066 events
[nip66] wss://monitorlizard.nostr1.com: connected (437ms)
[nip66] wss://monitorlizard.nostr1.com: received 5000 kind 30166 + 0 kind 1066 events
[nip66] Trying nostr.watch HTTP API fallback...
[nip66] HTTP API returned 948 online relays
[nip66] Fetched NIP-66 data for 1164 relays via Nostr + 18 via HTTP API (1182 total)

=== NIP-66 Liveness Filter (liveness) ===
Monitor data: 1182 relays
Candidate relays: 112
  Known alive: 54
  Unknown (removed): 58
  .onion preserved: 1
  Parse-failed preserved: 0
  Authors filtered to empty: 1
Relays after filter: 54
[relay-scores] Loaded 19 relay priors (session 4, from 2026-03-11T02:36:00.497Z)

Thompson Sampling [welshman-thompson]: loaded 19 relay priors (session 4)

=== Regime A: Fixed 15 Connections ===
  Algorithm                      |  Relays |   Assign% |  Orphans |  Alg.Orph |  Avg/pk |   Gini |    HHI
  -------------------------------+---------+-----------+----------+-----------+---------+--------+-------
  Welshman+Thompson (cap@15)     |      15 |     61.9% (0.0sd) |       32 |         2 |     2.6 |   0.49 |  0.125

=== Phase 2: Event Verification ===
Window: 31536000s | Kinds: 1 | Concurrency: 10
[baseline] Querying 54 relays for 53 authors (window: 31536000s)
[pool] CLOSED from wss://relay.getalby.com/v1: blocked: Request rejected
[pool] CLOSED from wss://auth.nostr1.com: auth-required: you must auth
[baseline] Progress: 50/54 relays queried
[baseline] Progress: 54/54 relays queried
[phase2] Subscription timeouts (no EOSE): 2
[phase2] CLOSED messages received: 2
  wss://relay.getalby.com/v1: blocked: Request rejected
  wss://auth.nostr1.com: auth-required: you must auth

=== Phase 2: Event Verification (365d window) ===
Baseline: 54 relays queried (87.0% success), 20s
  Timing: connect 725ms median (1.8s p95) | query 1.3s median (3.0s p95) | 2 timeouts (2 relays)
  Authors: 53 with relay data
    Testable (reliable): 30 | Testable (partial): 0 | Zero events: 21 | Unreliable: 2
  Baseline events: 4,549 (mean 151.6/author, median 57)
  Events per (relay,pubkey) capped at: 10000

  Headline metrics (30 testable-reliable authors, 4,549 baseline events):

  Algorithm                        |   Evt Recall |   Auth Recall |  Relay OK% |     TTFE |      p50 |      p80 | Timeouts
  ---------------------------------+--------------+---------------+------------+----------+----------+----------+---------
  Welshman+Thompson (seed=0, single run) |        66.6% |         90.0% |      80.0% |    770ms |     3.6s |     4.4s |        1

  Per-author recall distribution:
  Algorithm                        |   Median |  % at 0% |      p25 |      p75
  ---------------------------------+----------+----------+----------+---------
  Welshman+Thompson (seed=0, single run) |   100.0% |    10.0% |    21.1% |   100.0%

  Latency simulation (parallel relay query):
  Algorithm                        |     TTFE |      p50 |      p80 |      Max |   TO |   TO Tax |   Relays |   Events
  ---------------------------------+----------+----------+----------+----------+------+----------+----------+---------
  Welshman+Thompson (seed=0, single run) |    770ms |     3.6s |     4.4s |    16.3s |    1 |    15.0s | 11/13/15 |    5,236
  (Relays: with-events/connected/total | TO Tax: ceil(timeouts/concurrency) × EOSE timeout)

  Progressive completeness (% of recall achieved by time):
  Algorithm                        |      @1s |      @2s |      @5s |     @10s |     @15s
  ---------------------------------+----------+----------+----------+----------+---------
  Welshman+Thompson (seed=0, single run) |     0.0% |     0.0% |   100.0% |   100.0% |   100.0%

  EOSE-race simulation (stop after first EOSE + grace period):
  Algorithm                        |     +0ms |   +200ms |   +500ms |      +1s |      +2s
  ---------------------------------+----------+----------+----------+----------+---------
  Welshman+Thompson (seed=0, single run) |    16.5% |    16.5% |    29.3% |    31.0% |    88.4%
  (First EOSE: Welshman+Thompson (seed=0, single run)=2.0s)

  Profile-view latency (per-author outbox query, top 3 write relays):
    Authors simulated: 30 | Hit rate: 100.0%
    TTFE: 1.2s median, 1.6s mean, 3.0s p95
    Relays/profile: 2.9 queried, 2.4 with events, 0.03 timeouts

  Feed vs profile-view TTFE comparison:
  Algorithm                        |  Feed TTFE |  Profile TTFE |    Delta
  ---------------------------------+------------+---------------+---------
  Welshman+Thompson (seed=0, single run) |      770ms |          1.2s |   +391ms

=== NIP-66 RTT vs Measured Latency (49 relays, data age: 24min) ===
                             N   Spearman r      MAE    Bias    Top5   Top10   Top20
------------------------  ----  -----------  -------  ------  ------  ------  ------
rttOpen vs connect          49         0.10    630ms    1.3x    0.0%   20.0%   55.0%
rttRead vs query            45         0.05     1.2s    6.3x   40.0%   30.0%   50.0%
(Bias = measured/nip66, >1 = NIP-66 underestimates. TopK = overlap of K fastest relays.)
Monitor: 9bbbb845e5b6..., http-api..., 9bb7cd94d7b6..., 0b01aa38c2cc..., 9ba1d7892cd0..., 9ba6484003e8..., b2c949c0fb79..., 9b85d54cc4bc..., 45df0580711f..., 9bac3d58ef5a...
[relay-scores] Updated scores for welshman-thompson: 21 relays, session 5
[relay-scores] Degrading relays (3): wss://nostr.wine, wss://nostr.bitcoiner.social, wss://r.bitcoinhold.net
[relay-scores] Saved to .cache/relay_scores_78b3c1ed0a53b072_31536000_liveness_welshman-thompson.json

Thompson Sampling [welshman-thompson] learning state:
  Session: 5
  Relays with observations: 21
  Mean prior α: 6.7, β: 12.5
  Relays with strong preference (α>5): 10
  Relays learned to avoid (β>5): 10

JSON results written to: results/78b3c1ed0a53b072_1773197180109.json
