[0m[32mTask[0m [0m[36mbench[0m deno run --allow-net --allow-read --allow-write main.ts "2c65940725bbf10b452197fba41c6cb14afd41e28e0be22aab49bf246b0c84e3" "--algorithms" "welshman-thompson" "--verify" "--verify-window" "31536000" "--verify-concurrency" "10" "--max-connections" "15" "--nip66-filter" "liveness" "--no-phase2-cache" "--fast" "--output" "both"
Target: 2c65940725bbf10b...
Seed: 0 | Filter: strict | Runs: 3
[fetch] Connecting to 3 indexer relays...
[fetch] wss://purplepag.es: connected (1214ms)
[fetch] wss://relay.damus.io: connected (354ms)
[fetch] wss://nos.lol: connected (666ms)
[fetch] Fetching kind 3 (contact list) for 2c659407...
[fetch] 2747 follows to fetch relay lists for
[fetch] Fetched relay lists: 200/2747
[fetch] Fetched relay lists: 400/2747
[fetch] Fetched relay lists: 600/2747
[fetch] Fetched relay lists: 800/2747
[fetch] Fetched relay lists: 1000/2747
[fetch] Fetched relay lists: 1200/2747
[fetch] Fetched relay lists: 1400/2747
[fetch] Fetched relay lists: 1600/2747
[fetch] Fetched relay lists: 1800/2747
[fetch] Fetched relay lists: 2000/2747
[fetch] Fetched relay lists: 2200/2747
[fetch] Fetched relay lists: 2400/2747
[fetch] Fetched relay lists: 2600/2747
[fetch] Received 2196 relay list events

=== Fetch Quality ===
Indexers: wss://purplepag.es (2748 events, 1214ms), wss://relay.damus.io (1362 events, 354ms), wss://nos.lol (2179 events, 666ms)
Follows: 2747 | With relay list: 2154 (78.4%) | Missing: 593 (21.6%) | Filtered-to-empty: 42
Filter profile: strict | Filtered URLs: 1090 (40 localhost, 157 insecure ws, 72 IP-only, 815 known-bad, 6 malformed)
Unique valid write relays: 1626 | Seed: 0
[nip66] Using cached monitor data (1169 relays)

=== NIP-66 Liveness Filter (liveness) ===
Monitor data: 1169 relays
Candidate relays: 1626
  Known alive: 560
  Unknown (removed): 1066
  .onion preserved: 53
  Parse-failed preserved: 0
  Authors filtered to empty: 13
Relays after filter: 560
[relay-scores] Loaded 15 relay priors (session 1, from 2026-03-11T02:09:40.154Z)

Thompson Sampling [welshman-thompson]: loaded 15 relay priors (session 1)

=== Regime A: Fixed 15 Connections ===
  Algorithm                      |  Relays |   Assign% |  Orphans |  Alg.Orph |  Avg/pk |   Gini |    HHI
  -------------------------------+---------+-----------+----------+-----------+---------+--------+-------
  Welshman+Thompson (cap@15)     |      15 |     75.4% (0.0sd) | 674.6666666666666 | 81.66666666666667 |     2.3 |   0.62 |  0.184

=== Phase 2: Event Verification ===
Window: 31536000s | Kinds: 1 | Concurrency: 10
[baseline] Querying 560 relays for 2141 authors (window: 31536000s)
[pool] CLOSED from wss://relay.getalby.com/v1: blocked: Request rejected
[pool] CLOSED from wss://relay.getalby.com/v1: blocked: Request rejected
[baseline] Progress: 50/560 relays queried
[pool] CLOSED from wss://relay.nsec.app: blocked: we only keep kind 24133 or 24135
[pool] CLOSED from wss://sendit.nosflare.com: restricted: this relay does not accept REQs
[pool] CLOSED from wss://aggr.nostr.land: auth-required: auth required for aggregator
[pool] CLOSED from wss://relay.nosflare.com: auth-required: authentication required to subscribe
[baseline] Progress: 100/560 relays queried
[pool] CLOSED from wss://podtards.com/chat: auth-required: all requests must be authenticated
[pool] CLOSED from wss://podtards.com/private: auth-required: all requests must be authenticated
[pool] CLOSED from wss://meta.bitcoinwalk.org: auth-required: authentication is required for access
[pool] CLOSED from wss://pantry.zap.cooking: auth-required: please authenticate
[pool] CLOSED from wss://groups.0xchat.com: blocked: invalid query, must have 'h', 'e' or 'a' tag
[pool] CLOSED from wss://creatr.nostr.wine: auth-required: please authenticate before sending REQs
[pool] CLOSED from wss://greensoul.space: auth-required: only authenticated users can read from this relay
[baseline] Progress: 150/560 relays queried
[pool] CLOSED from wss://elites.nostrati.org: auth-required: you must auth
[baseline] Progress: 200/560 relays queried
[pool] CLOSED from wss://inbox.nostr.wine: blocked: this relay does not store any of the kinds in this request
[pool] CLOSED from wss://nostr.dbtc.link: auth-required: NIP-42 auth required
[pool] CLOSED from wss://auth.nostr1.com: auth-required: you must auth
[pool] CLOSED from wss://impromptu.relays.land: auth-required: all requests must be authenticated
[baseline] Progress: 250/560 relays queried
[pool] CLOSED from wss://relay.groups.nip29.com: blocked: invalid query, must have 'h', 'e' or 'a' tag
[pool] CLOSED from wss://relay.usefusion.ai: restricted: only kind 4 (DM) queries are allowed
[baseline] Progress: 300/560 relays queried
[pool] CLOSED from wss://groups.fiatjaf.com: blocked: invalid query, must have 'h', 'e' or 'a' tag
[pool] CLOSED from wss://bitstack.app: auth-required: authentication required to subscribe
[pool] CLOSED from wss://reedvpn.asuscomm.com: auth-required: authentication is required for access
[baseline] Progress: 350/560 relays queried
[pool] CLOSED from wss://aplaceinthesun.nostr1.com: auth-required: you must auth
[pool] CLOSED from wss://nortis.nostr1.com: auth-required: you must auth
[pool] CLOSED from wss://meta.spaces.coracle.social: auth-required: authentication is required for access
[pool] CLOSED from wss://soapbox.chat: auth-required: authentication is required for access
[baseline] Progress: 400/560 relays queried
[pool] CLOSED from wss://david.nostr1.com: auth-required: you must auth
[baseline] Progress: 450/560 relays queried
[pool] CLOSED from wss://relay29.notoshi.win: blocked: invalid query, must have 'h', 'e' or 'a' tag
[pool] CLOSED from wss://personal.relays.land: auth-required: all requests must be authenticated
[baseline] Progress: 500/560 relays queried
[pool] CLOSED from wss://nostr.rikmeijer.nl: max number of subscriptions per client (100) reached
[pool] CLOSED from wss://internal.coracle.social: auth-required: authentication is required for access
[pool] CLOSED from wss://relay.shawnyeager.com/chat: auth-required: all requests must be authenticated
[baseline] Progress: 550/560 relays queried
[baseline] Progress: 560/560 relays queried
[phase2] Subscription timeouts (no EOSE): 50
[phase2] CLOSED messages received: 33
  wss://relay.getalby.com/v1: blocked: Request rejected
  wss://relay.getalby.com/v1: blocked: Request rejected
  wss://relay.nsec.app: blocked: we only keep kind 24133 or 24135
  wss://sendit.nosflare.com: restricted: this relay does not accept REQs
  wss://aggr.nostr.land: auth-required: auth required for aggregator
  wss://relay.nosflare.com: auth-required: authentication required to subscribe
  wss://podtards.com/chat: auth-required: all requests must be authenticated
  wss://podtards.com/private: auth-required: all requests must be authenticated
  wss://meta.bitcoinwalk.org: auth-required: authentication is required for access
  wss://pantry.zap.cooking: auth-required: please authenticate

=== Phase 2: Event Verification (365d window) ===
Baseline: 560 relays queried (71.1% success), 3.4min
  Timing: connect 952ms median (2.5s p95) | query 1.8s median (16.4s p95) | 50 timeouts (47 relays)
  Authors: 2,141 with relay data
    Testable (reliable): 1256 | Testable (partial): 3 | Zero events: 873 | Unreliable: 9
  Baseline events: 146,054 (mean 116.0/author, median 20)
  Events per (relay,pubkey) capped at: 10000

  Headline metrics (1256 testable-reliable authors, 145,884 baseline events):

  Algorithm                        |   Evt Recall |   Auth Recall |  Relay OK% |     TTFE |      p50 |      p80 | Timeouts
  ---------------------------------+--------------+---------------+------------+----------+----------+----------+---------
  Welshman+Thompson (seed=0, single run) |        32.0% |         82.2% |     100.0% |    690ms |     9.6s |    33.1s |        2

  Per-author recall distribution:
  Algorithm                        |   Median |  % at 0% |      p25 |      p75
  ---------------------------------+----------+----------+----------+---------
  Welshman+Thompson (seed=0, single run) |    78.1% |    17.8% |     6.9% |   100.0%

  Latency simulation (parallel relay query):
  Algorithm                        |     TTFE |      p50 |      p80 |      Max |   TO |   TO Tax |   Relays |   Events
  ---------------------------------+----------+----------+----------+----------+------+----------+----------+---------
  Welshman+Thompson (seed=0, single run) |    690ms |     9.6s |    33.1s |    43.7s |    2 |    15.0s | 14/15/15 |   97,501
  (Relays: with-events/connected/total | TO Tax: ceil(timeouts/concurrency) × EOSE timeout)

  Progressive completeness (% of recall achieved by time):
  Algorithm                        |      @1s |      @2s |      @5s |     @10s |     @15s
  ---------------------------------+----------+----------+----------+----------+---------
  Welshman+Thompson (seed=0, single run) |     0.0% |     0.0% |     0.8% |    28.2% |    28.2%

  EOSE-race simulation (stop after first EOSE + grace period):
  Algorithm                        |     +0ms |   +200ms |   +500ms |      +1s |      +2s
  ---------------------------------+----------+----------+----------+----------+---------
  Welshman+Thompson (seed=0, single run) |     0.8% |     0.8% |     0.8% |     0.8% |     0.8%
  (First EOSE: Welshman+Thompson (seed=0, single run)=2.4s)

  Profile-view latency (per-author outbox query, top 3 write relays):
    Authors simulated: 1259 | Hit rate: 99.8%
    TTFE: 1.0s median, 1.6s mean, 2.8s p95
    Relays/profile: 2.9 queried, 2.6 with events, 0.44 timeouts

  Feed vs profile-view TTFE comparison:
  Algorithm                        |  Feed TTFE |  Profile TTFE |    Delta
  ---------------------------------+------------+---------------+---------
  Welshman+Thompson (seed=0, single run) |      690ms |          1.0s |   +326ms

  Including partial-baseline authors (1259 testable authors, 146,054 baseline events):

  Algorithm                        |   Evt Recall |   Auth Recall
  ---------------------------------+--------------+--------------
  Welshman+Thompson (seed=0, single run) |        32.0% |         82.2%

=== NIP-66 RTT vs Measured Latency (467 relays, data age: 47min) ===
                             N   Spearman r      MAE    Bias    Top5   Top10   Top20
------------------------  ----  -----------  -------  ------  ------  ------  ------
rttOpen vs connect         467        -0.05    760ms    1.0x    0.0%    0.0%    0.0%
rttRead vs query           394        -0.13     2.8s    7.8x    0.0%    0.0%    0.0%
(Bias = measured/nip66, >1 = NIP-66 underestimates. TopK = overlap of K fastest relays.)
Monitor: 9bb7cd94d7b6..., 9bbbb845e5b6..., 9ba1d7892cd0..., 58faef87b342..., 9ba6484003e8..., http-api..., 0b01aa38c2cc..., 9ba0ce3dcc28..., 45df0580711f..., b2c949c0fb79..., 9b85d54cc4bc...
[relay-scores] Updated scores for welshman-thompson: 20 relays, session 2
[relay-scores] Saved to .cache/relay_scores_2c65940725bbf10b_31536000_liveness_welshman-thompson.json

Thompson Sampling [welshman-thompson] learning state:
  Session: 2
  Relays with observations: 20
  Mean prior α: 113.7, β: 165.2
  Relays with strong preference (α>5): 16
  Relays learned to avoid (β>5): 20

JSON results written to: results/2c65940725bbf10b_1773195738565.json
