[0m[32mTask[0m [0m[36mbench[0m deno run --allow-net --allow-read --allow-write main.ts "2c65940725bbf10b452197fba41c6cb14afd41e28e0be22aab49bf246b0c84e3" "--algorithms" "welshman-thompson" "--verify" "--verify-window" "31536000" "--verify-concurrency" "10" "--max-connections" "15" "--nip66-filter" "liveness" "--no-phase2-cache" "--fast" "--output" "both"
Target: 2c65940725bbf10b...
Seed: 0 | Filter: strict | Runs: 3
Using cached data (fetched 2026-03-08T14:27:30.142Z)

=== Fetch Quality ===
Indexers: wss://purplepag.es (2748 events, 1108ms), wss://relay.damus.io (0 events, 475ms, errors: WebSocket error: NetworkError: failed to connect to WebSocket: Invalid status code 400 Bad Request), wss://nos.lol (2178 events, 776ms)
Follows: 2747 | With relay list: 2138 (77.8%) | Missing: 609 (22.2%) | Filtered-to-empty: 44
Filter profile: strict | Filtered URLs: 1088 (40 localhost, 156 insecure ws, 72 IP-only, 814 known-bad, 6 malformed)
Unique valid write relays: 1616 | Seed: 0
[nip66] Using cached monitor data (2346 relays)

=== NIP-66 Liveness Filter (liveness) ===
Monitor data: 2346 relays
Candidate relays: 1616
  Known alive: 943
  Unknown (removed): 673
  .onion preserved: 57
  Parse-failed preserved: 0
  Authors filtered to empty: 5
Relays after filter: 943
[relay-scores] Loaded 32 relay priors (session 8, from 2026-03-08T15:18:23.083Z)

Thompson Sampling [welshman-thompson]: loaded 32 relay priors (session 8)

=== Regime A: Fixed 15 Connections ===
  Algorithm                      |  Relays |   Assign% |  Orphans |  Alg.Orph |  Avg/pk |   Gini |    HHI
  -------------------------------+---------+-----------+----------+-----------+---------+--------+-------
  Welshman+Thompson (cap@15)     |      15 |     75.1% (0.0sd) |      685 |        76 |     2.3 |   0.59 |  0.164

=== Phase 2: Event Verification ===
Window: 31536000s | Kinds: 1 | Concurrency: 10
[baseline] Querying 943 relays for 2133 authors (window: 31536000s)
[pool] CLOSED from wss://relay.getalby.com/v1: blocked: Request rejected
[pool] CLOSED from wss://relay.getalby.com/v1: blocked: Request rejected
[baseline] Progress: 50/943 relays queried
[pool] CLOSED from wss://relay.nsec.app: blocked: we only keep kind 24133 or 24135
[baseline] Progress: 100/943 relays queried
[pool] CLOSED from wss://sendit.nosflare.com: restricted: this relay does not accept REQs
[pool] CLOSED from wss://aggr.nostr.land: auth-required: auth required for aggregator
[baseline] Progress: 150/943 relays queried
[pool] CLOSED from wss://relay.nosflare.com: auth-required: authentication required to subscribe
[pool] CLOSED from wss://podtards.com/chat: auth-required: all requests must be authenticated
[pool] CLOSED from wss://podtards.com/private: auth-required: all requests must be authenticated
[pool] CLOSED from wss://meta.bitcoinwalk.org: auth-required: authentication is required for access
[baseline] Progress: 200/943 relays queried
[pool] CLOSED from wss://pantry.zap.cooking: auth-required: please authenticate
[pool] CLOSED from wss://groups.0xchat.com: blocked: invalid query, must have 'h', 'e' or 'a' tag
[pool] CLOSED from wss://creatr.nostr.wine: auth-required: please authenticate before sending REQs
[pool] CLOSED from wss://greensoul.space: auth-required: only authenticated users can read from this relay
[baseline] Progress: 250/943 relays queried
[pool] CLOSED from wss://elites.nostrati.org: auth-required: you must auth
[baseline] Progress: 300/943 relays queried
[pool] CLOSED from wss://inbox.nostr.wine: blocked: this relay does not store any of the kinds in this request
[pool] CLOSED from wss://nostr.dbtc.link: auth-required: NIP-42 auth required
[pool] CLOSED from wss://auth.nostr1.com: auth-required: you must auth
[baseline] Progress: 350/943 relays queried
[pool] CLOSED from wss://wheat.happytavern.co: rate-limited: REQ rate limit exceeded
[baseline] Progress: 400/943 relays queried
[baseline] Progress: 450/943 relays queried
[pool] CLOSED from wss://relay.groups.nip29.com: blocked: invalid query, must have 'h', 'e' or 'a' tag
[pool] CLOSED from wss://relay.usefusion.ai: restricted: only kind 4 (DM) queries are allowed
[baseline] Progress: 500/943 relays queried
[pool] CLOSED from wss://groups.fiatjaf.com: blocked: invalid query, must have 'h', 'e' or 'a' tag
[baseline] Progress: 550/943 relays queried
[pool] CLOSED from wss://aplaceinthesun.nostr1.com: auth-required: you must auth
[baseline] Progress: 600/943 relays queried
[pool] CLOSED from wss://relay.utxo.one/chat: blocked: you must be in the web of trust to chat with the relay owner
[baseline] Progress: 650/943 relays queried
[pool] CLOSED from wss://relay.utxo.one/private: auth-required: this query requires you to be authenticated
[pool] CLOSED from wss://nortis.nostr1.com: auth-required: you must auth
[pool] CLOSED from wss://soapbox.chat: auth-required: authentication is required for access
[pool] CLOSED from wss://meta.spaces.coracle.social: auth-required: authentication is required for access
[baseline] Progress: 700/943 relays queried
[pool] CLOSED from wss://david.nostr1.com: auth-required: you must auth
[pool] CLOSED from wss://relay29.notoshi.win: blocked: invalid query, must have 'h', 'e' or 'a' tag
[pool] CLOSED from wss://jingle.nostrver.se: auth-required: take a selfie and send it to the CIA
[baseline] Progress: 750/943 relays queried
[pool] CLOSED from wss://bostr.erechorse.com: auth-required: authentication is required to perform this action.
[baseline] Progress: 800/943 relays queried
[pool] CLOSED from wss://personal.relays.land: auth-required: all requests must be authenticated
[baseline] Progress: 850/943 relays queried
[pool] CLOSED from wss://nostr.rikmeijer.nl: max number of subscriptions per client (100) reached
[pool] CLOSED from wss://internal.coracle.social: auth-required: authentication is required for access
[pool] CLOSED from wss://relay.shawnyeager.com/chat: auth-required: all requests must be authenticated
[baseline] Progress: 900/943 relays queried
[baseline] Progress: 943/943 relays queried
[phase2] Subscription timeouts (no EOSE): 39
[phase2] CLOSED messages received: 35
  wss://relay.getalby.com/v1: blocked: Request rejected
  wss://relay.getalby.com/v1: blocked: Request rejected
  wss://relay.nsec.app: blocked: we only keep kind 24133 or 24135
  wss://sendit.nosflare.com: restricted: this relay does not accept REQs
  wss://aggr.nostr.land: auth-required: auth required for aggregator
  wss://relay.nosflare.com: auth-required: authentication required to subscribe
  wss://podtards.com/chat: auth-required: all requests must be authenticated
  wss://podtards.com/private: auth-required: all requests must be authenticated
  wss://meta.bitcoinwalk.org: auth-required: authentication is required for access
  wss://pantry.zap.cooking: auth-required: please authenticate

=== Phase 2: Event Verification (365d window) ===
Baseline: 943 relays queried (42.9% success), 3.7min
  Timing: connect 701ms median (1.3s p95) | query 1.1s median (15.7s p95) | 39 timeouts (39 relays)
  Authors: 2,133 with relay data
    Testable (reliable): 1118 | Testable (partial): 116 | Zero events: 730 | Unreliable: 169
  Baseline events: 153,049 (mean 124.0/author, median 20)
  Events per (relay,pubkey) capped at: 10000

  Headline metrics (1118 testable-reliable authors, 146,521 baseline events):

  Algorithm                        |   Evt Recall |   Auth Recall |  Relay OK% |     TTFE |      p50 |      p80 | Timeouts
  ---------------------------------+--------------+---------------+------------+----------+----------+----------+---------
  Welshman+Thompson (seed=0, single run) |        31.6% |         80.9% |      66.7% |    665ms |    11.4s |    13.4s |        0

  Per-author recall distribution:
  Algorithm                        |   Median |  % at 0% |      p25 |      p75
  ---------------------------------+----------+----------+----------+---------
  Welshman+Thompson (seed=0, single run) |    74.0% |    19.1% |     3.4% |   100.0%

  Latency simulation (parallel relay query):
  Algorithm                        |     TTFE |      p50 |      p80 |      Max |   TO |   TO Tax |   Relays |   Events
  ---------------------------------+----------+----------+----------+----------+------+----------+----------+---------
  Welshman+Thompson (seed=0, single run) |    665ms |    11.4s |    13.4s |    19.9s |    0 |      0ms | 10/10/15 |   88,899
  (Relays: with-events/connected/total | TO Tax: ceil(timeouts/concurrency) × EOSE timeout)

  Progressive completeness (% of recall achieved by time):
  Algorithm                        |      @1s |      @2s |      @5s |     @10s |     @15s
  ---------------------------------+----------+----------+----------+----------+---------
  Welshman+Thompson (seed=0, single run) |     0.0% |     0.5% |    38.9% |    47.6% |    87.4%

  EOSE-race simulation (stop after first EOSE + grace period):
  Algorithm                        |     +0ms |   +200ms |   +500ms |      +1s |      +2s
  ---------------------------------+----------+----------+----------+----------+---------
  Welshman+Thompson (seed=0, single run) |     0.5% |     0.5% |     0.5% |     0.5% |    38.9%
  (First EOSE: Welshman+Thompson (seed=0, single run)=1.4s)

  Profile-view latency (per-author outbox query, top 3 write relays):
    Authors simulated: 1234 | Hit rate: 97.1%
    TTFE: 1.1s median, 1.2s mean, 2.0s p95
    Relays/profile: 2.9 queried, 2.0 with events, 0.02 timeouts

  Feed vs profile-view TTFE comparison:
  Algorithm                        |  Feed TTFE |  Profile TTFE |    Delta
  ---------------------------------+------------+---------------+---------
  Welshman+Thompson (seed=0, single run) |      665ms |          1.1s |   +439ms

  Including partial-baseline authors (1234 testable authors, 153,049 baseline events):

  Algorithm                        |   Evt Recall |   Auth Recall
  ---------------------------------+--------------+--------------
  Welshman+Thompson (seed=0, single run) |        31.4% |         79.8%

=== NIP-66 RTT vs Measured Latency (473 relays, data age: 61min) ===
                             N   Spearman r      MAE    Bias    Top5   Top10   Top20
------------------------  ----  -----------  -------  ------  ------  ------  ------
rttOpen vs connect         473        -0.14    478ms    1.3x    0.0%    0.0%    0.0%
rttRead vs query           399        -0.11     1.5s    9.5x    0.0%   10.0%   15.0%
(Bias = measured/nip66, >1 = NIP-66 underestimates. TopK = overlap of K fastest relays.)
Monitor: 9bbbb845e5b6..., b2c949c0fb79..., 9ba1d7892cd0..., 63019a1fc7c4..., 0b01aa38c2cc..., http-api..., 9b85d54cc4bc..., 9bb7cd94d7b6..., 45df0580711f...
[relay-scores] Updated scores for welshman-thompson: 35 relays, session 9
[relay-scores] Degrading relays (2): wss://nostr-pub.wellorder.net, wss://nostr.land
[relay-scores] Saved to .cache/relay_scores_2c65940725bbf10b_31536000_liveness_welshman-thompson.json

Thompson Sampling [welshman-thompson] learning state:
  Session: 9
  Relays with observations: 35
  Mean prior α: 222.0, β: 320.4
  Relays with strong preference (α>5): 21
  Relays learned to avoid (β>5): 35

JSON results written to: results/2c65940725bbf10b_1772983504521.json
