[0m[32mTask[0m [0m[36mbench[0m deno run --allow-net --allow-read --allow-write main.ts "3bf0c63fcb93463407af97a5e5ee64fa883d107ef9e558472c4eb9aaaefa459d" "--algorithms" "ndk-thompson,ndk-thompson-cg,ndk-thompson-cg2" "--verify-window" "31536000" "--verify" "--verify-concurrency" "10" "--nip66-filter" "liveness" "--no-phase2-cache" "--fast" "--output" "both"
Target: 3bf0c63fcb934634...
Seed: 0 | Filter: strict | Runs: 3
Using cached data (fetched 2026-03-10T02:45:38.940Z)

=== Fetch Quality ===
Indexers: wss://purplepag.es (0 events, 1286ms), wss://relay.damus.io (123 events, 598ms), wss://nos.lol (154 events, 822ms)
Follows: 196 | With relay list: 151 (77.0%) | Missing: 45 (23.0%) | Filtered-to-empty: 3
Filter profile: strict | Filtered URLs: 34 (2 localhost, 3 insecure ws, 29 known-bad)
Unique valid write relays: 233 | Seed: 0
[nip66] Using cached monitor data (1707 relays)

=== NIP-66 Liveness Filter (liveness) ===
Monitor data: 1707 relays
Candidate relays: 233
  Known alive: 156
  Unknown (removed): 77
  .onion preserved: 1
  Parse-failed preserved: 0
  Authors filtered to empty: 1
Relays after filter: 156
[relay-scores] Loaded 24 relay priors (session 2, from 2026-03-10T03:11:31.453Z)

Thompson Sampling [ndk-thompson]: loaded 24 relay priors (session 2)
[relay-scores] Loaded 23 relay priors (session 2, from 2026-03-10T03:11:31.475Z)

Thompson Sampling [ndk-thompson-cg]: loaded 23 relay priors (session 2)
[relay-scores] Loaded 23 relay priors (session 2, from 2026-03-10T03:11:31.486Z)

Thompson Sampling [ndk-thompson-cg2]: loaded 23 relay priors (session 2)
Coverage guarantee: 8 sole-source relays forced (20 maxConnections budget)
Coverage guarantee: 8 sole-source relays forced (20 maxConnections budget)
Coverage guarantee: 8 sole-source relays forced (20 maxConnections budget)
Coverage guarantee: 8 sole-source relays forced (capped at 10, 8 total sole-source) (20 maxConnections budget)
Coverage guarantee: 8 sole-source relays forced (capped at 10, 8 total sole-source) (20 maxConnections budget)
Coverage guarantee: 8 sole-source relays forced (capped at 10, 8 total sole-source) (20 maxConnections budget)

=== Regime A: Fixed 20 Connections ===
  Algorithm                      |  Relays |   Assign% |  Orphans |  Alg.Orph |  Avg/pk |   Gini |    HHI
  -------------------------------+---------+-----------+----------+-----------+---------+--------+-------
  NDK+Thompson (Priority)        |      20 |     74.0% (0.0sd) |       51 |         6 |     1.9 |   0.66 |  0.150
  NDK+Thompson (Priority)+CG     |      20 |     76.0% (0.0sd) |       47 |         2 |     1.9 |   0.68 |  0.168
  NDK+Thompson (Priority)+CG2    |      20 |     76.0% (0.0sd) |       47 |         2 |     1.9 |   0.68 |  0.168
Coverage guarantee: 8 sole-source relays forced (20 maxConnections budget)
Coverage guarantee: 8 sole-source relays forced (capped at 10, 8 total sole-source) (20 maxConnections budget)

=== Phase 2: Event Verification ===
Window: 31536000s | Kinds: 1 | Concurrency: 10
[baseline] Querying 156 relays for 150 authors (window: 31536000s)
[pool] CLOSED from wss://creatr.nostr.wine: auth-required: please authenticate before sending REQs
[pool] CLOSED from wss://relay.nosflare.com: auth-required: authentication required to subscribe
[pool] CLOSED from wss://greensoul.space: auth-required: only authenticated users can read from this relay
[baseline] Progress: 50/156 relays queried
[pool] CLOSED from wss://sendit.nosflare.com: restricted: this relay does not accept REQs
[pool] CLOSED from wss://inbox.nostr.wine: blocked: this relay does not store any of the kinds in this request
[pool] CLOSED from wss://relay.getalby.com/v1: blocked: Request rejected
[baseline] Progress: 100/156 relays queried
[pool] CLOSED from wss://hole.v0l.io: error: queries not allowed
[pool] CLOSED from wss://relay.danieldaquino.me/private: auth-required: this query requires you to be authenticated
[baseline] Progress: 150/156 relays queried
[baseline] Progress: 156/156 relays queried
[phase2] Subscription timeouts (no EOSE): 7
[phase2] CLOSED messages received: 8
  wss://creatr.nostr.wine: auth-required: please authenticate before sending REQs
  wss://relay.nosflare.com: auth-required: authentication required to subscribe
  wss://greensoul.space: auth-required: only authenticated users can read from this relay
  wss://sendit.nosflare.com: restricted: this relay does not accept REQs
  wss://inbox.nostr.wine: blocked: this relay does not store any of the kinds in this request
  wss://relay.getalby.com/v1: blocked: Request rejected
  wss://hole.v0l.io: error: queries not allowed
  wss://relay.danieldaquino.me/private: auth-required: this query requires you to be authenticated

=== Phase 2: Event Verification (365d window) ===
Baseline: 156 relays queried (73.7% success), 45s
  Timing: connect 776ms median (1.4s p95) | query 1.4s median (9.6s p95) | 7 timeouts (7 relays)
  Authors: 150 with relay data
    Testable (reliable): 120 | Testable (partial): 0 | Zero events: 29 | Unreliable: 1
  Baseline events: 37,117 (mean 309.3/author, median 61)
  Events per (relay,pubkey) capped at: 10000

  Headline metrics (120 testable-reliable authors, 37,117 baseline events):

  Algorithm                        |   Evt Recall |   Auth Recall |  Relay OK% |     TTFE |      p50 |      p80 | Timeouts
  ---------------------------------+--------------+---------------+------------+----------+----------+----------+---------
  NDK+Thompson (Priority) (seed=0, single run) |        12.9% |         70.8% |      85.0% |    782ms |     2.4s |     4.2s |        1
  NDK+Thompson CG (Priority) (seed=0, single run) |        39.2% |         73.3% |      95.0% |    749ms |     2.1s |     2.9s |        0
  NDK+Thompson CG2 (Priority) (seed=0, single run) |        39.2% |         73.3% |      95.0% |    749ms |     2.1s |     2.9s |        0

  Per-author recall distribution:
  Algorithm                        |   Median |  % at 0% |      p25 |      p75
  ---------------------------------+----------+----------+----------+---------
  NDK+Thompson (Priority) (seed=0, single run) |    13.9% |    29.2% |     0.0% |    98.8%
  NDK+Thompson CG (Priority) (seed=0, single run) |    18.8% |    26.7% |     0.0% |   100.0%
  NDK+Thompson CG2 (Priority) (seed=0, single run) |    18.8% |    26.7% |     0.0% |   100.0%

  Latency simulation (parallel relay query):
  Algorithm                        |     TTFE |      p50 |      p80 |      Max |   TO |   TO Tax |   Relays |   Events
  ---------------------------------+----------+----------+----------+----------+------+----------+----------+---------
  NDK+Thompson (Priority) (seed=0, single run) |    782ms |     2.4s |     4.2s |    16.2s |    1 |    15.0s | 16/18/20 |    7,082
  NDK+Thompson CG (Priority) (seed=0, single run) |    749ms |     2.1s |     2.9s |     7.5s |    0 |      0ms | 18/19/20 |   18,285
  NDK+Thompson CG2 (Priority) (seed=0, single run) |    749ms |     2.1s |     2.9s |     7.5s |    0 |      0ms | 18/19/20 |   18,285
  (Relays: with-events/connected/total | TO Tax: ceil(timeouts/concurrency) × EOSE timeout)

  Progressive completeness (% of recall achieved by time):
  Algorithm                        |      @1s |      @2s |      @5s |     @10s |     @15s
  ---------------------------------+----------+----------+----------+----------+---------
  NDK+Thompson (Priority) (seed=0, single run) |    10.9% |    35.6% |    76.5% |   100.0% |   100.0%
  NDK+Thompson CG (Priority) (seed=0, single run) |     2.3% |    14.5% |    93.3% |   100.0% |   100.0%
  NDK+Thompson CG2 (Priority) (seed=0, single run) |     2.3% |    14.5% |    93.3% |   100.0% |   100.0%

  EOSE-race simulation (stop after first EOSE + grace period):
  Algorithm                        |     +0ms |   +200ms |   +500ms |      +1s |      +2s
  ---------------------------------+----------+----------+----------+----------+---------
  NDK+Thompson (Priority) (seed=0, single run) |     0.6% |    10.9% |    23.4% |    35.6% |    50.2%
  NDK+Thompson CG (Priority) (seed=0, single run) |     0.2% |     2.3% |     6.9% |    11.1% |    86.6%
  NDK+Thompson CG2 (Priority) (seed=0, single run) |     0.2% |     2.3% |     6.9% |    11.1% |    86.6%
  (First EOSE: NDK+Thompson (Priority) (seed=0, single run)=841ms, NDK+Thompson CG (Priority) (seed=0, single run)=841ms, NDK+Thompson CG2 (Priority) (seed=0, single run)=841ms)

  Profile-view latency (per-author outbox query, top 3 write relays):
    Authors simulated: 120 | Hit rate: 100.0%
    TTFE: 1.8s median, 1.8s mean, 2.5s p95
    Relays/profile: 2.8 queried, 2.1 with events, 0.08 timeouts

  Feed vs profile-view TTFE comparison:
  Algorithm                        |  Feed TTFE |  Profile TTFE |    Delta
  ---------------------------------+------------+---------------+---------
  NDK+Thompson (Priority) (seed=0, single run) |      782ms |          1.8s |   +981ms
  NDK+Thompson CG (Priority) (seed=0, single run) |      749ms |          1.8s |    +1.0s
  NDK+Thompson CG2 (Priority) (seed=0, single run) |      749ms |          1.8s |    +1.0s

=== NIP-66 RTT vs Measured Latency (124 relays, data age: 69min) ===
                             N   Spearman r      MAE    Bias    Top5   Top10   Top20
------------------------  ----  -----------  -------  ------  ------  ------  ------
rttOpen vs connect         124        -0.07    618ms    1.1x    0.0%    0.0%    5.0%
rttRead vs query           111        -0.08     1.8s    9.7x    0.0%    0.0%   10.0%
(Bias = measured/nip66, >1 = NIP-66 underestimates. TopK = overlap of K fastest relays.)
Monitor: 9ba1d7892cd0..., 9bbbb845e5b6..., 45df0580711f..., 9bb7cd94d7b6..., 0b01aa38c2cc..., http-api..., b2c949c0fb79..., 9ba6484003e8...
[relay-scores] Updated scores for ndk-thompson: 29 relays, session 3
[relay-scores] Degrading relays (3): wss://nostr-pub.wellorder.net, wss://relay.damus.io, wss://spatia-arcana.com
[relay-scores] Saved to .cache/relay_scores_3bf0c63fcb934634_31536000_liveness_ndk-thompson.json

Thompson Sampling [ndk-thompson] learning state:
  Session: 3
  Relays with observations: 29
  Mean prior α: 7.5, β: 16.3
  Relays with strong preference (α>5): 12
  Relays learned to avoid (β>5): 12
[relay-scores-se] Relay wss://basspistol.org: 1 contested obs (fallback dampening applied)
[relay-scores-se] Relay wss://nostr.land: 2 contested obs (fallback dampening applied)
[relay-scores-se] Relay wss://relay.westernbtc.com: 1 contested obs (fallback dampening applied)
[relay-scores-se] Relay wss://nostr.lopp.social: 0 contested obs (fallback dampening applied)
[relay-scores-se] Updated scores for ndk-thompson-cg: 26 relays, session 3
[relay-scores-se] Skipped 8 sole-source observations across 7 relays
[relay-scores-se] Force-included relays and scores: wss://relay.ditto.pub(E=0.807), wss://basspistol.org(E=0.783), wss://nostr.wine(E=0.218), wss://nostr.land(E=0.181), wss://theforest.nostr1.com(E=0.796), wss://relay.westernbtc.com(E=0.601), wss://nostr.lopp.social(E=0.794)
[relay-scores-se] Degrading relays (2): wss://theforest.nostr1.com, wss://relay.damus.io
[relay-scores] Saved to .cache/relay_scores_3bf0c63fcb934634_31536000_liveness_ndk-thompson-cg.json

Thompson Sampling [ndk-thompson-cg] learning state:
  Session: 3
  Relays with observations: 26
  Mean prior α: 7.7, β: 18.4
  Relays with strong preference (α>5): 10
  Relays learned to avoid (β>5): 7
[relay-scores-se] Relay wss://basspistol.org: 1 contested obs (fallback dampening applied)
[relay-scores-se] Relay wss://nostr.land: 2 contested obs (fallback dampening applied)
[relay-scores-se] Relay wss://relay.westernbtc.com: 1 contested obs (fallback dampening applied)
[relay-scores-se] Relay wss://nostr.lopp.social: 0 contested obs (fallback dampening applied)
[relay-scores-se] Updated scores for ndk-thompson-cg2: 26 relays, session 3
[relay-scores-se] Skipped 8 sole-source observations across 7 relays
[relay-scores-se] Force-included relays and scores: wss://relay.ditto.pub(E=0.807), wss://basspistol.org(E=0.783), wss://nostr.wine(E=0.218), wss://nostr.land(E=0.181), wss://theforest.nostr1.com(E=0.796), wss://relay.westernbtc.com(E=0.601), wss://nostr.lopp.social(E=0.794)
[relay-scores-se] Degrading relays (2): wss://theforest.nostr1.com, wss://relay.damus.io
[relay-scores] Saved to .cache/relay_scores_3bf0c63fcb934634_31536000_liveness_ndk-thompson-cg2.json

Thompson Sampling [ndk-thompson-cg2] learning state:
  Session: 3
  Relays with observations: 26
  Mean prior α: 7.7, β: 18.4
  Relays with strong preference (α>5): 10
  Relays learned to avoid (β>5): 7

JSON results written to: results/3bf0c63fcb934634_1773113566964.json
