[0m[32mTask[0m [0m[36mbench[0m deno run --allow-net --allow-read --allow-write main.ts "3bf0c63fcb93463407af97a5e5ee64fa883d107ef9e558472c4eb9aaaefa459d" "--algorithms" "ndk-thompson,ndk-thompson-cg,ndk-thompson-cg2" "--verify-window" "31536000" "--verify" "--verify-concurrency" "10" "--nip66-filter" "liveness" "--no-phase2-cache" "--fast" "--output" "both"
Target: 3bf0c63fcb934634...
Seed: 0 | Filter: strict | Runs: 3
Using cached data (fetched 2026-03-10T02:45:38.940Z)

=== Fetch Quality ===
Indexers: wss://purplepag.es (0 events, 1286ms), wss://relay.damus.io (123 events, 598ms), wss://nos.lol (154 events, 822ms)
Follows: 196 | With relay list: 151 (77.0%) | Missing: 45 (23.0%) | Filtered-to-empty: 3
Filter profile: strict | Filtered URLs: 34 (2 localhost, 3 insecure ws, 29 known-bad)
Unique valid write relays: 233 | Seed: 0
[nip66] Using cached monitor data (1707 relays)

=== NIP-66 Liveness Filter (liveness) ===
Monitor data: 1707 relays
Candidate relays: 233
  Known alive: 156
  Unknown (removed): 77
  .onion preserved: 1
  Parse-failed preserved: 0
  Authors filtered to empty: 1
Relays after filter: 156
[relay-scores] Loaded 20 relay priors (session 1, from 2026-03-10T02:47:05.720Z)

Thompson Sampling [ndk-thompson]: loaded 20 relay priors (session 1)
[relay-scores] Loaded 20 relay priors (session 1, from 2026-03-10T02:47:05.733Z)

Thompson Sampling [ndk-thompson-cg]: loaded 20 relay priors (session 1)
[relay-scores] Loaded 20 relay priors (session 1, from 2026-03-10T02:47:05.737Z)

Thompson Sampling [ndk-thompson-cg2]: loaded 20 relay priors (session 1)
Coverage guarantee: 8 sole-source relays forced (20 maxConnections budget)
Coverage guarantee: 8 sole-source relays forced (20 maxConnections budget)
Coverage guarantee: 8 sole-source relays forced (20 maxConnections budget)
Coverage guarantee: 8 sole-source relays forced (capped at 10, 8 total sole-source) (20 maxConnections budget)
Coverage guarantee: 8 sole-source relays forced (capped at 10, 8 total sole-source) (20 maxConnections budget)
Coverage guarantee: 8 sole-source relays forced (capped at 10, 8 total sole-source) (20 maxConnections budget)

=== Regime A: Fixed 20 Connections ===
  Algorithm                      |  Relays |   Assign% |  Orphans |  Alg.Orph |  Avg/pk |   Gini |    HHI
  -------------------------------+---------+-----------+----------+-----------+---------+--------+-------
  NDK+Thompson (Priority)        |      20 |     73.8% (0.0sd) | 51.333333333333336 | 6.333333333333333 |     1.9 |   0.62 |  0.136
  NDK+Thompson (Priority)+CG     |      20 |     76.0% (0.0sd) |       47 |         2 |     1.9 |   0.69 |  0.173
  NDK+Thompson (Priority)+CG2    |      20 |     76.0% (0.0sd) |       47 |         2 |     1.9 |   0.69 |  0.173
Coverage guarantee: 8 sole-source relays forced (20 maxConnections budget)
Coverage guarantee: 8 sole-source relays forced (capped at 10, 8 total sole-source) (20 maxConnections budget)

=== Phase 2: Event Verification ===
Window: 31536000s | Kinds: 1 | Concurrency: 10
[baseline] Querying 156 relays for 150 authors (window: 31536000s)
[pool] CLOSED from wss://creatr.nostr.wine: auth-required: please authenticate before sending REQs
[pool] CLOSED from wss://greensoul.space: auth-required: only authenticated users can read from this relay
[pool] CLOSED from wss://relay.nosflare.com: auth-required: authentication required to subscribe
[baseline] Progress: 50/156 relays queried
[pool] CLOSED from wss://sendit.nosflare.com: restricted: this relay does not accept REQs
[pool] CLOSED from wss://inbox.nostr.wine: blocked: this relay does not store any of the kinds in this request
[pool] CLOSED from wss://relay.getalby.com/v1: blocked: Request rejected
[baseline] Progress: 100/156 relays queried
[pool] CLOSED from wss://hole.v0l.io: error: queries not allowed
[pool] CLOSED from wss://relay.danieldaquino.me/private: auth-required: this query requires you to be authenticated
[baseline] Progress: 150/156 relays queried
[baseline] Progress: 156/156 relays queried
[phase2] Subscription timeouts (no EOSE): 6
[phase2] CLOSED messages received: 8
  wss://creatr.nostr.wine: auth-required: please authenticate before sending REQs
  wss://greensoul.space: auth-required: only authenticated users can read from this relay
  wss://relay.nosflare.com: auth-required: authentication required to subscribe
  wss://sendit.nosflare.com: restricted: this relay does not accept REQs
  wss://inbox.nostr.wine: blocked: this relay does not store any of the kinds in this request
  wss://relay.getalby.com/v1: blocked: Request rejected
  wss://hole.v0l.io: error: queries not allowed
  wss://relay.danieldaquino.me/private: auth-required: this query requires you to be authenticated

=== Phase 2: Event Verification (365d window) ===
Baseline: 156 relays queried (72.4% success), 45s
  Timing: connect 857ms median (1.9s p95) | query 1.7s median (6.1s p95) | 6 timeouts (7 relays)
  Authors: 150 with relay data
    Testable (reliable): 120 | Testable (partial): 0 | Zero events: 30 | Unreliable: 0
  Baseline events: 37,727 (mean 314.4/author, median 65)
  Events per (relay,pubkey) capped at: 10000

  Headline metrics (120 testable-reliable authors, 37,727 baseline events):

  Algorithm                        |   Evt Recall |   Auth Recall |  Relay OK% |     TTFE |      p50 |      p80 | Timeouts
  ---------------------------------+--------------+---------------+------------+----------+----------+----------+---------
  NDK+Thompson (Priority) (seed=0, single run) |        13.8% |         79.2% |      80.0% |     1.2s |     3.5s |     4.4s |        0
  NDK+Thompson CG (Priority) (seed=0, single run) |        39.0% |         78.3% |      80.0% |    896ms |     3.5s |     6.6s |        0
  NDK+Thompson CG2 (Priority) (seed=0, single run) |        39.0% |         78.3% |      80.0% |    896ms |     3.5s |     6.6s |        0

  Per-author recall distribution:
  Algorithm                        |   Median |  % at 0% |      p25 |      p75
  ---------------------------------+----------+----------+----------+---------
  NDK+Thompson (Priority) (seed=0, single run) |    29.5% |    20.8% |     2.7% |   100.0%
  NDK+Thompson CG (Priority) (seed=0, single run) |    20.8% |    21.7% |     1.4% |   100.0%
  NDK+Thompson CG2 (Priority) (seed=0, single run) |    20.8% |    21.7% |     1.4% |   100.0%

  Latency simulation (parallel relay query):
  Algorithm                        |     TTFE |      p50 |      p80 |      Max |   TO |   TO Tax |   Relays |   Events
  ---------------------------------+----------+----------+----------+----------+------+----------+----------+---------
  NDK+Thompson (Priority) (seed=0, single run) |     1.2s |     3.5s |     4.4s |     6.9s |    0 |      0ms | 16/17/20 |    9,999
  NDK+Thompson CG (Priority) (seed=0, single run) |    896ms |     3.5s |     6.6s |     6.9s |    0 |      0ms | 16/17/20 |   18,930
  NDK+Thompson CG2 (Priority) (seed=0, single run) |    896ms |     3.5s |     6.6s |     6.9s |    0 |      0ms | 16/17/20 |   18,930
  (Relays: with-events/connected/total | TO Tax: ceil(timeouts/concurrency) × EOSE timeout)

  Progressive completeness (% of recall achieved by time):
  Algorithm                        |      @1s |      @2s |      @5s |     @10s |     @15s
  ---------------------------------+----------+----------+----------+----------+---------
  NDK+Thompson (Priority) (seed=0, single run) |     0.0% |     0.6% |    69.4% |   100.0% |   100.0%
  NDK+Thompson CG (Priority) (seed=0, single run) |     0.0% |     3.6% |    17.1% |   100.0% |   100.0%
  NDK+Thompson CG2 (Priority) (seed=0, single run) |     0.0% |     3.6% |    17.1% |   100.0% |   100.0%

  EOSE-race simulation (stop after first EOSE + grace period):
  Algorithm                        |     +0ms |   +200ms |   +500ms |      +1s |      +2s
  ---------------------------------+----------+----------+----------+----------+---------
  NDK+Thompson (Priority) (seed=0, single run) |     0.6% |     0.6% |     0.6% |     0.6% |    31.4%
  NDK+Thompson CG (Priority) (seed=0, single run) |     3.4% |     3.6% |     3.6% |     7.0% |    11.8%
  NDK+Thompson CG2 (Priority) (seed=0, single run) |     3.4% |     3.6% |     3.6% |     7.0% |    11.8%
  (First EOSE: NDK+Thompson (Priority) (seed=0, single run)=1.2s, NDK+Thompson CG (Priority) (seed=0, single run)=1.2s, NDK+Thompson CG2 (Priority) (seed=0, single run)=1.2s)

  Profile-view latency (per-author outbox query, top 3 write relays):
    Authors simulated: 120 | Hit rate: 100.0%
    TTFE: 1.3s median, 1.5s mean, 2.4s p95
    Relays/profile: 2.8 queried, 2.6 with events, 0.03 timeouts

  Feed vs profile-view TTFE comparison:
  Algorithm                        |  Feed TTFE |  Profile TTFE |    Delta
  ---------------------------------+------------+---------------+---------
  NDK+Thompson (Priority) (seed=0, single run) |       1.2s |          1.3s |   +132ms
  NDK+Thompson CG (Priority) (seed=0, single run) |      896ms |          1.3s |   +393ms
  NDK+Thompson CG2 (Priority) (seed=0, single run) |      896ms |          1.3s |   +393ms

=== NIP-66 RTT vs Measured Latency (122 relays, data age: 48min) ===
                             N   Spearman r      MAE    Bias    Top5   Top10   Top20
------------------------  ----  -----------  -------  ------  ------  ------  ------
rttOpen vs connect         122        -0.06    657ms    1.4x    0.0%    0.0%    0.0%
rttRead vs query           109         0.04     2.2s   17.2x    0.0%    0.0%   20.0%
(Bias = measured/nip66, >1 = NIP-66 underestimates. TopK = overlap of K fastest relays.)
Monitor: 9bbbb845e5b6..., 9ba1d7892cd0..., 45df0580711f..., 0b01aa38c2cc..., 9bb7cd94d7b6..., http-api..., b2c949c0fb79..., 9ba6484003e8...
[relay-scores] Updated scores for ndk-thompson: 24 relays, session 2
[relay-scores] Saved to .cache/relay_scores_3bf0c63fcb934634_31536000_liveness_ndk-thompson.json

Thompson Sampling [ndk-thompson] learning state:
  Session: 2
  Relays with observations: 24
  Mean prior α: 6.7, β: 13.4
  Relays with strong preference (α>5): 11
  Relays learned to avoid (β>5): 11
[relay-scores-se] Relay wss://basspistol.org: 1 contested obs (fallback dampening applied)
[relay-scores-se] Relay wss://relay.westernbtc.com: 1 contested obs (fallback dampening applied)
[relay-scores-se] Relay wss://nostr.lopp.social: 0 contested obs (fallback dampening applied)
[relay-scores-se] Updated scores for ndk-thompson-cg: 23 relays, session 2
[relay-scores-se] Skipped 8 sole-source observations across 7 relays
[relay-scores-se] Force-included relays and scores: wss://relay.ditto.pub(E=0.815), wss://basspistol.org(E=0.752), wss://nostr.wine(E=0.211), wss://nostr.land(E=0.120), wss://theforest.nostr1.com(E=0.792), wss://relay.westernbtc.com(E=0.621), wss://nostr.lopp.social(E=0.747)
[relay-scores] Saved to .cache/relay_scores_3bf0c63fcb934634_31536000_liveness_ndk-thompson-cg.json

Thompson Sampling [ndk-thompson-cg] learning state:
  Session: 2
  Relays with observations: 23
  Mean prior α: 6.5, β: 14.2
  Relays with strong preference (α>5): 9
  Relays learned to avoid (β>5): 6
[relay-scores-se] Relay wss://basspistol.org: 1 contested obs (fallback dampening applied)
[relay-scores-se] Relay wss://relay.westernbtc.com: 1 contested obs (fallback dampening applied)
[relay-scores-se] Relay wss://nostr.lopp.social: 0 contested obs (fallback dampening applied)
[relay-scores-se] Updated scores for ndk-thompson-cg2: 23 relays, session 2
[relay-scores-se] Skipped 8 sole-source observations across 7 relays
[relay-scores-se] Force-included relays and scores: wss://relay.ditto.pub(E=0.815), wss://basspistol.org(E=0.752), wss://nostr.wine(E=0.211), wss://nostr.land(E=0.120), wss://theforest.nostr1.com(E=0.792), wss://relay.westernbtc.com(E=0.621), wss://nostr.lopp.social(E=0.747)
[relay-scores] Saved to .cache/relay_scores_3bf0c63fcb934634_31536000_liveness_ndk-thompson-cg2.json

Thompson Sampling [ndk-thompson-cg2] learning state:
  Session: 2
  Relays with observations: 23
  Mean prior α: 6.5, β: 14.2
  Relays with strong preference (α>5): 9
  Relays learned to avoid (β>5): 6

JSON results written to: results/3bf0c63fcb934634_1773112291495.json
