[0m[32mTask[0m [0m[36mbench[0m deno run --allow-net --allow-read --allow-write main.ts "6a0c596c1484eae2e8131a030f269944921e52619c1dd143a029c64ea6cd9731" "--algorithms" "ndk-thompson,ndk-thompson-cg,ndk-thompson-cg2" "--verify-window" "31536000" "--verify" "--verify-concurrency" "10" "--nip66-filter" "liveness" "--no-phase2-cache" "--fast" "--output" "both"
Target: 6a0c596c1484eae2...
Seed: 0 | Filter: strict | Runs: 3
Using cached data (fetched 2026-03-10T03:00:24.930Z)

=== Fetch Quality ===
Indexers: wss://purplepag.es (401 events, 1110ms), wss://relay.damus.io (133 events, 765ms), wss://nos.lol (236 events, 662ms)
Follows: 400 | With relay list: 232 (58.0%) | Missing: 168 (42.0%) | Filtered-to-empty: 8
Filter profile: strict | Filtered URLs: 107 (6 localhost, 32 insecure ws, 7 IP-only, 55 known-bad, 7 malformed)
Unique valid write relays: 569 | Seed: 0
[nip66] Using cached monitor data (1707 relays)

=== NIP-66 Liveness Filter (liveness) ===
Monitor data: 1707 relays
Candidate relays: 569
  Known alive: 234
  Unknown (removed): 335
  .onion preserved: 16
  Parse-failed preserved: 0
  Authors filtered to empty: 2
Relays after filter: 234
[relay-scores] Loaded 20 relay priors (session 1, from 2026-03-10T03:01:08.654Z)

Thompson Sampling [ndk-thompson]: loaded 20 relay priors (session 1)
[relay-scores] Loaded 20 relay priors (session 1, from 2026-03-10T03:01:08.660Z)

Thompson Sampling [ndk-thompson-cg]: loaded 20 relay priors (session 1)
[relay-scores] Loaded 20 relay priors (session 1, from 2026-03-10T03:01:08.664Z)

Thompson Sampling [ndk-thompson-cg2]: loaded 20 relay priors (session 1)
Coverage guarantee: 7 sole-source relays forced (20 maxConnections budget)
Coverage guarantee: 7 sole-source relays forced (20 maxConnections budget)
Coverage guarantee: 7 sole-source relays forced (20 maxConnections budget)
Coverage guarantee: 7 sole-source relays forced (capped at 10, 7 total sole-source) (20 maxConnections budget)
Coverage guarantee: 7 sole-source relays forced (capped at 10, 7 total sole-source) (20 maxConnections budget)
Coverage guarantee: 7 sole-source relays forced (capped at 10, 7 total sole-source) (20 maxConnections budget)

=== Regime A: Fixed 20 Connections ===
  Algorithm                      |  Relays |   Assign% |  Orphans |  Alg.Orph |  Avg/pk |   Gini |    HHI
  -------------------------------+---------+-----------+----------+-----------+---------+--------+-------
  NDK+Thompson (Priority)        |      20 |     56.8% (0.0sd) |      173 |         5 |     1.9 |   0.70 |  0.178
  NDK+Thompson (Priority)+CG     |      20 |     57.0% (0.0sd) |      172 |         4 |     1.9 |   0.75 |  0.211
  NDK+Thompson (Priority)+CG2    |      20 |     57.0% (0.0sd) |      172 |         4 |     1.9 |   0.75 |  0.211
Coverage guarantee: 7 sole-source relays forced (20 maxConnections budget)
Coverage guarantee: 7 sole-source relays forced (capped at 10, 7 total sole-source) (20 maxConnections budget)

=== Phase 2: Event Verification ===
Window: 31536000s | Kinds: 1 | Concurrency: 10
[baseline] Querying 234 relays for 230 authors (window: 31536000s)
[pool] CLOSED from wss://relay.nosflare.com: auth-required: authentication required to subscribe
[pool] CLOSED from wss://greensoul.space: auth-required: only authenticated users can read from this relay
[pool] CLOSED from wss://aggr.nostr.land: auth-required: auth required for aggregator
[baseline] Progress: 50/234 relays queried
[pool] CLOSED from wss://creatr.nostr.wine: auth-required: please authenticate before sending REQs
[baseline] Progress: 100/234 relays queried
[pool] CLOSED from wss://auth.nostr1.com: auth-required: you must auth
[baseline] Progress: 150/234 relays queried
[pool] CLOSED from wss://relay.getalby.com/v1: blocked: Request rejected
[pool] CLOSED from wss://relay.nostraddress.com: auth-required: authentication required to subscribe
[pool] CLOSED from wss://relay.nsec.app: blocked: we only keep kind 24133 or 24135
[baseline] Progress: 200/234 relays queried
[pool] CLOSED from wss://impromptu.relays.land: auth-required: all requests must be authenticated
[baseline] Progress: 234/234 relays queried
[phase2] Subscription timeouts (no EOSE): 10
[phase2] CLOSED messages received: 9
  wss://relay.nosflare.com: auth-required: authentication required to subscribe
  wss://greensoul.space: auth-required: only authenticated users can read from this relay
  wss://aggr.nostr.land: auth-required: auth required for aggregator
  wss://creatr.nostr.wine: auth-required: please authenticate before sending REQs
  wss://auth.nostr1.com: auth-required: you must auth
  wss://relay.getalby.com/v1: blocked: Request rejected
  wss://relay.nostraddress.com: auth-required: authentication required to subscribe
  wss://relay.nsec.app: blocked: we only keep kind 24133 or 24135
  wss://impromptu.relays.land: auth-required: all requests must be authenticated

=== Phase 2: Event Verification (365d window) ===
Baseline: 234 relays queried (60.7% success), 52s
  Timing: connect 705ms median (1.4s p95) | query 1.2s median (15.5s p95) | 10 timeouts (10 relays)
  Authors: 230 with relay data
    Testable (reliable): 101 | Testable (partial): 0 | Zero events: 126 | Unreliable: 3
  Baseline events: 27,950 (mean 276.7/author, median 40)
  Events per (relay,pubkey) capped at: 10000

  Headline metrics (101 testable-reliable authors, 27,950 baseline events):

  Algorithm                        |   Evt Recall |   Auth Recall |  Relay OK% |     TTFE |      p50 |      p80 | Timeouts
  ---------------------------------+--------------+---------------+------------+----------+----------+----------+---------
  NDK+Thompson (Priority) (seed=0, single run) |        16.7% |         86.1% |      80.0% |    793ms |     2.3s |     3.4s |        2
  NDK+Thompson CG (Priority) (seed=0, single run) |        18.1% |         89.1% |      80.0% |    832ms |     2.3s |     3.1s |        1
  NDK+Thompson CG2 (Priority) (seed=0, single run) |        18.1% |         89.1% |      80.0% |    832ms |     2.3s |     3.1s |        1

  Per-author recall distribution:
  Algorithm                        |   Median |  % at 0% |      p25 |      p75
  ---------------------------------+----------+----------+----------+---------
  NDK+Thompson (Priority) (seed=0, single run) |    75.0% |    13.9% |     5.2% |   100.0%
  NDK+Thompson CG (Priority) (seed=0, single run) |    85.0% |    10.9% |    10.8% |   100.0%
  NDK+Thompson CG2 (Priority) (seed=0, single run) |    85.0% |    10.9% |    10.8% |   100.0%

  Latency simulation (parallel relay query):
  Algorithm                        |     TTFE |      p50 |      p80 |      Max |   TO |   TO Tax |   Relays |   Events
  ---------------------------------+----------+----------+----------+----------+------+----------+----------+---------
  NDK+Thompson (Priority) (seed=0, single run) |    793ms |     2.3s |     3.4s |    17.8s |    2 |    15.0s | 15/18/20 |   12,383
  NDK+Thompson CG (Priority) (seed=0, single run) |    832ms |     2.3s |     3.1s |    16.1s |    1 |    15.0s | 15/17/20 |   10,610
  NDK+Thompson CG2 (Priority) (seed=0, single run) |    832ms |     2.3s |     3.1s |    16.1s |    1 |    15.0s | 15/17/20 |   10,610
  (Relays: with-events/connected/total | TO Tax: ceil(timeouts/concurrency) × EOSE timeout)

  Progressive completeness (% of recall achieved by time):
  Algorithm                        |      @1s |      @2s |      @5s |     @10s |     @15s
  ---------------------------------+----------+----------+----------+----------+---------
  NDK+Thompson (Priority) (seed=0, single run) |     4.1% |    47.4% |   100.0% |   100.0% |   100.0%
  NDK+Thompson CG (Priority) (seed=0, single run) |     0.0% |    31.1% |   100.0% |   100.0% |   100.0%
  NDK+Thompson CG2 (Priority) (seed=0, single run) |     0.0% |    31.1% |   100.0% |   100.0% |   100.0%

  EOSE-race simulation (stop after first EOSE + grace period):
  Algorithm                        |     +0ms |   +200ms |   +500ms |      +1s |      +2s
  ---------------------------------+----------+----------+----------+----------+---------
  NDK+Thompson (Priority) (seed=0, single run) |     4.1% |     4.1% |    17.9% |    47.4% |    66.2%
  NDK+Thompson CG (Priority) (seed=0, single run) |    18.2% |    20.5% |    31.1% |    31.1% |    56.0%
  NDK+Thompson CG2 (Priority) (seed=0, single run) |    18.2% |    20.5% |    31.1% |    31.1% |    56.0%
  (First EOSE: NDK+Thompson (Priority) (seed=0, single run)=942ms, NDK+Thompson CG (Priority) (seed=0, single run)=1.2s, NDK+Thompson CG2 (Priority) (seed=0, single run)=1.2s)

  Profile-view latency (per-author outbox query, top 3 write relays):
    Authors simulated: 101 | Hit rate: 98.0%
    TTFE: 834ms median, 1.1s mean, 1.7s p95
    Relays/profile: 2.8 queried, 2.4 with events, 0.07 timeouts

  Feed vs profile-view TTFE comparison:
  Algorithm                        |  Feed TTFE |  Profile TTFE |    Delta
  ---------------------------------+------------+---------------+---------
  NDK+Thompson (Priority) (seed=0, single run) |      793ms |         834ms |    +41ms
  NDK+Thompson CG (Priority) (seed=0, single run) |      832ms |         834ms |     +2ms
  NDK+Thompson CG2 (Priority) (seed=0, single run) |      832ms |         834ms |     +2ms

=== NIP-66 RTT vs Measured Latency (157 relays, data age: 60min) ===
                             N   Spearman r      MAE    Bias    Top5   Top10   Top20
------------------------  ----  -----------  -------  ------  ------  ------  ------
rttOpen vs connect         157         0.05    576ms    1.1x    0.0%    0.0%    0.0%
rttRead vs query           141         0.05     1.6s    8.5x   20.0%   10.0%    5.0%
(Bias = measured/nip66, >1 = NIP-66 underestimates. TopK = overlap of K fastest relays.)
Monitor: 9bbbb845e5b6..., 9bb7cd94d7b6..., 9ba1d7892cd0..., b2c949c0fb79..., 0b01aa38c2cc..., 45df0580711f..., 9b85d54cc4bc..., http-api..., 9ba046db56b8..., 9ba6484003e8...
[relay-scores] Updated scores for ndk-thompson: 29 relays, session 2
[relay-scores] Saved to .cache/relay_scores_6a0c596c1484eae2_31536000_liveness_ndk-thompson.json

Thompson Sampling [ndk-thompson] learning state:
  Session: 2
  Relays with observations: 29
  Mean prior α: 6.6, β: 8.0
  Relays with strong preference (α>5): 8
  Relays learned to avoid (β>5): 9
[relay-scores-se] Relay wss://relay.momostr.pink: 1 contested obs (fallback dampening applied)
[relay-scores-se] Relay wss://wot.nostr.sats4.life: 0 contested obs (fallback dampening applied)
[relay-scores-se] Updated scores for ndk-thompson-cg: 24 relays, session 2
[relay-scores-se] Skipped 6 sole-source observations across 5 relays
[relay-scores-se] Force-included relays and scores: wss://nos.lol(E=0.516), wss://relay.ditto.pub(E=0.886), wss://relay.primal.net(E=0.325), wss://relay.momostr.pink(E=0.646), wss://wot.nostr.sats4.life(E=0.747)
[relay-scores] Saved to .cache/relay_scores_6a0c596c1484eae2_31536000_liveness_ndk-thompson-cg.json

Thompson Sampling [ndk-thompson-cg] learning state:
  Session: 2
  Relays with observations: 24
  Mean prior α: 7.7, β: 9.3
  Relays with strong preference (α>5): 6
  Relays learned to avoid (β>5): 8
[relay-scores-se] Relay wss://relay.momostr.pink: 1 contested obs (fallback dampening applied)
[relay-scores-se] Relay wss://wot.nostr.sats4.life: 0 contested obs (fallback dampening applied)
[relay-scores-se] Updated scores for ndk-thompson-cg2: 24 relays, session 2
[relay-scores-se] Skipped 6 sole-source observations across 5 relays
[relay-scores-se] Force-included relays and scores: wss://nos.lol(E=0.516), wss://relay.ditto.pub(E=0.886), wss://relay.primal.net(E=0.325), wss://relay.momostr.pink(E=0.646), wss://wot.nostr.sats4.life(E=0.747)
[relay-scores] Saved to .cache/relay_scores_6a0c596c1484eae2_31536000_liveness_ndk-thompson-cg2.json

Thompson Sampling [ndk-thompson-cg2] learning state:
  Session: 2
  Relays with observations: 24
  Mean prior α: 7.7, β: 9.3
  Relays with strong preference (α>5): 6
  Relays learned to avoid (β>5): 8

JSON results written to: results/6a0c596c1484eae2_1773113012758.json
