[0m[32mTask[0m [0m[36mbench[0m deno run --allow-net --allow-read --allow-write main.ts "6a0c596c1484eae2e8131a030f269944921e52619c1dd143a029c64ea6cd9731" "--algorithms" "ndk-thompson,ndk-thompson-cg,ndk-thompson-cg2" "--verify-window" "31536000" "--verify" "--verify-concurrency" "10" "--nip66-filter" "liveness" "--no-phase2-cache" "--fast" "--output" "both"
Target: 6a0c596c1484eae2...
Seed: 0 | Filter: strict | Runs: 3
[fetch] Connecting to 3 indexer relays...
[fetch] wss://purplepag.es: connected (1324ms)
[fetch] wss://relay.damus.io: WebSocket error: NetworkError: failed to connect to WebSocket: Invalid status code 400 Bad Request
[fetch] wss://nos.lol: connected (1589ms)
[fetch] Fetching kind 3 (contact list) for 6a0c596c...
[fetch] 400 follows to fetch relay lists for
[fetch] Fetched relay lists: 200/400
[fetch] Received 235 relay list events

=== Fetch Quality ===
Indexers: wss://purplepag.es (0 events, 1324ms), wss://relay.damus.io (0 events, 1410ms, errors: WebSocket error: NetworkError: failed to connect to WebSocket: Invalid status code 400 Bad Request), wss://nos.lol (236 events, 1589ms)
Follows: 400 | With relay list: 227 (56.8%) | Missing: 173 (43.3%) | Filtered-to-empty: 8
Filter profile: strict | Filtered URLs: 107 (6 localhost, 32 insecure ws, 7 IP-only, 55 known-bad, 7 malformed)
Unique valid write relays: 567 | Seed: 0
[nip66] Using cached monitor data (1156 relays)

=== NIP-66 Liveness Filter (liveness) ===
Monitor data: 1156 relays
Candidate relays: 567
  Known alive: 182
  Unknown (removed): 385
  .onion preserved: 16
  Parse-failed preserved: 0
  Authors filtered to empty: 2
Relays after filter: 182
[relay-scores] Loaded 31 relay priors (session 3, from 2026-03-10T03:45:08.988Z)

Thompson Sampling [ndk-thompson]: loaded 31 relay priors (session 3)
[relay-scores] Loaded 26 relay priors (session 3, from 2026-03-10T03:45:08.999Z)

Thompson Sampling [ndk-thompson-cg]: loaded 26 relay priors (session 3)
[relay-scores] Loaded 26 relay priors (session 3, from 2026-03-10T03:45:09.000Z)

Thompson Sampling [ndk-thompson-cg2]: loaded 26 relay priors (session 3)
Coverage guarantee: 8 sole-source relays forced (20 maxConnections budget)
Coverage guarantee: 8 sole-source relays forced (20 maxConnections budget)
Coverage guarantee: 8 sole-source relays forced (20 maxConnections budget)
Coverage guarantee: 8 sole-source relays forced (capped at 10, 8 total sole-source) (20 maxConnections budget)
Coverage guarantee: 8 sole-source relays forced (capped at 10, 8 total sole-source) (20 maxConnections budget)
Coverage guarantee: 8 sole-source relays forced (capped at 10, 8 total sole-source) (20 maxConnections budget)

=== Regime A: Fixed 20 Connections ===
  Algorithm                      |  Relays |   Assign% |  Orphans |  Alg.Orph |  Avg/pk |   Gini |    HHI
  -------------------------------+---------+-----------+----------+-----------+---------+--------+-------
  NDK+Thompson (Priority)        |      20 |     55.5% (0.0sd) |      178 |         5 |     1.9 |   0.74 |  0.202
  NDK+Thompson (Priority)+CG     |      20 |     56.0% (0.0sd) |      176 |         3 |     1.9 |   0.75 |  0.207
  NDK+Thompson (Priority)+CG2    |      20 |     56.0% (0.0sd) |      176 |         3 |     1.9 |   0.75 |  0.207
Coverage guarantee: 8 sole-source relays forced (20 maxConnections budget)
Coverage guarantee: 8 sole-source relays forced (capped at 10, 8 total sole-source) (20 maxConnections budget)

=== Phase 2: Event Verification ===
Window: 31536000s | Kinds: 1 | Concurrency: 10
[baseline] Querying 182 relays for 225 authors (window: 31536000s)
[pool] CLOSED from wss://relay.nosflare.com: auth-required: authentication required to subscribe
[pool] CLOSED from wss://greensoul.space: auth-required: only authenticated users can read from this relay
[pool] CLOSED from wss://aggr.nostr.land: auth-required: auth required for aggregator
[baseline] Progress: 50/182 relays queried
[pool] CLOSED from wss://creatr.nostr.wine: auth-required: please authenticate before sending REQs
[baseline] Progress: 100/182 relays queried
[pool] CLOSED from wss://auth.nostr1.com: auth-required: you must auth
[pool] CLOSED from wss://relay.getalby.com/v1: blocked: Request rejected
[pool] CLOSED from wss://relay.nostraddress.com: auth-required: authentication required to subscribe
[pool] CLOSED from wss://relay.nsec.app: blocked: we only keep kind 24133 or 24135
[baseline] Progress: 150/182 relays queried
[pool] CLOSED from wss://impromptu.relays.land: auth-required: all requests must be authenticated
[baseline] Progress: 182/182 relays queried
[phase2] Subscription timeouts (no EOSE): 12
[phase2] CLOSED messages received: 9
  wss://relay.nosflare.com: auth-required: authentication required to subscribe
  wss://greensoul.space: auth-required: only authenticated users can read from this relay
  wss://aggr.nostr.land: auth-required: auth required for aggregator
  wss://creatr.nostr.wine: auth-required: please authenticate before sending REQs
  wss://auth.nostr1.com: auth-required: you must auth
  wss://relay.getalby.com/v1: blocked: Request rejected
  wss://relay.nostraddress.com: auth-required: authentication required to subscribe
  wss://relay.nsec.app: blocked: we only keep kind 24133 or 24135
  wss://impromptu.relays.land: auth-required: all requests must be authenticated

=== Phase 2: Event Verification (365d window) ===
Baseline: 182 relays queried (75.3% success), 48s
  Timing: connect 707ms median (1.5s p95) | query 1.1s median (15.6s p95) | 12 timeouts (12 relays)
  Authors: 225 with relay data
    Testable (reliable): 102 | Testable (partial): 0 | Zero events: 121 | Unreliable: 2
  Baseline events: 27,346 (mean 268.1/author, median 35)
  Events per (relay,pubkey) capped at: 10000

  Headline metrics (102 testable-reliable authors, 27,346 baseline events):

  Algorithm                        |   Evt Recall |   Auth Recall |  Relay OK% |     TTFE |      p50 |      p80 | Timeouts
  ---------------------------------+--------------+---------------+------------+----------+----------+----------+---------
  NDK+Thompson (Priority) (seed=0, single run) |        41.8% |         91.2% |      90.0% |    704ms |     3.3s |     5.4s |        1
  NDK+Thompson CG (Priority) (seed=0, single run) |        19.2% |         90.2% |      90.0% |     1.2s |     3.0s |     5.4s |        1
  NDK+Thompson CG2 (Priority) (seed=0, single run) |        19.2% |         90.2% |      90.0% |     1.2s |     3.0s |     5.4s |        1

  Per-author recall distribution:
  Algorithm                        |   Median |  % at 0% |      p25 |      p75
  ---------------------------------+----------+----------+----------+---------
  NDK+Thompson (Priority) (seed=0, single run) |    95.7% |     8.8% |    16.7% |   100.0%
  NDK+Thompson CG (Priority) (seed=0, single run) |    95.7% |     9.8% |    14.4% |   100.0%
  NDK+Thompson CG2 (Priority) (seed=0, single run) |    95.7% |     9.8% |    14.4% |   100.0%

  Latency simulation (parallel relay query):
  Algorithm                        |     TTFE |      p50 |      p80 |      Max |   TO |   TO Tax |   Relays |   Events
  ---------------------------------+----------+----------+----------+----------+------+----------+----------+---------
  NDK+Thompson (Priority) (seed=0, single run) |    704ms |     3.3s |     5.4s |    16.6s |    1 |    15.0s | 15/19/20 |   18,621
  NDK+Thompson CG (Priority) (seed=0, single run) |     1.2s |     3.0s |     5.4s |    17.7s |    1 |    15.0s | 16/19/20 |   12,825
  NDK+Thompson CG2 (Priority) (seed=0, single run) |     1.2s |     3.0s |     5.4s |    17.7s |    1 |    15.0s | 16/19/20 |   12,825
  (Relays: with-events/connected/total | TO Tax: ceil(timeouts/concurrency) × EOSE timeout)

  Progressive completeness (% of recall achieved by time):
  Algorithm                        |      @1s |      @2s |      @5s |     @10s |     @15s
  ---------------------------------+----------+----------+----------+----------+---------
  NDK+Thompson (Priority) (seed=0, single run) |     0.0% |     0.8% |    87.1% |   100.0% |   100.0%
  NDK+Thompson CG (Priority) (seed=0, single run) |     0.0% |     1.1% |    72.6% |   100.0% |   100.0%
  NDK+Thompson CG2 (Priority) (seed=0, single run) |     0.0% |     1.1% |    72.6% |   100.0% |   100.0%

  EOSE-race simulation (stop after first EOSE + grace period):
  Algorithm                        |     +0ms |   +200ms |   +500ms |      +1s |      +2s
  ---------------------------------+----------+----------+----------+----------+---------
  NDK+Thompson (Priority) (seed=0, single run) |     0.5% |     0.5% |     2.1% |    69.6% |    76.6%
  NDK+Thompson CG (Priority) (seed=0, single run) |     1.1% |     1.1% |    14.0% |    24.8% |    43.9%
  NDK+Thompson CG2 (Priority) (seed=0, single run) |     1.1% |     1.1% |    14.0% |    24.8% |    43.9%
  (First EOSE: NDK+Thompson (Priority) (seed=0, single run)=1.6s, NDK+Thompson CG (Priority) (seed=0, single run)=1.6s, NDK+Thompson CG2 (Priority) (seed=0, single run)=1.6s)

  Profile-view latency (per-author outbox query, top 3 write relays):
    Authors simulated: 102 | Hit rate: 99.0%
    TTFE: 1.6s median, 1.8s mean, 2.5s p95
    Relays/profile: 2.7 queried, 2.4 with events, 0.08 timeouts

  Feed vs profile-view TTFE comparison:
  Algorithm                        |  Feed TTFE |  Profile TTFE |    Delta
  ---------------------------------+------------+---------------+---------
  NDK+Thompson (Priority) (seed=0, single run) |      704ms |          1.6s |   +934ms
  NDK+Thompson CG (Priority) (seed=0, single run) |       1.2s |          1.6s |   +449ms
  NDK+Thompson CG2 (Priority) (seed=0, single run) |       1.2s |          1.6s |   +449ms

=== NIP-66 RTT vs Measured Latency (156 relays, data age: 29min) ===
                             N   Spearman r      MAE    Bias    Top5   Top10   Top20
------------------------  ----  -----------  -------  ------  ------  ------  ------
rttOpen vs connect         156         0.22    675ms    1.0x    0.0%   20.0%   15.0%
rttRead vs query           137         0.22     1.5s    8.3x    0.0%   10.0%   30.0%
(Bias = measured/nip66, >1 = NIP-66 underestimates. TopK = overlap of K fastest relays.)
Monitor: 9ba046db56b8..., 9ba1d7892cd0..., b2c949c0fb79..., 0b01aa38c2cc..., 9bbbb845e5b6..., 9bac3d58ef5a..., 58faef87b342..., http-api...
[relay-scores] Updated scores for ndk-thompson: 33 relays, session 4
[relay-scores] Degrading relays (3): wss://nostr.mom, wss://relay.mostr.pub, wss://relay.internationalright-wing.org
[relay-scores] Saved to .cache/relay_scores_6a0c596c1484eae2_31536000_liveness_ndk-thompson.json

Thompson Sampling [ndk-thompson] learning state:
  Session: 4
  Relays with observations: 33
  Mean prior α: 10.8, β: 12.2
  Relays with strong preference (α>5): 8
  Relays learned to avoid (β>5): 10
[relay-scores-se] Relay wss://relay.momostr.pink: 1 contested obs (fallback dampening applied)
[relay-scores-se] Relay wss://wot.nostr.sats4.life: 0 contested obs (fallback dampening applied)
[relay-scores-se] Updated scores for ndk-thompson-cg: 29 relays, session 4
[relay-scores-se] Skipped 7 sole-source observations across 6 relays
[relay-scores-se] Force-included relays and scores: wss://nos.lol(E=0.533), wss://relay.ditto.pub(E=0.936), wss://relay.primal.net(E=0.315), wss://relay.damus.io(E=0.297), wss://relay.momostr.pink(E=0.682), wss://wot.nostr.sats4.life(E=0.825)
[relay-scores-se] Degrading relays (3): wss://nostr.mom, wss://pyramid.fiatjaf.com, wss://nostr.wine
[relay-scores] Saved to .cache/relay_scores_6a0c596c1484eae2_31536000_liveness_ndk-thompson-cg.json

Thompson Sampling [ndk-thompson-cg] learning state:
  Session: 4
  Relays with observations: 29
  Mean prior α: 12.0, β: 13.7
  Relays with strong preference (α>5): 9
  Relays learned to avoid (β>5): 10
[relay-scores-se] Relay wss://relay.momostr.pink: 1 contested obs (fallback dampening applied)
[relay-scores-se] Relay wss://wot.nostr.sats4.life: 0 contested obs (fallback dampening applied)
[relay-scores-se] Updated scores for ndk-thompson-cg2: 29 relays, session 4
[relay-scores-se] Skipped 7 sole-source observations across 6 relays
[relay-scores-se] Force-included relays and scores: wss://nos.lol(E=0.533), wss://relay.ditto.pub(E=0.936), wss://relay.primal.net(E=0.315), wss://relay.damus.io(E=0.297), wss://relay.momostr.pink(E=0.682), wss://wot.nostr.sats4.life(E=0.825)
[relay-scores-se] Degrading relays (3): wss://nostr.mom, wss://pyramid.fiatjaf.com, wss://nostr.wine
[relay-scores] Saved to .cache/relay_scores_6a0c596c1484eae2_31536000_liveness_ndk-thompson-cg2.json

Thompson Sampling [ndk-thompson-cg2] learning state:
  Session: 4
  Relays with observations: 29
  Mean prior α: 12.0, β: 13.7
  Relays with strong preference (α>5): 9
  Relays learned to avoid (β>5): 10

JSON results written to: results/6a0c596c1484eae2_1773115548421.json
