[0m[32mTask[0m [0m[36mbench[0m deno run --allow-net --allow-read --allow-write main.ts "6a0c596c1484eae2e8131a030f269944921e52619c1dd143a029c64ea6cd9731" "--algorithms" "ndk-thompson,ndk-thompson-cg,ndk-thompson-cg2" "--verify-window" "31536000" "--verify" "--verify-concurrency" "10" "--nip66-filter" "liveness" "--no-phase2-cache" "--fast" "--output" "both"
Target: 6a0c596c1484eae2...
Seed: 0 | Filter: strict | Runs: 3
[fetch] Connecting to 3 indexer relays...
[fetch] wss://purplepag.es: connected (1110ms)
[fetch] wss://relay.damus.io: connected (765ms)
[fetch] wss://nos.lol: connected (662ms)
[fetch] Fetching kind 3 (contact list) for 6a0c596c...
[fetch] 400 follows to fetch relay lists for
[fetch] Fetched relay lists: 200/400
[fetch] Received 240 relay list events

=== Fetch Quality ===
Indexers: wss://purplepag.es (401 events, 1110ms), wss://relay.damus.io (133 events, 765ms), wss://nos.lol (236 events, 662ms)
Follows: 400 | With relay list: 232 (58.0%) | Missing: 168 (42.0%) | Filtered-to-empty: 8
Filter profile: strict | Filtered URLs: 107 (6 localhost, 32 insecure ws, 7 IP-only, 55 known-bad, 7 malformed)
Unique valid write relays: 569 | Seed: 0
[nip66] Using cached monitor data (1707 relays)

=== NIP-66 Liveness Filter (liveness) ===
Monitor data: 1707 relays
Candidate relays: 569
  Known alive: 234
  Unknown (removed): 335
  .onion preserved: 16
  Parse-failed preserved: 0
  Authors filtered to empty: 2
Relays after filter: 234
Coverage guarantee: 7 sole-source relays forced (20 maxConnections budget)
Coverage guarantee: 7 sole-source relays forced (20 maxConnections budget)
Coverage guarantee: 7 sole-source relays forced (20 maxConnections budget)
Coverage guarantee: 7 sole-source relays forced (capped at 10, 7 total sole-source) (20 maxConnections budget)
Coverage guarantee: 7 sole-source relays forced (capped at 10, 7 total sole-source) (20 maxConnections budget)
Coverage guarantee: 7 sole-source relays forced (capped at 10, 7 total sole-source) (20 maxConnections budget)

=== Regime A: Fixed 20 Connections ===
  Algorithm                      |  Relays |   Assign% |  Orphans |  Alg.Orph |  Avg/pk |   Gini |    HHI
  -------------------------------+---------+-----------+----------+-----------+---------+--------+-------
  NDK+Thompson (Priority)        |      20 |     56.6% (0.0sd) | 173.66666666666666 | 5.666666666666667 |     1.9 |   0.71 |  0.177
  NDK+Thompson (Priority)+CG     |      20 |     57.2% (0.0sd) | 171.33333333333334 | 3.3333333333333335 |     1.9 |   0.73 |  0.188
  NDK+Thompson (Priority)+CG2    |      20 |     57.2% (0.0sd) | 171.33333333333334 | 3.3333333333333335 |     1.9 |   0.73 |  0.188
Coverage guarantee: 7 sole-source relays forced (20 maxConnections budget)
Coverage guarantee: 7 sole-source relays forced (capped at 10, 7 total sole-source) (20 maxConnections budget)

=== Phase 2: Event Verification ===
Window: 31536000s | Kinds: 1 | Concurrency: 10
[baseline] Querying 234 relays for 230 authors (window: 31536000s)
[pool] CLOSED from wss://relay.nosflare.com: auth-required: authentication required to subscribe
[pool] CLOSED from wss://greensoul.space: auth-required: only authenticated users can read from this relay
[pool] CLOSED from wss://aggr.nostr.land: auth-required: auth required for aggregator
[baseline] Progress: 50/234 relays queried
[pool] CLOSED from wss://creatr.nostr.wine: auth-required: please authenticate before sending REQs
[baseline] Progress: 100/234 relays queried
[baseline] Progress: 150/234 relays queried
[pool] CLOSED from wss://relay.getalby.com/v1: blocked: Request rejected
[pool] CLOSED from wss://relay.nostraddress.com: auth-required: authentication required to subscribe
[pool] CLOSED from wss://relay.nsec.app: blocked: we only keep kind 24133 or 24135
[baseline] Progress: 200/234 relays queried
[pool] CLOSED from wss://impromptu.relays.land: auth-required: all requests must be authenticated
[baseline] Progress: 234/234 relays queried
[phase2] Subscription timeouts (no EOSE): 7
[phase2] CLOSED messages received: 8
  wss://relay.nosflare.com: auth-required: authentication required to subscribe
  wss://greensoul.space: auth-required: only authenticated users can read from this relay
  wss://aggr.nostr.land: auth-required: auth required for aggregator
  wss://creatr.nostr.wine: auth-required: please authenticate before sending REQs
  wss://relay.getalby.com/v1: blocked: Request rejected
  wss://relay.nostraddress.com: auth-required: authentication required to subscribe
  wss://relay.nsec.app: blocked: we only keep kind 24133 or 24135
  wss://impromptu.relays.land: auth-required: all requests must be authenticated

=== Phase 2: Event Verification (365d window) ===
Baseline: 234 relays queried (48.3% success), 44s
  Timing: connect 842ms median (1.6s p95) | query 1.3s median (12.4s p95) | 7 timeouts (7 relays)
  Authors: 230 with relay data
    Testable (reliable): 100 | Testable (partial): 1 | Zero events: 123 | Unreliable: 6
  Baseline events: 14,083 (mean 139.4/author, median 44)
  Events per (relay,pubkey) capped at: 10000

  Headline metrics (100 testable-reliable authors, 13,583 baseline events):

  Algorithm                        |   Evt Recall |   Auth Recall |  Relay OK% |     TTFE |      p50 |      p80 | Timeouts
  ---------------------------------+--------------+---------------+------------+----------+----------+----------+---------
  NDK+Thompson (Priority) (seed=0, single run) |        28.5% |         86.0% |      75.0% |     1.0s |     3.5s |     4.9s |        0
  NDK+Thompson CG (Priority) (seed=0, single run) |        37.0% |         89.0% |      90.0% |     1.0s |     3.8s |     4.6s |        0
  NDK+Thompson CG2 (Priority) (seed=0, single run) |        37.0% |         89.0% |      90.0% |     1.0s |     3.8s |     4.6s |        0

  Per-author recall distribution:
  Algorithm                        |   Median |  % at 0% |      p25 |      p75
  ---------------------------------+----------+----------+----------+---------
  NDK+Thompson (Priority) (seed=0, single run) |    57.4% |    14.0% |     5.2% |   100.0%
  NDK+Thompson CG (Priority) (seed=0, single run) |    83.2% |    11.0% |    10.1% |   100.0%
  NDK+Thompson CG2 (Priority) (seed=0, single run) |    83.2% |    11.0% |    10.1% |   100.0%

  Latency simulation (parallel relay query):
  Algorithm                        |     TTFE |      p50 |      p80 |      Max |   TO |   TO Tax |   Relays |   Events
  ---------------------------------+----------+----------+----------+----------+------+----------+----------+---------
  NDK+Thompson (Priority) (seed=0, single run) |     1.0s |     3.5s |     4.9s |     5.4s |    0 |      0ms | 12/15/20 |    9,004
  NDK+Thompson CG (Priority) (seed=0, single run) |     1.0s |     3.8s |     4.6s |     5.4s |    0 |      0ms | 15/18/20 |   11,109
  NDK+Thompson CG2 (Priority) (seed=0, single run) |     1.0s |     3.8s |     4.6s |     5.4s |    0 |      0ms | 15/18/20 |   11,109
  (Relays: with-events/connected/total | TO Tax: ceil(timeouts/concurrency) × EOSE timeout)

  Progressive completeness (% of recall achieved by time):
  Algorithm                        |      @1s |      @2s |      @5s |     @10s |     @15s
  ---------------------------------+----------+----------+----------+----------+---------
  NDK+Thompson (Priority) (seed=0, single run) |     0.0% |     0.9% |    89.3% |   100.0% |   100.0%
  NDK+Thompson CG (Priority) (seed=0, single run) |     0.0% |     0.0% |    90.1% |   100.0% |   100.0%
  NDK+Thompson CG2 (Priority) (seed=0, single run) |     0.0% |     0.0% |    90.1% |   100.0% |   100.0%

  EOSE-race simulation (stop after first EOSE + grace period):
  Algorithm                        |     +0ms |   +200ms |   +500ms |      +1s |      +2s
  ---------------------------------+----------+----------+----------+----------+---------
  NDK+Thompson (Priority) (seed=0, single run) |     0.4% |     0.9% |    13.4% |    18.8% |    48.8%
  NDK+Thompson CG (Priority) (seed=0, single run) |     9.6% |    11.6% |    13.0% |    15.7% |    54.9%
  NDK+Thompson CG2 (Priority) (seed=0, single run) |     9.6% |    11.6% |    13.0% |    15.7% |    54.9%
  (First EOSE: NDK+Thompson (Priority) (seed=0, single run)=1.8s, NDK+Thompson CG (Priority) (seed=0, single run)=2.2s, NDK+Thompson CG2 (Priority) (seed=0, single run)=2.2s)

  Profile-view latency (per-author outbox query, top 3 write relays):
    Authors simulated: 101 | Hit rate: 97.0%
    TTFE: 1.0s median, 1.4s mean, 2.2s p95
    Relays/profile: 2.8 queried, 2.4 with events, 0.02 timeouts

  Feed vs profile-view TTFE comparison:
  Algorithm                        |  Feed TTFE |  Profile TTFE |    Delta
  ---------------------------------+------------+---------------+---------
  NDK+Thompson (Priority) (seed=0, single run) |       1.0s |          1.0s |     +0ms
  NDK+Thompson CG (Priority) (seed=0, single run) |       1.0s |          1.0s |     +0ms
  NDK+Thompson CG2 (Priority) (seed=0, single run) |       1.0s |          1.0s |     +0ms

  Including partial-baseline authors (101 testable authors, 14,083 baseline events):

  Algorithm                        |   Evt Recall |   Auth Recall
  ---------------------------------+--------------+--------------
  NDK+Thompson (Priority) (seed=0, single run) |        27.9% |         86.1%
  NDK+Thompson CG (Priority) (seed=0, single run) |        36.2% |         89.1%
  NDK+Thompson CG2 (Priority) (seed=0, single run) |        36.2% |         89.1%

=== NIP-66 RTT vs Measured Latency (124 relays, data age: 37min) ===
                             N   Spearman r      MAE    Bias    Top5   Top10   Top20
------------------------  ----  -----------  -------  ------  ------  ------  ------
rttOpen vs connect         124        -0.02    619ms    1.5x    0.0%    0.0%    0.0%
rttRead vs query           109        -0.00     1.6s    9.0x    0.0%    0.0%    0.0%
(Bias = measured/nip66, >1 = NIP-66 underestimates. TopK = overlap of K fastest relays.)
Monitor: 9ba1d7892cd0..., 9bbbb845e5b6..., 9bb7cd94d7b6..., b2c949c0fb79..., 0b01aa38c2cc..., 45df0580711f..., http-api..., 9ba046db56b8..., 9ba6484003e8...
[relay-scores] Updated scores for ndk-thompson: 20 relays, session 1
[relay-scores] Saved to .cache/relay_scores_6a0c596c1484eae2_31536000_liveness_ndk-thompson.json

Thompson Sampling [ndk-thompson] learning state:
  Session: 1
  Relays with observations: 20
  Mean prior α: 5.0, β: 6.3
  Relays with strong preference (α>5): 5
  Relays learned to avoid (β>5): 5
[relay-scores-se] Relay wss://relay.ditto.pub: 2 contested obs (fallback dampening applied)
[relay-scores-se] Relay wss://relay.momostr.pink: 0 contested obs (fallback dampening applied)
[relay-scores-se] Relay wss://wot.nostr.sats4.life: 0 contested obs (fallback dampening applied)
[relay-scores-se] Updated scores for ndk-thompson-cg: 20 relays, session 1
[relay-scores-se] Skipped 6 sole-source observations across 5 relays
[relay-scores-se] Force-included relays and scores: wss://nos.lol(E=0.516), wss://relay.ditto.pub(E=0.799), wss://relay.primal.net(E=0.376), wss://relay.momostr.pink(E=0.667), wss://wot.nostr.sats4.life(E=0.667)
[relay-scores] Saved to .cache/relay_scores_6a0c596c1484eae2_31536000_liveness_ndk-thompson-cg.json

Thompson Sampling [ndk-thompson-cg] learning state:
  Session: 1
  Relays with observations: 20
  Mean prior α: 5.1, β: 6.3
  Relays with strong preference (α>5): 5
  Relays learned to avoid (β>5): 6
[relay-scores-se] Relay wss://relay.ditto.pub: 2 contested obs (fallback dampening applied)
[relay-scores-se] Relay wss://relay.momostr.pink: 0 contested obs (fallback dampening applied)
[relay-scores-se] Relay wss://wot.nostr.sats4.life: 0 contested obs (fallback dampening applied)
[relay-scores-se] Updated scores for ndk-thompson-cg2: 20 relays, session 1
[relay-scores-se] Skipped 6 sole-source observations across 5 relays
[relay-scores-se] Force-included relays and scores: wss://nos.lol(E=0.516), wss://relay.ditto.pub(E=0.799), wss://relay.primal.net(E=0.376), wss://relay.momostr.pink(E=0.667), wss://wot.nostr.sats4.life(E=0.667)
[relay-scores] Saved to .cache/relay_scores_6a0c596c1484eae2_31536000_liveness_ndk-thompson-cg2.json

Thompson Sampling [ndk-thompson-cg2] learning state:
  Session: 1
  Relays with observations: 20
  Mean prior α: 5.1, β: 6.3
  Relays with strong preference (α>5): 5
  Relays learned to avoid (β>5): 6

JSON results written to: results/6a0c596c1484eae2_1773111668673.json
