[0m[32mTask[0m [0m[36mbench[0m deno run --allow-net --allow-read --allow-write main.ts "97c70a44366a6535c145b333f973ea86dfdc2d7a99da618c40c64705ad98e322" "--algorithms" "ndk-thompson,ndk-thompson-cg,ndk-thompson-cg2" "--verify-window" "31536000" "--verify" "--verify-concurrency" "10" "--nip66-filter" "liveness" "--no-phase2-cache" "--fast" "--output" "both"
Target: 97c70a44366a6535...
Seed: 0 | Filter: strict | Runs: 3
Using cached data (fetched 2026-03-10T02:49:33.340Z)

=== Fetch Quality ===
Indexers: wss://purplepag.es (0 events, 1009ms), wss://relay.damus.io (298 events, 334ms), wss://nos.lol (402 events, 700ms)
Follows: 453 | With relay list: 395 (87.2%) | Missing: 58 (12.8%) | Filtered-to-empty: 8
Filter profile: strict | Filtered URLs: 140 (6 localhost, 13 insecure ws, 7 IP-only, 114 known-bad)
Unique valid write relays: 479 | Seed: 0
[nip66] Using cached monitor data (1707 relays)

=== NIP-66 Liveness Filter (liveness) ===
Monitor data: 1707 relays
Candidate relays: 479
  Known alive: 291
  Unknown (removed): 188
  .onion preserved: 10
  Parse-failed preserved: 0
  Authors filtered to empty: 3
Relays after filter: 291
[relay-scores] Loaded 26 relay priors (session 2, from 2026-03-10T03:13:58.680Z)

Thompson Sampling [ndk-thompson]: loaded 26 relay priors (session 2)
[relay-scores] Loaded 25 relay priors (session 2, from 2026-03-10T03:13:58.698Z)

Thompson Sampling [ndk-thompson-cg]: loaded 25 relay priors (session 2)
[relay-scores] Loaded 27 relay priors (session 2, from 2026-03-10T03:13:58.707Z)

Thompson Sampling [ndk-thompson-cg2]: loaded 27 relay priors (session 2)
Coverage guarantee: 12 sole-source relays forced (20 maxConnections budget)
Coverage guarantee: 12 sole-source relays forced (20 maxConnections budget)
Coverage guarantee: 12 sole-source relays forced (20 maxConnections budget)
Coverage guarantee: 10 sole-source relays forced (capped at 10, 12 total sole-source) (20 maxConnections budget)
Coverage guarantee: 10 sole-source relays forced (capped at 10, 12 total sole-source) (20 maxConnections budget)
Coverage guarantee: 10 sole-source relays forced (capped at 10, 12 total sole-source) (20 maxConnections budget)

=== Regime A: Fixed 20 Connections ===
  Algorithm                      |  Relays |   Assign% |  Orphans |  Alg.Orph |  Avg/pk |   Gini |    HHI
  -------------------------------+---------+-----------+----------+-----------+---------+--------+-------
  NDK+Thompson (Priority)        |      20 |     82.7% (0.0sd) | 78.33333333333333 | 20.333333333333332 |     1.9 |   0.74 |  0.202
  NDK+Thompson (Priority)+CG     |      20 |     83.9% (0.0sd) |       73 |        15 |     1.9 |   0.74 |  0.218
  NDK+Thompson (Priority)+CG2    |      20 |     83.4% (0.0sd) |       75 |        17 |     1.9 |   0.76 |  0.236
Coverage guarantee: 12 sole-source relays forced (20 maxConnections budget)
Coverage guarantee: 10 sole-source relays forced (capped at 10, 12 total sole-source) (20 maxConnections budget)

=== Phase 2: Event Verification ===
Window: 31536000s | Kinds: 1 | Concurrency: 10
[baseline] Querying 291 relays for 392 authors (window: 31536000s)
[pool] CLOSED from wss://hole.v0l.io: error: queries not allowed
[baseline] Progress: 50/291 relays queried
[pool] CLOSED from wss://relay.getalby.com/v1: blocked: Request rejected
[pool] CLOSED from wss://greensoul.space: auth-required: only authenticated users can read from this relay
[pool] CLOSED from wss://sendit.nosflare.com: restricted: this relay does not accept REQs
[baseline] Progress: 100/291 relays queried
[pool] CLOSED from wss://relay.nosflare.com: auth-required: authentication required to subscribe
[pool] CLOSED from wss://creatr.nostr.wine: auth-required: please authenticate before sending REQs
[pool] CLOSED from wss://inbox.nostr.wine: blocked: this relay does not store any of the kinds in this request
[pool] CLOSED from wss://david.nostr1.com: auth-required: you must auth
[baseline] Progress: 150/291 relays queried
[pool] CLOSED from wss://relay.shawnyeager.com/chat: auth-required: all requests must be authenticated
[pool] CLOSED from wss://auth.nostr1.com: auth-required: you must auth
[baseline] Progress: 200/291 relays queried
[pool] CLOSED from wss://bostr.erechorse.com: auth-required: authentication is required to perform this action.
[pool] CLOSED from wss://relay.nsec.app: blocked: we only keep kind 24133 or 24135
[pool] CLOSED from wss://relay.albylabs.com: blocked: Request rejected
[baseline] Progress: 250/291 relays queried
[pool] CLOSED from wss://relay.danieldaquino.me/private: auth-required: this query requires you to be authenticated
[baseline] Progress: 291/291 relays queried
[phase2] Subscription timeouts (no EOSE): 19
[phase2] CLOSED messages received: 14
  wss://hole.v0l.io: error: queries not allowed
  wss://relay.getalby.com/v1: blocked: Request rejected
  wss://greensoul.space: auth-required: only authenticated users can read from this relay
  wss://sendit.nosflare.com: restricted: this relay does not accept REQs
  wss://relay.nosflare.com: auth-required: authentication required to subscribe
  wss://creatr.nostr.wine: auth-required: please authenticate before sending REQs
  wss://inbox.nostr.wine: blocked: this relay does not store any of the kinds in this request
  wss://david.nostr1.com: auth-required: you must auth
  wss://relay.shawnyeager.com/chat: auth-required: all requests must be authenticated
  wss://auth.nostr1.com: auth-required: you must auth

=== Phase 2: Event Verification (365d window) ===
Baseline: 291 relays queried (66.3% success), 1.4min
  Timing: connect 785ms median (1.6s p95) | query 1.5s median (15.8s p95) | 19 timeouts (18 relays)
  Authors: 392 with relay data
    Testable (reliable): 269 | Testable (partial): 0 | Zero events: 117 | Unreliable: 6
  Baseline events: 57,126 (mean 212.4/author, median 47)
  Events per (relay,pubkey) capped at: 10000

  Headline metrics (269 testable-reliable authors, 57,126 baseline events):

  Algorithm                        |   Evt Recall |   Auth Recall |  Relay OK% |     TTFE |      p50 |      p80 | Timeouts
  ---------------------------------+--------------+---------------+------------+----------+----------+----------+---------
  NDK+Thompson (Priority) (seed=0, single run) |        29.3% |         81.8% |      80.0% |    788ms |     3.8s |     5.5s |        1
  NDK+Thompson CG (Priority) (seed=0, single run) |        31.5% |         82.2% |      90.0% |    945ms |     3.3s |     4.6s |        0
  NDK+Thompson CG2 (Priority) (seed=0, single run) |        31.4% |         82.5% |      75.0% |    945ms |     4.0s |     5.4s |        0

  Per-author recall distribution:
  Algorithm                        |   Median |  % at 0% |      p25 |      p75
  ---------------------------------+----------+----------+----------+---------
  NDK+Thompson (Priority) (seed=0, single run) |    38.4% |    18.2% |     2.3% |   100.0%
  NDK+Thompson CG (Priority) (seed=0, single run) |    38.6% |    17.8% |     2.7% |   100.0%
  NDK+Thompson CG2 (Priority) (seed=0, single run) |    38.6% |    17.5% |     3.1% |   100.0%

  Latency simulation (parallel relay query):
  Algorithm                        |     TTFE |      p50 |      p80 |      Max |   TO |   TO Tax |   Relays |   Events
  ---------------------------------+----------+----------+----------+----------+------+----------+----------+---------
  NDK+Thompson (Priority) (seed=0, single run) |    788ms |     3.8s |     5.5s |    32.2s |    1 |    15.0s | 15/17/20 |   27,989
  NDK+Thompson CG (Priority) (seed=0, single run) |    945ms |     3.3s |     4.6s |     6.2s |    0 |      0ms | 16/18/20 |   26,125
  NDK+Thompson CG2 (Priority) (seed=0, single run) |    945ms |     4.0s |     5.4s |     6.2s |    0 |      0ms | 15/15/20 |   25,705
  (Relays: with-events/connected/total | TO Tax: ceil(timeouts/concurrency) × EOSE timeout)

  Progressive completeness (% of recall achieved by time):
  Algorithm                        |      @1s |      @2s |      @5s |     @10s |     @15s
  ---------------------------------+----------+----------+----------+----------+---------
  NDK+Thompson (Priority) (seed=0, single run) |     0.0% |     3.8% |    33.1% |   100.0% |   100.0%
  NDK+Thompson CG (Priority) (seed=0, single run) |     0.0% |     4.3% |    30.3% |   100.0% |   100.0%
  NDK+Thompson CG2 (Priority) (seed=0, single run) |     0.0% |     5.0% |    30.2% |   100.0% |   100.0%

  EOSE-race simulation (stop after first EOSE + grace period):
  Algorithm                        |     +0ms |   +200ms |   +500ms |      +1s |      +2s
  ---------------------------------+----------+----------+----------+----------+---------
  NDK+Thompson (Priority) (seed=0, single run) |     0.0% |     0.0% |     0.0% |     3.8% |     8.0%
  NDK+Thompson CG (Priority) (seed=0, single run) |     0.5% |     0.5% |     4.3% |     7.1% |     9.9%
  NDK+Thompson CG2 (Priority) (seed=0, single run) |     2.4% |     3.8% |     5.0% |     5.0% |     8.7%
  (First EOSE: NDK+Thompson (Priority) (seed=0, single run)=907ms, NDK+Thompson CG (Priority) (seed=0, single run)=1.2s, NDK+Thompson CG2 (Priority) (seed=0, single run)=1.5s)

  Profile-view latency (per-author outbox query, top 3 write relays):
    Authors simulated: 269 | Hit rate: 99.6%
    TTFE: 945ms median, 1.3s mean, 1.9s p95
    Relays/profile: 2.8 queried, 2.5 with events, 0.09 timeouts

  Feed vs profile-view TTFE comparison:
  Algorithm                        |  Feed TTFE |  Profile TTFE |    Delta
  ---------------------------------+------------+---------------+---------
  NDK+Thompson (Priority) (seed=0, single run) |      788ms |         945ms |   +157ms
  NDK+Thompson CG (Priority) (seed=0, single run) |      945ms |         945ms |     +0ms
  NDK+Thompson CG2 (Priority) (seed=0, single run) |      945ms |         945ms |     +0ms

=== NIP-66 RTT vs Measured Latency (218 relays, data age: 70min) ===
                             N   Spearman r      MAE    Bias    Top5   Top10   Top20
------------------------  ----  -----------  -------  ------  ------  ------  ------
rttOpen vs connect         218         0.05    606ms    1.2x    0.0%    0.0%    5.0%
rttRead vs query           191        -0.07     2.0s   10.3x    0.0%   10.0%   15.0%
(Bias = measured/nip66, >1 = NIP-66 underestimates. TopK = overlap of K fastest relays.)
Monitor: 9bbbb845e5b6..., 9ba1d7892cd0..., 9bb7cd94d7b6..., 0b01aa38c2cc..., 45df0580711f..., b2c949c0fb79..., http-api..., 9ba6484003e8..., 9b85d54cc4bc...
[relay-scores] Updated scores for ndk-thompson: 31 relays, session 3
[relay-scores] Degrading relays (3): wss://nostr-pub.wellorder.net, wss://nostr.land, wss://relay.ditto.pub
[relay-scores] Saved to .cache/relay_scores_97c70a44366a6535_31536000_liveness_ndk-thompson.json

Thompson Sampling [ndk-thompson] learning state:
  Session: 3
  Relays with observations: 31
  Mean prior α: 16.7, β: 30.6
  Relays with strong preference (α>5): 13
  Relays learned to avoid (β>5): 18
[relay-scores-se] Relay wss://relay.day.ag: 0 contested obs (fallback dampening applied)
[relay-scores-se] Relay wss://thatwhichisnotseen.net/outbox: 0 contested obs (fallback dampening applied)
[relay-scores-se] Relay wss://nostr.lopp.social: 0 contested obs (fallback dampening applied)
[relay-scores-se] Updated scores for ndk-thompson-cg: 26 relays, session 3
[relay-scores-se] Skipped 14 sole-source observations across 10 relays
[relay-scores-se] Force-included relays and scores: wss://relay.ditto.pub(E=0.527), wss://relay.primal.net(E=0.290), wss://nostr.bitcoiner.social(E=0.429), wss://relay.damus.io(E=0.308), wss://nostr.land(E=0.290), wss://nos.lol(E=0.383), wss://relay.day.ag(E=0.794), wss://thatwhichisnotseen.net/outbox(E=0.794), wss://premium.primal.net(E=0.186), wss://nostr.lopp.social(E=0.794)
[relay-scores-se] Degrading relays (1): wss://relay.ditto.pub
[relay-scores] Saved to .cache/relay_scores_97c70a44366a6535_31536000_liveness_ndk-thompson-cg.json

Thompson Sampling [ndk-thompson-cg] learning state:
  Session: 3
  Relays with observations: 26
  Mean prior α: 18.4, β: 36.5
  Relays with strong preference (α>5): 12
  Relays learned to avoid (β>5): 16
[relay-scores-se] Relay wss://relay.day.ag: 0 contested obs (fallback dampening applied)
[relay-scores-se] Relay wss://thatwhichisnotseen.net/outbox: 0 contested obs (fallback dampening applied)
[relay-scores-se] Updated scores for ndk-thompson-cg2: 29 relays, session 3
[relay-scores-se] Skipped 12 sole-source observations across 8 relays
[relay-scores-se] Force-included relays and scores: wss://relay.ditto.pub(E=0.524), wss://relay.primal.net(E=0.282), wss://nostr.bitcoiner.social(E=0.349), wss://relay.damus.io(E=0.320), wss://nostr.land(E=0.328), wss://nos.lol(E=0.367), wss://relay.day.ag(E=0.794), wss://thatwhichisnotseen.net/outbox(E=0.794)
[relay-scores-se] Degrading relays (1): wss://relay.ditto.pub
[relay-scores] Saved to .cache/relay_scores_97c70a44366a6535_31536000_liveness_ndk-thompson-cg2.json

Thompson Sampling [ndk-thompson-cg2] learning state:
  Session: 3
  Relays with observations: 29
  Mean prior α: 16.6, β: 32.4
  Relays with strong preference (α>5): 13
  Relays learned to avoid (β>5): 16

JSON results written to: results/97c70a44366a6535_1773113710418.json
