[0m[32mTask[0m [0m[36mbench[0m deno run --allow-net --allow-read --allow-write main.ts "97c70a44366a6535c145b333f973ea86dfdc2d7a99da618c40c64705ad98e322" "--algorithms" "ndk-thompson,ndk-thompson-cg,ndk-thompson-cg2" "--verify-window" "31536000" "--verify" "--verify-concurrency" "10" "--nip66-filter" "liveness" "--no-phase2-cache" "--fast" "--output" "both"
Target: 97c70a44366a6535...
Seed: 0 | Filter: strict | Runs: 3
Using cached data (fetched 2026-03-10T02:49:33.340Z)

=== Fetch Quality ===
Indexers: wss://purplepag.es (0 events, 1009ms), wss://relay.damus.io (298 events, 334ms), wss://nos.lol (402 events, 700ms)
Follows: 453 | With relay list: 395 (87.2%) | Missing: 58 (12.8%) | Filtered-to-empty: 8
Filter profile: strict | Filtered URLs: 140 (6 localhost, 13 insecure ws, 7 IP-only, 114 known-bad)
Unique valid write relays: 479 | Seed: 0
[nip66] Using cached monitor data (1707 relays)

=== NIP-66 Liveness Filter (liveness) ===
Monitor data: 1707 relays
Candidate relays: 479
  Known alive: 291
  Unknown (removed): 188
  .onion preserved: 10
  Parse-failed preserved: 0
  Authors filtered to empty: 3
Relays after filter: 291
[relay-scores] Loaded 20 relay priors (session 1, from 2026-03-10T02:50:44.069Z)

Thompson Sampling [ndk-thompson]: loaded 20 relay priors (session 1)
[relay-scores] Loaded 20 relay priors (session 1, from 2026-03-10T02:50:44.079Z)

Thompson Sampling [ndk-thompson-cg]: loaded 20 relay priors (session 1)
[relay-scores] Loaded 20 relay priors (session 1, from 2026-03-10T02:50:44.086Z)

Thompson Sampling [ndk-thompson-cg2]: loaded 20 relay priors (session 1)
Coverage guarantee: 12 sole-source relays forced (20 maxConnections budget)
Coverage guarantee: 12 sole-source relays forced (20 maxConnections budget)
Coverage guarantee: 12 sole-source relays forced (20 maxConnections budget)
Coverage guarantee: 10 sole-source relays forced (capped at 10, 12 total sole-source) (20 maxConnections budget)
Coverage guarantee: 10 sole-source relays forced (capped at 10, 12 total sole-source) (20 maxConnections budget)
Coverage guarantee: 10 sole-source relays forced (capped at 10, 12 total sole-source) (20 maxConnections budget)

=== Regime A: Fixed 20 Connections ===
  Algorithm                      |  Relays |   Assign% |  Orphans |  Alg.Orph |  Avg/pk |   Gini |    HHI
  -------------------------------+---------+-----------+----------+-----------+---------+--------+-------
  NDK+Thompson (Priority)        |      20 |     83.3% (0.0sd) | 75.66666666666667 | 17.666666666666668 |     1.9 |   0.71 |  0.184
  NDK+Thompson (Priority)+CG     |      20 |     84.3% (0.0sd) |       71 |        13 |     1.9 |   0.72 |  0.190
  NDK+Thompson (Priority)+CG2    |      20 |     84.0% (0.0sd) | 72.66666666666667 | 14.666666666666666 |     1.9 |   0.72 |  0.196
Coverage guarantee: 12 sole-source relays forced (20 maxConnections budget)
Coverage guarantee: 10 sole-source relays forced (capped at 10, 12 total sole-source) (20 maxConnections budget)

=== Phase 2: Event Verification ===
Window: 31536000s | Kinds: 1 | Concurrency: 10
[baseline] Querying 291 relays for 392 authors (window: 31536000s)
[pool] CLOSED from wss://hole.v0l.io: error: queries not allowed
[baseline] Progress: 50/291 relays queried
[pool] CLOSED from wss://relay.getalby.com/v1: blocked: Request rejected
[pool] CLOSED from wss://greensoul.space: auth-required: only authenticated users can read from this relay
[pool] CLOSED from wss://sendit.nosflare.com: restricted: this relay does not accept REQs
[baseline] Progress: 100/291 relays queried
[pool] CLOSED from wss://relay.nosflare.com: auth-required: authentication required to subscribe
[pool] CLOSED from wss://inbox.nostr.wine: blocked: this relay does not store any of the kinds in this request
[pool] CLOSED from wss://creatr.nostr.wine: auth-required: please authenticate before sending REQs
[pool] CLOSED from wss://david.nostr1.com: auth-required: you must auth
[baseline] Progress: 150/291 relays queried
[pool] CLOSED from wss://relay.shawnyeager.com/chat: auth-required: all requests must be authenticated
[pool] CLOSED from wss://auth.nostr1.com: auth-required: you must auth
[baseline] Progress: 200/291 relays queried
[pool] CLOSED from wss://bostr.erechorse.com: auth-required: authentication is required to perform this action.
[pool] CLOSED from wss://relay.nsec.app: blocked: we only keep kind 24133 or 24135
[pool] CLOSED from wss://relay.albylabs.com: blocked: Request rejected
[pool] CLOSED from wss://relay.danieldaquino.me/private: auth-required: this query requires you to be authenticated
[baseline] Progress: 250/291 relays queried
[pool] CLOSED from wss://aplaceinthesun.nostr1.com: auth-required: you must auth
[baseline] Progress: 291/291 relays queried
[phase2] Subscription timeouts (no EOSE): 17
[phase2] CLOSED messages received: 15
  wss://hole.v0l.io: error: queries not allowed
  wss://relay.getalby.com/v1: blocked: Request rejected
  wss://greensoul.space: auth-required: only authenticated users can read from this relay
  wss://sendit.nosflare.com: restricted: this relay does not accept REQs
  wss://relay.nosflare.com: auth-required: authentication required to subscribe
  wss://inbox.nostr.wine: blocked: this relay does not store any of the kinds in this request
  wss://creatr.nostr.wine: auth-required: please authenticate before sending REQs
  wss://david.nostr1.com: auth-required: you must auth
  wss://relay.shawnyeager.com/chat: auth-required: all requests must be authenticated
  wss://auth.nostr1.com: auth-required: you must auth

=== Phase 2: Event Verification (365d window) ===
Baseline: 291 relays queried (69.1% success), 1.4min
  Timing: connect 868ms median (2.2s p95) | query 1.6s median (15.6s p95) | 17 timeouts (17 relays)
  Authors: 392 with relay data
    Testable (reliable): 268 | Testable (partial): 0 | Zero events: 119 | Unreliable: 5
  Baseline events: 58,394 (mean 217.9/author, median 47)
  Events per (relay,pubkey) capped at: 10000

  Headline metrics (268 testable-reliable authors, 58,394 baseline events):

  Algorithm                        |   Evt Recall |   Auth Recall |  Relay OK% |     TTFE |      p50 |      p80 | Timeouts
  ---------------------------------+--------------+---------------+------------+----------+----------+----------+---------
  NDK+Thompson (Priority) (seed=0, single run) |        24.4% |         80.6% |      75.0% |    835ms |     3.0s |     4.5s |        2
  NDK+Thompson CG (Priority) (seed=0, single run) |        30.4% |         80.6% |      80.0% |     1.1s |     3.6s |     4.9s |        1
  NDK+Thompson CG2 (Priority) (seed=0, single run) |        25.3% |         82.1% |      80.0% |     1.1s |     3.5s |     5.0s |        2

  Per-author recall distribution:
  Algorithm                        |   Median |  % at 0% |      p25 |      p75
  ---------------------------------+----------+----------+----------+---------
  NDK+Thompson (Priority) (seed=0, single run) |    28.9% |    19.4% |     1.7% |   100.0%
  NDK+Thompson CG (Priority) (seed=0, single run) |    33.4% |    19.4% |     1.9% |   100.0%
  NDK+Thompson CG2 (Priority) (seed=0, single run) |    29.5% |    17.9% |     2.2% |   100.0%

  Latency simulation (parallel relay query):
  Algorithm                        |     TTFE |      p50 |      p80 |      Max |   TO |   TO Tax |   Relays |   Events
  ---------------------------------+----------+----------+----------+----------+------+----------+----------+---------
  NDK+Thompson (Priority) (seed=0, single run) |    835ms |     3.0s |     4.5s |    30.8s |    2 |    15.0s | 14/17/20 |   25,607
  NDK+Thompson CG (Priority) (seed=0, single run) |     1.1s |     3.6s |     4.9s |    30.8s |    1 |    15.0s | 16/17/20 |   27,155
  NDK+Thompson CG2 (Priority) (seed=0, single run) |     1.1s |     3.5s |     5.0s |    30.8s |    2 |    15.0s | 15/18/20 |   25,455
  (Relays: with-events/connected/total | TO Tax: ceil(timeouts/concurrency) × EOSE timeout)

  Progressive completeness (% of recall achieved by time):
  Algorithm                        |      @1s |      @2s |      @5s |     @10s |     @15s
  ---------------------------------+----------+----------+----------+----------+---------
  NDK+Thompson (Priority) (seed=0, single run) |     0.9% |     5.5% |    82.6% |   100.0% |   100.0%
  NDK+Thompson CG (Priority) (seed=0, single run) |     0.0% |     2.9% |    83.8% |   100.0% |   100.0%
  NDK+Thompson CG2 (Priority) (seed=0, single run) |     0.0% |     6.6% |    82.3% |   100.0% |   100.0%

  EOSE-race simulation (stop after first EOSE + grace period):
  Algorithm                        |     +0ms |   +200ms |   +500ms |      +1s |      +2s
  ---------------------------------+----------+----------+----------+----------+---------
  NDK+Thompson (Priority) (seed=0, single run) |     0.9% |     0.9% |     0.9% |     5.5% |    10.2%
  NDK+Thompson CG (Priority) (seed=0, single run) |     1.5% |     2.9% |     2.9% |     5.8% |    14.1%
  NDK+Thompson CG2 (Priority) (seed=0, single run) |     1.7% |     3.6% |     6.6% |    10.0% |    18.4%
  (First EOSE: NDK+Thompson (Priority) (seed=0, single run)=993ms, NDK+Thompson CG (Priority) (seed=0, single run)=1.6s, NDK+Thompson CG2 (Priority) (seed=0, single run)=1.4s)

  Profile-view latency (per-author outbox query, top 3 write relays):
    Authors simulated: 268 | Hit rate: 99.6%
    TTFE: 1.6s median, 1.7s mean, 2.5s p95
    Relays/profile: 2.8 queried, 2.5 with events, 0.11 timeouts

  Feed vs profile-view TTFE comparison:
  Algorithm                        |  Feed TTFE |  Profile TTFE |    Delta
  ---------------------------------+------------+---------------+---------
  NDK+Thompson (Priority) (seed=0, single run) |      835ms |          1.6s |   +762ms
  NDK+Thompson CG (Priority) (seed=0, single run) |       1.1s |          1.6s |   +519ms
  NDK+Thompson CG2 (Priority) (seed=0, single run) |       1.1s |          1.6s |   +519ms

=== NIP-66 RTT vs Measured Latency (226 relays, data age: 49min) ===
                             N   Spearman r      MAE    Bias    Top5   Top10   Top20
------------------------  ----  -----------  -------  ------  ------  ------  ------
rttOpen vs connect         226        -0.01    726ms    1.2x    0.0%    0.0%    0.0%
rttRead vs query           199        -0.02     2.1s    9.8x    0.0%   10.0%   10.0%
(Bias = measured/nip66, >1 = NIP-66 underestimates. TopK = overlap of K fastest relays.)
Monitor: 9bbbb845e5b6..., 9ba1d7892cd0..., 9bb7cd94d7b6..., 0b01aa38c2cc..., b2c949c0fb79..., 45df0580711f..., http-api..., 9ba6484003e8..., 9b85d54cc4bc...
[relay-scores] Updated scores for ndk-thompson: 26 relays, session 2
[relay-scores] Saved to .cache/relay_scores_97c70a44366a6535_31536000_liveness_ndk-thompson.json

Thompson Sampling [ndk-thompson] learning state:
  Session: 2
  Relays with observations: 26
  Mean prior α: 13.2, β: 25.9
  Relays with strong preference (α>5): 11
  Relays learned to avoid (β>5): 16
[relay-scores-se] Relay wss://relay.day.ag: 0 contested obs (fallback dampening applied)
[relay-scores-se] Relay wss://thatwhichisnotseen.net/outbox: 0 contested obs (fallback dampening applied)
[relay-scores-se] Relay wss://nostr.lopp.social: 0 contested obs (fallback dampening applied)
[relay-scores-se] Updated scores for ndk-thompson-cg: 25 relays, session 2
[relay-scores-se] Skipped 14 sole-source observations across 10 relays
[relay-scores-se] Force-included relays and scores: wss://relay.ditto.pub(E=0.600), wss://relay.primal.net(E=0.272), wss://nostr.bitcoiner.social(E=0.386), wss://relay.damus.io(E=0.305), wss://nostr.land(E=0.357), wss://nos.lol(E=0.386), wss://relay.day.ag(E=0.747), wss://thatwhichisnotseen.net/outbox(E=0.747), wss://premium.primal.net(E=0.193), wss://nostr.lopp.social(E=0.747)
[relay-scores] Saved to .cache/relay_scores_97c70a44366a6535_31536000_liveness_ndk-thompson-cg.json

Thompson Sampling [ndk-thompson-cg] learning state:
  Session: 2
  Relays with observations: 25
  Mean prior α: 12.8, β: 27.1
  Relays with strong preference (α>5): 11
  Relays learned to avoid (β>5): 13
[relay-scores-se] Relay wss://relay.day.ag: 0 contested obs (fallback dampening applied)
[relay-scores-se] Relay wss://thatwhichisnotseen.net/outbox: 0 contested obs (fallback dampening applied)
[relay-scores-se] Updated scores for ndk-thompson-cg2: 27 relays, session 2
[relay-scores-se] Skipped 13 sole-source observations across 9 relays
[relay-scores-se] Force-included relays and scores: wss://relay.ditto.pub(E=0.580), wss://relay.primal.net(E=0.266), wss://nostr.bitcoiner.social(E=0.361), wss://relay.damus.io(E=0.317), wss://nostr.land(E=0.300), wss://nos.lol(E=0.365), wss://relay.day.ag(E=0.747), wss://thatwhichisnotseen.net/outbox(E=0.747), wss://premium.primal.net(E=0.252)
[relay-scores] Saved to .cache/relay_scores_97c70a44366a6535_31536000_liveness_ndk-thompson-cg2.json

Thompson Sampling [ndk-thompson-cg2] learning state:
  Session: 2
  Relays with observations: 27
  Mean prior α: 11.7, β: 25.2
  Relays with strong preference (α>5): 12
  Relays learned to avoid (β>5): 14

JSON results written to: results/97c70a44366a6535_1773112438721.json
