[0m[32mTask[0m [0m[36mbench[0m deno run --allow-net --allow-read --allow-write main.ts "97c70a44366a6535c145b333f973ea86dfdc2d7a99da618c40c64705ad98e322" "--algorithms" "ndk-thompson,ndk-thompson-cg,ndk-thompson-cg2" "--verify-window" "31536000" "--verify" "--verify-concurrency" "10" "--nip66-filter" "liveness" "--no-phase2-cache" "--fast" "--output" "both"
Target: 97c70a44366a6535...
Seed: 0 | Filter: strict | Runs: 3
[fetch] Connecting to 3 indexer relays...
[fetch] wss://purplepag.es: connected (993ms)
[fetch] wss://relay.damus.io: WebSocket error: NetworkError: failed to connect to WebSocket: Invalid status code 400 Bad Request
[fetch] wss://nos.lol: connected (864ms)
[fetch] Fetching kind 3 (contact list) for 97c70a44...
[fetch] 453 follows to fetch relay lists for
[fetch] Fetched relay lists: 200/453
[fetch] Fetched relay lists: 400/453
[fetch] Received 402 relay list events

=== Fetch Quality ===
Indexers: wss://purplepag.es (454 events, 993ms), wss://relay.damus.io (0 events, 393ms, errors: WebSocket error: NetworkError: failed to connect to WebSocket: Invalid status code 400 Bad Request), wss://nos.lol (402 events, 864ms)
Follows: 453 | With relay list: 394 (87.0%) | Missing: 59 (13.0%) | Filtered-to-empty: 8
Filter profile: strict | Filtered URLs: 141 (6 localhost, 13 insecure ws, 8 IP-only, 114 known-bad)
Unique valid write relays: 481 | Seed: 0
[nip66] Using cached monitor data (1156 relays)

=== NIP-66 Liveness Filter (liveness) ===
Monitor data: 1156 relays
Candidate relays: 481
  Known alive: 251
  Unknown (removed): 230
  .onion preserved: 10
  Parse-failed preserved: 0
  Authors filtered to empty: 3
Relays after filter: 251
[relay-scores] Loaded 31 relay priors (session 3, from 2026-03-10T03:35:10.391Z)

Thompson Sampling [ndk-thompson]: loaded 31 relay priors (session 3)
[relay-scores] Loaded 26 relay priors (session 3, from 2026-03-10T03:35:10.397Z)

Thompson Sampling [ndk-thompson-cg]: loaded 26 relay priors (session 3)
[relay-scores] Loaded 29 relay priors (session 3, from 2026-03-10T03:35:10.404Z)

Thompson Sampling [ndk-thompson-cg2]: loaded 29 relay priors (session 3)
Coverage guarantee: 13 sole-source relays forced (20 maxConnections budget)
Coverage guarantee: 13 sole-source relays forced (20 maxConnections budget)
Coverage guarantee: 13 sole-source relays forced (20 maxConnections budget)
Coverage guarantee: 10 sole-source relays forced (capped at 10, 13 total sole-source) (20 maxConnections budget)
Coverage guarantee: 10 sole-source relays forced (capped at 10, 13 total sole-source) (20 maxConnections budget)
Coverage guarantee: 10 sole-source relays forced (capped at 10, 13 total sole-source) (20 maxConnections budget)

=== Regime A: Fixed 20 Connections ===
  Algorithm                      |  Relays |   Assign% |  Orphans |  Alg.Orph |  Avg/pk |   Gini |    HHI
  -------------------------------+---------+-----------+----------+-----------+---------+--------+-------
  NDK+Thompson (Priority)        |      20 |     82.9% (0.0sd) | 77.33333333333333 | 18.333333333333332 |     1.9 |   0.73 |  0.211
  NDK+Thompson (Priority)+CG     |      20 |     83.7% (0.0sd) |       74 |        15 |     1.9 |   0.75 |  0.224
  NDK+Thompson (Priority)+CG2    |      20 |     82.8% (0.0sd) |       78 |        19 |     1.9 |   0.75 |  0.216
Coverage guarantee: 13 sole-source relays forced (20 maxConnections budget)
Coverage guarantee: 10 sole-source relays forced (capped at 10, 13 total sole-source) (20 maxConnections budget)

=== Phase 2: Event Verification ===
Window: 31536000s | Kinds: 1 | Concurrency: 10
[baseline] Querying 251 relays for 391 authors (window: 31536000s)
[pool] CLOSED from wss://hole.v0l.io: error: queries not allowed
[pool] CLOSED from wss://relay.getalby.com/v1: blocked: Request rejected
[baseline] Progress: 50/251 relays queried
[pool] CLOSED from wss://greensoul.space: auth-required: only authenticated users can read from this relay
[pool] CLOSED from wss://sendit.nosflare.com: restricted: this relay does not accept REQs
[pool] CLOSED from wss://relay.nosflare.com: auth-required: authentication required to subscribe
[baseline] Progress: 100/251 relays queried
[pool] CLOSED from wss://creatr.nostr.wine: auth-required: please authenticate before sending REQs
[pool] CLOSED from wss://inbox.nostr.wine: blocked: this relay does not store any of the kinds in this request
[pool] CLOSED from wss://david.nostr1.com: auth-required: you must auth
[pool] CLOSED from wss://relay.shawnyeager.com/chat: auth-required: all requests must be authenticated
[pool] CLOSED from wss://auth.nostr1.com: auth-required: you must auth
[baseline] Progress: 150/251 relays queried
[pool] CLOSED from wss://bostr.erechorse.com: auth-required: authentication is required to perform this action.
[pool] CLOSED from wss://relay.nsec.app: blocked: we only keep kind 24133 or 24135
[baseline] Progress: 200/251 relays queried
[pool] CLOSED from wss://relay.danieldaquino.me/private: auth-required: this query requires you to be authenticated
[pool] CLOSED from wss://relay.albylabs.com: blocked: Request rejected
[pool] CLOSED from wss://aplaceinthesun.nostr1.com: auth-required: you must auth
[baseline] Progress: 250/251 relays queried
[baseline] Progress: 251/251 relays queried
[phase2] Subscription timeouts (no EOSE): 19
[phase2] CLOSED messages received: 15
  wss://hole.v0l.io: error: queries not allowed
  wss://relay.getalby.com/v1: blocked: Request rejected
  wss://greensoul.space: auth-required: only authenticated users can read from this relay
  wss://sendit.nosflare.com: restricted: this relay does not accept REQs
  wss://relay.nosflare.com: auth-required: authentication required to subscribe
  wss://creatr.nostr.wine: auth-required: please authenticate before sending REQs
  wss://inbox.nostr.wine: blocked: this relay does not store any of the kinds in this request
  wss://david.nostr1.com: auth-required: you must auth
  wss://relay.shawnyeager.com/chat: auth-required: all requests must be authenticated
  wss://auth.nostr1.com: auth-required: you must auth

=== Phase 2: Event Verification (365d window) ===
Baseline: 251 relays queried (74.9% success), 1.3min
  Timing: connect 719ms median (1.5s p95) | query 1.2s median (15.8s p95) | 19 timeouts (18 relays)
  Authors: 391 with relay data
    Testable (reliable): 257 | Testable (partial): 5 | Zero events: 122 | Unreliable: 7
  Baseline events: 57,309 (mean 218.7/author, median 47)
  Events per (relay,pubkey) capped at: 10000

  Headline metrics (257 testable-reliable authors, 57,214 baseline events):

  Algorithm                        |   Evt Recall |   Auth Recall |  Relay OK% |     TTFE |      p50 |      p80 | Timeouts
  ---------------------------------+--------------+---------------+------------+----------+----------+----------+---------
  NDK+Thompson (Priority) (seed=0, single run) |        29.6% |         79.4% |      75.0% |    658ms |     2.6s |     6.9s |        2
  NDK+Thompson CG (Priority) (seed=0, single run) |        30.3% |         80.9% |      75.0% |    970ms |     2.6s |     6.9s |        2
  NDK+Thompson CG2 (Priority) (seed=0, single run) |        29.4% |         78.2% |      80.0% |    658ms |     3.5s |     6.7s |        1

  Per-author recall distribution:
  Algorithm                        |   Median |  % at 0% |      p25 |      p75
  ---------------------------------+----------+----------+----------+---------
  NDK+Thompson (Priority) (seed=0, single run) |    33.3% |    20.6% |     1.3% |   100.0%
  NDK+Thompson CG (Priority) (seed=0, single run) |    33.3% |    19.1% |     2.3% |   100.0%
  NDK+Thompson CG2 (Priority) (seed=0, single run) |    28.7% |    21.8% |     1.2% |   100.0%

  Latency simulation (parallel relay query):
  Algorithm                        |     TTFE |      p50 |      p80 |      Max |   TO |   TO Tax |   Relays |   Events
  ---------------------------------+----------+----------+----------+----------+------+----------+----------+---------
  NDK+Thompson (Priority) (seed=0, single run) |    658ms |     2.6s |     6.9s |    31.4s |    2 |    15.0s | 14/17/20 |   23,732
  NDK+Thompson CG (Priority) (seed=0, single run) |    970ms |     2.6s |     6.9s |    31.4s |    2 |    15.0s | 14/17/20 |   22,750
  NDK+Thompson CG2 (Priority) (seed=0, single run) |    658ms |     3.5s |     6.7s |    31.4s |    1 |    15.0s | 15/17/20 |   24,387
  (Relays: with-events/connected/total | TO Tax: ceil(timeouts/concurrency) × EOSE timeout)

  Progressive completeness (% of recall achieved by time):
  Algorithm                        |      @1s |      @2s |      @5s |     @10s |     @15s
  ---------------------------------+----------+----------+----------+----------+---------
  NDK+Thompson (Priority) (seed=0, single run) |     0.8% |    10.7% |    73.7% |   100.0% |   100.0%
  NDK+Thompson CG (Priority) (seed=0, single run) |     0.0% |     5.5% |    70.4% |   100.0% |   100.0%
  NDK+Thompson CG2 (Priority) (seed=0, single run) |     0.8% |     3.4% |    69.8% |   100.0% |   100.0%

  EOSE-race simulation (stop after first EOSE + grace period):
  Algorithm                        |     +0ms |   +200ms |   +500ms |      +1s |      +2s
  ---------------------------------+----------+----------+----------+----------+---------
  NDK+Thompson (Priority) (seed=0, single run) |     0.8% |     0.8% |     2.0% |     6.6% |    69.4%
  NDK+Thompson CG (Priority) (seed=0, single run) |     1.4% |     2.9% |     5.5% |     6.8% |    69.4%
  NDK+Thompson CG2 (Priority) (seed=0, single run) |     0.8% |     0.8% |     2.1% |     2.1% |    65.1%
  (First EOSE: NDK+Thompson (Priority) (seed=0, single run)=815ms, NDK+Thompson CG (Priority) (seed=0, single run)=1.4s, NDK+Thompson CG2 (Priority) (seed=0, single run)=815ms)

  Profile-view latency (per-author outbox query, top 3 write relays):
    Authors simulated: 262 | Hit rate: 99.2%
    TTFE: 1.7s median, 1.7s mean, 2.7s p95
    Relays/profile: 2.9 queried, 2.1 with events, 0.10 timeouts

  Feed vs profile-view TTFE comparison:
  Algorithm                        |  Feed TTFE |  Profile TTFE |    Delta
  ---------------------------------+------------+---------------+---------
  NDK+Thompson (Priority) (seed=0, single run) |      658ms |          1.7s |    +1.0s
  NDK+Thompson CG (Priority) (seed=0, single run) |      970ms |          1.7s |   +689ms
  NDK+Thompson CG2 (Priority) (seed=0, single run) |      658ms |          1.7s |    +1.0s

  Including partial-baseline authors (262 testable authors, 57,309 baseline events):

  Algorithm                        |   Evt Recall |   Auth Recall
  ---------------------------------+--------------+--------------
  NDK+Thompson (Priority) (seed=0, single run) |        29.5% |         79.0%
  NDK+Thompson CG (Priority) (seed=0, single run) |        30.3% |         80.5%
  NDK+Thompson CG2 (Priority) (seed=0, single run) |        29.5% |         78.2%

=== NIP-66 RTT vs Measured Latency (216 relays, data age: 18min) ===
                             N   Spearman r      MAE    Bias    Top5   Top10   Top20
------------------------  ----  -----------  -------  ------  ------  ------  ------
rttOpen vs connect         216         0.25    669ms    0.9x    0.0%   10.0%   15.0%
rttRead vs query           188         0.38     1.6s    8.7x    0.0%   10.0%   30.0%
(Bias = measured/nip66, >1 = NIP-66 underestimates. TopK = overlap of K fastest relays.)
Monitor: 9ba046db56b8..., 0b01aa38c2cc..., b2c949c0fb79..., 9bac3d58ef5a..., 9bbbb845e5b6..., http-api..., 9ba1d7892cd0..., 45df0580711f..., 58faef87b342..., 9ba6484003e8..., 9b85d54cc4bc...
[relay-scores] Updated scores for ndk-thompson: 32 relays, session 4
[relay-scores] Degrading relays (1): wss://relay.ditto.pub
[relay-scores] Saved to .cache/relay_scores_97c70a44366a6535_31536000_liveness_ndk-thompson.json

Thompson Sampling [ndk-thompson] learning state:
  Session: 4
  Relays with observations: 32
  Mean prior α: 20.1, β: 38.4
  Relays with strong preference (α>5): 13
  Relays learned to avoid (β>5): 19
[relay-scores-se] Relay wss://relay.day.ag: 0 contested obs (fallback dampening applied)
[relay-scores-se] Relay wss://thatwhichisnotseen.net/outbox: 0 contested obs (fallback dampening applied)
[relay-scores-se] Relay wss://nostr.lopp.social: 0 contested obs (fallback dampening applied)
[relay-scores-se] Updated scores for ndk-thompson-cg: 28 relays, session 4
[relay-scores-se] Skipped 12 sole-source observations across 10 relays
[relay-scores-se] Force-included relays and scores: wss://relay.ditto.pub(E=0.519), wss://relay.primal.net(E=0.308), wss://nostr.bitcoiner.social(E=0.412), wss://nostr.land(E=0.319), wss://nos.lol(E=0.380), wss://relay.snort.social(E=0.365), wss://relay.day.ag(E=0.825), wss://thatwhichisnotseen.net/outbox(E=0.825), wss://premium.primal.net(E=0.180), wss://nostr.lopp.social(E=0.825)
[relay-scores-se] Degrading relays (2): wss://relay.ditto.pub, wss://nostr-pub.wellorder.net
[relay-scores] Saved to .cache/relay_scores_97c70a44366a6535_31536000_liveness_ndk-thompson-cg.json

Thompson Sampling [ndk-thompson-cg] learning state:
  Session: 4
  Relays with observations: 28
  Mean prior α: 21.0, β: 44.4
  Relays with strong preference (α>5): 12
  Relays learned to avoid (β>5): 17
[relay-scores-se] Relay wss://relay.day.ag: 0 contested obs (fallback dampening applied)
[relay-scores-se] Updated scores for ndk-thompson-cg2: 31 relays, session 4
[relay-scores-se] Skipped 9 sole-source observations across 7 relays
[relay-scores-se] Force-included relays and scores: wss://relay.ditto.pub(E=0.483), wss://relay.primal.net(E=0.301), wss://nostr.bitcoiner.social(E=0.373), wss://nostr.land(E=0.318), wss://nos.lol(E=0.370), wss://relay.snort.social(E=0.392), wss://relay.day.ag(E=0.825)
[relay-scores-se] Degrading relays (2): wss://relay.ditto.pub, wss://nostr-pub.wellorder.net
[relay-scores] Saved to .cache/relay_scores_97c70a44366a6535_31536000_liveness_ndk-thompson-cg2.json

Thompson Sampling [ndk-thompson-cg2] learning state:
  Session: 4
  Relays with observations: 31
  Mean prior α: 19.1, β: 39.8
  Relays with strong preference (α>5): 14
  Relays learned to avoid (β>5): 17

JSON results written to: results/97c70a44366a6535_1773114892068.json
