[0m[32mTask[0m [0m[36mbench[0m deno run --allow-net --allow-read --allow-write main.ts "32e1827635450ebb3c5a7d12c1f8e7b2b514439ac10a67eef3d9fd9c5c68e245" "--algorithms" "ndk-thompson,ndk-thompson-cg,ndk-thompson-cg2" "--verify-window" "31536000" "--verify" "--verify-concurrency" "10" "--nip66-filter" "liveness" "--no-phase2-cache" "--fast" "--output" "both"
Target: 32e1827635450ebb...
Seed: 0 | Filter: strict | Runs: 3
Using cached data (fetched 2026-03-10T03:56:05.615Z)

=== Fetch Quality ===
Indexers: wss://purplepag.es (909 events, 1204ms), wss://relay.damus.io (453 events, 1559ms), wss://nos.lol (659 events, 993ms)
Follows: 908 | With relay list: 647 (71.3%) | Missing: 261 (28.7%) | Filtered-to-empty: 13
Filter profile: strict | Filtered URLs: 238 (6 localhost, 33 insecure ws, 6 IP-only, 191 known-bad, 2 malformed)
Unique valid write relays: 723 | Seed: 0
[nip66] Using cached monitor data (1156 relays)

=== NIP-66 Liveness Filter (liveness) ===
Monitor data: 1156 relays
Candidate relays: 723
  Known alive: 292
  Unknown (removed): 431
  .onion preserved: 12
  Parse-failed preserved: 0
  Authors filtered to empty: 1
Relays after filter: 292
[relay-scores] Loaded 36 relay priors (session 4, from 2026-03-10T03:57:18.608Z)

Thompson Sampling [ndk-thompson]: loaded 36 relay priors (session 4)
[relay-scores] Loaded 26 relay priors (session 4, from 2026-03-10T03:57:18.628Z)

Thompson Sampling [ndk-thompson-cg]: loaded 26 relay priors (session 4)
[relay-scores] Loaded 30 relay priors (session 4, from 2026-03-10T03:57:18.636Z)

Thompson Sampling [ndk-thompson-cg2]: loaded 30 relay priors (session 4)
Coverage guarantee: 13 sole-source relays forced (20 maxConnections budget)
Coverage guarantee: 13 sole-source relays forced (20 maxConnections budget)
Coverage guarantee: 13 sole-source relays forced (20 maxConnections budget)
Coverage guarantee: 10 sole-source relays forced (capped at 10, 13 total sole-source) (20 maxConnections budget)
Coverage guarantee: 10 sole-source relays forced (capped at 10, 13 total sole-source) (20 maxConnections budget)
Coverage guarantee: 10 sole-source relays forced (capped at 10, 13 total sole-source) (20 maxConnections budget)

=== Regime A: Fixed 20 Connections ===
  Algorithm                      |  Relays |   Assign% |  Orphans |  Alg.Orph |  Avg/pk |   Gini |    HHI
  -------------------------------+---------+-----------+----------+-----------+---------+--------+-------
  NDK+Thompson (Priority)        |      20 |     70.0% (0.0sd) | 272.6666666666667 | 11.666666666666666 |     1.9 |   0.71 |  0.178
  NDK+Thompson (Priority)+CG     |      20 |     70.1% (0.0sd) | 271.6666666666667 | 10.666666666666666 |     1.9 |   0.75 |  0.226
  NDK+Thompson (Priority)+CG2    |      20 |     70.1% (0.0sd) | 271.6666666666667 | 10.666666666666666 |     1.9 |   0.75 |  0.224
Coverage guarantee: 13 sole-source relays forced (20 maxConnections budget)
Coverage guarantee: 10 sole-source relays forced (capped at 10, 13 total sole-source) (20 maxConnections budget)

=== Phase 2: Event Verification ===
Window: 31536000s | Kinds: 1 | Concurrency: 10
[baseline] Querying 292 relays for 646 authors (window: 31536000s)
[pool] CLOSED from wss://aggr.nostr.land: auth-required: auth required for aggregator
[pool] CLOSED from wss://relay.shawnyeager.com/chat: auth-required: all requests must be authenticated
[pool] CLOSED from wss://greensoul.space: auth-required: only authenticated users can read from this relay
[baseline] Progress: 50/292 relays queried
[pool] CLOSED from wss://relay.nosflare.com: auth-required: authentication required to subscribe
[pool] CLOSED from wss://inbox.nostr.wine: blocked: this relay does not store any of the kinds in this request
[pool] CLOSED from wss://sendit.nosflare.com: restricted: this relay does not accept REQs
[baseline] Progress: 100/292 relays queried
[pool] CLOSED from wss://nostr.dbtc.link: auth-required: NIP-42 auth required
[pool] CLOSED from wss://auth.nostr1.com: auth-required: you must auth
[pool] CLOSED from wss://hole.v0l.io: error: queries not allowed
[baseline] Progress: 150/292 relays queried
[pool] CLOSED from wss://relay.albylabs.com: blocked: Request rejected
[baseline] Progress: 200/292 relays queried
[pool] CLOSED from wss://relay.danieldaquino.me/private: auth-required: this query requires you to be authenticated
[pool] CLOSED from wss://reedvpn.asuscomm.com: auth-required: authentication is required for access
[pool] CLOSED from wss://bitstack.app: auth-required: authentication required to subscribe
[pool] CLOSED from wss://pantry.zap.cooking: auth-required: please authenticate
[pool] CLOSED from wss://impromptu.relays.land: auth-required: all requests must be authenticated
[pool] CLOSED from wss://nortis.nostr1.com: auth-required: you must auth
[pool] CLOSED from wss://relay.nsec.app: blocked: we only keep kind 24133 or 24135
[baseline] Progress: 250/292 relays queried
[pool] CLOSED from wss://wot.azzamo.net: rate-limited: there is a bug in the client, no one should be making so many requests
[pool] CLOSED from wss://david.nostr1.com: auth-required: you must auth
[baseline] Progress: 292/292 relays queried
[phase2] Subscription timeouts (no EOSE): 21
[phase2] CLOSED messages received: 19
  wss://aggr.nostr.land: auth-required: auth required for aggregator
  wss://relay.shawnyeager.com/chat: auth-required: all requests must be authenticated
  wss://greensoul.space: auth-required: only authenticated users can read from this relay
  wss://relay.nosflare.com: auth-required: authentication required to subscribe
  wss://inbox.nostr.wine: blocked: this relay does not store any of the kinds in this request
  wss://sendit.nosflare.com: restricted: this relay does not accept REQs
  wss://nostr.dbtc.link: auth-required: NIP-42 auth required
  wss://auth.nostr1.com: auth-required: you must auth
  wss://hole.v0l.io: error: queries not allowed
  wss://relay.albylabs.com: blocked: Request rejected

=== Phase 2: Event Verification (365d window) ===
Baseline: 292 relays queried (68.8% success), 1.3min
  Timing: connect 733ms median (1.7s p95) | query 1.4s median (15.8s p95) | 21 timeouts (21 relays)
  Authors: 646 with relay data
    Testable (reliable): 397 | Testable (partial): 5 | Zero events: 240 | Unreliable: 4
  Baseline events: 71,397 (mean 177.6/author, median 29)
  Events per (relay,pubkey) capped at: 10000

  Headline metrics (397 testable-reliable authors, 70,760 baseline events):

  Algorithm                        |   Evt Recall |   Auth Recall |  Relay OK% |     TTFE |      p50 |      p80 | Timeouts
  ---------------------------------+--------------+---------------+------------+----------+----------+----------+---------
  NDK+Thompson (Priority) (seed=0, single run) |        26.6% |         85.6% |      85.0% |    861ms |     3.7s |     6.7s |        0
  NDK+Thompson CG (Priority) (seed=0, single run) |        27.9% |         84.4% |      85.0% |    894ms |     3.7s |     6.1s |        0
  NDK+Thompson CG2 (Priority) (seed=0, single run) |        28.0% |         85.9% |      85.0% |    861ms |     2.9s |     6.1s |        0

  Per-author recall distribution:
  Algorithm                        |   Median |  % at 0% |      p25 |      p75
  ---------------------------------+----------+----------+----------+---------
  NDK+Thompson (Priority) (seed=0, single run) |    61.5% |    14.4% |     5.7% |   100.0%
  NDK+Thompson CG (Priority) (seed=0, single run) |    57.1% |    15.6% |     3.5% |   100.0%
  NDK+Thompson CG2 (Priority) (seed=0, single run) |    61.5% |    14.1% |     6.0% |   100.0%

  Latency simulation (parallel relay query):
  Algorithm                        |     TTFE |      p50 |      p80 |      Max |   TO |   TO Tax |   Relays |   Events
  ---------------------------------+----------+----------+----------+----------+------+----------+----------+---------
  NDK+Thompson (Priority) (seed=0, single run) |    861ms |     3.7s |     6.7s |    19.2s |    0 |      0ms | 16/17/20 |   37,663
  NDK+Thompson CG (Priority) (seed=0, single run) |    894ms |     3.7s |     6.1s |    19.2s |    0 |      0ms | 16/17/20 |   35,913
  NDK+Thompson CG2 (Priority) (seed=0, single run) |    861ms |     2.9s |     6.1s |    19.2s |    0 |      0ms | 16/17/20 |   35,663
  (Relays: with-events/connected/total | TO Tax: ceil(timeouts/concurrency) × EOSE timeout)

  Progressive completeness (% of recall achieved by time):
  Algorithm                        |      @1s |      @2s |      @5s |     @10s |     @15s
  ---------------------------------+----------+----------+----------+----------+---------
  NDK+Thompson (Priority) (seed=0, single run) |     0.2% |     1.6% |    61.6% |    72.3% |    89.3%
  NDK+Thompson CG (Priority) (seed=0, single run) |     0.1% |     2.0% |    65.6% |    66.2% |    86.9%
  NDK+Thompson CG2 (Priority) (seed=0, single run) |     0.1% |     1.1% |    63.7% |    64.3% |    84.2%

  EOSE-race simulation (stop after first EOSE + grace period):
  Algorithm                        |     +0ms |   +200ms |   +500ms |      +1s |      +2s
  ---------------------------------+----------+----------+----------+----------+---------
  NDK+Thompson (Priority) (seed=0, single run) |     0.2% |     0.2% |     1.6% |     1.6% |    56.1%
  NDK+Thompson CG (Priority) (seed=0, single run) |     0.1% |     0.1% |     2.0% |     2.0% |    59.0%
  NDK+Thompson CG2 (Priority) (seed=0, single run) |     0.1% |     0.1% |     1.1% |     1.1% |    58.2%
  (First EOSE: NDK+Thompson (Priority) (seed=0, single run)=939ms, NDK+Thompson CG (Priority) (seed=0, single run)=939ms, NDK+Thompson CG2 (Priority) (seed=0, single run)=939ms)

  Profile-view latency (per-author outbox query, top 3 write relays):
    Authors simulated: 402 | Hit rate: 99.5%
    TTFE: 2.5s median, 2.1s mean, 3.1s p95
    Relays/profile: 2.9 queried, 2.5 with events, 0.11 timeouts

  Feed vs profile-view TTFE comparison:
  Algorithm                        |  Feed TTFE |  Profile TTFE |    Delta
  ---------------------------------+------------+---------------+---------
  NDK+Thompson (Priority) (seed=0, single run) |      861ms |          2.5s |    +1.7s
  NDK+Thompson CG (Priority) (seed=0, single run) |      894ms |          2.5s |    +1.6s
  NDK+Thompson CG2 (Priority) (seed=0, single run) |      861ms |          2.5s |    +1.7s

  Including partial-baseline authors (402 testable authors, 71,397 baseline events):

  Algorithm                        |   Evt Recall |   Auth Recall
  ---------------------------------+--------------+--------------
  NDK+Thompson (Priority) (seed=0, single run) |        27.3% |         85.8%
  NDK+Thompson CG (Priority) (seed=0, single run) |        28.4% |         84.1%
  NDK+Thompson CG2 (Priority) (seed=0, single run) |        28.6% |         85.8%

=== NIP-66 RTT vs Measured Latency (237 relays, data age: 40min) ===
                             N   Spearman r      MAE    Bias    Top5   Top10   Top20
------------------------  ----  -----------  -------  ------  ------  ------  ------
rttOpen vs connect         237         0.22    740ms    0.9x    0.0%   10.0%   15.0%
rttRead vs query           201         0.23     1.8s    8.5x    0.0%    0.0%   20.0%
(Bias = measured/nip66, >1 = NIP-66 underestimates. TopK = overlap of K fastest relays.)
Monitor: 9ba046db56b8..., 9bac3d58ef5a..., 0b01aa38c2cc..., 9bbbb845e5b6..., 9ba1d7892cd0..., b2c949c0fb79..., http-api..., 58faef87b342..., 45df0580711f..., 9bb7cd94d7b6..., 9ba6484003e8...
[relay-scores] Updated scores for ndk-thompson: 38 relays, session 5
[relay-scores] Degrading relays (1): wss://nostr.oxtr.dev
[relay-scores] Saved to .cache/relay_scores_32e1827635450ebb_31536000_liveness_ndk-thompson.json

Thompson Sampling [ndk-thompson] learning state:
  Session: 5
  Relays with observations: 38
  Mean prior α: 31.7, β: 48.3
  Relays with strong preference (α>5): 15
  Relays learned to avoid (β>5): 21
[relay-scores-se] Relay wss://nostr.lopp.social: 0 contested obs (fallback dampening applied)
[relay-scores-se] Updated scores for ndk-thompson-cg: 27 relays, session 5
[relay-scores-se] Skipped 15 sole-source observations across 10 relays
[relay-scores-se] Force-included relays and scores: wss://relay.ditto.pub(E=0.529), wss://relay.primal.net(E=0.324), wss://premium.primal.net(E=0.463), wss://nos.lol(E=0.383), wss://relay.damus.io(E=0.340), wss://nostr.wine(E=0.321), wss://nostr.bitcoiner.social(E=0.488), wss://relay.nos.social(E=0.743), wss://theforest.nostr1.com(E=0.683), wss://nostr.lopp.social(E=0.847)
[relay-scores-se] Degrading relays (1): wss://relay.day.ag
[relay-scores] Saved to .cache/relay_scores_32e1827635450ebb_31536000_liveness_ndk-thompson-cg.json

Thompson Sampling [ndk-thompson-cg] learning state:
  Session: 5
  Relays with observations: 27
  Mean prior α: 42.4, β: 67.7
  Relays with strong preference (α>5): 16
  Relays learned to avoid (β>5): 16
[relay-scores-se] Updated scores for ndk-thompson-cg2: 33 relays, session 5
[relay-scores-se] Skipped 14 sole-source observations across 9 relays
[relay-scores-se] Force-included relays and scores: wss://relay.ditto.pub(E=0.524), wss://relay.primal.net(E=0.313), wss://premium.primal.net(E=0.479), wss://nos.lol(E=0.388), wss://relay.damus.io(E=0.341), wss://nostr.wine(E=0.348), wss://nostr.bitcoiner.social(E=0.515), wss://relay.nos.social(E=0.761), wss://theforest.nostr1.com(E=0.696)
[relay-scores-se] Degrading relays (1): wss://relay.ditto.pub
[relay-scores] Saved to .cache/relay_scores_32e1827635450ebb_31536000_liveness_ndk-thompson-cg2.json

Thompson Sampling [ndk-thompson-cg2] learning state:
  Session: 5
  Relays with observations: 33
  Mean prior α: 35.1, β: 55.5
  Relays with strong preference (α>5): 16
  Relays learned to avoid (β>5): 21

JSON results written to: results/32e1827635450ebb_1773116187622.json
