[0m[32mTask[0m [0m[36mbench[0m deno run --allow-net --allow-read --allow-write main.ts "32e1827635450ebb3c5a7d12c1f8e7b2b514439ac10a67eef3d9fd9c5c68e245" "--algorithms" "ndk-thompson,ndk-thompson-cg,ndk-thompson-cg2" "--verify-window" "31536000" "--verify" "--verify-concurrency" "10" "--nip66-filter" "liveness" "--no-phase2-cache" "--fast" "--output" "both"
Target: 32e1827635450ebb...
Seed: 0 | Filter: strict | Runs: 3
Using cached data (fetched 2026-03-10T02:53:18.954Z)

=== Fetch Quality ===
Indexers: wss://purplepag.es (0 events, 1820ms), wss://relay.damus.io (0 events, 1957ms, errors: WebSocket error: NetworkError: failed to connect to WebSocket: Invalid status code 400 Bad Request), wss://nos.lol (506 events, 727ms)
Follows: 879 | With relay list: 496 (56.4%) | Missing: 383 (43.6%) | Filtered-to-empty: 9
Filter profile: strict | Filtered URLs: 183 (8 localhost, 27 insecure ws, 6 IP-only, 140 known-bad, 2 malformed)
Unique valid write relays: 593 | Seed: 0
[nip66] Using cached monitor data (1707 relays)

=== NIP-66 Liveness Filter (liveness) ===
Monitor data: 1707 relays
Candidate relays: 593
  Known alive: 304
  Unknown (removed): 289
  .onion preserved: 7
  Parse-failed preserved: 0
  Authors filtered to empty: 0
Relays after filter: 304
[relay-scores] Loaded 25 relay priors (session 2, from 2026-03-10T03:16:45.934Z)

Thompson Sampling [ndk-thompson]: loaded 25 relay priors (session 2)
[relay-scores] Loaded 21 relay priors (session 2, from 2026-03-10T03:16:45.964Z)

Thompson Sampling [ndk-thompson-cg]: loaded 21 relay priors (session 2)
[relay-scores] Loaded 21 relay priors (session 2, from 2026-03-10T03:16:45.974Z)

Thompson Sampling [ndk-thompson-cg2]: loaded 21 relay priors (session 2)
Coverage guarantee: 13 sole-source relays forced (20 maxConnections budget)
Coverage guarantee: 13 sole-source relays forced (20 maxConnections budget)
Coverage guarantee: 13 sole-source relays forced (20 maxConnections budget)
Coverage guarantee: 10 sole-source relays forced (capped at 10, 13 total sole-source) (20 maxConnections budget)
Coverage guarantee: 10 sole-source relays forced (capped at 10, 13 total sole-source) (20 maxConnections budget)
Coverage guarantee: 10 sole-source relays forced (capped at 10, 13 total sole-source) (20 maxConnections budget)

=== Regime A: Fixed 20 Connections ===
  Algorithm                      |  Relays |   Assign% |  Orphans |  Alg.Orph |  Avg/pk |   Gini |    HHI
  -------------------------------+---------+-----------+----------+-----------+---------+--------+-------
  NDK+Thompson (Priority)        |      20 |     55.0% (0.0sd) | 395.6666666666667 | 12.666666666666666 |     1.9 |   0.69 |  0.173
  NDK+Thompson (Priority)+CG     |      20 |     55.7% (0.0sd) | 389.3333333333333 | 6.333333333333333 |     1.9 |   0.75 |  0.210
  NDK+Thompson (Priority)+CG2    |      20 |     55.7% (0.0sd) |      389 |         6 |     1.9 |   0.73 |  0.198
Coverage guarantee: 13 sole-source relays forced (20 maxConnections budget)
Coverage guarantee: 10 sole-source relays forced (capped at 10, 13 total sole-source) (20 maxConnections budget)

=== Phase 2: Event Verification ===
Window: 31536000s | Kinds: 1 | Concurrency: 10
[baseline] Querying 304 relays for 496 authors (window: 31536000s)
[pool] CLOSED from wss://aggr.nostr.land: auth-required: auth required for aggregator
[pool] CLOSED from wss://relay.shawnyeager.com/chat: auth-required: all requests must be authenticated
[baseline] Progress: 50/304 relays queried
[pool] CLOSED from wss://relay.nosflare.com: auth-required: authentication required to subscribe
[pool] CLOSED from wss://greensoul.space: auth-required: only authenticated users can read from this relay
[pool] CLOSED from wss://relay.getalby.com/v1: blocked: Request rejected
[pool] CLOSED from wss://relay.usefusion.ai: restricted: only kind 4 (DM) queries are allowed
[baseline] Progress: 100/304 relays queried
[pool] CLOSED from wss://creatr.nostr.wine: auth-required: please authenticate before sending REQs
[pool] CLOSED from wss://inbox.nostr.wine: blocked: this relay does not store any of the kinds in this request
[pool] CLOSED from wss://sendit.nosflare.com: restricted: this relay does not accept REQs
[baseline] Progress: 150/304 relays queried
[pool] CLOSED from wss://nostr.dbtc.link: auth-required: NIP-42 auth required
[pool] CLOSED from wss://hole.v0l.io: error: queries not allowed
[pool] CLOSED from wss://auth.nostr1.com: auth-required: you must auth
[baseline] Progress: 200/304 relays queried
[pool] CLOSED from wss://relay.albylabs.com: blocked: Request rejected
[baseline] Progress: 250/304 relays queried
[pool] CLOSED from wss://relay.danieldaquino.me/private: auth-required: this query requires you to be authenticated
[baseline] Progress: 300/304 relays queried
[baseline] Progress: 304/304 relays queried
[phase2] Subscription timeouts (no EOSE): 21
[phase2] CLOSED messages received: 14
  wss://aggr.nostr.land: auth-required: auth required for aggregator
  wss://relay.shawnyeager.com/chat: auth-required: all requests must be authenticated
  wss://relay.nosflare.com: auth-required: authentication required to subscribe
  wss://greensoul.space: auth-required: only authenticated users can read from this relay
  wss://relay.getalby.com/v1: blocked: Request rejected
  wss://relay.usefusion.ai: restricted: only kind 4 (DM) queries are allowed
  wss://creatr.nostr.wine: auth-required: please authenticate before sending REQs
  wss://inbox.nostr.wine: blocked: this relay does not store any of the kinds in this request
  wss://sendit.nosflare.com: restricted: this relay does not accept REQs
  wss://nostr.dbtc.link: auth-required: NIP-42 auth required

=== Phase 2: Event Verification (365d window) ===
Baseline: 304 relays queried (62.5% success), 1.4min
  Timing: connect 721ms median (1.5s p95) | query 1.3s median (15.7s p95) | 21 timeouts (20 relays)
  Authors: 496 with relay data
    Testable (reliable): 300 | Testable (partial): 1 | Zero events: 193 | Unreliable: 2
  Baseline events: 58,421 (mean 194.1/author, median 25)
  Events per (relay,pubkey) capped at: 10000

  Headline metrics (300 testable-reliable authors, 58,418 baseline events):

  Algorithm                        |   Evt Recall |   Auth Recall |  Relay OK% |     TTFE |      p50 |      p80 | Timeouts
  ---------------------------------+--------------+---------------+------------+----------+----------+----------+---------
  NDK+Thompson (Priority) (seed=0, single run) |        16.9% |         84.0% |      90.0% |    690ms |     2.7s |     3.9s |        0
  NDK+Thompson CG (Priority) (seed=0, single run) |        17.0% |         85.7% |      90.0% |    555ms |     2.6s |     3.9s |        1
  NDK+Thompson CG2 (Priority) (seed=0, single run) |        15.6% |         85.0% |     100.0% |    555ms |     2.6s |     3.2s |        0

  Per-author recall distribution:
  Algorithm                        |   Median |  % at 0% |      p25 |      p75
  ---------------------------------+----------+----------+----------+---------
  NDK+Thompson (Priority) (seed=0, single run) |    54.6% |    16.0% |     5.0% |   100.0%
  NDK+Thompson CG (Priority) (seed=0, single run) |    57.6% |    14.3% |     6.9% |   100.0%
  NDK+Thompson CG2 (Priority) (seed=0, single run) |    55.8% |    15.0% |     5.4% |   100.0%

  Latency simulation (parallel relay query):
  Algorithm                        |     TTFE |      p50 |      p80 |      Max |   TO |   TO Tax |   Relays |   Events
  ---------------------------------+----------+----------+----------+----------+------+----------+----------+---------
  NDK+Thompson (Priority) (seed=0, single run) |    690ms |     2.7s |     3.9s |     6.3s |    0 |      0ms | 17/20/20 |   25,335
  NDK+Thompson CG (Priority) (seed=0, single run) |    555ms |     2.6s |     3.9s |    31.0s |    1 |    15.0s | 18/19/20 |   25,491
  NDK+Thompson CG2 (Priority) (seed=0, single run) |    555ms |     2.6s |     3.2s |     6.3s |    0 |      0ms | 20/20/20 |   26,491
  (Relays: with-events/connected/total | TO Tax: ceil(timeouts/concurrency) × EOSE timeout)

  Progressive completeness (% of recall achieved by time):
  Algorithm                        |      @1s |      @2s |      @5s |     @10s |     @15s
  ---------------------------------+----------+----------+----------+----------+---------
  NDK+Thompson (Priority) (seed=0, single run) |     0.3% |     0.3% |    65.1% |   100.0% |   100.0%
  NDK+Thompson CG (Priority) (seed=0, single run) |     0.3% |     3.8% |    68.0% |   100.0% |   100.0%
  NDK+Thompson CG2 (Priority) (seed=0, single run) |     0.3% |     4.0% |    70.8% |   100.0% |   100.0%

  EOSE-race simulation (stop after first EOSE + grace period):
  Algorithm                        |     +0ms |   +200ms |   +500ms |      +1s |      +2s
  ---------------------------------+----------+----------+----------+----------+---------
  NDK+Thompson (Priority) (seed=0, single run) |     0.3% |     0.3% |     0.3% |     0.3% |    27.0%
  NDK+Thompson CG (Priority) (seed=0, single run) |     0.0% |     0.3% |     1.2% |     3.3% |    38.5%
  NDK+Thompson CG2 (Priority) (seed=0, single run) |     0.0% |     0.3% |     1.3% |     3.6% |    36.7%
  (First EOSE: NDK+Thompson (Priority) (seed=0, single run)=776ms, NDK+Thompson CG (Priority) (seed=0, single run)=687ms, NDK+Thompson CG2 (Priority) (seed=0, single run)=687ms)

  Profile-view latency (per-author outbox query, top 3 write relays):
    Authors simulated: 301 | Hit rate: 99.3%
    TTFE: 889ms median, 1.1s mean, 1.8s p95
    Relays/profile: 2.9 queried, 2.6 with events, 0.07 timeouts

  Feed vs profile-view TTFE comparison:
  Algorithm                        |  Feed TTFE |  Profile TTFE |    Delta
  ---------------------------------+------------+---------------+---------
  NDK+Thompson (Priority) (seed=0, single run) |      690ms |         889ms |   +198ms
  NDK+Thompson CG (Priority) (seed=0, single run) |      555ms |         889ms |   +334ms
  NDK+Thompson CG2 (Priority) (seed=0, single run) |      555ms |         889ms |   +334ms

  Including partial-baseline authors (301 testable authors, 58,421 baseline events):

  Algorithm                        |   Evt Recall |   Auth Recall
  ---------------------------------+--------------+--------------
  NDK+Thompson (Priority) (seed=0, single run) |        16.9% |         84.1%
  NDK+Thompson CG (Priority) (seed=0, single run) |        17.0% |         85.7%
  NDK+Thompson CG2 (Priority) (seed=0, single run) |        15.6% |         85.0%

=== NIP-66 RTT vs Measured Latency (215 relays, data age: 74min) ===
                             N   Spearman r      MAE    Bias    Top5   Top10   Top20
------------------------  ----  -----------  -------  ------  ------  ------  ------
rttOpen vs connect         215        -0.03    540ms    1.0x    0.0%    0.0%    0.0%
rttRead vs query           187        -0.09     1.8s    7.9x    0.0%   10.0%    5.0%
(Bias = measured/nip66, >1 = NIP-66 underestimates. TopK = overlap of K fastest relays.)
Monitor: 9ba1d7892cd0..., 9bbbb845e5b6..., 0b01aa38c2cc..., 9bb7cd94d7b6..., 45df0580711f..., b2c949c0fb79..., http-api..., 9b85d54cc4bc..., 58faef87b342..., 9ba6484003e8...
[relay-scores] Updated scores for ndk-thompson: 29 relays, session 3
[relay-scores] Saved to .cache/relay_scores_32e1827635450ebb_31536000_liveness_ndk-thompson.json

Thompson Sampling [ndk-thompson] learning state:
  Session: 3
  Relays with observations: 29
  Mean prior α: 22.1, β: 36.7
  Relays with strong preference (α>5): 11
  Relays learned to avoid (β>5): 16
[relay-scores-se] Relay wss://relay.ditto.pub: 1 contested obs (fallback dampening applied)
[relay-scores-se] Relay wss://relay.coinos.io: 1 contested obs (fallback dampening applied)
[relay-scores-se] Relay wss://relay.day.ag: 0 contested obs (fallback dampening applied)
[relay-scores-se] Relay wss://nostr.lopp.social: 0 contested obs (fallback dampening applied)
[relay-scores-se] Updated scores for ndk-thompson-cg: 21 relays, session 3
[relay-scores-se] Skipped 10 sole-source observations across 8 relays
[relay-scores-se] Force-included relays and scores: wss://premium.primal.net(E=0.487), wss://relay.ditto.pub(E=0.549), wss://nostr.bitcoiner.social(E=0.423), wss://nostr.wine(E=0.308), wss://nos.lol(E=0.389), wss://relay.coinos.io(E=0.552), wss://relay.day.ag(E=0.794), wss://nostr.lopp.social(E=0.794)
[relay-scores-se] Degrading relays (1): wss://nostr-pub.wellorder.net
[relay-scores] Saved to .cache/relay_scores_32e1827635450ebb_31536000_liveness_ndk-thompson-cg.json

Thompson Sampling [ndk-thompson-cg] learning state:
  Session: 3
  Relays with observations: 21
  Mean prior α: 30.5, β: 49.4
  Relays with strong preference (α>5): 12
  Relays learned to avoid (β>5): 14
[relay-scores-se] Relay wss://relay.ditto.pub: 1 contested obs (fallback dampening applied)
[relay-scores-se] Relay wss://relay.coinos.io: 1 contested obs (fallback dampening applied)
[relay-scores-se] Relay wss://relay.day.ag: 0 contested obs (fallback dampening applied)
[relay-scores-se] Updated scores for ndk-thompson-cg2: 23 relays, session 3
[relay-scores-se] Skipped 9 sole-source observations across 7 relays
[relay-scores-se] Force-included relays and scores: wss://premium.primal.net(E=0.463), wss://relay.ditto.pub(E=0.621), wss://nostr.bitcoiner.social(E=0.439), wss://nostr.wine(E=0.299), wss://nos.lol(E=0.392), wss://relay.coinos.io(E=0.552), wss://relay.day.ag(E=0.794)
[relay-scores-se] Degrading relays (1): wss://nostr.oxtr.dev
[relay-scores] Saved to .cache/relay_scores_32e1827635450ebb_31536000_liveness_ndk-thompson-cg2.json

Thompson Sampling [ndk-thompson-cg2] learning state:
  Session: 3
  Relays with observations: 23
  Mean prior α: 27.5, β: 45.6
  Relays with strong preference (α>5): 12
  Relays learned to avoid (β>5): 14

JSON results written to: results/32e1827635450ebb_1773113912859.json
