[0m[32mTask[0m [0m[36mbench[0m deno run --allow-net --allow-read --allow-write main.ts "32e1827635450ebb3c5a7d12c1f8e7b2b514439ac10a67eef3d9fd9c5c68e245" "--algorithms" "ndk-thompson,ndk-thompson-cg,ndk-thompson-cg2" "--verify-window" "31536000" "--verify" "--verify-concurrency" "10" "--nip66-filter" "liveness" "--no-phase2-cache" "--fast" "--output" "both"
Target: 32e1827635450ebb...
Seed: 0 | Filter: strict | Runs: 3
Using cached data (fetched 2026-03-10T02:53:18.954Z)

=== Fetch Quality ===
Indexers: wss://purplepag.es (0 events, 1820ms), wss://relay.damus.io (0 events, 1957ms, errors: WebSocket error: NetworkError: failed to connect to WebSocket: Invalid status code 400 Bad Request), wss://nos.lol (506 events, 727ms)
Follows: 879 | With relay list: 496 (56.4%) | Missing: 383 (43.6%) | Filtered-to-empty: 9
Filter profile: strict | Filtered URLs: 183 (8 localhost, 27 insecure ws, 6 IP-only, 140 known-bad, 2 malformed)
Unique valid write relays: 593 | Seed: 0
[nip66] Using cached monitor data (1707 relays)

=== NIP-66 Liveness Filter (liveness) ===
Monitor data: 1707 relays
Candidate relays: 593
  Known alive: 304
  Unknown (removed): 289
  .onion preserved: 7
  Parse-failed preserved: 0
  Authors filtered to empty: 0
Relays after filter: 304
[relay-scores] Loaded 20 relay priors (session 1, from 2026-03-10T02:54:34.554Z)

Thompson Sampling [ndk-thompson]: loaded 20 relay priors (session 1)
[relay-scores] Loaded 20 relay priors (session 1, from 2026-03-10T02:54:34.578Z)

Thompson Sampling [ndk-thompson-cg]: loaded 20 relay priors (session 1)
[relay-scores] Loaded 20 relay priors (session 1, from 2026-03-10T02:54:34.582Z)

Thompson Sampling [ndk-thompson-cg2]: loaded 20 relay priors (session 1)
Coverage guarantee: 13 sole-source relays forced (20 maxConnections budget)
Coverage guarantee: 13 sole-source relays forced (20 maxConnections budget)
Coverage guarantee: 13 sole-source relays forced (20 maxConnections budget)
Coverage guarantee: 10 sole-source relays forced (capped at 10, 13 total sole-source) (20 maxConnections budget)
Coverage guarantee: 10 sole-source relays forced (capped at 10, 13 total sole-source) (20 maxConnections budget)
Coverage guarantee: 10 sole-source relays forced (capped at 10, 13 total sole-source) (20 maxConnections budget)

=== Regime A: Fixed 20 Connections ===
  Algorithm                      |  Relays |   Assign% |  Orphans |  Alg.Orph |  Avg/pk |   Gini |    HHI
  -------------------------------+---------+-----------+----------+-----------+---------+--------+-------
  NDK+Thompson (Priority)        |      20 |     54.7% (0.0sd) |      398 |        15 |     1.9 |   0.61 |  0.128
  NDK+Thompson (Priority)+CG     |      20 |     55.6% (0.0sd) | 390.3333333333333 | 7.333333333333333 |     1.9 |   0.67 |  0.147
  NDK+Thompson (Priority)+CG2    |      20 |     55.6% (0.0sd) |      390 |         7 |     1.9 |   0.67 |  0.147
Coverage guarantee: 13 sole-source relays forced (20 maxConnections budget)
Coverage guarantee: 10 sole-source relays forced (capped at 10, 13 total sole-source) (20 maxConnections budget)

=== Phase 2: Event Verification ===
Window: 31536000s | Kinds: 1 | Concurrency: 10
[baseline] Querying 304 relays for 496 authors (window: 31536000s)
[pool] CLOSED from wss://relay.shawnyeager.com/chat: auth-required: all requests must be authenticated
[pool] CLOSED from wss://aggr.nostr.land: auth-required: auth required for aggregator
[baseline] Progress: 50/304 relays queried
[pool] CLOSED from wss://relay.nosflare.com: auth-required: authentication required to subscribe
[pool] CLOSED from wss://greensoul.space: auth-required: only authenticated users can read from this relay
[pool] CLOSED from wss://relay.getalby.com/v1: blocked: Request rejected
[pool] CLOSED from wss://relay.usefusion.ai: restricted: only kind 4 (DM) queries are allowed
[baseline] Progress: 100/304 relays queried
[pool] CLOSED from wss://creatr.nostr.wine: auth-required: please authenticate before sending REQs
[pool] CLOSED from wss://inbox.nostr.wine: blocked: this relay does not store any of the kinds in this request
[pool] CLOSED from wss://sendit.nosflare.com: restricted: this relay does not accept REQs
[baseline] Progress: 150/304 relays queried
[pool] CLOSED from wss://nostr.dbtc.link: auth-required: NIP-42 auth required
[pool] CLOSED from wss://hole.v0l.io: error: queries not allowed
[pool] CLOSED from wss://auth.nostr1.com: auth-required: you must auth
[baseline] Progress: 200/304 relays queried
[pool] CLOSED from wss://relay.albylabs.com: blocked: Request rejected
[baseline] Progress: 250/304 relays queried
[pool] CLOSED from wss://relay.danieldaquino.me/private: auth-required: this query requires you to be authenticated
[pool] CLOSED from wss://reedvpn.asuscomm.com: auth-required: authentication is required for access
[baseline] Progress: 300/304 relays queried
[baseline] Progress: 304/304 relays queried
[phase2] Subscription timeouts (no EOSE): 23
[phase2] CLOSED messages received: 15
  wss://relay.shawnyeager.com/chat: auth-required: all requests must be authenticated
  wss://aggr.nostr.land: auth-required: auth required for aggregator
  wss://relay.nosflare.com: auth-required: authentication required to subscribe
  wss://greensoul.space: auth-required: only authenticated users can read from this relay
  wss://relay.getalby.com/v1: blocked: Request rejected
  wss://relay.usefusion.ai: restricted: only kind 4 (DM) queries are allowed
  wss://creatr.nostr.wine: auth-required: please authenticate before sending REQs
  wss://inbox.nostr.wine: blocked: this relay does not store any of the kinds in this request
  wss://sendit.nosflare.com: restricted: this relay does not accept REQs
  wss://nostr.dbtc.link: auth-required: NIP-42 auth required

=== Phase 2: Event Verification (365d window) ===
Baseline: 304 relays queried (61.5% success), 1.8min
  Timing: connect 748ms median (3.0s p95) | query 1.4s median (16.1s p95) | 23 timeouts (21 relays)
  Authors: 496 with relay data
    Testable (reliable): 301 | Testable (partial): 1 | Zero events: 191 | Unreliable: 3
  Baseline events: 49,866 (mean 165.1/author, median 24)
  Events per (relay,pubkey) capped at: 10000

  Headline metrics (301 testable-reliable authors, 49,863 baseline events):

  Algorithm                        |   Evt Recall |   Auth Recall |  Relay OK% |     TTFE |      p50 |      p80 | Timeouts
  ---------------------------------+--------------+---------------+------------+----------+----------+----------+---------
  NDK+Thompson (Priority) (seed=0, single run) |        19.6% |         80.7% |      80.0% |     1.1s |     7.8s |    30.8s |        3
  NDK+Thompson CG (Priority) (seed=0, single run) |        18.2% |         83.1% |      90.0% |    964ms |     7.8s |    27.0s |        2
  NDK+Thompson CG2 (Priority) (seed=0, single run) |        17.5% |         82.1% |      90.0% |    964ms |     6.1s |    27.0s |        2

  Per-author recall distribution:
  Algorithm                        |   Median |  % at 0% |      p25 |      p75
  ---------------------------------+----------+----------+----------+---------
  NDK+Thompson (Priority) (seed=0, single run) |    55.1% |    19.3% |     4.1% |   100.0%
  NDK+Thompson CG (Priority) (seed=0, single run) |    50.0% |    16.9% |     5.0% |   100.0%
  NDK+Thompson CG2 (Priority) (seed=0, single run) |    46.9% |    17.9% |     4.1% |   100.0%

  Latency simulation (parallel relay query):
  Algorithm                        |     TTFE |      p50 |      p80 |      Max |   TO |   TO Tax |   Relays |   Events
  ---------------------------------+----------+----------+----------+----------+------+----------+----------+---------
  NDK+Thompson (Priority) (seed=0, single run) |     1.1s |     7.8s |    30.8s |    46.1s |    3 |    15.0s | 16/19/20 |   24,964
  NDK+Thompson CG (Priority) (seed=0, single run) |    964ms |     7.8s |    27.0s |    46.1s |    2 |    15.0s | 18/19/20 |   24,901
  NDK+Thompson CG2 (Priority) (seed=0, single run) |    964ms |     6.1s |    27.0s |    46.1s |    2 |    15.0s | 18/20/20 |   24,901
  (Relays: with-events/connected/total | TO Tax: ceil(timeouts/concurrency) × EOSE timeout)

  Progressive completeness (% of recall achieved by time):
  Algorithm                        |      @1s |      @2s |      @5s |     @10s |     @15s
  ---------------------------------+----------+----------+----------+----------+---------
  NDK+Thompson (Priority) (seed=0, single run) |     0.0% |     4.6% |    16.2% |    19.1% |    26.1%
  NDK+Thompson CG (Priority) (seed=0, single run) |     0.0% |     2.4% |    21.7% |    22.9% |    31.6%
  NDK+Thompson CG2 (Priority) (seed=0, single run) |     0.0% |     2.5% |    17.6% |    24.2% |    30.2%

  EOSE-race simulation (stop after first EOSE + grace period):
  Algorithm                        |     +0ms |   +200ms |   +500ms |      +1s |      +2s
  ---------------------------------+----------+----------+----------+----------+---------
  NDK+Thompson (Priority) (seed=0, single run) |     4.3% |     4.6% |     4.6% |     4.6% |    16.2%
  NDK+Thompson CG (Priority) (seed=0, single run) |     1.0% |     2.1% |     2.4% |     7.9% |    11.4%
  NDK+Thompson CG2 (Priority) (seed=0, single run) |     1.0% |     2.2% |     2.5% |     2.5% |     6.1%
  (First EOSE: NDK+Thompson (Priority) (seed=0, single run)=1.3s, NDK+Thompson CG (Priority) (seed=0, single run)=1.1s, NDK+Thompson CG2 (Priority) (seed=0, single run)=1.1s)

  Profile-view latency (per-author outbox query, top 3 write relays):
    Authors simulated: 302 | Hit rate: 99.3%
    TTFE: 3.8s median, 5.2s mean, 9.7s p95
    Relays/profile: 2.9 queried, 2.5 with events, 0.47 timeouts

  Feed vs profile-view TTFE comparison:
  Algorithm                        |  Feed TTFE |  Profile TTFE |    Delta
  ---------------------------------+------------+---------------+---------
  NDK+Thompson (Priority) (seed=0, single run) |       1.1s |          3.8s |    +2.7s
  NDK+Thompson CG (Priority) (seed=0, single run) |      964ms |          3.8s |    +2.8s
  NDK+Thompson CG2 (Priority) (seed=0, single run) |      964ms |          3.8s |    +2.8s

  Including partial-baseline authors (302 testable authors, 49,866 baseline events):

  Algorithm                        |   Evt Recall |   Auth Recall
  ---------------------------------+--------------+--------------
  NDK+Thompson (Priority) (seed=0, single run) |        19.6% |         80.8%
  NDK+Thompson CG (Priority) (seed=0, single run) |        18.2% |         83.1%
  NDK+Thompson CG2 (Priority) (seed=0, single run) |        17.5% |         82.1%

=== NIP-66 RTT vs Measured Latency (211 relays, data age: 53min) ===
                             N   Spearman r      MAE    Bias    Top5   Top10   Top20
------------------------  ----  -----------  -------  ------  ------  ------  ------
rttOpen vs connect         211        -0.03    769ms    1.2x    0.0%    0.0%    0.0%
rttRead vs query           183        -0.01     3.2s    9.5x    0.0%    0.0%    0.0%
(Bias = measured/nip66, >1 = NIP-66 underestimates. TopK = overlap of K fastest relays.)
Monitor: 9ba1d7892cd0..., 9bbbb845e5b6..., 0b01aa38c2cc..., 9bb7cd94d7b6..., 45df0580711f..., b2c949c0fb79..., http-api..., 9b85d54cc4bc..., 58faef87b342..., 9ba6484003e8...
[relay-scores] Updated scores for ndk-thompson: 25 relays, session 2
[relay-scores] Saved to .cache/relay_scores_32e1827635450ebb_31536000_liveness_ndk-thompson.json

Thompson Sampling [ndk-thompson] learning state:
  Session: 2
  Relays with observations: 25
  Mean prior α: 17.2, β: 30.4
  Relays with strong preference (α>5): 11
  Relays learned to avoid (β>5): 13
[relay-scores-se] Relay wss://relay.coinos.io: 1 contested obs (fallback dampening applied)
[relay-scores-se] Relay wss://relay.day.ag: 0 contested obs (fallback dampening applied)
[relay-scores-se] Relay wss://nostr.lopp.social: 0 contested obs (fallback dampening applied)
[relay-scores-se] Updated scores for ndk-thompson-cg: 21 relays, session 2
[relay-scores-se] Skipped 10 sole-source observations across 8 relays
[relay-scores-se] Force-included relays and scores: wss://premium.primal.net(E=0.466), wss://relay.ditto.pub(E=0.458), wss://nostr.bitcoiner.social(E=0.394), wss://nostr.wine(E=0.292), wss://nos.lol(E=0.385), wss://relay.coinos.io(E=0.546), wss://relay.day.ag(E=0.747), wss://nostr.lopp.social(E=0.747)
[relay-scores] Saved to .cache/relay_scores_32e1827635450ebb_31536000_liveness_ndk-thompson-cg.json

Thompson Sampling [ndk-thompson-cg] learning state:
  Session: 2
  Relays with observations: 21
  Mean prior α: 20.2, β: 35.5
  Relays with strong preference (α>5): 11
  Relays learned to avoid (β>5): 12
[relay-scores-se] Relay wss://relay.coinos.io: 1 contested obs (fallback dampening applied)
[relay-scores-se] Relay wss://relay.day.ag: 0 contested obs (fallback dampening applied)
[relay-scores-se] Updated scores for ndk-thompson-cg2: 21 relays, session 2
[relay-scores-se] Skipped 9 sole-source observations across 7 relays
[relay-scores-se] Force-included relays and scores: wss://premium.primal.net(E=0.420), wss://relay.ditto.pub(E=0.547), wss://nostr.bitcoiner.social(E=0.436), wss://nostr.wine(E=0.301), wss://nos.lol(E=0.390), wss://relay.coinos.io(E=0.546), wss://relay.day.ag(E=0.747)
[relay-scores] Saved to .cache/relay_scores_32e1827635450ebb_31536000_liveness_ndk-thompson-cg2.json

Thompson Sampling [ndk-thompson-cg2] learning state:
  Session: 2
  Relays with observations: 21
  Mean prior α: 19.9, β: 35.8
  Relays with strong preference (α>5): 11
  Relays learned to avoid (β>5): 12

JSON results written to: results/32e1827635450ebb_1773112605986.json
