[0m[32mTask[0m [0m[36mbench[0m deno run --allow-net --allow-read --allow-write main.ts "32e1827635450ebb3c5a7d12c1f8e7b2b514439ac10a67eef3d9fd9c5c68e245" "--algorithms" "ndk-thompson,ndk-thompson-cg,ndk-thompson-cg2" "--verify-window" "31536000" "--verify" "--verify-concurrency" "10" "--nip66-filter" "liveness" "--no-phase2-cache" "--fast" "--output" "both"
Target: 32e1827635450ebb...
Seed: 0 | Filter: strict | Runs: 3
[fetch] Connecting to 3 indexer relays...
[fetch] wss://purplepag.es: connected (1204ms)
[fetch] wss://relay.damus.io: connected (1559ms)
[fetch] wss://nos.lol: connected (993ms)
[fetch] Fetching kind 3 (contact list) for 32e18276...
[fetch] 908 follows to fetch relay lists for
[fetch] Fetched relay lists: 200/908
[fetch] Fetched relay lists: 400/908
[fetch] Fetched relay lists: 600/908
[fetch] Fetched relay lists: 800/908
[fetch] Received 660 relay list events

=== Fetch Quality ===
Indexers: wss://purplepag.es (909 events, 1204ms), wss://relay.damus.io (453 events, 1559ms), wss://nos.lol (659 events, 993ms)
Follows: 908 | With relay list: 647 (71.3%) | Missing: 261 (28.7%) | Filtered-to-empty: 13
Filter profile: strict | Filtered URLs: 238 (6 localhost, 33 insecure ws, 6 IP-only, 191 known-bad, 2 malformed)
Unique valid write relays: 723 | Seed: 0
[nip66] Using cached monitor data (1156 relays)

=== NIP-66 Liveness Filter (liveness) ===
Monitor data: 1156 relays
Candidate relays: 723
  Known alive: 292
  Unknown (removed): 431
  .onion preserved: 12
  Parse-failed preserved: 0
  Authors filtered to empty: 1
Relays after filter: 292
[relay-scores] Loaded 29 relay priors (session 3, from 2026-03-10T03:38:32.837Z)

Thompson Sampling [ndk-thompson]: loaded 29 relay priors (session 3)
[relay-scores] Loaded 21 relay priors (session 3, from 2026-03-10T03:38:32.853Z)

Thompson Sampling [ndk-thompson-cg]: loaded 21 relay priors (session 3)
[relay-scores] Loaded 23 relay priors (session 3, from 2026-03-10T03:38:32.855Z)

Thompson Sampling [ndk-thompson-cg2]: loaded 23 relay priors (session 3)
Coverage guarantee: 13 sole-source relays forced (20 maxConnections budget)
Coverage guarantee: 13 sole-source relays forced (20 maxConnections budget)
Coverage guarantee: 13 sole-source relays forced (20 maxConnections budget)
Coverage guarantee: 10 sole-source relays forced (capped at 10, 13 total sole-source) (20 maxConnections budget)
Coverage guarantee: 10 sole-source relays forced (capped at 10, 13 total sole-source) (20 maxConnections budget)
Coverage guarantee: 10 sole-source relays forced (capped at 10, 13 total sole-source) (20 maxConnections budget)

=== Regime A: Fixed 20 Connections ===
  Algorithm                      |  Relays |   Assign% |  Orphans |  Alg.Orph |  Avg/pk |   Gini |    HHI
  -------------------------------+---------+-----------+----------+-----------+---------+--------+-------
  NDK+Thompson (Priority)        |      20 |     70.0% (0.0sd) | 272.3333333333333 | 11.333333333333334 |     1.9 |   0.68 |  0.168
  NDK+Thompson (Priority)+CG     |      20 |     70.1% (0.0sd) | 271.3333333333333 | 10.333333333333334 |     1.9 |   0.76 |  0.229
  NDK+Thompson (Priority)+CG2    |      20 |     70.2% (0.0sd) |      271 |        10 |     1.9 |   0.73 |  0.218
Coverage guarantee: 13 sole-source relays forced (20 maxConnections budget)
Coverage guarantee: 10 sole-source relays forced (capped at 10, 13 total sole-source) (20 maxConnections budget)

=== Phase 2: Event Verification ===
Window: 31536000s | Kinds: 1 | Concurrency: 10
[baseline] Querying 292 relays for 646 authors (window: 31536000s)
[pool] CLOSED from wss://aggr.nostr.land: auth-required: auth required for aggregator
[pool] CLOSED from wss://relay.shawnyeager.com/chat: auth-required: all requests must be authenticated
[pool] CLOSED from wss://relay.nosflare.com: auth-required: authentication required to subscribe
[pool] CLOSED from wss://greensoul.space: auth-required: only authenticated users can read from this relay
[pool] CLOSED from wss://relay.getalby.com/v1: blocked: Request rejected
[baseline] Progress: 50/292 relays queried
[pool] CLOSED from wss://relay.usefusion.ai: restricted: only kind 4 (DM) queries are allowed
[pool] CLOSED from wss://creatr.nostr.wine: auth-required: please authenticate before sending REQs
[pool] CLOSED from wss://inbox.nostr.wine: blocked: this relay does not store any of the kinds in this request
[pool] CLOSED from wss://sendit.nosflare.com: restricted: this relay does not accept REQs
[baseline] Progress: 100/292 relays queried
[pool] CLOSED from wss://nostr.dbtc.link: auth-required: NIP-42 auth required
[pool] CLOSED from wss://hole.v0l.io: error: queries not allowed
[pool] CLOSED from wss://auth.nostr1.com: auth-required: you must auth
[baseline] Progress: 150/292 relays queried
[pool] CLOSED from wss://relay.albylabs.com: blocked: Request rejected
[baseline] Progress: 200/292 relays queried
[pool] CLOSED from wss://reedvpn.asuscomm.com: auth-required: authentication is required for access
[pool] CLOSED from wss://relay.danieldaquino.me/private: auth-required: this query requires you to be authenticated
[pool] CLOSED from wss://pantry.zap.cooking: auth-required: please authenticate
[pool] CLOSED from wss://impromptu.relays.land: auth-required: all requests must be authenticated
[pool] CLOSED from wss://bitstack.app: auth-required: authentication required to subscribe
[pool] CLOSED from wss://relay.nsec.app: blocked: we only keep kind 24133 or 24135
[pool] CLOSED from wss://nortis.nostr1.com: auth-required: you must auth
[baseline] Progress: 250/292 relays queried
[pool] CLOSED from wss://david.nostr1.com: auth-required: you must auth
[baseline] Progress: 292/292 relays queried
[phase2] Subscription timeouts (no EOSE): 19
[phase2] CLOSED messages received: 21
  wss://aggr.nostr.land: auth-required: auth required for aggregator
  wss://relay.shawnyeager.com/chat: auth-required: all requests must be authenticated
  wss://relay.nosflare.com: auth-required: authentication required to subscribe
  wss://greensoul.space: auth-required: only authenticated users can read from this relay
  wss://relay.getalby.com/v1: blocked: Request rejected
  wss://relay.usefusion.ai: restricted: only kind 4 (DM) queries are allowed
  wss://creatr.nostr.wine: auth-required: please authenticate before sending REQs
  wss://inbox.nostr.wine: blocked: this relay does not store any of the kinds in this request
  wss://sendit.nosflare.com: restricted: this relay does not accept REQs
  wss://nostr.dbtc.link: auth-required: NIP-42 auth required

=== Phase 2: Event Verification (365d window) ===
Baseline: 292 relays queried (79.1% success), 1.2min
  Timing: connect 660ms median (1.2s p95) | query 1.3s median (15.4s p95) | 19 timeouts (19 relays)
  Authors: 646 with relay data
    Testable (reliable): 409 | Testable (partial): 1 | Zero events: 236 | Unreliable: 0
  Baseline events: 74,190 (mean 181.0/author, median 31)
  Events per (relay,pubkey) capped at: 10000

  Headline metrics (409 testable-reliable authors, 74,137 baseline events):

  Algorithm                        |   Evt Recall |   Auth Recall |  Relay OK% |     TTFE |      p50 |      p80 | Timeouts
  ---------------------------------+--------------+---------------+------------+----------+----------+----------+---------
  NDK+Thompson (Priority) (seed=0, single run) |        26.2% |         84.1% |      85.0% |    661ms |     2.6s |     4.4s |        1
  NDK+Thompson CG (Priority) (seed=0, single run) |        24.2% |         82.4% |     100.0% |    684ms |     2.6s |     3.5s |        0
  NDK+Thompson CG2 (Priority) (seed=0, single run) |        22.4% |         82.4% |      90.0% |    661ms |     2.5s |     4.4s |        1

  Per-author recall distribution:
  Algorithm                        |   Median |  % at 0% |      p25 |      p75
  ---------------------------------+----------+----------+----------+---------
  NDK+Thompson (Priority) (seed=0, single run) |    58.1% |    15.9% |     4.1% |   100.0%
  NDK+Thompson CG (Priority) (seed=0, single run) |    50.0% |    17.6% |     3.1% |   100.0%
  NDK+Thompson CG2 (Priority) (seed=0, single run) |    50.0% |    17.6% |     2.7% |   100.0%

  Latency simulation (parallel relay query):
  Algorithm                        |     TTFE |      p50 |      p80 |      Max |   TO |   TO Tax |   Relays |   Events
  ---------------------------------+----------+----------+----------+----------+------+----------+----------+---------
  NDK+Thompson (Priority) (seed=0, single run) |    661ms |     2.6s |     4.4s |    16.2s |    1 |    15.0s | 17/19/20 |   37,535
  NDK+Thompson CG (Priority) (seed=0, single run) |    684ms |     2.6s |     3.5s |     6.6s |    0 |      0ms | 19/20/20 |   37,161
  NDK+Thompson CG2 (Priority) (seed=0, single run) |    661ms |     2.5s |     4.4s |    16.2s |    1 |    15.0s | 17/19/20 |   35,958
  (Relays: with-events/connected/total | TO Tax: ceil(timeouts/concurrency) × EOSE timeout)

  Progressive completeness (% of recall achieved by time):
  Algorithm                        |      @1s |      @2s |      @5s |     @10s |     @15s
  ---------------------------------+----------+----------+----------+----------+---------
  NDK+Thompson (Priority) (seed=0, single run) |     0.0% |     6.2% |    92.0% |   100.0% |   100.0%
  NDK+Thompson CG (Priority) (seed=0, single run) |     0.0% |     7.3% |    93.1% |   100.0% |   100.0%
  NDK+Thompson CG2 (Priority) (seed=0, single run) |     0.0% |    12.8% |    91.9% |   100.0% |   100.0%

  EOSE-race simulation (stop after first EOSE + grace period):
  Algorithm                        |     +0ms |   +200ms |   +500ms |      +1s |      +2s
  ---------------------------------+----------+----------+----------+----------+---------
  NDK+Thompson (Priority) (seed=0, single run) |     0.2% |     2.6% |     2.6% |     6.2% |    58.9%
  NDK+Thompson CG (Priority) (seed=0, single run) |     0.2% |     0.2% |     0.2% |    10.1% |    59.8%
  NDK+Thompson CG2 (Priority) (seed=0, single run) |     0.2% |     3.3% |     3.3% |    12.8% |    58.2%
  (First EOSE: NDK+Thompson (Priority) (seed=0, single run)=1.0s, NDK+Thompson CG (Priority) (seed=0, single run)=1.0s, NDK+Thompson CG2 (Priority) (seed=0, single run)=1.0s)

  Profile-view latency (per-author outbox query, top 3 write relays):
    Authors simulated: 410 | Hit rate: 99.8%
    TTFE: 684ms median, 986ms mean, 1.8s p95
    Relays/profile: 2.9 queried, 2.6 with events, 0.10 timeouts

  Feed vs profile-view TTFE comparison:
  Algorithm                        |  Feed TTFE |  Profile TTFE |    Delta
  ---------------------------------+------------+---------------+---------
  NDK+Thompson (Priority) (seed=0, single run) |      661ms |         684ms |    +23ms
  NDK+Thompson CG (Priority) (seed=0, single run) |      684ms |         684ms |     +0ms
  NDK+Thompson CG2 (Priority) (seed=0, single run) |      661ms |         684ms |    +23ms

  Including partial-baseline authors (410 testable authors, 74,190 baseline events):

  Algorithm                        |   Evt Recall |   Auth Recall
  ---------------------------------+--------------+--------------
  NDK+Thompson (Priority) (seed=0, single run) |        26.3% |         84.1%
  NDK+Thompson CG (Priority) (seed=0, single run) |        24.2% |         82.2%
  NDK+Thompson CG2 (Priority) (seed=0, single run) |        22.4% |         82.4%

=== NIP-66 RTT vs Measured Latency (267 relays, data age: 21min) ===
                             N   Spearman r      MAE    Bias    Top5   Top10   Top20
------------------------  ----  -----------  -------  ------  ------  ------  ------
rttOpen vs connect         267         0.32    712ms    0.8x    0.0%   20.0%   20.0%
rttRead vs query           231         0.27     1.3s    8.6x    0.0%    0.0%   25.0%
(Bias = measured/nip66, >1 = NIP-66 underestimates. TopK = overlap of K fastest relays.)
Monitor: 9ba046db56b8..., 9bac3d58ef5a..., 0b01aa38c2cc..., 9bbbb845e5b6..., 9ba1d7892cd0..., b2c949c0fb79..., http-api..., 58faef87b342..., 9bb7cd94d7b6..., 45df0580711f..., 9ba6484003e8...
[relay-scores] Updated scores for ndk-thompson: 36 relays, session 4
[relay-scores] Degrading relays (1): wss://nostr.oxtr.dev
[relay-scores] Saved to .cache/relay_scores_32e1827635450ebb_31536000_liveness_ndk-thompson.json

Thompson Sampling [ndk-thompson] learning state:
  Session: 4
  Relays with observations: 36
  Mean prior α: 25.7, β: 41.0
  Relays with strong preference (α>5): 14
  Relays learned to avoid (β>5): 19
[relay-scores-se] Relay wss://relay.coinos.io: 0 contested obs (fallback dampening applied)
[relay-scores-se] Relay wss://relay.day.ag: 0 contested obs (fallback dampening applied)
[relay-scores-se] Relay wss://nostr.lopp.social: 0 contested obs (fallback dampening applied)
[relay-scores-se] Updated scores for ndk-thompson-cg: 26 relays, session 4
[relay-scores-se] Skipped 17 sole-source observations across 12 relays
[relay-scores-se] Force-included relays and scores: wss://relay.ditto.pub(E=0.574), wss://relay.primal.net(E=0.321), wss://premium.primal.net(E=0.473), wss://nos.lol(E=0.384), wss://relay.damus.io(E=0.329), wss://nostr.wine(E=0.320), wss://nostr.bitcoiner.social(E=0.444), wss://relay.nos.social(E=0.774), wss://relay.coinos.io(E=0.606), wss://theforest.nostr1.com(E=0.622) (+2 more)
[relay-scores-se] Degrading relays (1): wss://relay.nostrplebs.com
[relay-scores] Saved to .cache/relay_scores_32e1827635450ebb_31536000_liveness_ndk-thompson-cg.json

Thompson Sampling [ndk-thompson-cg] learning state:
  Session: 4
  Relays with observations: 26
  Mean prior α: 34.4, β: 56.1
  Relays with strong preference (α>5): 14
  Relays learned to avoid (β>5): 16
[relay-scores-se] Relay wss://relay.coinos.io: 0 contested obs (fallback dampening applied)
[relay-scores-se] Updated scores for ndk-thompson-cg2: 30 relays, session 4
[relay-scores-se] Skipped 15 sole-source observations across 10 relays
[relay-scores-se] Force-included relays and scores: wss://relay.ditto.pub(E=0.556), wss://relay.primal.net(E=0.303), wss://premium.primal.net(E=0.473), wss://nos.lol(E=0.389), wss://relay.damus.io(E=0.339), wss://nostr.wine(E=0.319), wss://nostr.bitcoiner.social(E=0.498), wss://relay.nos.social(E=0.745), wss://relay.coinos.io(E=0.606), wss://theforest.nostr1.com(E=0.726)
[relay-scores-se] Degrading relays (2): wss://nostr.oxtr.dev, wss://relay.nostrplebs.com
[relay-scores] Saved to .cache/relay_scores_32e1827635450ebb_31536000_liveness_ndk-thompson-cg2.json

Thompson Sampling [ndk-thompson-cg2] learning state:
  Session: 4
  Relays with observations: 30
  Mean prior α: 29.8, β: 48.9
  Relays with strong preference (α>5): 15
  Relays learned to avoid (β>5): 19

JSON results written to: results/32e1827635450ebb_1773115038649.json
