[0m[32mTask[0m [0m[36mbench[0m deno run --allow-net --allow-read --allow-write main.ts "32e1827635450ebb3c5a7d12c1f8e7b2b514439ac10a67eef3d9fd9c5c68e245" "--algorithms" "ndk-thompson,ndk-thompson-cg,ndk-thompson-cg2" "--verify-window" "31536000" "--verify" "--verify-concurrency" "10" "--nip66-filter" "liveness" "--no-phase2-cache" "--fast" "--output" "both"
Target: 32e1827635450ebb...
Seed: 0 | Filter: strict | Runs: 3
[fetch] Connecting to 3 indexer relays...
[fetch] wss://purplepag.es: connected (1820ms)
[fetch] wss://relay.damus.io: WebSocket error: NetworkError: failed to connect to WebSocket: Invalid status code 400 Bad Request
[fetch] wss://nos.lol: connected (727ms)
[fetch] Fetching kind 3 (contact list) for 32e18276...
[fetch] 879 follows to fetch relay lists for
[fetch] Fetched relay lists: 200/879
[fetch] Fetched relay lists: 400/879
[fetch] Fetched relay lists: 600/879
[fetch] Fetched relay lists: 800/879
[fetch] Received 505 relay list events

=== Fetch Quality ===
Indexers: wss://purplepag.es (0 events, 1820ms), wss://relay.damus.io (0 events, 1957ms, errors: WebSocket error: NetworkError: failed to connect to WebSocket: Invalid status code 400 Bad Request), wss://nos.lol (506 events, 727ms)
Follows: 879 | With relay list: 496 (56.4%) | Missing: 383 (43.6%) | Filtered-to-empty: 9
Filter profile: strict | Filtered URLs: 183 (8 localhost, 27 insecure ws, 6 IP-only, 140 known-bad, 2 malformed)
Unique valid write relays: 593 | Seed: 0
[nip66] Using cached monitor data (1707 relays)

=== NIP-66 Liveness Filter (liveness) ===
Monitor data: 1707 relays
Candidate relays: 593
  Known alive: 304
  Unknown (removed): 289
  .onion preserved: 7
  Parse-failed preserved: 0
  Authors filtered to empty: 0
Relays after filter: 304
Coverage guarantee: 13 sole-source relays forced (20 maxConnections budget)
Coverage guarantee: 13 sole-source relays forced (20 maxConnections budget)
Coverage guarantee: 13 sole-source relays forced (20 maxConnections budget)
Coverage guarantee: 10 sole-source relays forced (capped at 10, 13 total sole-source) (20 maxConnections budget)
Coverage guarantee: 10 sole-source relays forced (capped at 10, 13 total sole-source) (20 maxConnections budget)
Coverage guarantee: 10 sole-source relays forced (capped at 10, 13 total sole-source) (20 maxConnections budget)

=== Regime A: Fixed 20 Connections ===
  Algorithm                      |  Relays |   Assign% |  Orphans |  Alg.Orph |  Avg/pk |   Gini |    HHI
  -------------------------------+---------+-----------+----------+-----------+---------+--------+-------
  NDK+Thompson (Priority)        |      20 |     55.2% (0.0sd) |      394 |        11 |     1.9 |   0.68 |  0.154
  NDK+Thompson (Priority)+CG     |      20 |     55.6% (0.0sd) |      390 |         7 |     1.9 |   0.69 |  0.159
  NDK+Thompson (Priority)+CG2    |      20 |     55.6% (0.0sd) |      390 |         7 |     1.9 |   0.69 |  0.160
Coverage guarantee: 13 sole-source relays forced (20 maxConnections budget)
Coverage guarantee: 10 sole-source relays forced (capped at 10, 13 total sole-source) (20 maxConnections budget)

=== Phase 2: Event Verification ===
Window: 31536000s | Kinds: 1 | Concurrency: 10
[baseline] Querying 304 relays for 496 authors (window: 31536000s)
[pool] CLOSED from wss://relay.shawnyeager.com/chat: auth-required: all requests must be authenticated
[pool] CLOSED from wss://aggr.nostr.land: auth-required: auth required for aggregator
[baseline] Progress: 50/304 relays queried
[pool] CLOSED from wss://relay.nosflare.com: auth-required: authentication required to subscribe
[pool] CLOSED from wss://greensoul.space: auth-required: only authenticated users can read from this relay
[pool] CLOSED from wss://relay.getalby.com/v1: blocked: Request rejected
[pool] CLOSED from wss://relay.usefusion.ai: restricted: only kind 4 (DM) queries are allowed
[baseline] Progress: 100/304 relays queried
[pool] CLOSED from wss://creatr.nostr.wine: auth-required: please authenticate before sending REQs
[pool] CLOSED from wss://inbox.nostr.wine: blocked: this relay does not store any of the kinds in this request
[pool] CLOSED from wss://sendit.nosflare.com: restricted: this relay does not accept REQs
[baseline] Progress: 150/304 relays queried
[pool] CLOSED from wss://nostr.dbtc.link: auth-required: NIP-42 auth required
[pool] CLOSED from wss://hole.v0l.io: error: queries not allowed
[pool] CLOSED from wss://auth.nostr1.com: auth-required: you must auth
[baseline] Progress: 200/304 relays queried
[pool] CLOSED from wss://relay.albylabs.com: blocked: Request rejected
[baseline] Progress: 250/304 relays queried
[pool] CLOSED from wss://relay.danieldaquino.me/private: auth-required: this query requires you to be authenticated
[pool] CLOSED from wss://reedvpn.asuscomm.com: auth-required: authentication is required for access
[baseline] Progress: 300/304 relays queried
[baseline] Progress: 304/304 relays queried
[phase2] Subscription timeouts (no EOSE): 17
[phase2] CLOSED messages received: 15
  wss://relay.shawnyeager.com/chat: auth-required: all requests must be authenticated
  wss://aggr.nostr.land: auth-required: auth required for aggregator
  wss://relay.nosflare.com: auth-required: authentication required to subscribe
  wss://greensoul.space: auth-required: only authenticated users can read from this relay
  wss://relay.getalby.com/v1: blocked: Request rejected
  wss://relay.usefusion.ai: restricted: only kind 4 (DM) queries are allowed
  wss://creatr.nostr.wine: auth-required: please authenticate before sending REQs
  wss://inbox.nostr.wine: blocked: this relay does not store any of the kinds in this request
  wss://sendit.nosflare.com: restricted: this relay does not accept REQs
  wss://nostr.dbtc.link: auth-required: NIP-42 auth required

=== Phase 2: Event Verification (365d window) ===
Baseline: 304 relays queried (63.2% success), 1.3min
  Timing: connect 730ms median (1.4s p95) | query 1.3s median (15.7s p95) | 17 timeouts (17 relays)
  Authors: 496 with relay data
    Testable (reliable): 315 | Testable (partial): 1 | Zero events: 178 | Unreliable: 2
  Baseline events: 64,285 (mean 203.4/author, median 26)
  Events per (relay,pubkey) capped at: 10000

  Headline metrics (315 testable-reliable authors, 64,282 baseline events):

  Algorithm                        |   Evt Recall |   Auth Recall |  Relay OK% |     TTFE |      p50 |      p80 | Timeouts
  ---------------------------------+--------------+---------------+------------+----------+----------+----------+---------
  NDK+Thompson (Priority) (seed=0, single run) |        26.0% |         80.6% |      90.0% |    614ms |     3.0s |     3.8s |        0
  NDK+Thompson CG (Priority) (seed=0, single run) |        20.8% |         80.0% |      95.0% |    614ms |     3.0s |     3.5s |        0
  NDK+Thompson CG2 (Priority) (seed=0, single run) |        20.1% |         79.7% |      95.0% |    614ms |     2.9s |     3.5s |        0

  Per-author recall distribution:
  Algorithm                        |   Median |  % at 0% |      p25 |      p75
  ---------------------------------+----------+----------+----------+---------
  NDK+Thompson (Priority) (seed=0, single run) |    34.9% |    19.4% |     3.1% |   100.0%
  NDK+Thompson CG (Priority) (seed=0, single run) |    35.9% |    20.0% |     2.2% |   100.0%
  NDK+Thompson CG2 (Priority) (seed=0, single run) |    34.7% |    20.3% |     1.8% |   100.0%

  Latency simulation (parallel relay query):
  Algorithm                        |     TTFE |      p50 |      p80 |      Max |   TO |   TO Tax |   Relays |   Events
  ---------------------------------+----------+----------+----------+----------+------+----------+----------+---------
  NDK+Thompson (Priority) (seed=0, single run) |    614ms |     3.0s |     3.8s |     6.7s |    0 |      0ms | 18/20/20 |   42,401
  NDK+Thompson CG (Priority) (seed=0, single run) |    614ms |     3.0s |     3.5s |     6.7s |    0 |      0ms | 19/19/20 |   33,396
  NDK+Thompson CG2 (Priority) (seed=0, single run) |    614ms |     2.9s |     3.5s |     6.7s |    0 |      0ms | 19/20/20 |   33,396
  (Relays: with-events/connected/total | TO Tax: ceil(timeouts/concurrency) × EOSE timeout)

  Progressive completeness (% of recall achieved by time):
  Algorithm                        |      @1s |      @2s |      @5s |     @10s |     @15s
  ---------------------------------+----------+----------+----------+----------+---------
  NDK+Thompson (Priority) (seed=0, single run) |     0.2% |     1.0% |    88.0% |   100.0% |   100.0%
  NDK+Thompson CG (Priority) (seed=0, single run) |     0.2% |     5.0% |    87.2% |   100.0% |   100.0%
  NDK+Thompson CG2 (Priority) (seed=0, single run) |     0.2% |     5.1% |    87.6% |   100.0% |   100.0%

  EOSE-race simulation (stop after first EOSE + grace period):
  Algorithm                        |     +0ms |   +200ms |   +500ms |      +1s |      +2s
  ---------------------------------+----------+----------+----------+----------+---------
  NDK+Thompson (Priority) (seed=0, single run) |     0.2% |     0.2% |     0.2% |     1.0% |    28.6%
  NDK+Thompson CG (Priority) (seed=0, single run) |     0.2% |     0.2% |     0.2% |     5.0% |    46.1%
  NDK+Thompson CG2 (Priority) (seed=0, single run) |     0.2% |     0.2% |     0.2% |     5.1% |    47.1%
  (First EOSE: NDK+Thompson (Priority) (seed=0, single run)=772ms, NDK+Thompson CG (Priority) (seed=0, single run)=772ms, NDK+Thompson CG2 (Priority) (seed=0, single run)=772ms)

  Profile-view latency (per-author outbox query, top 3 write relays):
    Authors simulated: 316 | Hit rate: 99.7%
    TTFE: 876ms median, 1.1s mean, 1.9s p95
    Relays/profile: 2.9 queried, 2.6 with events, 0.03 timeouts

  Feed vs profile-view TTFE comparison:
  Algorithm                        |  Feed TTFE |  Profile TTFE |    Delta
  ---------------------------------+------------+---------------+---------
  NDK+Thompson (Priority) (seed=0, single run) |      614ms |         876ms |   +262ms
  NDK+Thompson CG (Priority) (seed=0, single run) |      614ms |         876ms |   +262ms
  NDK+Thompson CG2 (Priority) (seed=0, single run) |      614ms |         876ms |   +262ms

  Including partial-baseline authors (316 testable authors, 64,285 baseline events):

  Algorithm                        |   Evt Recall |   Auth Recall
  ---------------------------------+--------------+--------------
  NDK+Thompson (Priority) (seed=0, single run) |        26.0% |         80.7%
  NDK+Thompson CG (Priority) (seed=0, single run) |        20.8% |         80.1%
  NDK+Thompson CG2 (Priority) (seed=0, single run) |        20.1% |         79.7%

=== NIP-66 RTT vs Measured Latency (215 relays, data age: 30min) ===
                             N   Spearman r      MAE    Bias    Top5   Top10   Top20
------------------------  ----  -----------  -------  ------  ------  ------  ------
rttOpen vs connect         215         0.02    531ms    1.1x    0.0%    0.0%    0.0%
rttRead vs query           186        -0.05     1.3s    7.8x    0.0%    0.0%    0.0%
(Bias = measured/nip66, >1 = NIP-66 underestimates. TopK = overlap of K fastest relays.)
Monitor: 9bbbb845e5b6..., 9ba1d7892cd0..., 9bb7cd94d7b6..., 0b01aa38c2cc..., 45df0580711f..., b2c949c0fb79..., http-api..., 9b85d54cc4bc..., 58faef87b342..., 9ba6484003e8...
[relay-scores] Updated scores for ndk-thompson: 20 relays, session 1
[relay-scores] Saved to .cache/relay_scores_32e1827635450ebb_31536000_liveness_ndk-thompson.json

Thompson Sampling [ndk-thompson] learning state:
  Session: 1
  Relays with observations: 20
  Mean prior α: 11.1, β: 20.8
  Relays with strong preference (α>5): 10
  Relays learned to avoid (β>5): 11
[relay-scores-se] Relay wss://relay.ditto.pub: 1 contested obs (fallback dampening applied)
[relay-scores-se] Relay wss://relay.coinos.io: 1 contested obs (fallback dampening applied)
[relay-scores-se] Relay wss://relay.day.ag: 0 contested obs (fallback dampening applied)
[relay-scores-se] Relay wss://nostr.lopp.social: 0 contested obs (fallback dampening applied)
[relay-scores-se] Updated scores for ndk-thompson-cg: 20 relays, session 1
[relay-scores-se] Skipped 10 sole-source observations across 8 relays
[relay-scores-se] Force-included relays and scores: wss://premium.primal.net(E=0.463), wss://relay.ditto.pub(E=0.679), wss://nostr.bitcoiner.social(E=0.361), wss://nostr.wine(E=0.269), wss://nos.lol(E=0.337), wss://relay.coinos.io(E=0.535), wss://relay.day.ag(E=0.667), wss://nostr.lopp.social(E=0.667)
[relay-scores] Saved to .cache/relay_scores_32e1827635450ebb_31536000_liveness_ndk-thompson-cg.json

Thompson Sampling [ndk-thompson-cg] learning state:
  Session: 1
  Relays with observations: 20
  Mean prior α: 11.1, β: 20.6
  Relays with strong preference (α>5): 11
  Relays learned to avoid (β>5): 11
[relay-scores-se] Relay wss://relay.ditto.pub: 1 contested obs (fallback dampening applied)
[relay-scores-se] Relay wss://relay.coinos.io: 1 contested obs (fallback dampening applied)
[relay-scores-se] Relay wss://relay.day.ag: 0 contested obs (fallback dampening applied)
[relay-scores-se] Updated scores for ndk-thompson-cg2: 20 relays, session 1
[relay-scores-se] Skipped 9 sole-source observations across 7 relays
[relay-scores-se] Force-included relays and scores: wss://premium.primal.net(E=0.460), wss://relay.ditto.pub(E=0.679), wss://nostr.bitcoiner.social(E=0.390), wss://nostr.wine(E=0.259), wss://nos.lol(E=0.334), wss://relay.coinos.io(E=0.535), wss://relay.day.ag(E=0.667)
[relay-scores] Saved to .cache/relay_scores_32e1827635450ebb_31536000_liveness_ndk-thompson-cg2.json

Thompson Sampling [ndk-thompson-cg2] learning state:
  Session: 1
  Relays with observations: 20
  Mean prior α: 11.0, β: 20.6
  Relays with strong preference (α>5): 10
  Relays learned to avoid (β>5): 11

JSON results written to: results/32e1827635450ebb_1773111274602.json
