[0m[32mTask[0m [0m[36mbench[0m deno run --allow-net --allow-read --allow-write main.ts "04c915daefee38317fa734444acee390a8269fe5810b2241e5e6dd343dfbecc9" "--algorithms" "ndk-thompson,ndk-thompson-cg,ndk-thompson-cg2" "--verify-window" "31536000" "--verify" "--verify-concurrency" "10" "--nip66-filter" "liveness" "--no-phase2-cache" "--fast" "--output" "both"
Target: 04c915daefee3831...
Seed: 0 | Filter: strict | Runs: 3
Using cached data (fetched 2026-03-10T02:43:27.469Z)

=== Fetch Quality ===
Indexers: wss://purplepag.es (1791 events, 6969ms), wss://relay.damus.io (912 events, 328ms), wss://nos.lol (1405 events, 1104ms)
Follows: 1790 | With relay list: 1376 (76.9%) | Missing: 414 (23.1%) | Filtered-to-empty: 33
Filter profile: strict | Filtered URLs: 645 (21 localhost, 92 insecure ws, 23 IP-only, 502 known-bad, 7 malformed)
Unique valid write relays: 1208 | Seed: 0
[nip66] Using cached monitor data (1707 relays)

=== NIP-66 Liveness Filter (liveness) ===
Monitor data: 1707 relays
Candidate relays: 1208
  Known alive: 603
  Unknown (removed): 605
  .onion preserved: 37
  Parse-failed preserved: 0
  Authors filtered to empty: 9
Relays after filter: 603
[relay-scores] Loaded 29 relay priors (session 2, from 2026-03-10T03:20:39.972Z)

Thompson Sampling [ndk-thompson]: loaded 29 relay priors (session 2)
[relay-scores] Loaded 20 relay priors (session 2, from 2026-03-10T03:20:39.991Z)

Thompson Sampling [ndk-thompson-cg]: loaded 20 relay priors (session 2)
[relay-scores] Loaded 26 relay priors (session 2, from 2026-03-10T03:20:39.995Z)

Thompson Sampling [ndk-thompson-cg2]: loaded 26 relay priors (session 2)
Coverage guarantee: 19 sole-source relays forced (20 maxConnections budget)
Coverage guarantee: 19 sole-source relays forced (20 maxConnections budget)
Coverage guarantee: 19 sole-source relays forced (20 maxConnections budget)
Coverage guarantee: 10 sole-source relays forced (capped at 10, 19 total sole-source) (20 maxConnections budget)
Coverage guarantee: 10 sole-source relays forced (capped at 10, 19 total sole-source) (20 maxConnections budget)
Coverage guarantee: 10 sole-source relays forced (capped at 10, 19 total sole-source) (20 maxConnections budget)

=== Regime A: Fixed 20 Connections ===
  Algorithm                      |  Relays |   Assign% |  Orphans |  Alg.Orph |  Avg/pk |   Gini |    HHI
  -------------------------------+---------+-----------+----------+-----------+---------+--------+-------
  NDK+Thompson (Priority)        |      20 |     74.6% (0.0sd) | 454.6666666666667 | 40.666666666666664 |     1.9 |   0.79 |  0.244
  NDK+Thompson (Priority)+CG     |      20 |     75.2% (0.0sd) | 444.6666666666667 | 30.666666666666668 |     1.9 |   0.82 |  0.281
  NDK+Thompson (Priority)+CG2    |      20 |     74.7% (0.0sd) |      452 |        38 |     1.9 |   0.77 |  0.231
Coverage guarantee: 19 sole-source relays forced (20 maxConnections budget)
Coverage guarantee: 10 sole-source relays forced (capped at 10, 19 total sole-source) (20 maxConnections budget)

=== Phase 2: Event Verification ===
Window: 31536000s | Kinds: 1 | Concurrency: 10
[baseline] Querying 603 relays for 1367 authors (window: 31536000s)
[pool] CLOSED from wss://creatr.nostr.wine: auth-required: please authenticate before sending REQs
[baseline] Progress: 50/603 relays queried
[pool] CLOSED from wss://relay.nosflare.com: auth-required: authentication required to subscribe
[pool] CLOSED from wss://relay.nsec.app: blocked: we only keep kind 24133 or 24135
[baseline] Progress: 100/603 relays queried
[pool] CLOSED from wss://sendit.nosflare.com: restricted: this relay does not accept REQs
[pool] CLOSED from wss://inbox.nostr.wine: blocked: this relay does not store any of the kinds in this request
[pool] CLOSED from wss://aggr.nostr.land: auth-required: auth required for aggregator
[pool] CLOSED from wss://relay.getalby.com/v1: blocked: Request rejected
[baseline] Progress: 150/603 relays queried
[pool] CLOSED from wss://bitstack.app: auth-required: authentication required to subscribe
[pool] CLOSED from wss://auth.nostr1.com: auth-required: you must auth
[baseline] Progress: 200/603 relays queried
[pool] CLOSED from wss://hole.v0l.io: error: queries not allowed
[pool] CLOSED from wss://impromptu.relays.land: auth-required: all requests must be authenticated
[baseline] Progress: 250/603 relays queried
[pool] CLOSED from wss://greensoul.space: auth-required: only authenticated users can read from this relay
[pool] CLOSED from wss://elites.nostrati.org: auth-required: you must auth
[pool] CLOSED from wss://nostr.rikmeijer.nl: max number of subscriptions per client (100) reached
[baseline] Progress: 300/603 relays queried
[pool] CLOSED from wss://david.nostr1.com: auth-required: you must auth
[pool] CLOSED from wss://podtards.com/chat: auth-required: all requests must be authenticated
[pool] CLOSED from wss://podtards.com/private: auth-required: all requests must be authenticated
[baseline] Progress: 350/603 relays queried
[pool] CLOSED from wss://reedvpn.asuscomm.com: auth-required: authentication is required for access
[pool] CLOSED from wss://relay.shawnyeager.com/chat: auth-required: all requests must be authenticated
[baseline] Progress: 400/603 relays queried
[pool] CLOSED from wss://nortis.nostr1.com: auth-required: you must auth
[pool] CLOSED from wss://pantry.zap.cooking: auth-required: please authenticate
[baseline] Progress: 450/603 relays queried
[baseline] Progress: 500/603 relays queried
[pool] CLOSED from wss://nostr.dbtc.link: auth-required: NIP-42 auth required
[baseline] Progress: 550/603 relays queried
[pool] CLOSED from wss://groups.satsdisco.com: blocked: invalid query, must have 'h', 'e' or 'a' tag
[pool] CLOSED from wss://wot.azzamo.net: rate-limited: there is a bug in the client, no one should be making so many requests
[baseline] Progress: 600/603 relays queried
[baseline] Progress: 603/603 relays queried
[phase2] Subscription timeouts (no EOSE): 45
[phase2] CLOSED messages received: 24
  wss://creatr.nostr.wine: auth-required: please authenticate before sending REQs
  wss://relay.nosflare.com: auth-required: authentication required to subscribe
  wss://relay.nsec.app: blocked: we only keep kind 24133 or 24135
  wss://sendit.nosflare.com: restricted: this relay does not accept REQs
  wss://inbox.nostr.wine: blocked: this relay does not store any of the kinds in this request
  wss://aggr.nostr.land: auth-required: auth required for aggregator
  wss://relay.getalby.com/v1: blocked: Request rejected
  wss://bitstack.app: auth-required: authentication required to subscribe
  wss://auth.nostr1.com: auth-required: you must auth
  wss://hole.v0l.io: error: queries not allowed

=== Phase 2: Event Verification (365d window) ===
Baseline: 603 relays queried (54.4% success), 2.7min
  Timing: connect 733ms median (1.6s p95) | query 1.3s median (15.8s p95) | 45 timeouts (42 relays)
  Authors: 1,367 with relay data
    Testable (reliable): 843 | Testable (partial): 17 | Zero events: 448 | Unreliable: 59
  Baseline events: 127,908 (mean 148.7/author, median 20)
  Events per (relay,pubkey) capped at: 10000

  Headline metrics (843 testable-reliable authors, 127,358 baseline events):

  Algorithm                        |   Evt Recall |   Auth Recall |  Relay OK% |     TTFE |      p50 |      p80 | Timeouts
  ---------------------------------+--------------+---------------+------------+----------+----------+----------+---------
  NDK+Thompson (Priority) (seed=0, single run) |        19.8% |         76.5% |      80.0% |     1.0s |     3.2s |     4.0s |        0
  NDK+Thompson CG (Priority) (seed=0, single run) |        15.9% |         77.1% |      80.0% |    930ms |     3.3s |     6.0s |        1
  NDK+Thompson CG2 (Priority) (seed=0, single run) |        19.7% |         76.6% |      85.0% |     1.0s |     3.2s |     4.0s |        0

  Per-author recall distribution:
  Algorithm                        |   Median |  % at 0% |      p25 |      p75
  ---------------------------------+----------+----------+----------+---------
  NDK+Thompson (Priority) (seed=0, single run) |    34.8% |    23.5% |     0.7% |   100.0%
  NDK+Thompson CG (Priority) (seed=0, single run) |    33.2% |    22.9% |     0.7% |   100.0%
  NDK+Thompson CG2 (Priority) (seed=0, single run) |    33.3% |    23.4% |     0.7% |   100.0%

  Latency simulation (parallel relay query):
  Algorithm                        |     TTFE |      p50 |      p80 |      Max |   TO |   TO Tax |   Relays |   Events
  ---------------------------------+----------+----------+----------+----------+------+----------+----------+---------
  NDK+Thompson (Priority) (seed=0, single run) |     1.0s |     3.2s |     4.0s |     9.8s |    0 |      0ms | 14/17/20 |   56,487
  NDK+Thompson CG (Priority) (seed=0, single run) |    930ms |     3.3s |     6.0s |    18.6s |    1 |    15.0s | 16/18/20 |   45,347
  NDK+Thompson CG2 (Priority) (seed=0, single run) |     1.0s |     3.2s |     4.0s |     9.8s |    0 |      0ms | 15/17/20 |   57,113
  (Relays: with-events/connected/total | TO Tax: ceil(timeouts/concurrency) × EOSE timeout)

  Progressive completeness (% of recall achieved by time):
  Algorithm                        |      @1s |      @2s |      @5s |     @10s |     @15s
  ---------------------------------+----------+----------+----------+----------+---------
  NDK+Thompson (Priority) (seed=0, single run) |     0.0% |     0.5% |    41.0% |   100.0% |   100.0%
  NDK+Thompson CG (Priority) (seed=0, single run) |     0.0% |     0.6% |    22.2% |   100.0% |   100.0%
  NDK+Thompson CG2 (Priority) (seed=0, single run) |     0.0% |     0.5% |    43.5% |   100.0% |   100.0%

  EOSE-race simulation (stop after first EOSE + grace period):
  Algorithm                        |     +0ms |   +200ms |   +500ms |      +1s |      +2s
  ---------------------------------+----------+----------+----------+----------+---------
  NDK+Thompson (Priority) (seed=0, single run) |     0.5% |     0.5% |     0.5% |     4.4% |    36.1%
  NDK+Thompson CG (Priority) (seed=0, single run) |     0.6% |     0.6% |     0.6% |     0.6% |    17.4%
  NDK+Thompson CG2 (Priority) (seed=0, single run) |     0.5% |     0.5% |     0.5% |     4.4% |    35.1%
  (First EOSE: NDK+Thompson (Priority) (seed=0, single run)=1.1s, NDK+Thompson CG (Priority) (seed=0, single run)=1.1s, NDK+Thompson CG2 (Priority) (seed=0, single run)=1.1s)

  Profile-view latency (per-author outbox query, top 3 write relays):
    Authors simulated: 860 | Hit rate: 98.6%
    TTFE: 1.6s median, 1.5s mean, 2.2s p95
    Relays/profile: 2.9 queried, 2.1 with events, 0.09 timeouts

  Feed vs profile-view TTFE comparison:
  Algorithm                        |  Feed TTFE |  Profile TTFE |    Delta
  ---------------------------------+------------+---------------+---------
  NDK+Thompson (Priority) (seed=0, single run) |       1.0s |          1.6s |   +549ms
  NDK+Thompson CG (Priority) (seed=0, single run) |      930ms |          1.6s |   +625ms
  NDK+Thompson CG2 (Priority) (seed=0, single run) |       1.0s |          1.6s |   +549ms

  Including partial-baseline authors (860 testable authors, 127,908 baseline events):

  Algorithm                        |   Evt Recall |   Auth Recall
  ---------------------------------+--------------+--------------
  NDK+Thompson (Priority) (seed=0, single run) |        19.9% |         76.6%
  NDK+Thompson CG (Priority) (seed=0, single run) |        16.0% |         77.3%
  NDK+Thompson CG2 (Priority) (seed=0, single run) |        19.9% |         76.9%

=== NIP-66 RTT vs Measured Latency (383 relays, data age: 77min) ===
                             N   Spearman r      MAE    Bias    Top5   Top10   Top20
------------------------  ----  -----------  -------  ------  ------  ------  ------
rttOpen vs connect         383        -0.09    592ms    1.0x    0.0%    0.0%    0.0%
rttRead vs query           323        -0.07     2.0s    8.0x    0.0%    0.0%    5.0%
(Bias = measured/nip66, >1 = NIP-66 underestimates. TopK = overlap of K fastest relays.)
Monitor: 9bbbb845e5b6..., b2c949c0fb79..., 9ba1d7892cd0..., 9bb7cd94d7b6..., 0b01aa38c2cc..., 45df0580711f..., http-api..., 9ba6484003e8..., 58faef87b342..., 9b85d54cc4bc...
[relay-scores] Updated scores for ndk-thompson: 32 relays, session 3
[relay-scores] Degrading relays (1): wss://relay.damus.io
[relay-scores] Saved to .cache/relay_scores_04c915daefee3831_31536000_liveness_ndk-thompson.json

Thompson Sampling [ndk-thompson] learning state:
  Session: 3
  Relays with observations: 32
  Mean prior α: 49.5, β: 96.8
  Relays with strong preference (α>5): 15
  Relays learned to avoid (β>5): 19
[relay-scores-se] Relay wss://relay.fountain.fm: 1 contested obs (fallback dampening applied)
[relay-scores-se] Relay wss://relay.day.ag: 0 contested obs (fallback dampening applied)
[relay-scores-se] Relay wss://nostr.lopp.social: 1 contested obs (fallback dampening applied)
[relay-scores-se] Updated scores for ndk-thompson-cg: 20 relays, session 3
[relay-scores-se] Skipped 29 sole-source observations across 12 relays
[relay-scores-se] Force-included relays and scores: wss://relay.primal.net(E=0.331), wss://relay.ditto.pub(E=0.292), wss://nostr.wine(E=0.359), wss://nos.lol(E=0.402), wss://premium.primal.net(E=0.384), wss://nostr.bitcoiner.social(E=0.442), wss://nostr.land(E=0.272), wss://nostr.chaima.info(E=0.905), wss://relay.fountain.fm(E=0.233), wss://relay.day.ag(E=0.794) (+2 more)
[relay-scores-se] Degrading relays (3): wss://relay.damus.io, wss://relay.nostr.com.au, wss://relay.coinos.io
[relay-scores] Saved to .cache/relay_scores_04c915daefee3831_31536000_liveness_ndk-thompson-cg.json

Thompson Sampling [ndk-thompson-cg] learning state:
  Session: 3
  Relays with observations: 20
  Mean prior α: 74.7, β: 153.8
  Relays with strong preference (α>5): 11
  Relays learned to avoid (β>5): 14
[relay-scores-se] Relay wss://nostr.chaima.info: 2 contested obs (fallback dampening applied)
[relay-scores-se] Updated scores for ndk-thompson-cg2: 29 relays, session 3
[relay-scores-se] Skipped 25 sole-source observations across 8 relays
[relay-scores-se] Force-included relays and scores: wss://relay.primal.net(E=0.344), wss://relay.ditto.pub(E=0.458), wss://nostr.wine(E=0.394), wss://nos.lol(E=0.410), wss://premium.primal.net(E=0.393), wss://nostr.bitcoiner.social(E=0.469), wss://nostr.land(E=0.259), wss://nostr.chaima.info(E=0.904)
[relay-scores-se] Degrading relays (2): wss://relay.damus.io, wss://xmr.usenostr.org
[relay-scores] Saved to .cache/relay_scores_04c915daefee3831_31536000_liveness_ndk-thompson-cg2.json

Thompson Sampling [ndk-thompson-cg2] learning state:
  Session: 3
  Relays with observations: 29
  Mean prior α: 53.1, β: 105.7
  Relays with strong preference (α>5): 14
  Relays learned to avoid (β>5): 17

JSON results written to: results/04c915daefee3831_1773114138786.json
