[0m[32mTask[0m [0m[36mbench[0m deno run --allow-net --allow-read --allow-write main.ts "04c915daefee38317fa734444acee390a8269fe5810b2241e5e6dd343dfbecc9" "--algorithms" "ndk-thompson,ndk-thompson-cg,ndk-thompson-cg2" "--verify-window" "31536000" "--verify" "--verify-concurrency" "10" "--nip66-filter" "liveness" "--no-phase2-cache" "--fast" "--output" "both"
Target: 04c915daefee3831...
Seed: 0 | Filter: strict | Runs: 3
Using cached data (fetched 2026-03-10T02:43:27.469Z)

=== Fetch Quality ===
Indexers: wss://purplepag.es (1791 events, 6969ms), wss://relay.damus.io (912 events, 328ms), wss://nos.lol (1405 events, 1104ms)
Follows: 1790 | With relay list: 1376 (76.9%) | Missing: 414 (23.1%) | Filtered-to-empty: 33
Filter profile: strict | Filtered URLs: 645 (21 localhost, 92 insecure ws, 23 IP-only, 502 known-bad, 7 malformed)
Unique valid write relays: 1208 | Seed: 0
[nip66] Using cached monitor data (1707 relays)

=== NIP-66 Liveness Filter (liveness) ===
Monitor data: 1707 relays
Candidate relays: 1208
  Known alive: 603
  Unknown (removed): 605
  .onion preserved: 37
  Parse-failed preserved: 0
  Authors filtered to empty: 9
Relays after filter: 603
Coverage guarantee: 19 sole-source relays forced (20 maxConnections budget)
Coverage guarantee: 19 sole-source relays forced (20 maxConnections budget)
Coverage guarantee: 19 sole-source relays forced (20 maxConnections budget)
Coverage guarantee: 10 sole-source relays forced (capped at 10, 19 total sole-source) (20 maxConnections budget)
Coverage guarantee: 10 sole-source relays forced (capped at 10, 19 total sole-source) (20 maxConnections budget)
Coverage guarantee: 10 sole-source relays forced (capped at 10, 19 total sole-source) (20 maxConnections budget)

=== Regime A: Fixed 20 Connections ===
  Algorithm                      |  Relays |   Assign% |  Orphans |  Alg.Orph |  Avg/pk |   Gini |    HHI
  -------------------------------+---------+-----------+----------+-----------+---------+--------+-------
  NDK+Thompson (Priority)        |      20 |     74.7% (0.0sd) | 453.3333333333333 | 39.333333333333336 |     1.9 |   0.69 |  0.159
  NDK+Thompson (Priority)+CG     |      20 |     75.2% (0.0sd) |      444 |        30 |     1.9 |   0.74 |  0.185
  NDK+Thompson (Priority)+CG2    |      20 |     74.8% (0.0sd) |      451 |        37 |     1.9 |   0.70 |  0.162
Coverage guarantee: 19 sole-source relays forced (20 maxConnections budget)
Coverage guarantee: 10 sole-source relays forced (capped at 10, 19 total sole-source) (20 maxConnections budget)

=== Phase 2: Event Verification ===
Window: 31536000s | Kinds: 1 | Concurrency: 10
[baseline] Querying 603 relays for 1367 authors (window: 31536000s)
[pool] CLOSED from wss://creatr.nostr.wine: auth-required: please authenticate before sending REQs
[baseline] Progress: 50/603 relays queried
[pool] CLOSED from wss://relay.nosflare.com: auth-required: authentication required to subscribe
[pool] CLOSED from wss://relay.nsec.app: blocked: we only keep kind 24133 or 24135
[pool] CLOSED from wss://sendit.nosflare.com: restricted: this relay does not accept REQs
[baseline] Progress: 100/603 relays queried
[pool] CLOSED from wss://inbox.nostr.wine: blocked: this relay does not store any of the kinds in this request
[pool] CLOSED from wss://aggr.nostr.land: auth-required: auth required for aggregator
[pool] CLOSED from wss://relay.getalby.com/v1: blocked: Request rejected
[baseline] Progress: 150/603 relays queried
[pool] CLOSED from wss://bitstack.app: auth-required: authentication required to subscribe
[pool] CLOSED from wss://auth.nostr1.com: auth-required: you must auth
[baseline] Progress: 200/603 relays queried
[pool] CLOSED from wss://hole.v0l.io: error: queries not allowed
[pool] CLOSED from wss://impromptu.relays.land: auth-required: all requests must be authenticated
[baseline] Progress: 250/603 relays queried
[pool] CLOSED from wss://greensoul.space: auth-required: only authenticated users can read from this relay
[pool] CLOSED from wss://elites.nostrati.org: auth-required: you must auth
[baseline] Progress: 300/603 relays queried
[pool] CLOSED from wss://nostr.rikmeijer.nl: max number of subscriptions per client (100) reached
[pool] CLOSED from wss://david.nostr1.com: auth-required: you must auth
[pool] CLOSED from wss://podtards.com/chat: auth-required: all requests must be authenticated
[pool] CLOSED from wss://podtards.com/private: auth-required: all requests must be authenticated
[baseline] Progress: 350/603 relays queried
[pool] CLOSED from wss://reedvpn.asuscomm.com: auth-required: authentication is required for access
[pool] CLOSED from wss://relay.shawnyeager.com/chat: auth-required: all requests must be authenticated
[baseline] Progress: 400/603 relays queried
[pool] CLOSED from wss://pantry.zap.cooking: auth-required: please authenticate
[pool] CLOSED from wss://nortis.nostr1.com: auth-required: you must auth
[baseline] Progress: 450/603 relays queried
[baseline] Progress: 500/603 relays queried
[pool] CLOSED from wss://nostr.dbtc.link: auth-required: NIP-42 auth required
[baseline] Progress: 550/603 relays queried
[pool] CLOSED from wss://groups.satsdisco.com: blocked: invalid query, must have 'h', 'e' or 'a' tag
[pool] CLOSED from wss://wot.azzamo.net: rate-limited: there is a bug in the client, no one should be making so many requests
[baseline] Progress: 600/603 relays queried
[baseline] Progress: 603/603 relays queried
[phase2] Subscription timeouts (no EOSE): 41
[phase2] CLOSED messages received: 24
  wss://creatr.nostr.wine: auth-required: please authenticate before sending REQs
  wss://relay.nosflare.com: auth-required: authentication required to subscribe
  wss://relay.nsec.app: blocked: we only keep kind 24133 or 24135
  wss://sendit.nosflare.com: restricted: this relay does not accept REQs
  wss://inbox.nostr.wine: blocked: this relay does not store any of the kinds in this request
  wss://aggr.nostr.land: auth-required: auth required for aggregator
  wss://relay.getalby.com/v1: blocked: Request rejected
  wss://bitstack.app: auth-required: authentication required to subscribe
  wss://auth.nostr1.com: auth-required: you must auth
  wss://hole.v0l.io: error: queries not allowed

=== Phase 2: Event Verification (365d window) ===
Baseline: 603 relays queried (54.6% success), 2.7min
  Timing: connect 727ms median (1.7s p95) | query 1.5s median (15.9s p95) | 41 timeouts (41 relays)
  Authors: 1,367 with relay data
    Testable (reliable): 897 | Testable (partial): 4 | Zero events: 451 | Unreliable: 15
  Baseline events: 143,538 (mean 159.3/author, median 23)
  Events per (relay,pubkey) capped at: 10000

  Headline metrics (897 testable-reliable authors, 143,357 baseline events):

  Algorithm                        |   Evt Recall |   Auth Recall |  Relay OK% |     TTFE |      p50 |      p80 | Timeouts
  ---------------------------------+--------------+---------------+------------+----------+----------+----------+---------
  NDK+Thompson (Priority) (seed=0, single run) |        21.2% |         76.7% |      90.0% |    650ms |     4.4s |    10.3s |        1
  NDK+Thompson CG (Priority) (seed=0, single run) |        16.6% |         79.3% |      90.0% |    650ms |     3.1s |     8.9s |        0
  NDK+Thompson CG2 (Priority) (seed=0, single run) |        25.3% |         79.7% |      85.0% |    650ms |     4.8s |    10.3s |        1

  Per-author recall distribution:
  Algorithm                        |   Median |  % at 0% |      p25 |      p75
  ---------------------------------+----------+----------+----------+---------
  NDK+Thompson (Priority) (seed=0, single run) |    29.1% |    23.3% |     0.6% |   100.0%
  NDK+Thompson CG (Priority) (seed=0, single run) |    29.2% |    20.7% |     1.8% |   100.0%
  NDK+Thompson CG2 (Priority) (seed=0, single run) |    39.8% |    20.3% |     2.6% |   100.0%

  Latency simulation (parallel relay query):
  Algorithm                        |     TTFE |      p50 |      p80 |      Max |   TO |   TO Tax |   Relays |   Events
  ---------------------------------+----------+----------+----------+----------+------+----------+----------+---------
  NDK+Thompson (Priority) (seed=0, single run) |    650ms |     4.4s |    10.3s |    34.6s |    1 |    15.0s | 17/19/20 |   72,494
  NDK+Thompson CG (Priority) (seed=0, single run) |    650ms |     3.1s |     8.9s |    13.4s |    0 |      0ms | 18/19/20 |   56,347
  NDK+Thompson CG2 (Priority) (seed=0, single run) |    650ms |     4.8s |    10.3s |    17.4s |    1 |    15.0s | 16/18/20 |   88,914
  (Relays: with-events/connected/total | TO Tax: ceil(timeouts/concurrency) × EOSE timeout)

  Progressive completeness (% of recall achieved by time):
  Algorithm                        |      @1s |      @2s |      @5s |     @10s |     @15s
  ---------------------------------+----------+----------+----------+----------+---------
  NDK+Thompson (Priority) (seed=0, single run) |     0.0% |     1.8% |    29.8% |    74.8% |   100.0%
  NDK+Thompson CG (Priority) (seed=0, single run) |     0.0% |     2.5% |    21.2% |    77.0% |   100.0%
  NDK+Thompson CG2 (Priority) (seed=0, single run) |     0.0% |     1.3% |    29.1% |    82.1% |    99.9%

  EOSE-race simulation (stop after first EOSE + grace period):
  Algorithm                        |     +0ms |   +200ms |   +500ms |      +1s |      +2s
  ---------------------------------+----------+----------+----------+----------+---------
  NDK+Thompson (Priority) (seed=0, single run) |     1.0% |     1.8% |     1.8% |     4.4% |     6.1%
  NDK+Thompson CG (Priority) (seed=0, single run) |     0.2% |     0.2% |     2.5% |     2.5% |    10.4%
  NDK+Thompson CG2 (Priority) (seed=0, single run) |     0.3% |     0.3% |     1.3% |     1.3% |     3.0%
  (First EOSE: NDK+Thompson (Priority) (seed=0, single run)=1.5s, NDK+Thompson CG (Priority) (seed=0, single run)=1.1s, NDK+Thompson CG2 (Priority) (seed=0, single run)=1.1s)

  Profile-view latency (per-author outbox query, top 3 write relays):
    Authors simulated: 901 | Hit rate: 99.2%
    TTFE: 996ms median, 1.1s mean, 1.7s p95
    Relays/profile: 2.9 queried, 2.6 with events, 0.07 timeouts

  Feed vs profile-view TTFE comparison:
  Algorithm                        |  Feed TTFE |  Profile TTFE |    Delta
  ---------------------------------+------------+---------------+---------
  NDK+Thompson (Priority) (seed=0, single run) |      650ms |         996ms |   +347ms
  NDK+Thompson CG (Priority) (seed=0, single run) |      650ms |         996ms |   +347ms
  NDK+Thompson CG2 (Priority) (seed=0, single run) |      650ms |         996ms |   +347ms

  Including partial-baseline authors (901 testable authors, 143,538 baseline events):

  Algorithm                        |   Evt Recall |   Auth Recall
  ---------------------------------+--------------+--------------
  NDK+Thompson (Priority) (seed=0, single run) |        21.3% |         76.8%
  NDK+Thompson CG (Priority) (seed=0, single run) |        16.7% |         79.2%
  NDK+Thompson CG2 (Priority) (seed=0, single run) |        25.3% |         79.7%

=== NIP-66 RTT vs Measured Latency (382 relays, data age: 33min) ===
                             N   Spearman r      MAE    Bias    Top5   Top10   Top20
------------------------  ----  -----------  -------  ------  ------  ------  ------
rttOpen vs connect         382        -0.00    585ms    1.1x    0.0%    0.0%    0.0%
rttRead vs query           322        -0.09     1.9s    8.5x    0.0%    0.0%    0.0%
(Bias = measured/nip66, >1 = NIP-66 underestimates. TopK = overlap of K fastest relays.)
Monitor: 9bbbb845e5b6..., b2c949c0fb79..., 9ba1d7892cd0..., 9bb7cd94d7b6..., 0b01aa38c2cc..., 45df0580711f..., http-api..., 9ba6484003e8..., 58faef87b342..., 9b85d54cc4bc...
[relay-scores] Updated scores for ndk-thompson: 20 relays, session 1
[relay-scores] Saved to .cache/relay_scores_04c915daefee3831_31536000_liveness_ndk-thompson.json

Thompson Sampling [ndk-thompson] learning state:
  Session: 1
  Relays with observations: 20
  Mean prior α: 28.3, β: 57.3
  Relays with strong preference (α>5): 12
  Relays learned to avoid (β>5): 14
[relay-scores-se] Relay wss://nostr.chaima.info: 2 contested obs (fallback dampening applied)
[relay-scores-se] Relay wss://relay.day.ag: 0 contested obs (fallback dampening applied)
[relay-scores-se] Relay wss://nostr.lopp.social: 1 contested obs (fallback dampening applied)
[relay-scores-se] Updated scores for ndk-thompson-cg: 20 relays, session 1
[relay-scores-se] Skipped 33 sole-source observations across 14 relays
[relay-scores-se] Force-included relays and scores: wss://relay.primal.net(E=0.313), wss://relay.ditto.pub(E=0.300), wss://relay.damus.io(E=0.332), wss://nostr.wine(E=0.294), wss://nos.lol(E=0.376), wss://premium.primal.net(E=0.356), wss://nostr.bitcoiner.social(E=0.342), wss://nostr.land(E=0.187), wss://nostr.chaima.info(E=0.800), wss://relay.nostr.com.au(E=0.208) (+4 more)
[relay-scores] Saved to .cache/relay_scores_04c915daefee3831_31536000_liveness_ndk-thompson-cg.json

Thompson Sampling [ndk-thompson-cg] learning state:
  Session: 1
  Relays with observations: 20
  Mean prior α: 27.4, β: 56.4
  Relays with strong preference (α>5): 8
  Relays learned to avoid (β>5): 11
[relay-scores-se] Updated scores for ndk-thompson-cg2: 20 relays, session 1
[relay-scores-se] Skipped 28 sole-source observations across 9 relays
[relay-scores-se] Force-included relays and scores: wss://relay.primal.net(E=0.318), wss://relay.ditto.pub(E=0.340), wss://relay.damus.io(E=0.335), wss://nostr.wine(E=0.354), wss://nos.lol(E=0.382), wss://premium.primal.net(E=0.405), wss://nostr.bitcoiner.social(E=0.381), wss://nostr.land(E=0.164), wss://nostr.chaima.info(E=0.800)
[relay-scores] Saved to .cache/relay_scores_04c915daefee3831_31536000_liveness_ndk-thompson-cg2.json

Thompson Sampling [ndk-thompson-cg2] learning state:
  Session: 1
  Relays with observations: 20
  Mean prior α: 28.8, β: 55.1
  Relays with strong preference (α>5): 9
  Relays learned to avoid (β>5): 12

JSON results written to: results/04c915daefee3831_1773111498849.json
