[0m[32mTask[0m [0m[36mbench[0m deno run --allow-net --allow-read --allow-write main.ts "04c915daefee38317fa734444acee390a8269fe5810b2241e5e6dd343dfbecc9" "--algorithms" "ndk-thompson,ndk-thompson-cg,ndk-thompson-cg2" "--verify-window" "31536000" "--verify" "--verify-concurrency" "10" "--nip66-filter" "liveness" "--no-phase2-cache" "--fast" "--output" "both"
Target: 04c915daefee3831...
Seed: 0 | Filter: strict | Runs: 3
Using cached data (fetched 2026-03-10T02:43:27.469Z)

=== Fetch Quality ===
Indexers: wss://purplepag.es (1791 events, 6969ms), wss://relay.damus.io (912 events, 328ms), wss://nos.lol (1405 events, 1104ms)
Follows: 1790 | With relay list: 1376 (76.9%) | Missing: 414 (23.1%) | Filtered-to-empty: 33
Filter profile: strict | Filtered URLs: 645 (21 localhost, 92 insecure ws, 23 IP-only, 502 known-bad, 7 malformed)
Unique valid write relays: 1208 | Seed: 0
[nip66] Using cached monitor data (1707 relays)

=== NIP-66 Liveness Filter (liveness) ===
Monitor data: 1707 relays
Candidate relays: 1208
  Known alive: 603
  Unknown (removed): 605
  .onion preserved: 37
  Parse-failed preserved: 0
  Authors filtered to empty: 9
Relays after filter: 603
[relay-scores] Loaded 20 relay priors (session 1, from 2026-03-10T02:58:18.803Z)

Thompson Sampling [ndk-thompson]: loaded 20 relay priors (session 1)
[relay-scores] Loaded 20 relay priors (session 1, from 2026-03-10T02:58:18.835Z)

Thompson Sampling [ndk-thompson-cg]: loaded 20 relay priors (session 1)
[relay-scores] Loaded 20 relay priors (session 1, from 2026-03-10T02:58:18.840Z)

Thompson Sampling [ndk-thompson-cg2]: loaded 20 relay priors (session 1)
Coverage guarantee: 19 sole-source relays forced (20 maxConnections budget)
Coverage guarantee: 19 sole-source relays forced (20 maxConnections budget)
Coverage guarantee: 19 sole-source relays forced (20 maxConnections budget)
Coverage guarantee: 10 sole-source relays forced (capped at 10, 19 total sole-source) (20 maxConnections budget)
Coverage guarantee: 10 sole-source relays forced (capped at 10, 19 total sole-source) (20 maxConnections budget)
Coverage guarantee: 10 sole-source relays forced (capped at 10, 19 total sole-source) (20 maxConnections budget)

=== Regime A: Fixed 20 Connections ===
  Algorithm                      |  Relays |   Assign% |  Orphans |  Alg.Orph |  Avg/pk |   Gini |    HHI
  -------------------------------+---------+-----------+----------+-----------+---------+--------+-------
  NDK+Thompson (Priority)        |      20 |     74.8% (0.0sd) | 450.3333333333333 | 36.333333333333336 |     1.9 |   0.67 |  0.154
  NDK+Thompson (Priority)+CG     |      20 |     75.2% (0.0sd) | 444.6666666666667 | 30.666666666666668 |     1.9 |   0.81 |  0.270
  NDK+Thompson (Priority)+CG2    |      20 |     74.8% (0.0sd) | 450.6666666666667 | 36.666666666666664 |     1.9 |   0.74 |  0.193
Coverage guarantee: 19 sole-source relays forced (20 maxConnections budget)
Coverage guarantee: 10 sole-source relays forced (capped at 10, 19 total sole-source) (20 maxConnections budget)

=== Phase 2: Event Verification ===
Window: 31536000s | Kinds: 1 | Concurrency: 10
[baseline] Querying 603 relays for 1367 authors (window: 31536000s)
[pool] CLOSED from wss://creatr.nostr.wine: auth-required: please authenticate before sending REQs
[baseline] Progress: 50/603 relays queried
[pool] CLOSED from wss://relay.nosflare.com: auth-required: authentication required to subscribe
[pool] CLOSED from wss://relay.nsec.app: blocked: we only keep kind 24133 or 24135
[baseline] Progress: 100/603 relays queried
[pool] CLOSED from wss://inbox.nostr.wine: blocked: this relay does not store any of the kinds in this request
[pool] CLOSED from wss://aggr.nostr.land: auth-required: auth required for aggregator
[pool] CLOSED from wss://relay.getalby.com/v1: blocked: Request rejected
[baseline] Progress: 150/603 relays queried
[pool] CLOSED from wss://bitstack.app: auth-required: authentication required to subscribe
[pool] CLOSED from wss://auth.nostr1.com: auth-required: you must auth
[baseline] Progress: 200/603 relays queried
[pool] CLOSED from wss://hole.v0l.io: error: queries not allowed
[pool] CLOSED from wss://impromptu.relays.land: auth-required: all requests must be authenticated
[baseline] Progress: 250/603 relays queried
[pool] CLOSED from wss://greensoul.space: auth-required: only authenticated users can read from this relay
[pool] CLOSED from wss://elites.nostrati.org: auth-required: you must auth
[baseline] Progress: 300/603 relays queried
[pool] CLOSED from wss://nostr.rikmeijer.nl: max number of subscriptions per client (100) reached
[pool] CLOSED from wss://david.nostr1.com: auth-required: you must auth
[pool] CLOSED from wss://podtards.com/chat: auth-required: all requests must be authenticated
[pool] CLOSED from wss://podtards.com/private: auth-required: all requests must be authenticated
[baseline] Progress: 350/603 relays queried
[pool] CLOSED from wss://reedvpn.asuscomm.com: auth-required: authentication is required for access
[pool] CLOSED from wss://relay.shawnyeager.com/chat: auth-required: all requests must be authenticated
[baseline] Progress: 400/603 relays queried
[pool] CLOSED from wss://pantry.zap.cooking: auth-required: please authenticate
[pool] CLOSED from wss://nortis.nostr1.com: auth-required: you must auth
[baseline] Progress: 450/603 relays queried
[pool] CLOSED from wss://nostr.dbtc.link: auth-required: NIP-42 auth required
[baseline] Progress: 500/603 relays queried
[baseline] Progress: 550/603 relays queried
[pool] CLOSED from wss://groups.satsdisco.com: blocked: invalid query, must have 'h', 'e' or 'a' tag
[pool] CLOSED from wss://wot.azzamo.net: rate-limited: there is a bug in the client, no one should be making so many requests
[baseline] Progress: 600/603 relays queried
[baseline] Progress: 603/603 relays queried
[phase2] Subscription timeouts (no EOSE): 45
[phase2] CLOSED messages received: 23
  wss://creatr.nostr.wine: auth-required: please authenticate before sending REQs
  wss://relay.nosflare.com: auth-required: authentication required to subscribe
  wss://relay.nsec.app: blocked: we only keep kind 24133 or 24135
  wss://inbox.nostr.wine: blocked: this relay does not store any of the kinds in this request
  wss://aggr.nostr.land: auth-required: auth required for aggregator
  wss://relay.getalby.com/v1: blocked: Request rejected
  wss://bitstack.app: auth-required: authentication required to subscribe
  wss://auth.nostr1.com: auth-required: you must auth
  wss://hole.v0l.io: error: queries not allowed
  wss://impromptu.relays.land: auth-required: all requests must be authenticated

=== Phase 2: Event Verification (365d window) ===
Baseline: 603 relays queried (50.1% success), 2.9min
  Timing: connect 745ms median (1.6s p95) | query 1.4s median (15.9s p95) | 45 timeouts (43 relays)
  Authors: 1,367 with relay data
    Testable (reliable): 856 | Testable (partial): 8 | Zero events: 481 | Unreliable: 22
  Baseline events: 126,498 (mean 146.4/author, median 20)
  Events per (relay,pubkey) capped at: 10000

  Headline metrics (856 testable-reliable authors, 125,998 baseline events):

  Algorithm                        |   Evt Recall |   Auth Recall |  Relay OK% |     TTFE |      p50 |      p80 | Timeouts
  ---------------------------------+--------------+---------------+------------+----------+----------+----------+---------
  NDK+Thompson (Priority) (seed=0, single run) |        23.2% |         79.8% |      85.0% |    607ms |     6.5s |    13.9s |        1
  NDK+Thompson CG (Priority) (seed=0, single run) |        17.0% |         81.7% |      80.0% |    841ms |     4.7s |    13.6s |        0
  NDK+Thompson CG2 (Priority) (seed=0, single run) |        22.3% |         80.7% |      80.0% |    607ms |     8.6s |    13.6s |        1

  Per-author recall distribution:
  Algorithm                        |   Median |  % at 0% |      p25 |      p75
  ---------------------------------+----------+----------+----------+---------
  NDK+Thompson (Priority) (seed=0, single run) |    50.0% |    20.2% |     2.1% |   100.0%
  NDK+Thompson CG (Priority) (seed=0, single run) |    44.0% |    18.3% |     3.1% |   100.0%
  NDK+Thompson CG2 (Priority) (seed=0, single run) |    48.8% |    19.3% |     2.5% |   100.0%

  Latency simulation (parallel relay query):
  Algorithm                        |     TTFE |      p50 |      p80 |      Max |   TO |   TO Tax |   Relays |   Events
  ---------------------------------+----------+----------+----------+----------+------+----------+----------+---------
  NDK+Thompson (Priority) (seed=0, single run) |    607ms |     6.5s |    13.9s |    61.7s |    1 |    15.0s | 15/18/20 |   65,648
  NDK+Thompson CG (Priority) (seed=0, single run) |    841ms |     4.7s |    13.6s |    24.4s |    0 |      0ms | 16/16/20 |   55,347
  NDK+Thompson CG2 (Priority) (seed=0, single run) |    607ms |     8.6s |    13.6s |    61.7s |    1 |    15.0s | 15/17/20 |   65,113
  (Relays: with-events/connected/total | TO Tax: ceil(timeouts/concurrency) × EOSE timeout)

  Progressive completeness (% of recall achieved by time):
  Algorithm                        |      @1s |      @2s |      @5s |     @10s |     @15s
  ---------------------------------+----------+----------+----------+----------+---------
  NDK+Thompson (Priority) (seed=0, single run) |     1.4% |     6.0% |    14.4% |    43.0% |    74.5%
  NDK+Thompson CG (Priority) (seed=0, single run) |     0.0% |     1.2% |    13.3% |    19.2% |    61.8%
  NDK+Thompson CG2 (Priority) (seed=0, single run) |     1.5% |     5.4% |    12.7% |    38.0% |    61.8%

  EOSE-race simulation (stop after first EOSE + grace period):
  Algorithm                        |     +0ms |   +200ms |   +500ms |      +1s |      +2s
  ---------------------------------+----------+----------+----------+----------+---------
  NDK+Thompson (Priority) (seed=0, single run) |     1.4% |     1.4% |     2.3% |     6.0% |     6.9%
  NDK+Thompson CG (Priority) (seed=0, single run) |     1.0% |     1.0% |     1.0% |     3.5% |     6.0%
  NDK+Thompson CG2 (Priority) (seed=0, single run) |     1.5% |     1.5% |     1.5% |     5.4% |     8.2%
  (First EOSE: NDK+Thompson (Priority) (seed=0, single run)=883ms, NDK+Thompson CG (Priority) (seed=0, single run)=1.1s, NDK+Thompson CG2 (Priority) (seed=0, single run)=883ms)

  Profile-view latency (per-author outbox query, top 3 write relays):
    Authors simulated: 864 | Hit rate: 99.3%
    TTFE: 1.2s median, 1.3s mean, 2.0s p95
    Relays/profile: 2.9 queried, 2.5 with events, 0.09 timeouts

  Feed vs profile-view TTFE comparison:
  Algorithm                        |  Feed TTFE |  Profile TTFE |    Delta
  ---------------------------------+------------+---------------+---------
  NDK+Thompson (Priority) (seed=0, single run) |      607ms |          1.2s |   +596ms
  NDK+Thompson CG (Priority) (seed=0, single run) |      841ms |          1.2s |   +362ms
  NDK+Thompson CG2 (Priority) (seed=0, single run) |      607ms |          1.2s |   +596ms

  Including partial-baseline authors (864 testable authors, 126,498 baseline events):

  Algorithm                        |   Evt Recall |   Auth Recall
  ---------------------------------+--------------+--------------
  NDK+Thompson (Priority) (seed=0, single run) |        23.4% |         79.7%
  NDK+Thompson CG (Priority) (seed=0, single run) |        17.1% |         81.5%
  NDK+Thompson CG2 (Priority) (seed=0, single run) |        22.4% |         80.6%

=== NIP-66 RTT vs Measured Latency (357 relays, data age: 55min) ===
                             N   Spearman r      MAE    Bias    Top5   Top10   Top20
------------------------  ----  -----------  -------  ------  ------  ------  ------
rttOpen vs connect         357        -0.02    657ms    1.0x    0.0%    0.0%    0.0%
rttRead vs query           302        -0.04     2.4s    7.6x    0.0%   20.0%   10.0%
(Bias = measured/nip66, >1 = NIP-66 underestimates. TopK = overlap of K fastest relays.)
Monitor: 9bbbb845e5b6..., b2c949c0fb79..., 9ba1d7892cd0..., 0b01aa38c2cc..., 9bb7cd94d7b6..., http-api..., 9b85d54cc4bc..., 45df0580711f..., 58faef87b342..., 9ba6484003e8...
[relay-scores] Updated scores for ndk-thompson: 29 relays, session 2
[relay-scores] Saved to .cache/relay_scores_04c915daefee3831_31536000_liveness_ndk-thompson.json

Thompson Sampling [ndk-thompson] learning state:
  Session: 2
  Relays with observations: 29
  Mean prior α: 40.6, β: 71.3
  Relays with strong preference (α>5): 14
  Relays learned to avoid (β>5): 19
[relay-scores-se] Relay wss://nostr.chaima.info: 2 contested obs (fallback dampening applied)
[relay-scores-se] Relay wss://relay.nostr.com.au: 1 contested obs (fallback dampening applied)
[relay-scores-se] Relay wss://relay.day.ag: 0 contested obs (fallback dampening applied)
[relay-scores-se] Relay wss://nostr.lopp.social: 1 contested obs (fallback dampening applied)
[relay-scores-se] Updated scores for ndk-thompson-cg: 20 relays, session 2
[relay-scores-se] Skipped 32 sole-source observations across 13 relays
[relay-scores-se] Force-included relays and scores: wss://relay.primal.net(E=0.320), wss://relay.ditto.pub(E=0.298), wss://relay.damus.io(E=0.369), wss://nostr.wine(E=0.330), wss://nos.lol(E=0.393), wss://premium.primal.net(E=0.354), wss://nostr.bitcoiner.social(E=0.414), wss://nostr.land(E=0.237), wss://nostr.chaima.info(E=0.873), wss://relay.nostr.com.au(E=0.349) (+3 more)
[relay-scores] Saved to .cache/relay_scores_04c915daefee3831_31536000_liveness_ndk-thompson-cg.json

Thompson Sampling [ndk-thompson-cg] learning state:
  Session: 2
  Relays with observations: 20
  Mean prior α: 56.9, β: 101.2
  Relays with strong preference (α>5): 10
  Relays learned to avoid (β>5): 13
[relay-scores-se] Relay wss://relay.ditto.pub: 1 contested obs (fallback dampening applied)
[relay-scores-se] Updated scores for ndk-thompson-cg2: 26 relays, session 2
[relay-scores-se] Skipped 28 sole-source observations across 9 relays
[relay-scores-se] Force-included relays and scores: wss://relay.primal.net(E=0.332), wss://relay.ditto.pub(E=0.571), wss://relay.damus.io(E=0.375), wss://nostr.wine(E=0.371), wss://nos.lol(E=0.405), wss://premium.primal.net(E=0.404), wss://nostr.bitcoiner.social(E=0.439), wss://nostr.land(E=0.222), wss://nostr.chaima.info(E=0.871)
[relay-scores] Saved to .cache/relay_scores_04c915daefee3831_31536000_liveness_ndk-thompson-cg2.json

Thompson Sampling [ndk-thompson-cg2] learning state:
  Session: 2
  Relays with observations: 26
  Mean prior α: 44.3, β: 78.2
  Relays with strong preference (α>5): 13
  Relays learned to avoid (β>5): 13

JSON results written to: results/04c915daefee3831_1773112839999.json
