[0m[32mTask[0m [0m[36mbench[0m deno run --allow-net --allow-read --allow-write main.ts "04c915daefee38317fa734444acee390a8269fe5810b2241e5e6dd343dfbecc9" "--algorithms" "ndk-thompson,ndk-thompson-cg,ndk-thompson-cg2" "--verify-window" "31536000" "--verify" "--verify-concurrency" "10" "--nip66-filter" "liveness" "--no-phase2-cache" "--fast" "--output" "both"
Target: 04c915daefee3831...
Seed: 0 | Filter: strict | Runs: 3
[fetch] Connecting to 3 indexer relays...
[fetch] wss://purplepag.es: connected (874ms)
[fetch] wss://relay.damus.io: connected (372ms)
[fetch] wss://nos.lol: connected (632ms)
[fetch] Fetching kind 3 (contact list) for 04c915da...
[fetch] 1790 follows to fetch relay lists for
[fetch] Fetched relay lists: 200/1790
[fetch] Fetched relay lists: 400/1790
[fetch] Fetched relay lists: 600/1790
[fetch] Fetched relay lists: 800/1790
[fetch] Fetched relay lists: 1000/1790
[fetch] Fetched relay lists: 1200/1790
[fetch] Fetched relay lists: 1400/1790
[fetch] Fetched relay lists: 1600/1790
[fetch] Received 1409 relay list events

=== Fetch Quality ===
Indexers: wss://purplepag.es (0 events, 874ms), wss://relay.damus.io (913 events, 372ms), wss://nos.lol (1405 events, 632ms)
Follows: 1790 | With relay list: 1376 (76.9%) | Missing: 414 (23.1%) | Filtered-to-empty: 33
Filter profile: strict | Filtered URLs: 645 (21 localhost, 92 insecure ws, 23 IP-only, 502 known-bad, 7 malformed)
Unique valid write relays: 1208 | Seed: 0
[nip66] Using cached monitor data (1156 relays)

=== NIP-66 Liveness Filter (liveness) ===
Monitor data: 1156 relays
Candidate relays: 1208
  Known alive: 444
  Unknown (removed): 764
  .onion preserved: 39
  Parse-failed preserved: 0
  Authors filtered to empty: 10
Relays after filter: 444
[relay-scores] Loaded 32 relay priors (session 3, from 2026-03-10T03:42:18.744Z)

Thompson Sampling [ndk-thompson]: loaded 32 relay priors (session 3)
[relay-scores] Loaded 20 relay priors (session 3, from 2026-03-10T03:42:18.767Z)

Thompson Sampling [ndk-thompson-cg]: loaded 20 relay priors (session 3)
[relay-scores] Loaded 29 relay priors (session 3, from 2026-03-10T03:42:18.782Z)

Thompson Sampling [ndk-thompson-cg2]: loaded 29 relay priors (session 3)
Coverage guarantee: 18 sole-source relays forced (20 maxConnections budget)
Coverage guarantee: 18 sole-source relays forced (20 maxConnections budget)
Coverage guarantee: 18 sole-source relays forced (20 maxConnections budget)
Coverage guarantee: 10 sole-source relays forced (capped at 10, 18 total sole-source) (20 maxConnections budget)
Coverage guarantee: 10 sole-source relays forced (capped at 10, 18 total sole-source) (20 maxConnections budget)
Coverage guarantee: 10 sole-source relays forced (capped at 10, 18 total sole-source) (20 maxConnections budget)

=== Regime A: Fixed 20 Connections ===
  Algorithm                      |  Relays |   Assign% |  Orphans |  Alg.Orph |  Avg/pk |   Gini |    HHI
  -------------------------------+---------+-----------+----------+-----------+---------+--------+-------
  NDK+Thompson (Priority)        |      20 |     74.7% (0.0sd) | 452.6666666666667 | 38.666666666666664 |     1.9 |   0.75 |  0.199
  NDK+Thompson (Priority)+CG     |      20 |     75.1% (0.0sd) | 445.6666666666667 | 31.666666666666668 |     1.9 |   0.75 |  0.199
  NDK+Thompson (Priority)+CG2    |      20 |     74.8% (0.0sd) | 451.3333333333333 | 37.333333333333336 |     1.9 |   0.76 |  0.207
Coverage guarantee: 18 sole-source relays forced (20 maxConnections budget)
Coverage guarantee: 10 sole-source relays forced (capped at 10, 18 total sole-source) (20 maxConnections budget)

=== Phase 2: Event Verification ===
Window: 31536000s | Kinds: 1 | Concurrency: 10
[baseline] Querying 444 relays for 1366 authors (window: 31536000s)
[pool] CLOSED from wss://creatr.nostr.wine: auth-required: please authenticate before sending REQs
[baseline] Progress: 50/444 relays queried
[pool] CLOSED from wss://relay.nosflare.com: auth-required: authentication required to subscribe
[pool] CLOSED from wss://relay.nsec.app: blocked: we only keep kind 24133 or 24135
[pool] CLOSED from wss://sendit.nosflare.com: restricted: this relay does not accept REQs
[pool] CLOSED from wss://inbox.nostr.wine: blocked: this relay does not store any of the kinds in this request
[pool] CLOSED from wss://aggr.nostr.land: auth-required: auth required for aggregator
[pool] CLOSED from wss://relay.getalby.com/v1: blocked: Request rejected
[baseline] Progress: 100/444 relays queried
[pool] CLOSED from wss://bitstack.app: auth-required: authentication required to subscribe
[pool] CLOSED from wss://auth.nostr1.com: auth-required: you must auth
[baseline] Progress: 150/444 relays queried
[pool] CLOSED from wss://greensoul.space: auth-required: only authenticated users can read from this relay
[baseline] Progress: 200/444 relays queried
[pool] CLOSED from wss://elites.nostrati.org: auth-required: you must auth
[pool] CLOSED from wss://nostr.rikmeijer.nl: max number of subscriptions per client (100) reached
[pool] CLOSED from wss://david.nostr1.com: auth-required: you must auth
[baseline] Progress: 250/444 relays queried
[pool] CLOSED from wss://podtards.com/chat: auth-required: all requests must be authenticated
[pool] CLOSED from wss://podtards.com/private: auth-required: all requests must be authenticated
[pool] CLOSED from wss://reedvpn.asuscomm.com: auth-required: authentication is required for access
[baseline] Progress: 300/444 relays queried
[pool] CLOSED from wss://pantry.zap.cooking: auth-required: please authenticate
[pool] CLOSED from wss://nortis.nostr1.com: auth-required: you must auth
[baseline] Progress: 350/444 relays queried
[pool] CLOSED from wss://nostr.dbtc.link: auth-required: NIP-42 auth required
[baseline] Progress: 400/444 relays queried
[pool] CLOSED from wss://groups.satsdisco.com: blocked: invalid query, must have 'h', 'e' or 'a' tag
[baseline] Progress: 444/444 relays queried
[phase2] Subscription timeouts (no EOSE): 41
[phase2] CLOSED messages received: 20
  wss://creatr.nostr.wine: auth-required: please authenticate before sending REQs
  wss://relay.nosflare.com: auth-required: authentication required to subscribe
  wss://relay.nsec.app: blocked: we only keep kind 24133 or 24135
  wss://sendit.nosflare.com: restricted: this relay does not accept REQs
  wss://inbox.nostr.wine: blocked: this relay does not store any of the kinds in this request
  wss://aggr.nostr.land: auth-required: auth required for aggregator
  wss://relay.getalby.com/v1: blocked: Request rejected
  wss://bitstack.app: auth-required: authentication required to subscribe
  wss://auth.nostr1.com: auth-required: you must auth
  wss://greensoul.space: auth-required: only authenticated users can read from this relay

=== Phase 2: Event Verification (365d window) ===
Baseline: 444 relays queried (70.0% success), 2.3min
  Timing: connect 762ms median (1.6s p95) | query 1.4s median (15.8s p95) | 41 timeouts (39 relays)
  Authors: 1,366 with relay data
    Testable (reliable): 866 | Testable (partial): 1 | Zero events: 493 | Unreliable: 6
  Baseline events: 126,504 (mean 145.9/author, median 20)
  Events per (relay,pubkey) capped at: 10000

  Headline metrics (866 testable-reliable authors, 126,435 baseline events):

  Algorithm                        |   Evt Recall |   Auth Recall |  Relay OK% |     TTFE |      p50 |      p80 | Timeouts
  ---------------------------------+--------------+---------------+------------+----------+----------+----------+---------
  NDK+Thompson (Priority) (seed=0, single run) |        26.6% |         82.4% |      90.0% |    928ms |     5.2s |    14.0s |        1
  NDK+Thompson CG (Priority) (seed=0, single run) |        20.6% |         82.8% |      90.0% |    997ms |     5.2s |    13.5s |        0
  NDK+Thompson CG2 (Priority) (seed=0, single run) |        25.4% |         82.6% |      95.0% |    926ms |     5.2s |    13.5s |        0

  Per-author recall distribution:
  Algorithm                        |   Median |  % at 0% |      p25 |      p75
  ---------------------------------+----------+----------+----------+---------
  NDK+Thompson (Priority) (seed=0, single run) |    59.9% |    17.6% |     5.1% |   100.0%
  NDK+Thompson CG (Priority) (seed=0, single run) |    57.9% |    17.2% |     4.8% |   100.0%
  NDK+Thompson CG2 (Priority) (seed=0, single run) |    61.9% |    17.4% |     5.1% |   100.0%

  Latency simulation (parallel relay query):
  Algorithm                        |     TTFE |      p50 |      p80 |      Max |   TO |   TO Tax |   Relays |   Events
  ---------------------------------+----------+----------+----------+----------+------+----------+----------+---------
  NDK+Thompson (Priority) (seed=0, single run) |    928ms |     5.2s |    14.0s |    20.0s |    1 |    15.0s | 16/19/20 |   65,767
  NDK+Thompson CG (Priority) (seed=0, single run) |    997ms |     5.2s |    13.5s |    20.0s |    0 |      0ms | 18/19/20 |   57,973
  NDK+Thompson CG2 (Priority) (seed=0, single run) |    926ms |     5.2s |    13.5s |    20.0s |    0 |      0ms | 17/19/20 |   68,114
  (Relays: with-events/connected/total | TO Tax: ceil(timeouts/concurrency) × EOSE timeout)

  Progressive completeness (% of recall achieved by time):
  Algorithm                        |      @1s |      @2s |      @5s |     @10s |     @15s
  ---------------------------------+----------+----------+----------+----------+---------
  NDK+Thompson (Priority) (seed=0, single run) |     0.0% |     1.3% |    30.5% |    40.9% |    76.3%
  NDK+Thompson CG (Priority) (seed=0, single run) |     0.0% |     1.8% |     7.1% |    23.4% |    70.8%
  NDK+Thompson CG2 (Priority) (seed=0, single run) |     0.0% |     0.4% |    23.6% |    34.8% |    74.6%

  EOSE-race simulation (stop after first EOSE + grace period):
  Algorithm                        |     +0ms |   +200ms |   +500ms |      +1s |      +2s
  ---------------------------------+----------+----------+----------+----------+---------
  NDK+Thompson (Priority) (seed=0, single run) |     0.5% |     0.5% |     1.3% |     1.3% |     3.6%
  NDK+Thompson CG (Priority) (seed=0, single run) |     0.8% |     1.8% |     1.8% |     1.8% |     4.7%
  NDK+Thompson CG2 (Priority) (seed=0, single run) |     0.4% |     0.4% |     0.4% |     0.4% |     6.1%
  (First EOSE: NDK+Thompson (Priority) (seed=0, single run)=1.2s, NDK+Thompson CG (Priority) (seed=0, single run)=1.2s, NDK+Thompson CG2 (Priority) (seed=0, single run)=1.0s)

  Profile-view latency (per-author outbox query, top 3 write relays):
    Authors simulated: 867 | Hit rate: 99.7%
    TTFE: 2.0s median, 2.3s mean, 4.0s p95
    Relays/profile: 2.9 queried, 2.6 with events, 0.11 timeouts

  Feed vs profile-view TTFE comparison:
  Algorithm                        |  Feed TTFE |  Profile TTFE |    Delta
  ---------------------------------+------------+---------------+---------
  NDK+Thompson (Priority) (seed=0, single run) |      928ms |          2.0s |    +1.1s
  NDK+Thompson CG (Priority) (seed=0, single run) |      997ms |          2.0s |    +1.0s
  NDK+Thompson CG2 (Priority) (seed=0, single run) |      926ms |          2.0s |    +1.1s

  Including partial-baseline authors (867 testable authors, 126,504 baseline events):

  Algorithm                        |   Evt Recall |   Auth Recall
  ---------------------------------+--------------+--------------
  NDK+Thompson (Priority) (seed=0, single run) |        26.6% |         82.4%
  NDK+Thompson CG (Priority) (seed=0, single run) |        20.6% |         82.7%
  NDK+Thompson CG2 (Priority) (seed=0, single run) |        25.4% |         82.5%

=== NIP-66 RTT vs Measured Latency (364 relays, data age: 26min) ===
                             N   Spearman r      MAE    Bias    Top5   Top10   Top20
------------------------  ----  -----------  -------  ------  ------  ------  ------
rttOpen vs connect         364         0.16    759ms    0.8x    0.0%   10.0%   15.0%
rttRead vs query           312         0.20     2.1s    9.3x    0.0%    0.0%   10.0%
(Bias = measured/nip66, >1 = NIP-66 underestimates. TopK = overlap of K fastest relays.)
Monitor: 9ba046db56b8..., 9bbbb845e5b6..., b2c949c0fb79..., 9ba1d7892cd0..., 0b01aa38c2cc..., 9bac3d58ef5a..., http-api..., 9ba6484003e8..., 9bb7cd94d7b6..., 45df0580711f..., 58faef87b342..., 9b85d54cc4bc...
[relay-scores] Updated scores for ndk-thompson: 37 relays, session 4
[relay-scores] Saved to .cache/relay_scores_04c915daefee3831_31536000_liveness_ndk-thompson.json

Thompson Sampling [ndk-thompson] learning state:
  Session: 4
  Relays with observations: 37
  Mean prior α: 58.4, β: 105.6
  Relays with strong preference (α>5): 16
  Relays learned to avoid (β>5): 21
[relay-scores-se] Relay wss://relay.ditto.pub: 2 contested obs (fallback dampening applied)
[relay-scores-se] Relay wss://relay.nostr.com.au: 1 contested obs (fallback dampening applied)
[relay-scores-se] Relay wss://relay.fountain.fm: 1 contested obs (fallback dampening applied)
[relay-scores-se] Relay wss://relay.day.ag: 0 contested obs (fallback dampening applied)
[relay-scores-se] Updated scores for ndk-thompson-cg: 22 relays, session 4
[relay-scores-se] Skipped 31 sole-source observations across 13 relays
[relay-scores-se] Force-included relays and scores: wss://relay.primal.net(E=0.347), wss://relay.ditto.pub(E=0.493), wss://relay.damus.io(E=0.246), wss://nostr.wine(E=0.362), wss://nos.lol(E=0.400), wss://premium.primal.net(E=0.391), wss://nostr.bitcoiner.social(E=0.458), wss://nostr.land(E=0.296), wss://nostr.chaima.info(E=0.922), wss://relay.nostr.com.au(E=0.390) (+3 more)
[relay-scores-se] Degrading relays (1): wss://nostr.lopp.social
[relay-scores] Saved to .cache/relay_scores_04c915daefee3831_31536000_liveness_ndk-thompson-cg.json

Thompson Sampling [ndk-thompson-cg] learning state:
  Session: 4
  Relays with observations: 22
  Mean prior α: 93.2, β: 176.1
  Relays with strong preference (α>5): 15
  Relays learned to avoid (β>5): 15
[relay-scores-se] Relay wss://nostr.chaima.info: 2 contested obs (fallback dampening applied)
[relay-scores-se] Updated scores for ndk-thompson-cg2: 29 relays, session 4
[relay-scores-se] Skipped 27 sole-source observations across 9 relays
[relay-scores-se] Force-included relays and scores: wss://relay.primal.net(E=0.358), wss://relay.ditto.pub(E=0.468), wss://relay.damus.io(E=0.251), wss://nostr.wine(E=0.375), wss://nos.lol(E=0.405), wss://premium.primal.net(E=0.398), wss://nostr.bitcoiner.social(E=0.473), wss://nostr.land(E=0.291), wss://nostr.chaima.info(E=0.923)
[relay-scores-se] Degrading relays (2): wss://relay.ditto.pub, wss://xmr.usenostr.org
[relay-scores] Saved to .cache/relay_scores_04c915daefee3831_31536000_liveness_ndk-thompson-cg2.json

Thompson Sampling [ndk-thompson-cg2] learning state:
  Session: 4
  Relays with observations: 29
  Mean prior α: 72.4, β: 133.2
  Relays with strong preference (α>5): 14
  Relays learned to avoid (β>5): 17

JSON results written to: results/04c915daefee3831_1773115390035.json
