[0m[32mTask[0m [0m[36mbench[0m deno run --allow-net --allow-read --allow-write main.ts "04c915daefee38317fa734444acee390a8269fe5810b2241e5e6dd343dfbecc9" "--algorithms" "ndk-thompson,ndk-thompson-cg,ndk-thompson-cg2" "--verify-window" "31536000" "--verify" "--verify-concurrency" "10" "--nip66-filter" "liveness" "--no-phase2-cache" "--fast" "--output" "both"
Target: 04c915daefee3831...
Seed: 0 | Filter: strict | Runs: 3
Using cached data (fetched 2026-03-10T04:00:50.982Z)

=== Fetch Quality ===
Indexers: wss://purplepag.es (0 events, 874ms), wss://relay.damus.io (913 events, 372ms), wss://nos.lol (1405 events, 632ms)
Follows: 1790 | With relay list: 1376 (76.9%) | Missing: 414 (23.1%) | Filtered-to-empty: 33
Filter profile: strict | Filtered URLs: 645 (21 localhost, 92 insecure ws, 23 IP-only, 502 known-bad, 7 malformed)
Unique valid write relays: 1208 | Seed: 0
[nip66] Using cached monitor data (1156 relays)

=== NIP-66 Liveness Filter (liveness) ===
Monitor data: 1156 relays
Candidate relays: 1208
  Known alive: 444
  Unknown (removed): 764
  .onion preserved: 39
  Parse-failed preserved: 0
  Authors filtered to empty: 10
Relays after filter: 444
[relay-scores] Loaded 37 relay priors (session 4, from 2026-03-10T04:03:09.958Z)

Thompson Sampling [ndk-thompson]: loaded 37 relay priors (session 4)
[relay-scores] Loaded 22 relay priors (session 4, from 2026-03-10T04:03:10.014Z)

Thompson Sampling [ndk-thompson-cg]: loaded 22 relay priors (session 4)
[relay-scores] Loaded 29 relay priors (session 4, from 2026-03-10T04:03:10.023Z)

Thompson Sampling [ndk-thompson-cg2]: loaded 29 relay priors (session 4)
Coverage guarantee: 18 sole-source relays forced (20 maxConnections budget)
Coverage guarantee: 18 sole-source relays forced (20 maxConnections budget)
Coverage guarantee: 18 sole-source relays forced (20 maxConnections budget)
Coverage guarantee: 10 sole-source relays forced (capped at 10, 18 total sole-source) (20 maxConnections budget)
Coverage guarantee: 10 sole-source relays forced (capped at 10, 18 total sole-source) (20 maxConnections budget)
Coverage guarantee: 10 sole-source relays forced (capped at 10, 18 total sole-source) (20 maxConnections budget)

=== Regime A: Fixed 20 Connections ===
  Algorithm                      |  Relays |   Assign% |  Orphans |  Alg.Orph |  Avg/pk |   Gini |    HHI
  -------------------------------+---------+-----------+----------+-----------+---------+--------+-------
  NDK+Thompson (Priority)        |      20 |     74.7% (0.0sd) | 452.3333333333333 | 38.333333333333336 |     1.9 |   0.75 |  0.200
  NDK+Thompson (Priority)+CG     |      20 |     75.2% (0.0sd) | 444.6666666666667 | 30.666666666666668 |     1.9 |   0.76 |  0.202
  NDK+Thompson (Priority)+CG2    |      20 |     74.8% (0.0sd) | 451.3333333333333 | 37.333333333333336 |     1.9 |   0.76 |  0.209
Coverage guarantee: 18 sole-source relays forced (20 maxConnections budget)
Coverage guarantee: 10 sole-source relays forced (capped at 10, 18 total sole-source) (20 maxConnections budget)

=== Phase 2: Event Verification ===
Window: 31536000s | Kinds: 1 | Concurrency: 10
[baseline] Querying 444 relays for 1366 authors (window: 31536000s)
[baseline] Progress: 50/444 relays queried
[pool] CLOSED from wss://relay.nosflare.com: auth-required: authentication required to subscribe
[pool] CLOSED from wss://relay.nsec.app: blocked: we only keep kind 24133 or 24135
[pool] CLOSED from wss://sendit.nosflare.com: restricted: this relay does not accept REQs
[pool] CLOSED from wss://inbox.nostr.wine: blocked: this relay does not store any of the kinds in this request
[pool] CLOSED from wss://aggr.nostr.land: auth-required: auth required for aggregator
[pool] CLOSED from wss://relay.getalby.com/v1: blocked: Request rejected
[baseline] Progress: 100/444 relays queried
[pool] CLOSED from wss://bitstack.app: auth-required: authentication required to subscribe
[pool] CLOSED from wss://auth.nostr1.com: auth-required: you must auth
[baseline] Progress: 150/444 relays queried
[pool] CLOSED from wss://hole.v0l.io: error: queries not allowed
[pool] CLOSED from wss://impromptu.relays.land: auth-required: all requests must be authenticated
[pool] CLOSED from wss://greensoul.space: auth-required: only authenticated users can read from this relay
[baseline] Progress: 200/444 relays queried
[pool] CLOSED from wss://elites.nostrati.org: auth-required: you must auth
[pool] CLOSED from wss://nostr.rikmeijer.nl: max number of subscriptions per client (100) reached
[pool] CLOSED from wss://david.nostr1.com: auth-required: you must auth
[baseline] Progress: 250/444 relays queried
[pool] CLOSED from wss://podtards.com/chat: auth-required: all requests must be authenticated
[pool] CLOSED from wss://podtards.com/private: auth-required: all requests must be authenticated
[pool] CLOSED from wss://reedvpn.asuscomm.com: auth-required: authentication is required for access
[pool] CLOSED from wss://relay.shawnyeager.com/chat: auth-required: all requests must be authenticated
[baseline] Progress: 300/444 relays queried
[pool] CLOSED from wss://pantry.zap.cooking: auth-required: please authenticate
[pool] CLOSED from wss://nortis.nostr1.com: auth-required: you must auth
[baseline] Progress: 350/444 relays queried
[pool] CLOSED from wss://nostr.dbtc.link: auth-required: NIP-42 auth required
[baseline] Progress: 400/444 relays queried
[pool] CLOSED from wss://groups.satsdisco.com: blocked: invalid query, must have 'h', 'e' or 'a' tag
[pool] CLOSED from wss://wot.azzamo.net: rate-limited: there is a bug in the client, no one should be making so many requests
[baseline] Progress: 444/444 relays queried
[phase2] Subscription timeouts (no EOSE): 42
[phase2] CLOSED messages received: 23
  wss://relay.nosflare.com: auth-required: authentication required to subscribe
  wss://relay.nsec.app: blocked: we only keep kind 24133 or 24135
  wss://sendit.nosflare.com: restricted: this relay does not accept REQs
  wss://inbox.nostr.wine: blocked: this relay does not store any of the kinds in this request
  wss://aggr.nostr.land: auth-required: auth required for aggregator
  wss://relay.getalby.com/v1: blocked: Request rejected
  wss://bitstack.app: auth-required: authentication required to subscribe
  wss://auth.nostr1.com: auth-required: you must auth
  wss://hole.v0l.io: error: queries not allowed
  wss://impromptu.relays.land: auth-required: all requests must be authenticated

=== Phase 2: Event Verification (365d window) ===
Baseline: 444 relays queried (60.1% success), 1.9min
  Timing: connect 703ms median (1.5s p95) | query 1.2s median (15.8s p95) | 42 timeouts (42 relays)
  Authors: 1,366 with relay data
    Testable (reliable): 88 | Testable (partial): 286 | Zero events: 42 | Unreliable: 950
  Baseline events: 88,741 (mean 237.3/author, median 58)
  Events per (relay,pubkey) capped at: 10000

  Headline metrics (88 testable-reliable authors, 21,958 baseline events):

  Algorithm                        |   Evt Recall |   Auth Recall |  Relay OK% |     TTFE |      p50 |      p80 | Timeouts
  ---------------------------------+--------------+---------------+------------+----------+----------+----------+---------
  NDK+Thompson (Priority) (seed=0, single run) |         3.3% |         13.6% |      40.0% |     1.1s |     2.2s |     4.7s |        1
  NDK+Thompson CG (Priority) (seed=0, single run) |         5.9% |         21.6% |      45.0% |     1.2s |     2.1s |     3.5s |        0
  NDK+Thompson CG2 (Priority) (seed=0, single run) |         1.5% |         13.6% |      35.0% |     1.2s |     2.2s |     3.9s |        0

  Per-author recall distribution:
  Algorithm                        |   Median |  % at 0% |      p25 |      p75
  ---------------------------------+----------+----------+----------+---------
  NDK+Thompson (Priority) (seed=0, single run) |     0.0% |    86.4% |     0.0% |     0.0%
  NDK+Thompson CG (Priority) (seed=0, single run) |     0.0% |    78.4% |     0.0% |     0.0%
  NDK+Thompson CG2 (Priority) (seed=0, single run) |     0.0% |    86.4% |     0.0% |     0.0%

  Latency simulation (parallel relay query):
  Algorithm                        |     TTFE |      p50 |      p80 |      Max |   TO |   TO Tax |   Relays |   Events
  ---------------------------------+----------+----------+----------+----------+------+----------+----------+---------
  NDK+Thompson (Priority) (seed=0, single run) |     1.1s |     2.2s |     4.7s |    16.5s |    1 |    15.0s |   6/9/20 |    2,381
  NDK+Thompson CG (Priority) (seed=0, single run) |     1.2s |     2.1s |     3.5s |     6.0s |    0 |      0ms |  9/10/20 |    4,251
  NDK+Thompson CG2 (Priority) (seed=0, single run) |     1.2s |     2.2s |     3.9s |     4.7s |    0 |      0ms |   6/7/20 |    3,251
  (Relays: with-events/connected/total | TO Tax: ceil(timeouts/concurrency) × EOSE timeout)

  Progressive completeness (% of recall achieved by time):
  Algorithm                        |      @1s |      @2s |      @5s |     @10s |     @15s
  ---------------------------------+----------+----------+----------+----------+---------
  NDK+Thompson (Priority) (seed=0, single run) |     0.0% |    48.0% |    62.8% |    86.1% |    86.1%
  NDK+Thompson CG (Priority) (seed=0, single run) |     0.0% |    20.7% |    98.1% |   100.0% |   100.0%
  NDK+Thompson CG2 (Priority) (seed=0, single run) |     0.0% |    17.9% |   100.0% |   100.0% |   100.0%

  EOSE-race simulation (stop after first EOSE + grace period):
  Algorithm                        |     +0ms |   +200ms |   +500ms |      +1s |      +2s
  ---------------------------------+----------+----------+----------+----------+---------
  NDK+Thompson (Priority) (seed=0, single run) |     6.8% |    29.4% |    48.0% |    62.8% |    62.8%
  NDK+Thompson CG (Priority) (seed=0, single run) |     6.5% |     6.5% |    20.7% |    55.1% |    74.3%
  NDK+Thompson CG2 (Priority) (seed=0, single run) |     6.8% |     6.8% |    17.9% |    41.2% |    41.2%
  (First EOSE: NDK+Thompson (Priority) (seed=0, single run)=1.3s, NDK+Thompson CG (Priority) (seed=0, single run)=1.3s, NDK+Thompson CG2 (Priority) (seed=0, single run)=1.3s)

  Profile-view latency (per-author outbox query, top 3 write relays):
    Authors simulated: 374 | Hit rate: 61.8%
    TTFE: 1.7s median, 1.9s mean, 3.7s p95
    Relays/profile: 2.9 queried, 0.7 with events, 0.05 timeouts

  Feed vs profile-view TTFE comparison:
  Algorithm                        |  Feed TTFE |  Profile TTFE |    Delta
  ---------------------------------+------------+---------------+---------
  NDK+Thompson (Priority) (seed=0, single run) |       1.1s |          1.7s |   +524ms
  NDK+Thompson CG (Priority) (seed=0, single run) |       1.2s |          1.7s |   +491ms
  NDK+Thompson CG2 (Priority) (seed=0, single run) |       1.2s |          1.7s |   +491ms

  Including partial-baseline authors (374 testable authors, 88,741 baseline events):

  Algorithm                        |   Evt Recall |   Auth Recall
  ---------------------------------+--------------+--------------
  NDK+Thompson (Priority) (seed=0, single run) |         2.1% |          9.6%
  NDK+Thompson CG (Priority) (seed=0, single run) |         2.2% |          8.0%
  NDK+Thompson CG2 (Priority) (seed=0, single run) |         2.1% |          5.3%

=== NIP-66 RTT vs Measured Latency (326 relays, data age: 43min) ===
                             N   Spearman r      MAE    Bias    Top5   Top10   Top20
------------------------  ----  -----------  -------  ------  ------  ------  ------
rttOpen vs connect         326         0.30    706ms    0.7x    0.0%   10.0%   10.0%
rttRead vs query           269         0.26     1.4s    8.6x    0.0%   10.0%   10.0%
(Bias = measured/nip66, >1 = NIP-66 underestimates. TopK = overlap of K fastest relays.)
Monitor: 9ba046db56b8..., b2c949c0fb79..., 9bbbb845e5b6..., http-api..., 9ba6484003e8..., 9bb7cd94d7b6..., 9ba1d7892cd0..., 9bac3d58ef5a..., 58faef87b342..., 45df0580711f..., 9b85d54cc4bc...
[relay-scores] Updated scores for ndk-thompson: 39 relays, session 5
[relay-scores] Degrading relays (2): wss://nostr.land, wss://theforest.nostr1.com
[relay-scores] Saved to .cache/relay_scores_04c915daefee3831_31536000_liveness_ndk-thompson.json

Thompson Sampling [ndk-thompson] learning state:
  Session: 5
  Relays with observations: 39
  Mean prior α: 53.4, β: 111.6
  Relays with strong preference (α>5): 17
  Relays learned to avoid (β>5): 23
[relay-scores-se] Relay wss://relay.nostr.com.au: 1 contested obs (fallback dampening applied)
[relay-scores-se] Relay wss://relay.fountain.fm: 2 contested obs (fallback dampening applied)
[relay-scores-se] Relay wss://nostr.lopp.social: 1 contested obs (fallback dampening applied)
[relay-scores-se] Updated scores for ndk-thompson-cg: 23 relays, session 5
[relay-scores-se] Skipped 10 sole-source observations across 6 relays
[relay-scores-se] Force-included relays and scores: wss://relay.ditto.pub(E=0.551), wss://nostr.chaima.info(E=0.933), wss://relay.nostr.com.au(E=0.472), wss://relay.fountain.fm(E=0.318), wss://spatia-arcana.com(E=0.699), wss://nostr.lopp.social(E=0.481)
[relay-scores-se] Degrading relays (2): wss://relay.day.ag, wss://nostr.lopp.social
[relay-scores] Saved to .cache/relay_scores_04c915daefee3831_31536000_liveness_ndk-thompson-cg.json

Thompson Sampling [ndk-thompson-cg] learning state:
  Session: 5
  Relays with observations: 23
  Mean prior α: 85.6, β: 188.2
  Relays with strong preference (α>5): 15
  Relays learned to avoid (β>5): 16
[relay-scores-se] Relay wss://nostr.chaima.info: 2 contested obs (fallback dampening applied)
[relay-scores-se] Updated scores for ndk-thompson-cg2: 29 relays, session 5
[relay-scores-se] Skipped 6 sole-source observations across 2 relays
[relay-scores-se] Force-included relays and scores: wss://relay.ditto.pub(E=0.517), wss://nostr.chaima.info(E=0.935)
[relay-scores-se] Degrading relays (3): wss://nostr.oxtr.dev, wss://relay.nostrplebs.com, wss://theforest.nostr1.com
[relay-scores] Saved to .cache/relay_scores_04c915daefee3831_31536000_liveness_ndk-thompson-cg2.json

Thompson Sampling [ndk-thompson-cg2] learning state:
  Session: 5
  Relays with observations: 29
  Mean prior α: 69.2, β: 149.1
  Relays with strong preference (α>5): 14
  Relays learned to avoid (β>5): 17

JSON results written to: results/04c915daefee3831_1773116423067.json
