[0m[32mTask[0m [0m[36mbench[0m deno run --allow-net --allow-read --allow-write main.ts "2c65940725bbf10b452197fba41c6cb14afd41e28e0be22aab49bf246b0c84e3" "--algorithms" "ndk-thompson,ndk-thompson-cg,ndk-thompson-cg2" "--verify-window" "31536000" "--verify" "--verify-concurrency" "10" "--nip66-filter" "liveness" "--no-phase2-cache" "--fast" "--output" "both"
Target: 2c65940725bbf10b...
Seed: 0 | Filter: strict | Runs: 3
Using cached data (fetched 2026-03-10T03:02:27.377Z)

=== Fetch Quality ===
Indexers: wss://purplepag.es (2748 events, 908ms), wss://relay.damus.io (1361 events, 498ms), wss://nos.lol (2179 events, 829ms)
Follows: 2747 | With relay list: 2153 (78.4%) | Missing: 594 (21.6%) | Filtered-to-empty: 43
Filter profile: strict | Filtered URLs: 1093 (43 localhost, 158 insecure ws, 71 IP-only, 815 known-bad, 6 malformed)
Unique valid write relays: 1623 | Seed: 0
[nip66] Using cached monitor data (1156 relays)

=== NIP-66 Liveness Filter (liveness) ===
Monitor data: 1156 relays
Candidate relays: 1623
  Known alive: 564
  Unknown (removed): 1059
  .onion preserved: 57
  Parse-failed preserved: 0
  Authors filtered to empty: 12
Relays after filter: 564
[relay-scores] Loaded 30 relay priors (session 2, from 2026-03-10T03:28:00.802Z)

Thompson Sampling [ndk-thompson]: loaded 30 relay priors (session 2)
[relay-scores] Loaded 29 relay priors (session 2, from 2026-03-10T03:28:00.839Z)

Thompson Sampling [ndk-thompson-cg]: loaded 29 relay priors (session 2)
[relay-scores] Loaded 25 relay priors (session 2, from 2026-03-10T03:28:00.853Z)

Thompson Sampling [ndk-thompson-cg2]: loaded 25 relay priors (session 2)
Coverage guarantee: 30 sole-source relays forced (20 maxConnections budget)
Coverage guarantee: 30 sole-source relays forced (20 maxConnections budget)
Coverage guarantee: 30 sole-source relays forced (20 maxConnections budget)
Coverage guarantee: 10 sole-source relays forced (capped at 10, 30 total sole-source) (20 maxConnections budget)
Coverage guarantee: 10 sole-source relays forced (capped at 10, 30 total sole-source) (20 maxConnections budget)
Coverage guarantee: 10 sole-source relays forced (capped at 10, 30 total sole-source) (20 maxConnections budget)

=== Regime A: Fixed 20 Connections ===
  Algorithm                      |  Relays |   Assign% |  Orphans |  Alg.Orph |  Avg/pk |   Gini |    HHI
  -------------------------------+---------+-----------+----------+-----------+---------+--------+-------
  NDK+Thompson (Priority)        |      20 |     75.9% (0.0sd) |      662 |        68 |     1.8 |   0.80 |  0.263
  NDK+Thompson (Priority)+CG     |      30 |     77.5% (0.0sd) |      619 |        25 |     1.9 |   0.83 |  0.219
  NDK+Thompson (Priority)+CG2    |      20 |     76.7% (0.0sd) |      639 |        45 |     1.9 |   0.77 |  0.229
Coverage guarantee: 30 sole-source relays forced (20 maxConnections budget)
Coverage guarantee: 10 sole-source relays forced (capped at 10, 30 total sole-source) (20 maxConnections budget)

=== Phase 2: Event Verification ===
Window: 31536000s | Kinds: 1 | Concurrency: 10
[baseline] Querying 564 relays for 2141 authors (window: 31536000s)
[pool] CLOSED from wss://relay.getalby.com/v1: blocked: Request rejected
[pool] CLOSED from wss://relay.getalby.com/v1: blocked: Request rejected
[baseline] Progress: 50/564 relays queried
[pool] CLOSED from wss://relay.nsec.app: blocked: we only keep kind 24133 or 24135
[pool] CLOSED from wss://sendit.nosflare.com: restricted: this relay does not accept REQs
[pool] CLOSED from wss://aggr.nostr.land: auth-required: auth required for aggregator
[pool] CLOSED from wss://relay.nosflare.com: auth-required: authentication required to subscribe
[baseline] Progress: 100/564 relays queried
[pool] CLOSED from wss://podtards.com/chat: auth-required: all requests must be authenticated
[pool] CLOSED from wss://podtards.com/private: auth-required: all requests must be authenticated
[pool] CLOSED from wss://meta.bitcoinwalk.org: auth-required: authentication is required for access
[pool] CLOSED from wss://pantry.zap.cooking: auth-required: please authenticate
[pool] CLOSED from wss://creatr.nostr.wine: auth-required: please authenticate before sending REQs
[baseline] Progress: 150/564 relays queried
[pool] CLOSED from wss://greensoul.space: auth-required: only authenticated users can read from this relay
[pool] CLOSED from wss://elites.nostrati.org: auth-required: you must auth
[baseline] Progress: 200/564 relays queried
[pool] CLOSED from wss://auth.nostr1.com: auth-required: you must auth
[pool] CLOSED from wss://impromptu.relays.land: auth-required: all requests must be authenticated
[baseline] Progress: 250/564 relays queried
[pool] CLOSED from wss://relay.groups.nip29.com: blocked: invalid query, must have 'h', 'e' or 'a' tag
[pool] CLOSED from wss://relay.usefusion.ai: restricted: only kind 4 (DM) queries are allowed
[baseline] Progress: 300/564 relays queried
[pool] CLOSED from wss://groups.fiatjaf.com: blocked: invalid query, must have 'h', 'e' or 'a' tag
[pool] CLOSED from wss://bitstack.app: auth-required: authentication required to subscribe
[baseline] Progress: 350/564 relays queried
[pool] CLOSED from wss://aplaceinthesun.nostr1.com: auth-required: you must auth
[pool] CLOSED from wss://nortis.nostr1.com: auth-required: you must auth
[pool] CLOSED from wss://meta.spaces.coracle.social: auth-required: authentication is required for access
[pool] CLOSED from wss://soapbox.chat: auth-required: authentication is required for access
[baseline] Progress: 400/564 relays queried
[pool] CLOSED from wss://david.nostr1.com: auth-required: you must auth
[pool] CLOSED from wss://relay29.notoshi.win: blocked: invalid query, must have 'h', 'e' or 'a' tag
[pool] CLOSED from wss://jingle.nostrver.se: auth-required: take a selfie and send it to the CIA
[pool] CLOSED from wss://bostr.erechorse.com: auth-required: authentication is required to perform this action.
[baseline] Progress: 450/564 relays queried
[pool] CLOSED from wss://personal.relays.land: auth-required: all requests must be authenticated
[baseline] Progress: 500/564 relays queried
[pool] CLOSED from wss://nostr.rikmeijer.nl: max number of subscriptions per client (100) reached
[pool] CLOSED from wss://internal.coracle.social: auth-required: authentication is required for access
[pool] CLOSED from wss://relay.shawnyeager.com/chat: auth-required: all requests must be authenticated
[baseline] Progress: 550/564 relays queried
[baseline] Progress: 564/564 relays queried
[phase2] Subscription timeouts (no EOSE): 52
[phase2] CLOSED messages received: 31
  wss://relay.getalby.com/v1: blocked: Request rejected
  wss://relay.getalby.com/v1: blocked: Request rejected
  wss://relay.nsec.app: blocked: we only keep kind 24133 or 24135
  wss://sendit.nosflare.com: restricted: this relay does not accept REQs
  wss://aggr.nostr.land: auth-required: auth required for aggregator
  wss://relay.nosflare.com: auth-required: authentication required to subscribe
  wss://podtards.com/chat: auth-required: all requests must be authenticated
  wss://podtards.com/private: auth-required: all requests must be authenticated
  wss://meta.bitcoinwalk.org: auth-required: authentication is required for access
  wss://pantry.zap.cooking: auth-required: please authenticate

=== Phase 2: Event Verification (365d window) ===
Baseline: 564 relays queried (70.0% success), 2.7min
  Timing: connect 724ms median (1.2s p95) | query 1.2s median (15.7s p95) | 52 timeouts (46 relays)
  Authors: 2,141 with relay data
    Testable (reliable): 1261 | Testable (partial): 3 | Zero events: 867 | Unreliable: 10
  Baseline events: 158,055 (mean 125.0/author, median 21)
  Events per (relay,pubkey) capped at: 10000

  Headline metrics (1261 testable-reliable authors, 157,817 baseline events):

  Algorithm                        |   Evt Recall |   Auth Recall |  Relay OK% |     TTFE |      p50 |      p80 | Timeouts
  ---------------------------------+--------------+---------------+------------+----------+----------+----------+---------
  NDK+Thompson (Priority) (seed=0, single run) |        28.2% |         80.8% |      90.0% |    849ms |     3.4s |     6.8s |        0
  NDK+Thompson CG (Priority) (seed=0, single run) |        26.0% |         83.1% |      83.3% |    849ms |     4.0s |     7.3s |        2
  NDK+Thompson CG2 (Priority) (seed=0, single run) |        21.0% |         82.2% |      95.0% |    849ms |     5.2s |     7.3s |        1

  Per-author recall distribution:
  Algorithm                        |   Median |  % at 0% |      p25 |      p75
  ---------------------------------+----------+----------+----------+---------
  NDK+Thompson (Priority) (seed=0, single run) |    54.5% |    19.2% |     3.4% |   100.0%
  NDK+Thompson CG (Priority) (seed=0, single run) |    66.5% |    16.9% |     5.9% |   100.0%
  NDK+Thompson CG2 (Priority) (seed=0, single run) |    60.0% |    17.8% |     5.2% |   100.0%

  Latency simulation (parallel relay query):
  Algorithm                        |     TTFE |      p50 |      p80 |      Max |   TO |   TO Tax |   Relays |   Events
  ---------------------------------+----------+----------+----------+----------+------+----------+----------+---------
  NDK+Thompson (Priority) (seed=0, single run) |    849ms |     3.4s |     6.8s |    15.7s |    0 |      0ms | 18/18/20 |   94,070
  NDK+Thompson CG (Priority) (seed=0, single run) |    849ms |     4.0s |     7.3s |    59.7s |    2 |    15.0s | 24/26/30 |  111,212
  NDK+Thompson CG2 (Priority) (seed=0, single run) |    849ms |     5.2s |     7.3s |    59.7s |    1 |    15.0s | 19/19/20 |   92,081
  (Relays: with-events/connected/total | TO Tax: ceil(timeouts/concurrency) × EOSE timeout)

  Progressive completeness (% of recall achieved by time):
  Algorithm                        |      @1s |      @2s |      @5s |     @10s |     @15s
  ---------------------------------+----------+----------+----------+----------+---------
  NDK+Thompson (Priority) (seed=0, single run) |     0.0% |     1.4% |    43.7% |    85.5% |    91.5%
  NDK+Thompson CG (Priority) (seed=0, single run) |     0.0% |     1.3% |    43.2% |    83.6% |    91.9%
  NDK+Thompson CG2 (Priority) (seed=0, single run) |     0.0% |     2.9% |    15.9% |    81.7% |    88.7%

  EOSE-race simulation (stop after first EOSE + grace period):
  Algorithm                        |     +0ms |   +200ms |   +500ms |      +1s |      +2s
  ---------------------------------+----------+----------+----------+----------+---------
  NDK+Thompson (Priority) (seed=0, single run) |     0.6% |     0.6% |     0.6% |     1.4% |     3.6%
  NDK+Thompson CG (Priority) (seed=0, single run) |     0.0% |     0.0% |     0.6% |     1.3% |     5.0%
  NDK+Thompson CG2 (Priority) (seed=0, single run) |     0.8% |     1.5% |     1.5% |     2.9% |     4.0%
  (First EOSE: NDK+Thompson (Priority) (seed=0, single run)=1.3s, NDK+Thompson CG (Priority) (seed=0, single run)=977ms, NDK+Thompson CG2 (Priority) (seed=0, single run)=1.3s)

  Profile-view latency (per-author outbox query, top 3 write relays):
    Authors simulated: 1264 | Hit rate: 99.8%
    TTFE: 1.1s median, 1.4s mean, 2.2s p95
    Relays/profile: 2.8 queried, 2.6 with events, 0.12 timeouts

  Feed vs profile-view TTFE comparison:
  Algorithm                        |  Feed TTFE |  Profile TTFE |    Delta
  ---------------------------------+------------+---------------+---------
  NDK+Thompson (Priority) (seed=0, single run) |      849ms |          1.1s |   +288ms
  NDK+Thompson CG (Priority) (seed=0, single run) |      849ms |          1.1s |   +288ms
  NDK+Thompson CG2 (Priority) (seed=0, single run) |      849ms |          1.1s |   +288ms

  Including partial-baseline authors (1264 testable authors, 158,055 baseline events):

  Algorithm                        |   Evt Recall |   Auth Recall
  ---------------------------------+--------------+--------------
  NDK+Thompson (Priority) (seed=0, single run) |        28.3% |         80.8%
  NDK+Thompson CG (Priority) (seed=0, single run) |        26.0% |         83.1%
  NDK+Thompson CG2 (Priority) (seed=0, single run) |        21.1% |         82.1%

=== NIP-66 RTT vs Measured Latency (463 relays, data age: 12min) ===
                             N   Spearman r      MAE    Bias    Top5   Top10   Top20
------------------------  ----  -----------  -------  ------  ------  ------  ------
rttOpen vs connect         463         0.31    690ms    0.8x    0.0%    0.0%   15.0%
rttRead vs query           395         0.28     1.6s    9.1x    0.0%    0.0%    5.0%
(Bias = measured/nip66, >1 = NIP-66 underestimates. TopK = overlap of K fastest relays.)
Monitor: b2c949c0fb79..., 9bbbb845e5b6..., 9ba046db56b8..., 9bac3d58ef5a..., 0b01aa38c2cc..., http-api..., 58faef87b342..., 9ba1d7892cd0..., 9bb7cd94d7b6..., 9b85d54cc4bc..., 9ba6484003e8..., 9ba0ce3dcc28..., 45df0580711f...
[relay-scores] Updated scores for ndk-thompson: 35 relays, session 3
[relay-scores] Saved to .cache/relay_scores_2c65940725bbf10b_31536000_liveness_ndk-thompson.json

Thompson Sampling [ndk-thompson] learning state:
  Session: 3
  Relays with observations: 35
  Mean prior α: 76.8, β: 112.2
  Relays with strong preference (α>5): 19
  Relays learned to avoid (β>5): 23
[relay-scores-se] Relay wss://relay.ditto.pub: 0 contested obs (fallback dampening applied)
[relay-scores-se] Relay wss://relay.fountain.fm: 2 contested obs (fallback dampening applied)
[relay-scores-se] Relay wss://nostr.sovransystems.com: 0 contested obs (fallback dampening applied)
[relay-scores-se] Relay wss://relay.nostr.com.au: 2 contested obs (fallback dampening applied)
[relay-scores-se] Relay wss://relay.day.ag: 0 contested obs (fallback dampening applied)
[relay-scores-se] Updated scores for ndk-thompson-cg: 31 relays, session 3
[relay-scores-se] Skipped 57 sole-source observations across 17 relays
[relay-scores-se] Force-included relays and scores: wss://relay.primal.net(E=0.393), wss://relay.ditto.pub(E=0.687), wss://nos.lol(E=0.440), wss://relay.damus.io(E=0.417), wss://premium.primal.net(E=0.427), wss://nostr.wine(E=0.323), wss://relay.fountain.fm(E=0.317), wss://nostr.sovransystems.com(E=0.870), wss://nostr.mom(E=0.437), wss://nostr.bitcoiner.social(E=0.503) (+7 more)
[relay-scores-se] Degrading relays (2): wss://relay.utxo.one, wss://ribo.eu.nostria.app
[relay-scores] Saved to .cache/relay_scores_2c65940725bbf10b_31536000_liveness_ndk-thompson-cg.json

Thompson Sampling [ndk-thompson-cg] learning state:
  Session: 3
  Relays with observations: 31
  Mean prior α: 89.9, β: 125.2
  Relays with strong preference (α>5): 17
  Relays learned to avoid (β>5): 21
[relay-scores-se] Relay wss://relay.fountain.fm: 1 contested obs (fallback dampening applied)
[relay-scores-se] Relay wss://nostr.sovransystems.com: 0 contested obs (fallback dampening applied)
[relay-scores-se] Updated scores for ndk-thompson-cg2: 27 relays, session 3
[relay-scores-se] Skipped 51 sole-source observations across 11 relays
[relay-scores-se] Force-included relays and scores: wss://relay.primal.net(E=0.395), wss://relay.ditto.pub(E=0.421), wss://nos.lol(E=0.441), wss://relay.damus.io(E=0.414), wss://premium.primal.net(E=0.434), wss://nostr.wine(E=0.324), wss://relay.fountain.fm(E=0.235), wss://nostr.sovransystems.com(E=0.870), wss://nostr.mom(E=0.414), wss://nostr.bitcoiner.social(E=0.506) (+1 more)
[relay-scores] Saved to .cache/relay_scores_2c65940725bbf10b_31536000_liveness_ndk-thompson-cg2.json

Thompson Sampling [ndk-thompson-cg2] learning state:
  Session: 3
  Relays with observations: 27
  Mean prior α: 98.4, β: 146.2
  Relays with strong preference (α>5): 16
  Relays learned to avoid (β>5): 19

JSON results written to: results/2c65940725bbf10b_1773114528912.json
