[0m[32mTask[0m [0m[36mbench[0m deno run --allow-net --allow-read --allow-write main.ts "2c65940725bbf10b452197fba41c6cb14afd41e28e0be22aab49bf246b0c84e3" "--algorithms" "ndk-thompson,ndk-thompson-cg,ndk-thompson-cg2" "--verify-window" "31536000" "--verify" "--verify-concurrency" "10" "--nip66-filter" "liveness" "--no-phase2-cache" "--fast" "--output" "both"
Target: 2c65940725bbf10b...
Seed: 0 | Filter: strict | Runs: 3
Using cached data (fetched 2026-03-10T03:02:27.377Z)

=== Fetch Quality ===
Indexers: wss://purplepag.es (2748 events, 908ms), wss://relay.damus.io (1361 events, 498ms), wss://nos.lol (2179 events, 829ms)
Follows: 2747 | With relay list: 2153 (78.4%) | Missing: 594 (21.6%) | Filtered-to-empty: 43
Filter profile: strict | Filtered URLs: 1093 (43 localhost, 158 insecure ws, 71 IP-only, 815 known-bad, 6 malformed)
Unique valid write relays: 1623 | Seed: 0
[nip66] Using cached monitor data (1707 relays)

=== NIP-66 Liveness Filter (liveness) ===
Monitor data: 1707 relays
Candidate relays: 1623
  Known alive: 799
  Unknown (removed): 824
  .onion preserved: 55
  Parse-failed preserved: 0
  Authors filtered to empty: 11
Relays after filter: 799
[relay-scores] Loaded 20 relay priors (session 1, from 2026-03-10T03:06:45.996Z)

Thompson Sampling [ndk-thompson]: loaded 20 relay priors (session 1)
[relay-scores] Loaded 29 relay priors (session 1, from 2026-03-10T03:06:46.020Z)

Thompson Sampling [ndk-thompson-cg]: loaded 29 relay priors (session 1)
[relay-scores] Loaded 20 relay priors (session 1, from 2026-03-10T03:06:46.028Z)

Thompson Sampling [ndk-thompson-cg2]: loaded 20 relay priors (session 1)
Coverage guarantee: 29 sole-source relays forced (20 maxConnections budget)
Coverage guarantee: 29 sole-source relays forced (20 maxConnections budget)
Coverage guarantee: 29 sole-source relays forced (20 maxConnections budget)
Coverage guarantee: 10 sole-source relays forced (capped at 10, 29 total sole-source) (20 maxConnections budget)
Coverage guarantee: 10 sole-source relays forced (capped at 10, 29 total sole-source) (20 maxConnections budget)
Coverage guarantee: 10 sole-source relays forced (capped at 10, 29 total sole-source) (20 maxConnections budget)

=== Regime A: Fixed 20 Connections ===
  Algorithm                      |  Relays |   Assign% |  Orphans |  Alg.Orph |  Avg/pk |   Gini |    HHI
  -------------------------------+---------+-----------+----------+-----------+---------+--------+-------
  NDK+Thompson (Priority)        |      20 |     75.1% (0.0sd) | 683.6666666666666 | 89.66666666666667 |     1.8 |   0.75 |  0.215
  NDK+Thompson (Priority)+CG     |      29 |     77.4% (0.0sd) |      620 |        26 |     1.9 |   0.82 |  0.207
  NDK+Thompson (Priority)+CG2    |      20 |     76.5% (0.0sd) | 644.3333333333334 | 50.333333333333336 |     1.9 |   0.77 |  0.223
Coverage guarantee: 29 sole-source relays forced (20 maxConnections budget)
Coverage guarantee: 10 sole-source relays forced (capped at 10, 29 total sole-source) (20 maxConnections budget)

=== Phase 2: Event Verification ===
Window: 31536000s | Kinds: 1 | Concurrency: 10
[baseline] Querying 799 relays for 2142 authors (window: 31536000s)
[pool] CLOSED from wss://relay.getalby.com/v1: blocked: Request rejected
[pool] CLOSED from wss://relay.getalby.com/v1: blocked: Request rejected
[baseline] Progress: 50/799 relays queried
[pool] CLOSED from wss://relay.nsec.app: blocked: we only keep kind 24133 or 24135
[pool] CLOSED from wss://sendit.nosflare.com: restricted: this relay does not accept REQs
[baseline] Progress: 100/799 relays queried
[pool] CLOSED from wss://aggr.nostr.land: auth-required: auth required for aggregator
[pool] CLOSED from wss://relay.nosflare.com: auth-required: authentication required to subscribe
[pool] CLOSED from wss://podtards.com/chat: auth-required: all requests must be authenticated
[pool] CLOSED from wss://podtards.com/private: auth-required: all requests must be authenticated
[baseline] Progress: 150/799 relays queried
[pool] CLOSED from wss://meta.bitcoinwalk.org: auth-required: authentication is required for access
[pool] CLOSED from wss://pantry.zap.cooking: auth-required: please authenticate
[pool] CLOSED from wss://creatr.nostr.wine: auth-required: please authenticate before sending REQs
[pool] CLOSED from wss://greensoul.space: auth-required: only authenticated users can read from this relay
[baseline] Progress: 200/799 relays queried
[pool] CLOSED from wss://elites.nostrati.org: auth-required: you must auth
[baseline] Progress: 250/799 relays queried
[pool] CLOSED from wss://inbox.nostr.wine: blocked: this relay does not store any of the kinds in this request
[pool] CLOSED from wss://nostr.dbtc.link: auth-required: NIP-42 auth required
[pool] CLOSED from wss://auth.nostr1.com: auth-required: you must auth
[pool] CLOSED from wss://impromptu.relays.land: auth-required: all requests must be authenticated
[baseline] Progress: 300/799 relays queried
[pool] CLOSED from wss://wot.azzamo.net: rate-limited: there is a bug in the client, no one should be making so many requests
[baseline] Progress: 350/799 relays queried
[pool] CLOSED from wss://relay.groups.nip29.com: blocked: invalid query, must have 'h', 'e' or 'a' tag
[pool] CLOSED from wss://relay.usefusion.ai: restricted: only kind 4 (DM) queries are allowed
[baseline] Progress: 400/799 relays queried
[pool] CLOSED from wss://groups.fiatjaf.com: blocked: invalid query, must have 'h', 'e' or 'a' tag
[pool] CLOSED from wss://bitstack.app: auth-required: authentication required to subscribe
[baseline] Progress: 450/799 relays queried
[pool] CLOSED from wss://aplaceinthesun.nostr1.com: auth-required: you must auth
[baseline] Progress: 500/799 relays queried
[pool] CLOSED from wss://nortis.nostr1.com: auth-required: you must auth
[pool] CLOSED from wss://meta.spaces.coracle.social: auth-required: authentication is required for access
[pool] CLOSED from wss://soapbox.chat: auth-required: authentication is required for access
[baseline] Progress: 550/799 relays queried
[pool] CLOSED from wss://david.nostr1.com: auth-required: you must auth
[pool] CLOSED from wss://relay29.notoshi.win: blocked: invalid query, must have 'h', 'e' or 'a' tag
[baseline] Progress: 600/799 relays queried
[pool] CLOSED from wss://jingle.nostrver.se: auth-required: take a selfie and send it to the CIA
[pool] CLOSED from wss://bostr.erechorse.com: auth-required: authentication is required to perform this action.
[baseline] Progress: 650/799 relays queried
[baseline] Progress: 700/799 relays queried
[pool] CLOSED from wss://personal.relays.land: auth-required: all requests must be authenticated
[pool] CLOSED from wss://nostr.rikmeijer.nl: max number of subscriptions per client (100) reached
[pool] CLOSED from wss://internal.coracle.social: auth-required: authentication is required for access
[pool] CLOSED from wss://relay.shawnyeager.com/chat: auth-required: all requests must be authenticated
[baseline] Progress: 750/799 relays queried
[baseline] Progress: 799/799 relays queried
[phase2] Subscription timeouts (no EOSE): 51
[phase2] CLOSED messages received: 34
  wss://relay.getalby.com/v1: blocked: Request rejected
  wss://relay.getalby.com/v1: blocked: Request rejected
  wss://relay.nsec.app: blocked: we only keep kind 24133 or 24135
  wss://sendit.nosflare.com: restricted: this relay does not accept REQs
  wss://aggr.nostr.land: auth-required: auth required for aggregator
  wss://relay.nosflare.com: auth-required: authentication required to subscribe
  wss://podtards.com/chat: auth-required: all requests must be authenticated
  wss://podtards.com/private: auth-required: all requests must be authenticated
  wss://meta.bitcoinwalk.org: auth-required: authentication is required for access
  wss://pantry.zap.cooking: auth-required: please authenticate

=== Phase 2: Event Verification (365d window) ===
Baseline: 799 relays queried (50.4% success), 3.5min
  Timing: connect 744ms median (1.4s p95) | query 1.3s median (15.8s p95) | 51 timeouts (47 relays)
  Authors: 2,142 with relay data
    Testable (reliable): 1250 | Testable (partial): 16 | Zero events: 821 | Unreliable: 55
  Baseline events: 158,312 (mean 125.0/author, median 21)
  Events per (relay,pubkey) capped at: 10000

  Headline metrics (1250 testable-reliable authors, 157,349 baseline events):

  Algorithm                        |   Evt Recall |   Auth Recall |  Relay OK% |     TTFE |      p50 |      p80 | Timeouts
  ---------------------------------+--------------+---------------+------------+----------+----------+----------+---------
  NDK+Thompson (Priority) (seed=0, single run) |        21.0% |         77.2% |      85.0% |    909ms |     6.3s |    16.4s |        1
  NDK+Thompson CG (Priority) (seed=0, single run) |        30.7% |         83.4% |      86.2% |    850ms |     4.1s |    14.5s |        1
  NDK+Thompson CG2 (Priority) (seed=0, single run) |        20.5% |         81.0% |      90.0% |    919ms |     8.6s |    16.4s |        1

  Per-author recall distribution:
  Algorithm                        |   Median |  % at 0% |      p25 |      p75
  ---------------------------------+----------+----------+----------+---------
  NDK+Thompson (Priority) (seed=0, single run) |    45.5% |    22.8% |     1.2% |   100.0%
  NDK+Thompson CG (Priority) (seed=0, single run) |    63.4% |    16.6% |     7.1% |   100.0%
  NDK+Thompson CG2 (Priority) (seed=0, single run) |    50.0% |    19.0% |     3.8% |   100.0%

  Latency simulation (parallel relay query):
  Algorithm                        |     TTFE |      p50 |      p80 |      Max |   TO |   TO Tax |   Relays |   Events
  ---------------------------------+----------+----------+----------+----------+------+----------+----------+---------
  NDK+Thompson (Priority) (seed=0, single run) |    909ms |     6.3s |    16.4s |    90.9s |    1 |    15.0s | 16/18/20 |   75,605
  NDK+Thompson CG (Priority) (seed=0, single run) |    850ms |     4.1s |    14.5s |    34.4s |    1 |    15.0s | 24/25/29 |  109,458
  NDK+Thompson CG2 (Priority) (seed=0, single run) |    919ms |     8.6s |    16.4s |    90.9s |    1 |    15.0s | 18/19/20 |   82,050
  (Relays: with-events/connected/total | TO Tax: ceil(timeouts/concurrency) × EOSE timeout)

  Progressive completeness (% of recall achieved by time):
  Algorithm                        |      @1s |      @2s |      @5s |     @10s |     @15s
  ---------------------------------+----------+----------+----------+----------+---------
  NDK+Thompson (Priority) (seed=0, single run) |     0.0% |     1.9% |    16.2% |    40.7% |    48.3%
  NDK+Thompson CG (Priority) (seed=0, single run) |     0.0% |     1.3% |    47.5% |    58.0% |    68.2%
  NDK+Thompson CG2 (Priority) (seed=0, single run) |     0.0% |     2.6% |     7.3% |    18.6% |    44.3%

  EOSE-race simulation (stop after first EOSE + grace period):
  Algorithm                        |     +0ms |   +200ms |   +500ms |      +1s |      +2s
  ---------------------------------+----------+----------+----------+----------+---------
  NDK+Thompson (Priority) (seed=0, single run) |     0.0% |     0.8% |     0.8% |     5.4% |    10.9%
  NDK+Thompson CG (Priority) (seed=0, single run) |     0.0% |     0.0% |     0.0% |     1.3% |     1.8%
  NDK+Thompson CG2 (Priority) (seed=0, single run) |     0.4% |     1.2% |     1.2% |     2.6% |     7.1%
  (First EOSE: NDK+Thompson (Priority) (seed=0, single run)=1.1s, NDK+Thompson CG (Priority) (seed=0, single run)=922ms, NDK+Thompson CG2 (Priority) (seed=0, single run)=1.1s)

  Profile-view latency (per-author outbox query, top 3 write relays):
    Authors simulated: 1266 | Hit rate: 99.1%
    TTFE: 1.8s median, 1.7s mean, 2.3s p95
    Relays/profile: 2.9 queried, 2.5 with events, 0.09 timeouts

  Feed vs profile-view TTFE comparison:
  Algorithm                        |  Feed TTFE |  Profile TTFE |    Delta
  ---------------------------------+------------+---------------+---------
  NDK+Thompson (Priority) (seed=0, single run) |      909ms |          1.8s |   +919ms
  NDK+Thompson CG (Priority) (seed=0, single run) |      850ms |          1.8s |   +978ms
  NDK+Thompson CG2 (Priority) (seed=0, single run) |      919ms |          1.8s |   +909ms

  Including partial-baseline authors (1266 testable authors, 158,312 baseline events):

  Algorithm                        |   Evt Recall |   Auth Recall
  ---------------------------------+--------------+--------------
  NDK+Thompson (Priority) (seed=0, single run) |        21.2% |         77.3%
  NDK+Thompson CG (Priority) (seed=0, single run) |        30.8% |         83.4%
  NDK+Thompson CG2 (Priority) (seed=0, single run) |        20.6% |         81.0%

=== NIP-66 RTT vs Measured Latency (472 relays, data age: 63min) ===
                             N   Spearman r      MAE    Bias    Top5   Top10   Top20
------------------------  ----  -----------  -------  ------  ------  ------  ------
rttOpen vs connect         472         0.00    540ms    0.9x    0.0%    0.0%    0.0%
rttRead vs query           398        -0.06     2.0s    7.6x    0.0%   10.0%   20.0%
(Bias = measured/nip66, >1 = NIP-66 underestimates. TopK = overlap of K fastest relays.)
Monitor: b2c949c0fb79..., 9bbbb845e5b6..., 9ba1d7892cd0..., 9bb7cd94d7b6..., 0b01aa38c2cc..., http-api..., 45df0580711f..., 9ba6484003e8..., 58faef87b342..., 9b85d54cc4bc..., 9ba046db56b8...
[relay-scores] Updated scores for ndk-thompson: 30 relays, session 2
[relay-scores] Saved to .cache/relay_scores_2c65940725bbf10b_31536000_liveness_ndk-thompson.json

Thompson Sampling [ndk-thompson] learning state:
  Session: 2
  Relays with observations: 30
  Mean prior α: 59.5, β: 91.9
  Relays with strong preference (α>5): 18
  Relays learned to avoid (β>5): 20
[relay-scores-se] Relay wss://relay.fountain.fm: 2 contested obs (fallback dampening applied)
[relay-scores-se] Relay wss://nostr.sovransystems.com: 0 contested obs (fallback dampening applied)
[relay-scores-se] Relay wss://ribo.eu.nostria.app: 0 contested obs (fallback dampening applied)
[relay-scores-se] Relay wss://nostr.data.haus: 2 contested obs (fallback dampening applied)
[relay-scores-se] Relay wss://relay.day.ag: 0 contested obs (fallback dampening applied)
[relay-scores-se] Updated scores for ndk-thompson-cg: 29 relays, session 2
[relay-scores-se] Skipped 50 sole-source observations across 17 relays
[relay-scores-se] Force-included relays and scores: wss://relay.ditto.pub(E=0.239), wss://relay.primal.net(E=0.389), wss://nos.lol(E=0.441), wss://relay.damus.io(E=0.410), wss://premium.primal.net(E=0.417), wss://nostr.wine(E=0.303), wss://relay.fountain.fm(E=0.248), wss://nostr.sovransystems.com(E=0.831), wss://nostr.mom(E=0.426), wss://nostr.bitcoiner.social(E=0.488) (+7 more)
[relay-scores] Saved to .cache/relay_scores_2c65940725bbf10b_31536000_liveness_ndk-thompson-cg.json

Thompson Sampling [ndk-thompson-cg] learning state:
  Session: 2
  Relays with observations: 29
  Mean prior α: 64.2, β: 94.0
  Relays with strong preference (α>5): 13
  Relays learned to avoid (β>5): 19
[relay-scores-se] Relay wss://relay.ditto.pub: 0 contested obs (fallback dampening applied)
[relay-scores-se] Relay wss://relay.fountain.fm: 1 contested obs (fallback dampening applied)
[relay-scores-se] Relay wss://nostr.sovransystems.com: 0 contested obs (fallback dampening applied)
[relay-scores-se] Updated scores for ndk-thompson-cg2: 25 relays, session 2
[relay-scores-se] Skipped 42 sole-source observations across 9 relays
[relay-scores-se] Force-included relays and scores: wss://relay.ditto.pub(E=0.739), wss://relay.primal.net(E=0.393), wss://nos.lol(E=0.439), wss://relay.damus.io(E=0.409), wss://premium.primal.net(E=0.437), wss://nostr.wine(E=0.302), wss://relay.fountain.fm(E=0.191), wss://nostr.sovransystems.com(E=0.831), wss://nostr.mom(E=0.418)
[relay-scores] Saved to .cache/relay_scores_2c65940725bbf10b_31536000_liveness_ndk-thompson-cg2.json

Thompson Sampling [ndk-thompson-cg2] learning state:
  Session: 2
  Relays with observations: 25
  Mean prior α: 70.8, β: 111.1
  Relays with strong preference (α>5): 14
  Relays learned to avoid (β>5): 16

JSON results written to: results/2c65940725bbf10b_1773113280864.json
