[0m[32mTask[0m [0m[36mbench[0m deno run --allow-net --allow-read --allow-write main.ts "3bf0c63fcb93463407af97a5e5ee64fa883d107ef9e558472c4eb9aaaefa459d" "--algorithms" "ditto-mew,ditto-outbox" "--verify" "--verify-window" "31536000" "--verify-concurrency" "10" "--no-phase2-cache" "--fast" "--output" "both"
Target: 3bf0c63fcb934634...
Seed: 0 | Filter: strict | Runs: 3
Using cached data (fetched 2026-03-08T00:00:49.954Z)

=== Fetch Quality ===
Indexers: wss://purplepag.es (197 events, 1094ms), wss://relay.damus.io (0 events, 580ms, errors: WebSocket error: NetworkError: failed to connect to WebSocket: Invalid status code 400 Bad Request), wss://nos.lol (154 events, 744ms)
Follows: 196 | With relay list: 150 (76.5%) | Missing: 46 (23.5%) | Filtered-to-empty: 3
Filter profile: strict | Filtered URLs: 34 (2 localhost, 3 insecure ws, 29 known-bad)
Unique valid write relays: 235 | Seed: 0

=== Regime A: Fixed 20 Connections ===
  Algorithm                      |  Relays |   Assign% |  Orphans |  Alg.Orph |  Avg/pk |   Gini |    HHI
  -------------------------------+---------+-----------+----------+-----------+---------+--------+-------
  Ditto-Mew (4 app relays)       |       4 |    100.0% |        0 |       -46 |     4.0 |   0.00 |  0.250
  Ditto+Outbox Thompson (cap@20) |      20 |    100.0% (0.0sd) |        0 |       -46 |     4.9 |   0.66 |  0.168

=== Phase 2: Event Verification ===
Window: 31536000s | Kinds: 1 | Concurrency: 10
[baseline] Querying 235 relays for 150 authors (window: 31536000s)
[pool] CLOSED from wss://creatr.nostr.wine: auth-required: please authenticate before sending REQs
[pool] CLOSED from wss://filter.nostr.wine/npub1qqqqqqqrxtrcx8vut2vlrqa0c2qn5mmf59hdmflkls8dsyg9vmnqsclxwk: auth-required: please authenticate before sending REQs
[baseline] Progress: 50/235 relays queried
[pool] CLOSED from wss://sendit.nosflare.com: restricted: this relay does not accept REQs
[baseline] Progress: 100/235 relays queried
[pool] CLOSED from wss://filter.nostr.wine/npub19mun7qwdyjf7qs3456u8kyxncjn5u2n7klpu4utgy68k4aenzj6synjnft: auth-required: please authenticate before sending REQs
[pool] CLOSED from wss://aggr.nostr.land: auth-required: auth required for aggregator
[pool] CLOSED from wss://inbox.nostr.wine: blocked: this relay does not store any of the kinds in this request
[pool] CLOSED from wss://relay.getalby.com/v1: blocked: Request rejected
[baseline] Progress: 150/235 relays queried
[pool] CLOSED from wss://hole.v0l.io: error: queries not allowed
[pool] CLOSED from wss://relay.danieldaquino.me/private: auth-required: this query requires you to be authenticated
[pool] CLOSED from wss://filter.nostr.wine/npub14yzxejghthz6ghae8gkgjru63vvvwpl6d454wud2hycqpqwnugdqcutuw5: auth-required: please authenticate before sending REQs
[baseline] Progress: 200/235 relays queried
[baseline] Progress: 235/235 relays queried
[phase2] Subscription timeouts (no EOSE): 5
[phase2] CLOSED messages received: 10
  wss://creatr.nostr.wine: auth-required: please authenticate before sending REQs
  wss://filter.nostr.wine/npub1qqqqqqqrxtrcx8vut2vlrqa0c2qn5mmf59hdmflkls8dsyg9vmnqsclxwk: auth-required: please authenticate before sending REQs
  wss://sendit.nosflare.com: restricted: this relay does not accept REQs
  wss://filter.nostr.wine/npub19mun7qwdyjf7qs3456u8kyxncjn5u2n7klpu4utgy68k4aenzj6synjnft: auth-required: please authenticate before sending REQs
  wss://aggr.nostr.land: auth-required: auth required for aggregator
  wss://inbox.nostr.wine: blocked: this relay does not store any of the kinds in this request
  wss://relay.getalby.com/v1: blocked: Request rejected
  wss://hole.v0l.io: error: queries not allowed
  wss://relay.danieldaquino.me/private: auth-required: this query requires you to be authenticated
  wss://filter.nostr.wine/npub14yzxejghthz6ghae8gkgjru63vvvwpl6d454wud2hycqpqwnugdqcutuw5: auth-required: please authenticate before sending REQs

=== Phase 2: Event Verification (365d window) ===
Baseline: 235 relays queried (42.6% success), 49s
  Timing: connect 717ms median (1.4s p95) | query 1.3s median (10.9s p95) | 5 timeouts (5 relays)
  Authors: 150 with relay data
    Testable (reliable): 100 | Testable (partial): 9 | Zero events: 31 | Unreliable: 10
  Baseline events: 25,644 (mean 235.3/author, median 59)
  Events per (relay,pubkey) capped at: 10000

  Headline metrics (100 testable-reliable authors, 24,959 baseline events):

  Algorithm                        |   Evt Recall |   Auth Recall |  Relay OK% |     TTFE |      p50 |      p80 | Timeouts
  ---------------------------------+--------------+---------------+------------+----------+----------+----------+---------
  Ditto-Mew (4 app relays)         |         9.9% |         68.0% |     100.0% |    702ms |     2.1s |     2.7s |        0
  Ditto+Outbox Thompson (seed=0, single run) |        15.2% |         81.0% |      60.0% |    702ms |     2.0s |     2.7s |        0

  Per-author recall distribution:
  Algorithm                        |   Median |  % at 0% |      p25 |      p75
  ---------------------------------+----------+----------+----------+---------
  Ditto-Mew (4 app relays)         |     6.0% |    32.0% |     0.0% |    57.1%
  Ditto+Outbox Thompson (seed=0, single run) |    17.8% |    19.0% |     1.0% |   100.0%

  Latency simulation (parallel relay query):
  Algorithm                        |     TTFE |      p50 |      p80 |      Max |   TO |   TO Tax |   Relays |   Events
  ---------------------------------+----------+----------+----------+----------+------+----------+----------+---------
  Ditto-Mew (4 app relays)         |    702ms |     2.1s |     2.7s |     2.9s |    0 |      0ms |    4/4/4 |    3,857
  Ditto+Outbox Thompson (seed=0, single run) |    702ms |     2.0s |     2.7s |     3.5s |    0 |      0ms | 12/12/20 |    8,828
  (Relays: with-events/connected/total | TO Tax: ceil(timeouts/concurrency) × EOSE timeout)

  Progressive completeness (% of recall achieved by time):
  Algorithm                        |      @1s |      @2s |      @5s |     @10s |     @15s
  ---------------------------------+----------+----------+----------+----------+---------
  Ditto-Mew (4 app relays)         |     0.0% |    78.5% |   100.0% |   100.0% |   100.0%
  Ditto+Outbox Thompson (seed=0, single run) |     0.0% |    81.4% |   100.0% |   100.0% |   100.0%

  EOSE-race simulation (stop after first EOSE + grace period):
  Algorithm                        |     +0ms |   +200ms |   +500ms |      +1s |      +2s
  ---------------------------------+----------+----------+----------+----------+---------
  Ditto-Mew (4 app relays)         |    58.9% |    78.5% |    78.5% |    78.5% |   100.0%
  Ditto+Outbox Thompson (seed=0, single run) |     0.5% |    12.9% |    63.6% |    81.4% |    96.7%
  (First EOSE: Ditto-Mew (4 app relays)=1.4s, Ditto+Outbox Thompson (seed=0, single run)=1.1s)

  Profile-view latency (per-author outbox query, top 3 write relays):
    Authors simulated: 109 | Hit rate: 97.2%
    TTFE: 1.0s median, 1.1s mean, 2.1s p95
    Relays/profile: 2.9 queried, 2.1 with events, 0.03 timeouts

  Feed vs profile-view TTFE comparison:
  Algorithm                        |  Feed TTFE |  Profile TTFE |    Delta
  ---------------------------------+------------+---------------+---------
  Ditto-Mew (4 app relays)         |      702ms |          1.0s |   +338ms
  Ditto+Outbox Thompson (seed=0, single run) |      702ms |          1.0s |   +338ms

  Including partial-baseline authors (109 testable authors, 25,644 baseline events):

  Algorithm                        |   Evt Recall |   Auth Recall
  ---------------------------------+--------------+--------------
  Ditto-Mew (4 app relays)         |         9.9% |         67.0%
  Ditto+Outbox Thompson (seed=0, single run) |        15.5% |         78.9%

JSON results written to: results/3bf0c63fcb934634_1772931176724.json
