[0m[32mTask[0m [0m[36mbench[0m deno run --allow-net --allow-read --allow-write main.ts "3bf0c63fcb93463407af97a5e5ee64fa883d107ef9e558472c4eb9aaaefa459d" "--algorithms" "ditto-mew,ditto-outbox" "--verify" "--verify-window" "31536000" "--verify-concurrency" "10" "--no-phase2-cache" "--fast" "--output" "both"
Target: 3bf0c63fcb934634...
Seed: 0 | Filter: strict | Runs: 3
[fetch] Connecting to 3 indexer relays...
[fetch] wss://purplepag.es: connected (1094ms)
[fetch] wss://relay.damus.io: WebSocket error: NetworkError: failed to connect to WebSocket: Invalid status code 400 Bad Request
[fetch] wss://nos.lol: connected (744ms)
[fetch] Fetching kind 3 (contact list) for 3bf0c63f...
[fetch] 196 follows to fetch relay lists for
[fetch] Received 153 relay list events

=== Fetch Quality ===
Indexers: wss://purplepag.es (197 events, 1094ms), wss://relay.damus.io (0 events, 580ms, errors: WebSocket error: NetworkError: failed to connect to WebSocket: Invalid status code 400 Bad Request), wss://nos.lol (154 events, 744ms)
Follows: 196 | With relay list: 150 (76.5%) | Missing: 46 (23.5%) | Filtered-to-empty: 3
Filter profile: strict | Filtered URLs: 34 (2 localhost, 3 insecure ws, 29 known-bad)
Unique valid write relays: 235 | Seed: 0

=== Regime A: Fixed 20 Connections ===
  Algorithm                      |  Relays |   Assign% |  Orphans |  Alg.Orph |  Avg/pk |   Gini |    HHI
  -------------------------------+---------+-----------+----------+-----------+---------+--------+-------
  Ditto-Mew (4 app relays)       |       4 |    100.0% |        0 |       -46 |     4.0 |   0.00 |  0.250
  Ditto+Outbox Thompson (cap@20) |      20 |    100.0% (0.0sd) |        0 |       -46 |     4.9 |   0.66 |  0.168

=== Phase 2: Event Verification ===
Window: 31536000s | Kinds: 1 | Concurrency: 10
[baseline] Querying 235 relays for 150 authors (window: 31536000s)
[pool] CLOSED from wss://creatr.nostr.wine: auth-required: please authenticate before sending REQs
[pool] CLOSED from wss://filter.nostr.wine/npub1qqqqqqqrxtrcx8vut2vlrqa0c2qn5mmf59hdmflkls8dsyg9vmnqsclxwk: auth-required: please authenticate before sending REQs
[pool] CLOSED from wss://greensoul.space: auth-required: only authenticated users can read from this relay
[pool] CLOSED from wss://relay.nosflare.com: auth-required: authentication required to subscribe
[baseline] Progress: 50/235 relays queried
[pool] CLOSED from wss://sendit.nosflare.com: restricted: this relay does not accept REQs
[baseline] Progress: 100/235 relays queried
[pool] CLOSED from wss://filter.nostr.wine/npub19mun7qwdyjf7qs3456u8kyxncjn5u2n7klpu4utgy68k4aenzj6synjnft: auth-required: please authenticate before sending REQs
[pool] CLOSED from wss://aggr.nostr.land: auth-required: auth required for aggregator
[pool] CLOSED from wss://inbox.nostr.wine: blocked: this relay does not store any of the kinds in this request
[pool] CLOSED from wss://relay.getalby.com/v1: blocked: Request rejected
[baseline] Progress: 150/235 relays queried
[pool] CLOSED from wss://hole.v0l.io: error: queries not allowed
[pool] CLOSED from wss://filter.nostr.wine/npub1s5yq6wadwrxde4lhfs56gn64hwzuhnfa6r9mj476r5s4hkunzgzqrs6q7z: auth-required: please authenticate before sending REQs
[pool] CLOSED from wss://relay.danieldaquino.me/chat: blocked: you must be in the web of trust to chat with the relay owner
[pool] CLOSED from wss://relay.danieldaquino.me/private: auth-required: this query requires you to be authenticated
[pool] CLOSED from wss://filter.nostr.wine/npub14yzxejghthz6ghae8gkgjru63vvvwpl6d454wud2hycqpqwnugdqcutuw5: auth-required: please authenticate before sending REQs
[baseline] Progress: 200/235 relays queried
[baseline] Progress: 235/235 relays queried
[phase2] Subscription timeouts (no EOSE): 6
[phase2] CLOSED messages received: 14
  wss://creatr.nostr.wine: auth-required: please authenticate before sending REQs
  wss://filter.nostr.wine/npub1qqqqqqqrxtrcx8vut2vlrqa0c2qn5mmf59hdmflkls8dsyg9vmnqsclxwk: auth-required: please authenticate before sending REQs
  wss://greensoul.space: auth-required: only authenticated users can read from this relay
  wss://relay.nosflare.com: auth-required: authentication required to subscribe
  wss://sendit.nosflare.com: restricted: this relay does not accept REQs
  wss://filter.nostr.wine/npub19mun7qwdyjf7qs3456u8kyxncjn5u2n7klpu4utgy68k4aenzj6synjnft: auth-required: please authenticate before sending REQs
  wss://aggr.nostr.land: auth-required: auth required for aggregator
  wss://inbox.nostr.wine: blocked: this relay does not store any of the kinds in this request
  wss://relay.getalby.com/v1: blocked: Request rejected
  wss://hole.v0l.io: error: queries not allowed

=== Phase 2: Event Verification (365d window) ===
Baseline: 235 relays queried (52.8% success), 54s
  Timing: connect 697ms median (1.2s p95) | query 1.2s median (4.5s p95) | 6 timeouts (7 relays)
  Authors: 150 with relay data
    Testable (reliable): 111 | Testable (partial): 7 | Zero events: 26 | Unreliable: 6
  Baseline events: 39,071 (mean 331.1/author, median 63)
  Events per (relay,pubkey) capped at: 10000

  Headline metrics (111 testable-reliable authors, 38,727 baseline events):

  Algorithm                        |   Evt Recall |   Auth Recall |  Relay OK% |     TTFE |      p50 |      p80 | Timeouts
  ---------------------------------+--------------+---------------+------------+----------+----------+----------+---------
  Ditto-Mew (4 app relays)         |         5.6% |         56.8% |      75.0% |    498ms |     2.5s |     3.5s |        1
  Ditto+Outbox Thompson (seed=0, single run) |        11.5% |         81.1% |      80.0% |    498ms |     2.1s |     2.4s |        1

  Per-author recall distribution:
  Algorithm                        |   Median |  % at 0% |      p25 |      p75
  ---------------------------------+----------+----------+----------+---------
  Ditto-Mew (4 app relays)         |     2.2% |    43.2% |     0.0% |    22.8%
  Ditto+Outbox Thompson (seed=0, single run) |    16.7% |    18.9% |     1.8% |   100.0%

  Latency simulation (parallel relay query):
  Algorithm                        |     TTFE |      p50 |      p80 |      Max |   TO |   TO Tax |   Relays |   Events
  ---------------------------------+----------+----------+----------+----------+------+----------+----------+---------
  Ditto-Mew (4 app relays)         |    498ms |     2.5s |     3.5s |    31.2s |    1 |    15.0s |    3/4/4 |    2,850
  Ditto+Outbox Thompson (seed=0, single run) |    498ms |     2.1s |     2.4s |    31.2s |    1 |    15.0s | 16/17/20 |   10,821
  (Relays: with-events/connected/total | TO Tax: ceil(timeouts/concurrency) × EOSE timeout)

  Progressive completeness (% of recall achieved by time):
  Algorithm                        |      @1s |      @2s |      @5s |     @10s |     @15s
  ---------------------------------+----------+----------+----------+----------+---------
  Ditto-Mew (4 app relays)         |     0.0% |    91.8% |   100.0% |   100.0% |   100.0%
  Ditto+Outbox Thompson (seed=0, single run) |     6.6% |    65.3% |   100.0% |   100.0% |   100.0%

  EOSE-race simulation (stop after first EOSE + grace period):
  Algorithm                        |     +0ms |   +200ms |   +500ms |      +1s |      +2s
  ---------------------------------+----------+----------+----------+----------+---------
  Ditto-Mew (4 app relays)         |    68.9% |    68.9% |    91.8% |    91.8% |    91.8%
  Ditto+Outbox Thompson (seed=0, single run) |     6.2% |     6.6% |    51.1% |    65.3% |    95.6%
  (First EOSE: Ditto-Mew (4 app relays)=1.1s, Ditto+Outbox Thompson (seed=0, single run)=755ms)

  Profile-view latency (per-author outbox query, top 3 write relays):
    Authors simulated: 118 | Hit rate: 99.2%
    TTFE: 815ms median, 1.0s mean, 2.3s p95
    Relays/profile: 2.8 queried, 2.0 with events, 0.46 timeouts

  Feed vs profile-view TTFE comparison:
  Algorithm                        |  Feed TTFE |  Profile TTFE |    Delta
  ---------------------------------+------------+---------------+---------
  Ditto-Mew (4 app relays)         |      498ms |         815ms |   +316ms
  Ditto+Outbox Thompson (seed=0, single run) |      498ms |         815ms |   +316ms

  Including partial-baseline authors (118 testable authors, 39,071 baseline events):

  Algorithm                        |   Evt Recall |   Auth Recall
  ---------------------------------+--------------+--------------
  Ditto-Mew (4 app relays)         |         5.6% |         55.9%
  Ditto+Outbox Thompson (seed=0, single run) |        11.5% |         78.8%

JSON results written to: results/3bf0c63fcb934634_1772928104067.json
