[0m[32mTask[0m [0m[36mbench[0m deno run --allow-net --allow-read --allow-write main.ts "6a0c596c1484eae2e8131a030f269944921e52619c1dd143a029c64ea6cd9731" "--algorithms" "ditto-mew,ditto-outbox" "--verify" "--verify-window" "31536000" "--verify-concurrency" "10" "--no-phase2-cache" "--fast" "--output" "both"
Target: 6a0c596c1484eae2...
Seed: 0 | Filter: strict | Runs: 3
Using cached data (fetched 2026-03-08T01:05:22.416Z)

=== Fetch Quality ===
Indexers: wss://purplepag.es (400 events, 876ms), wss://relay.damus.io (132 events, 281ms), wss://nos.lol (236 events, 643ms)
Follows: 399 | With relay list: 231 (57.9%) | Missing: 168 (42.1%) | Filtered-to-empty: 8
Filter profile: strict | Filtered URLs: 107 (6 localhost, 32 insecure ws, 7 IP-only, 55 known-bad, 7 malformed)
Unique valid write relays: 566 | Seed: 0

=== Regime A: Fixed 20 Connections ===
  Algorithm                      |  Relays |   Assign% |  Orphans |  Alg.Orph |  Avg/pk |   Gini |    HHI
  -------------------------------+---------+-----------+----------+-----------+---------+--------+-------
  Ditto-Mew (4 app relays)       |       4 |    100.0% |        0 |      -168 |     4.0 |   0.00 |  0.250
  Ditto+Outbox Thompson (cap@20) |      20 |    100.0% (0.0sd) |        0 |      -168 |     4.7 |   0.70 |  0.182

=== Phase 2: Event Verification ===
Window: 31536000s | Kinds: 1 | Concurrency: 10
[baseline] Querying 566 relays for 231 authors (window: 31536000s)
[baseline] Progress: 50/566 relays queried
[pool] CLOSED from wss://aggr.nostr.land: auth-required: auth required for aggregator
[pool] CLOSED from wss://filter.nostr.wine/npub12z8jsett3k6rv9fa2guau5p540qr2xuvjzkr8e432mglafjt99sqkw9zmx: auth-required: please authenticate before sending REQs
[pool] CLOSED from wss://filter.nostr.wine/npub1um8xz4pjtd2wd8y50rzxeufgfcyn77gwvk9k5u8emahw6f67x3zqmnzp4e: auth-required: please authenticate before sending REQs
[baseline] Progress: 100/566 relays queried
[baseline] Progress: 150/566 relays queried
[baseline] Progress: 200/566 relays queried
[pool] CLOSED from wss://creatr.nostr.wine: auth-required: please authenticate before sending REQs
[baseline] Progress: 250/566 relays queried
[pool] CLOSED from wss://filter.nostr.wine/npub1kwcatqynqmry9d78a8cpe7d882wu3vmrgcmhvdsayhwqjf7mp25qpqf3xx: auth-required: please authenticate before sending REQs
[pool] CLOSED from wss://filter.nostr.wine/npub1z9n5ktfjrlpyywds9t7ljekr9cm9jjnzs27h702te5fy8p2c4dgs5zvycf: auth-required: please authenticate before sending REQs
[pool] CLOSED from wss://filter.nostr.wine/npub1wtuh24gpuxjyvnmjwlvxzg8k0elhasagfmmgz0x8vp4ltcy8ples54e7js: auth-required: please authenticate before sending REQs
[baseline] Progress: 300/566 relays queried
[baseline] Progress: 350/566 relays queried
[pool] CLOSED from wss://auth.nostr1.com: auth-required: you must auth
[baseline] Progress: 400/566 relays queried
[pool] CLOSED from wss://filter.nostr.wine/npub1gjd56m6gw0kr4hdpx5z74fvv4tsmzpgcdwj8s47qx6g2u6wt0vjsu6a0tp: auth-required: please authenticate before sending REQs
[pool] CLOSED from wss://relay.getalby.com/v1: blocked: Request rejected
[baseline] Progress: 450/566 relays queried
[pool] CLOSED from wss://filter.nostr.wine/npub1v5ufyh4lkeslgxxcclg8f0hzazhaw7rsrhvfquxzm2fk64c72hps45n0v5: auth-required: please authenticate before sending REQs
[baseline] Progress: 500/566 relays queried
[baseline] Progress: 550/566 relays queried
[pool] CLOSED from wss://impromptu.relays.land: auth-required: all requests must be authenticated
[baseline] Progress: 566/566 relays queried
[phase2] Subscription timeouts (no EOSE): 8
[phase2] CLOSED messages received: 12
  wss://aggr.nostr.land: auth-required: auth required for aggregator
  wss://filter.nostr.wine/npub12z8jsett3k6rv9fa2guau5p540qr2xuvjzkr8e432mglafjt99sqkw9zmx: auth-required: please authenticate before sending REQs
  wss://filter.nostr.wine/npub1um8xz4pjtd2wd8y50rzxeufgfcyn77gwvk9k5u8emahw6f67x3zqmnzp4e: auth-required: please authenticate before sending REQs
  wss://creatr.nostr.wine: auth-required: please authenticate before sending REQs
  wss://filter.nostr.wine/npub1kwcatqynqmry9d78a8cpe7d882wu3vmrgcmhvdsayhwqjf7mp25qpqf3xx: auth-required: please authenticate before sending REQs
  wss://filter.nostr.wine/npub1z9n5ktfjrlpyywds9t7ljekr9cm9jjnzs27h702te5fy8p2c4dgs5zvycf: auth-required: please authenticate before sending REQs
  wss://filter.nostr.wine/npub1wtuh24gpuxjyvnmjwlvxzg8k0elhasagfmmgz0x8vp4ltcy8ples54e7js: auth-required: please authenticate before sending REQs
  wss://auth.nostr1.com: auth-required: you must auth
  wss://filter.nostr.wine/npub1gjd56m6gw0kr4hdpx5z74fvv4tsmzpgcdwj8s47qx6g2u6wt0vjsu6a0tp: auth-required: please authenticate before sending REQs
  wss://relay.getalby.com/v1: blocked: Request rejected

=== Phase 2: Event Verification (365d window) ===
Baseline: 566 relays queried (22.6% success), 1.6min
  Timing: connect 679ms median (1.2s p95) | query 1.0s median (4.7s p95) | 8 timeouts (9 relays)
  Authors: 231 with relay data
    Testable (reliable): 77 | Testable (partial): 24 | Zero events: 79 | Unreliable: 51
  Baseline events: 27,521 (mean 272.5/author, median 47)
  Events per (relay,pubkey) capped at: 10000

  Headline metrics (77 testable-reliable authors, 25,879 baseline events):

  Algorithm                        |   Evt Recall |   Auth Recall |  Relay OK% |     TTFE |      p50 |      p80 | Timeouts
  ---------------------------------+--------------+---------------+------------+----------+----------+----------+---------
  Ditto-Mew (4 app relays)         |         9.8% |         72.7% |      75.0% |     1.2s |     3.5s |     3.5s |        0
  Ditto+Outbox Thompson (seed=0, single run) |        20.3% |         83.1% |      65.0% |    914ms |     2.4s |     3.3s |        0

  Per-author recall distribution:
  Algorithm                        |   Median |  % at 0% |      p25 |      p75
  ---------------------------------+----------+----------+----------+---------
  Ditto-Mew (4 app relays)         |    18.8% |    27.3% |     0.0% |    95.7%
  Ditto+Outbox Thompson (seed=0, single run) |    97.4% |    16.9% |     6.8% |   100.0%

  Latency simulation (parallel relay query):
  Algorithm                        |     TTFE |      p50 |      p80 |      Max |   TO |   TO Tax |   Relays |   Events
  ---------------------------------+----------+----------+----------+----------+------+----------+----------+---------
  Ditto-Mew (4 app relays)         |     1.2s |     3.5s |     3.5s |     3.5s |    0 |      0ms |    3/3/4 |    3,197
  Ditto+Outbox Thompson (seed=0, single run) |    914ms |     2.4s |     3.3s |     5.4s |    0 |      0ms | 13/13/20 |   12,377
  (Relays: with-events/connected/total | TO Tax: ceil(timeouts/concurrency) × EOSE timeout)

  Progressive completeness (% of recall achieved by time):
  Algorithm                        |      @1s |      @2s |      @5s |     @10s |     @15s
  ---------------------------------+----------+----------+----------+----------+---------
  Ditto-Mew (4 app relays)         |     0.0% |     0.0% |   100.0% |   100.0% |   100.0%
  Ditto+Outbox Thompson (seed=0, single run) |     0.0% |    36.2% |    96.5% |   100.0% |   100.0%

  EOSE-race simulation (stop after first EOSE + grace period):
  Algorithm                        |     +0ms |   +200ms |   +500ms |      +1s |      +2s
  ---------------------------------+----------+----------+----------+----------+---------
  Ditto-Mew (4 app relays)         |    23.9% |    23.9% |    23.9% |    23.9% |   100.0%
  Ditto+Outbox Thompson (seed=0, single run) |     1.4% |     1.4% |    21.0% |    36.2% |    46.6%
  (First EOSE: Ditto-Mew (4 app relays)=2.4s, Ditto+Outbox Thompson (seed=0, single run)=1.1s)

  Profile-view latency (per-author outbox query, top 3 write relays):
    Authors simulated: 101 | Hit rate: 99.0%
    TTFE: 1.6s median, 1.5s mean, 2.0s p95
    Relays/profile: 2.9 queried, 1.8 with events, 0.03 timeouts

  Feed vs profile-view TTFE comparison:
  Algorithm                        |  Feed TTFE |  Profile TTFE |    Delta
  ---------------------------------+------------+---------------+---------
  Ditto-Mew (4 app relays)         |       1.2s |          1.6s |   +402ms
  Ditto+Outbox Thompson (seed=0, single run) |      914ms |          1.6s |   +653ms

  Including partial-baseline authors (101 testable authors, 27,521 baseline events):

  Algorithm                        |   Evt Recall |   Auth Recall
  ---------------------------------+--------------+--------------
  Ditto-Mew (4 app relays)         |        10.6% |         69.3%
  Ditto+Outbox Thompson (seed=0, single run) |        21.1% |         82.2%

JSON results written to: results/6a0c596c1484eae2_1772934566472.json
