[0m[32mTask[0m [0m[36mbench[0m deno run --allow-net --allow-read --allow-write main.ts "3bf0c63fcb93463407af97a5e5ee64fa883d107ef9e558472c4eb9aaaefa459d" "--algorithms" "ditto-mew,ditto-outbox" "--verify" "--verify-window" "94608000" "--verify-concurrency" "10" "--no-phase2-cache" "--fast" "--output" "both"
Target: 3bf0c63fcb934634...
Seed: 0 | Filter: strict | Runs: 3
Using cached data (fetched 2026-03-08T01:16:43.131Z)

=== Fetch Quality ===
Indexers: wss://purplepag.es (197 events, 1053ms), wss://relay.damus.io (0 events, 495ms, errors: WebSocket error: NetworkError: failed to connect to WebSocket: Invalid status code 400 Bad Request), wss://nos.lol (154 events, 724ms)
Follows: 196 | With relay list: 150 (76.5%) | Missing: 46 (23.5%) | Filtered-to-empty: 3
Filter profile: strict | Filtered URLs: 34 (2 localhost, 3 insecure ws, 29 known-bad)
Unique valid write relays: 235 | Seed: 0

=== Regime A: Fixed 20 Connections ===
  Algorithm                      |  Relays |   Assign% |  Orphans |  Alg.Orph |  Avg/pk |   Gini |    HHI
  -------------------------------+---------+-----------+----------+-----------+---------+--------+-------
  Ditto-Mew (4 app relays)       |       4 |    100.0% |        0 |       -46 |     4.0 |   0.00 |  0.250
  Ditto+Outbox Thompson (cap@20) |      20 |    100.0% (0.0sd) |        0 |       -46 |     4.9 |   0.66 |  0.168

=== Phase 2: Event Verification ===
Window: 94608000s | Kinds: 1 | Concurrency: 10
[baseline] Querying 235 relays for 150 authors (window: 94608000s)
[pool] CLOSED from wss://creatr.nostr.wine: auth-required: please authenticate before sending REQs
[pool] CLOSED from wss://filter.nostr.wine/npub1qqqqqqqrxtrcx8vut2vlrqa0c2qn5mmf59hdmflkls8dsyg9vmnqsclxwk: auth-required: please authenticate before sending REQs
[pool] CLOSED from wss://greensoul.space: auth-required: only authenticated users can read from this relay
[pool] CLOSED from wss://relay.nosflare.com: auth-required: authentication required to subscribe
[baseline] Progress: 50/235 relays queried
[pool] CLOSED from wss://sendit.nosflare.com: restricted: this relay does not accept REQs
[baseline] Progress: 100/235 relays queried
[pool] CLOSED from wss://filter.nostr.wine/npub19mun7qwdyjf7qs3456u8kyxncjn5u2n7klpu4utgy68k4aenzj6synjnft: auth-required: please authenticate before sending REQs
[pool] CLOSED from wss://aggr.nostr.land: auth-required: auth required for aggregator
[pool] CLOSED from wss://relay.getalby.com/v1: blocked: Request rejected
[pool] CLOSED from wss://inbox.nostr.wine: blocked: this relay does not store any of the kinds in this request
[baseline] Progress: 150/235 relays queried
[pool] CLOSED from wss://hole.v0l.io: error: queries not allowed
[pool] CLOSED from wss://filter.nostr.wine/npub1s5yq6wadwrxde4lhfs56gn64hwzuhnfa6r9mj476r5s4hkunzgzqrs6q7z: auth-required: please authenticate before sending REQs
[pool] CLOSED from wss://relay.danieldaquino.me/chat: blocked: you must be in the web of trust to chat with the relay owner
[pool] CLOSED from wss://relay.danieldaquino.me/private: auth-required: this query requires you to be authenticated
[baseline] Progress: 200/235 relays queried
[pool] CLOSED from wss://filter.nostr.wine/npub14yzxejghthz6ghae8gkgjru63vvvwpl6d454wud2hycqpqwnugdqcutuw5: auth-required: please authenticate before sending REQs
[baseline] Progress: 235/235 relays queried
[phase2] Subscription timeouts (no EOSE): 7
[phase2] CLOSED messages received: 14
  wss://creatr.nostr.wine: auth-required: please authenticate before sending REQs
  wss://filter.nostr.wine/npub1qqqqqqqrxtrcx8vut2vlrqa0c2qn5mmf59hdmflkls8dsyg9vmnqsclxwk: auth-required: please authenticate before sending REQs
  wss://greensoul.space: auth-required: only authenticated users can read from this relay
  wss://relay.nosflare.com: auth-required: authentication required to subscribe
  wss://sendit.nosflare.com: restricted: this relay does not accept REQs
  wss://filter.nostr.wine/npub19mun7qwdyjf7qs3456u8kyxncjn5u2n7klpu4utgy68k4aenzj6synjnft: auth-required: please authenticate before sending REQs
  wss://aggr.nostr.land: auth-required: auth required for aggregator
  wss://relay.getalby.com/v1: blocked: Request rejected
  wss://inbox.nostr.wine: blocked: this relay does not store any of the kinds in this request
  wss://hole.v0l.io: error: queries not allowed

=== Phase 2: Event Verification (1095d window) ===
Baseline: 235 relays queried (52.8% success), 1.2min
  Timing: connect 881ms median (2.7s p95) | query 1.8s median (10.6s p95) | 7 timeouts (8 relays)
  Authors: 150 with relay data
    Testable (reliable): 115 | Testable (partial): 5 | Zero events: 27 | Unreliable: 3
  Baseline events: 70,721 (mean 589.3/author, median 105)
  Events per (relay,pubkey) capped at: 10000

  Headline metrics (115 testable-reliable authors, 69,440 baseline events):

  Algorithm                        |   Evt Recall |   Auth Recall |  Relay OK% |     TTFE |      p50 |      p80 | Timeouts
  ---------------------------------+--------------+---------------+------------+----------+----------+----------+---------
  Ditto-Mew (4 app relays)         |         3.7% |         61.7% |     100.0% |     1.3s |     5.5s |     8.5s |        0
  Ditto+Outbox Thompson (seed=0, single run) |         6.7% |         79.1% |      85.0% |     1.3s |     3.4s |     5.8s |        0

  Per-author recall distribution:
  Algorithm                        |   Median |  % at 0% |      p25 |      p75
  ---------------------------------+----------+----------+----------+---------
  Ditto-Mew (4 app relays)         |     2.7% |    38.3% |     0.0% |    30.0%
  Ditto+Outbox Thompson (seed=0, single run) |    16.5% |    20.9% |     0.8% |   100.0%

  Latency simulation (parallel relay query):
  Algorithm                        |     TTFE |      p50 |      p80 |      Max |   TO |   TO Tax |   Relays |   Events
  ---------------------------------+----------+----------+----------+----------+------+----------+----------+---------
  Ditto-Mew (4 app relays)         |     1.3s |     5.5s |     8.5s |     8.9s |    0 |      0ms |    4/4/4 |    3,863
  Ditto+Outbox Thompson (seed=0, single run) |     1.3s |     3.4s |     5.8s |    13.4s |    0 |      0ms | 17/17/20 |   11,835
  (Relays: with-events/connected/total | TO Tax: ceil(timeouts/concurrency) × EOSE timeout)

  Progressive completeness (% of recall achieved by time):
  Algorithm                        |      @1s |      @2s |      @5s |     @10s |     @15s
  ---------------------------------+----------+----------+----------+----------+---------
  Ditto-Mew (4 app relays)         |     0.0% |     0.0% |    78.4% |   100.0% |   100.0%
  Ditto+Outbox Thompson (seed=0, single run) |     0.0% |     0.0% |    75.6% |    94.5% |   100.0%

  EOSE-race simulation (stop after first EOSE + grace period):
  Algorithm                        |     +0ms |   +200ms |   +500ms |      +1s |      +2s
  ---------------------------------+----------+----------+----------+----------+---------
  Ditto-Mew (4 app relays)         |    19.6% |    19.6% |    78.4% |    78.4% |    78.4%
  Ditto+Outbox Thompson (seed=0, single run) |     7.7% |    18.3% |    57.4% |    68.5% |    68.5%
  (First EOSE: Ditto-Mew (4 app relays)=2.3s, Ditto+Outbox Thompson (seed=0, single run)=2.2s)

  Profile-view latency (per-author outbox query, top 3 write relays):
    Authors simulated: 120 | Hit rate: 99.2%
    TTFE: 1.6s median, 2.0s mean, 3.2s p95
    Relays/profile: 2.8 queried, 2.4 with events, 0.03 timeouts

  Feed vs profile-view TTFE comparison:
  Algorithm                        |  Feed TTFE |  Profile TTFE |    Delta
  ---------------------------------+------------+---------------+---------
  Ditto-Mew (4 app relays)         |       1.3s |          1.6s |   +364ms
  Ditto+Outbox Thompson (seed=0, single run) |       1.3s |          1.6s |   +364ms

  Including partial-baseline authors (120 testable authors, 70,721 baseline events):

  Algorithm                        |   Evt Recall |   Auth Recall
  ---------------------------------+--------------+--------------
  Ditto-Mew (4 app relays)         |         3.6% |         60.8%
  Ditto+Outbox Thompson (seed=0, single run) |         6.7% |         77.5%

JSON results written to: results/3bf0c63fcb934634_1772936051920.json
