[0m[32mTask[0m [0m[36mbench[0m deno run --allow-net --allow-read --allow-write main.ts "3bf0c63fcb93463407af97a5e5ee64fa883d107ef9e558472c4eb9aaaefa459d" "--algorithms" "ditto-mew,ditto-outbox" "--verify" "--verify-window" "94608000" "--verify-concurrency" "10" "--no-phase2-cache" "--fast" "--output" "both"
Target: 3bf0c63fcb934634...
Seed: 0 | Filter: strict | Runs: 3
[fetch] Connecting to 3 indexer relays...
[fetch] wss://purplepag.es: connected (1047ms)
[fetch] wss://relay.damus.io: connected (261ms)
[fetch] wss://nos.lol: connected (786ms)
[fetch] Fetching kind 3 (contact list) for 3bf0c63f...
[fetch] 196 follows to fetch relay lists for
[fetch] Received 154 relay list events

=== Fetch Quality ===
Indexers: wss://purplepag.es (197 events, 1047ms), wss://relay.damus.io (123 events, 261ms), wss://nos.lol (154 events, 786ms)
Follows: 196 | With relay list: 151 (77.0%) | Missing: 45 (23.0%) | Filtered-to-empty: 3
Filter profile: strict | Filtered URLs: 34 (2 localhost, 3 insecure ws, 29 known-bad)
Unique valid write relays: 235 | Seed: 0

=== Regime A: Fixed 20 Connections ===
  Algorithm                      |  Relays |   Assign% |  Orphans |  Alg.Orph |  Avg/pk |   Gini |    HHI
  -------------------------------+---------+-----------+----------+-----------+---------+--------+-------
  Ditto-Mew (4 app relays)       |       4 |    100.0% |        0 |       -45 |     4.0 |   0.00 |  0.250
  Ditto+Outbox Thompson (cap@20) |      20 |    100.0% (0.0sd) |        0 |       -45 |     4.9 |   0.66 |  0.168

=== Phase 2: Event Verification ===
Window: 94608000s | Kinds: 1 | Concurrency: 10
[baseline] Querying 235 relays for 151 authors (window: 94608000s)
[pool] CLOSED from wss://creatr.nostr.wine: auth-required: please authenticate before sending REQs
[pool] CLOSED from wss://filter.nostr.wine/npub1qqqqqqqrxtrcx8vut2vlrqa0c2qn5mmf59hdmflkls8dsyg9vmnqsclxwk: auth-required: please authenticate before sending REQs
[pool] CLOSED from wss://greensoul.space: auth-required: only authenticated users can read from this relay
[pool] CLOSED from wss://relay.nosflare.com: auth-required: authentication required to subscribe
[baseline] Progress: 50/235 relays queried
[pool] CLOSED from wss://sendit.nosflare.com: restricted: this relay does not accept REQs
[baseline] Progress: 100/235 relays queried
[pool] CLOSED from wss://inbox.nostr.wine: blocked: this relay does not store any of the kinds in this request
[pool] CLOSED from wss://relay.getalby.com/v1: blocked: Request rejected
[baseline] Progress: 150/235 relays queried
[pool] CLOSED from wss://hole.v0l.io: error: queries not allowed
[pool] CLOSED from wss://filter.nostr.wine/npub1s5yq6wadwrxde4lhfs56gn64hwzuhnfa6r9mj476r5s4hkunzgzqrs6q7z: auth-required: please authenticate before sending REQs
[pool] CLOSED from wss://relay.danieldaquino.me/chat: blocked: you must be in the web of trust to chat with the relay owner
[pool] CLOSED from wss://relay.danieldaquino.me/private: auth-required: this query requires you to be authenticated
[pool] CLOSED from wss://filter.nostr.wine/npub14yzxejghthz6ghae8gkgjru63vvvwpl6d454wud2hycqpqwnugdqcutuw5: auth-required: please authenticate before sending REQs
[baseline] Progress: 200/235 relays queried
[baseline] Progress: 235/235 relays queried
[phase2] Subscription timeouts (no EOSE): 6
[phase2] CLOSED messages received: 12
  wss://creatr.nostr.wine: auth-required: please authenticate before sending REQs
  wss://filter.nostr.wine/npub1qqqqqqqrxtrcx8vut2vlrqa0c2qn5mmf59hdmflkls8dsyg9vmnqsclxwk: auth-required: please authenticate before sending REQs
  wss://greensoul.space: auth-required: only authenticated users can read from this relay
  wss://relay.nosflare.com: auth-required: authentication required to subscribe
  wss://sendit.nosflare.com: restricted: this relay does not accept REQs
  wss://inbox.nostr.wine: blocked: this relay does not store any of the kinds in this request
  wss://relay.getalby.com/v1: blocked: Request rejected
  wss://hole.v0l.io: error: queries not allowed
  wss://filter.nostr.wine/npub1s5yq6wadwrxde4lhfs56gn64hwzuhnfa6r9mj476r5s4hkunzgzqrs6q7z: auth-required: please authenticate before sending REQs
  wss://relay.danieldaquino.me/chat: blocked: you must be in the web of trust to chat with the relay owner

=== Phase 2: Event Verification (1095d window) ===
Baseline: 235 relays queried (49.8% success), 58s
  Timing: connect 705ms median (1.7s p95) | query 1.5s median (11.8s p95) | 6 timeouts (7 relays)
  Authors: 151 with relay data
    Testable (reliable): 112 | Testable (partial): 4 | Zero events: 29 | Unreliable: 6
  Baseline events: 64,497 (mean 556.0/author, median 102)
  Events per (relay,pubkey) capped at: 10000

  Headline metrics (112 testable-reliable authors, 63,226 baseline events):

  Algorithm                        |   Evt Recall |   Auth Recall |  Relay OK% |     TTFE |      p50 |      p80 | Timeouts
  ---------------------------------+--------------+---------------+------------+----------+----------+----------+---------
  Ditto-Mew (4 app relays)         |         3.2% |         61.6% |      75.0% |    591ms |     2.8s |     2.8s |        0
  Ditto+Outbox Thompson (seed=0, single run) |         6.6% |         79.5% |      75.0% |    591ms |     2.1s |     2.8s |        0

  Per-author recall distribution:
  Algorithm                        |   Median |  % at 0% |      p25 |      p75
  ---------------------------------+----------+----------+----------+---------
  Ditto-Mew (4 app relays)         |     2.9% |    38.4% |     0.0% |    27.2%
  Ditto+Outbox Thompson (seed=0, single run) |    16.6% |    20.5% |     0.9% |   100.0%

  Latency simulation (parallel relay query):
  Algorithm                        |     TTFE |      p50 |      p80 |      Max |   TO |   TO Tax |   Relays |   Events
  ---------------------------------+----------+----------+----------+----------+------+----------+----------+---------
  Ditto-Mew (4 app relays)         |    591ms |     2.8s |     2.8s |     2.8s |    0 |      0ms |    3/3/4 |    3,364
  Ditto+Outbox Thompson (seed=0, single run) |    591ms |     2.1s |     2.8s |     5.3s |    0 |      0ms | 15/15/20 |   11,317
  (Relays: with-events/connected/total | TO Tax: ceil(timeouts/concurrency) × EOSE timeout)

  Progressive completeness (% of recall achieved by time):
  Algorithm                        |      @1s |      @2s |      @5s |     @10s |     @15s
  ---------------------------------+----------+----------+----------+----------+---------
  Ditto-Mew (4 app relays)         |     0.0% |    73.0% |   100.0% |   100.0% |   100.0%
  Ditto+Outbox Thompson (seed=0, single run) |     0.0% |    74.1% |    98.4% |   100.0% |   100.0%

  EOSE-race simulation (stop after first EOSE + grace period):
  Algorithm                        |     +0ms |   +200ms |   +500ms |      +1s |      +2s
  ---------------------------------+----------+----------+----------+----------+---------
  Ditto-Mew (4 app relays)         |    73.0% |    73.0% |    73.0% |    73.0% |   100.0%
  Ditto+Outbox Thompson (seed=0, single run) |    35.5% |    41.7% |    57.2% |    76.7% |    97.7%
  (First EOSE: Ditto-Mew (4 app relays)=1.1s, Ditto+Outbox Thompson (seed=0, single run)=1.1s)

  Profile-view latency (per-author outbox query, top 3 write relays):
    Authors simulated: 116 | Hit rate: 99.1%
    TTFE: 926ms median, 1.1s mean, 1.9s p95
    Relays/profile: 2.8 queried, 2.4 with events, 0.02 timeouts

  Feed vs profile-view TTFE comparison:
  Algorithm                        |  Feed TTFE |  Profile TTFE |    Delta
  ---------------------------------+------------+---------------+---------
  Ditto-Mew (4 app relays)         |      591ms |         926ms |   +335ms
  Ditto+Outbox Thompson (seed=0, single run) |      591ms |         926ms |   +335ms

  Including partial-baseline authors (116 testable authors, 64,497 baseline events):

  Algorithm                        |   Evt Recall |   Auth Recall
  ---------------------------------+--------------+--------------
  Ditto-Mew (4 app relays)         |         3.2% |         61.2%
  Ditto+Outbox Thompson (seed=0, single run) |         6.5% |         78.4%

JSON results written to: results/3bf0c63fcb934634_1772937207738.json
