[0m[32mTask[0m [0m[36mbench[0m deno run --allow-net --allow-read --allow-write main.ts "6a0c596c1484eae2e8131a030f269944921e52619c1dd143a029c64ea6cd9731" "--algorithms" "ditto-mew,ditto-outbox" "--verify" "--verify-window" "94608000" "--verify-concurrency" "10" "--no-phase2-cache" "--fast" "--output" "both"
Target: 6a0c596c1484eae2...
Seed: 0 | Filter: strict | Runs: 3
[fetch] Connecting to 3 indexer relays...
[fetch] wss://purplepag.es: connected (1153ms)
[fetch] wss://relay.damus.io: connected (281ms)
[fetch] wss://nos.lol: connected (836ms)
[fetch] Fetching kind 3 (contact list) for 6a0c596c...
[fetch] 399 follows to fetch relay lists for
[fetch] Fetched relay lists: 200/399
[fetch] Received 239 relay list events

=== Fetch Quality ===
Indexers: wss://purplepag.es (0 events, 1153ms), wss://relay.damus.io (132 events, 281ms), wss://nos.lol (236 events, 836ms)
Follows: 399 | With relay list: 231 (57.9%) | Missing: 168 (42.1%) | Filtered-to-empty: 8
Filter profile: strict | Filtered URLs: 107 (6 localhost, 32 insecure ws, 7 IP-only, 55 known-bad, 7 malformed)
Unique valid write relays: 566 | Seed: 0

=== Regime A: Fixed 20 Connections ===
  Algorithm                      |  Relays |   Assign% |  Orphans |  Alg.Orph |  Avg/pk |   Gini |    HHI
  -------------------------------+---------+-----------+----------+-----------+---------+--------+-------
  Ditto-Mew (4 app relays)       |       4 |    100.0% |        0 |      -168 |     4.0 |   0.00 |  0.250
  Ditto+Outbox Thompson (cap@20) |      20 |    100.0% (0.0sd) |        0 |      -168 |     4.7 |   0.70 |  0.182

=== Phase 2: Event Verification ===
Window: 94608000s | Kinds: 1 | Concurrency: 10
[baseline] Querying 566 relays for 231 authors (window: 94608000s)
[pool] CLOSED from wss://greensoul.space: auth-required: only authenticated users can read from this relay
[pool] CLOSED from wss://relay.nosflare.com: auth-required: authentication required to subscribe
[baseline] Progress: 50/566 relays queried
[pool] CLOSED from wss://aggr.nostr.land: auth-required: auth required for aggregator
[pool] CLOSED from wss://filter.nostr.wine/npub12z8jsett3k6rv9fa2guau5p540qr2xuvjzkr8e432mglafjt99sqkw9zmx: auth-required: please authenticate before sending REQs
[pool] CLOSED from wss://filter.nostr.wine/npub1um8xz4pjtd2wd8y50rzxeufgfcyn77gwvk9k5u8emahw6f67x3zqmnzp4e: auth-required: please authenticate before sending REQs
[baseline] Progress: 100/566 relays queried
[baseline] Progress: 150/566 relays queried
[baseline] Progress: 200/566 relays queried
[pool] CLOSED from wss://creatr.nostr.wine: auth-required: please authenticate before sending REQs
[baseline] Progress: 250/566 relays queried
[pool] CLOSED from wss://filter.nostr.wine/npub1kwcatqynqmry9d78a8cpe7d882wu3vmrgcmhvdsayhwqjf7mp25qpqf3xx: auth-required: please authenticate before sending REQs
[pool] CLOSED from wss://filter.nostr.wine/npub1z9n5ktfjrlpyywds9t7ljekr9cm9jjnzs27h702te5fy8p2c4dgs5zvycf: auth-required: please authenticate before sending REQs
[baseline] Progress: 300/566 relays queried
[pool] CLOSED from wss://filter.nostr.wine/npub1wtuh24gpuxjyvnmjwlvxzg8k0elhasagfmmgz0x8vp4ltcy8ples54e7js: auth-required: please authenticate before sending REQs
[baseline] Progress: 350/566 relays queried
[pool] CLOSED from wss://auth.nostr1.com: auth-required: you must auth
[baseline] Progress: 400/566 relays queried
[pool] CLOSED from wss://filter.nostr.wine/npub1gjd56m6gw0kr4hdpx5z74fvv4tsmzpgcdwj8s47qx6g2u6wt0vjsu6a0tp: auth-required: please authenticate before sending REQs
[pool] CLOSED from wss://relay.getalby.com/v1: blocked: Request rejected
[baseline] Progress: 450/566 relays queried
[pool] CLOSED from wss://filter.nostr.wine/npub1v5ufyh4lkeslgxxcclg8f0hzazhaw7rsrhvfquxzm2fk64c72hps45n0v5: auth-required: please authenticate before sending REQs
[pool] CLOSED from wss://relay.nostraddress.com: auth-required: authentication required to subscribe
[pool] CLOSED from wss://relay.nsec.app: blocked: we only keep kind 24133 or 24135
[baseline] Progress: 500/566 relays queried
[pool] CLOSED from wss://filter.nostr.wine/npub1s33wk8nkfmsedk0z64atpcdjmeyvsuveugrpv9weg46h33vg05aq94xqr3: auth-required: please authenticate before sending REQs
[baseline] Progress: 550/566 relays queried
[pool] CLOSED from wss://impromptu.relays.land: auth-required: all requests must be authenticated
[baseline] Progress: 566/566 relays queried
[phase2] Subscription timeouts (no EOSE): 10
[phase2] CLOSED messages received: 17
  wss://greensoul.space: auth-required: only authenticated users can read from this relay
  wss://relay.nosflare.com: auth-required: authentication required to subscribe
  wss://aggr.nostr.land: auth-required: auth required for aggregator
  wss://filter.nostr.wine/npub12z8jsett3k6rv9fa2guau5p540qr2xuvjzkr8e432mglafjt99sqkw9zmx: auth-required: please authenticate before sending REQs
  wss://filter.nostr.wine/npub1um8xz4pjtd2wd8y50rzxeufgfcyn77gwvk9k5u8emahw6f67x3zqmnzp4e: auth-required: please authenticate before sending REQs
  wss://creatr.nostr.wine: auth-required: please authenticate before sending REQs
  wss://filter.nostr.wine/npub1kwcatqynqmry9d78a8cpe7d882wu3vmrgcmhvdsayhwqjf7mp25qpqf3xx: auth-required: please authenticate before sending REQs
  wss://filter.nostr.wine/npub1z9n5ktfjrlpyywds9t7ljekr9cm9jjnzs27h702te5fy8p2c4dgs5zvycf: auth-required: please authenticate before sending REQs
  wss://filter.nostr.wine/npub1wtuh24gpuxjyvnmjwlvxzg8k0elhasagfmmgz0x8vp4ltcy8ples54e7js: auth-required: please authenticate before sending REQs
  wss://auth.nostr1.com: auth-required: you must auth

=== Phase 2: Event Verification (1095d window) ===
Baseline: 566 relays queried (26.0% success), 1.7min
  Timing: connect 690ms median (1.5s p95) | query 1.1s median (15.6s p95) | 10 timeouts (11 relays)
  Authors: 231 with relay data
    Testable (reliable): 98 | Testable (partial): 14 | Zero events: 95 | Unreliable: 24
  Baseline events: 46,964 (mean 419.3/author, median 50)
  Events per (relay,pubkey) capped at: 10000

  Headline metrics (98 testable-reliable authors, 46,175 baseline events):

  Algorithm                        |   Evt Recall |   Auth Recall |  Relay OK% |     TTFE |      p50 |      p80 | Timeouts
  ---------------------------------+--------------+---------------+------------+----------+----------+----------+---------
  Ditto-Mew (4 app relays)         |         6.8% |         73.5% |     100.0% |    701ms |     3.0s |     3.5s |        0
  Ditto+Outbox Thompson (seed=0, single run) |        13.6% |         83.7% |      80.0% |    701ms |     2.3s |     3.6s |        0

  Per-author recall distribution:
  Algorithm                        |   Median |  % at 0% |      p25 |      p75
  ---------------------------------+----------+----------+----------+---------
  Ditto-Mew (4 app relays)         |    21.1% |    26.5% |     0.0% |    93.2%
  Ditto+Outbox Thompson (seed=0, single run) |   100.0% |    16.3% |     2.6% |   100.0%

  Latency simulation (parallel relay query):
  Algorithm                        |     TTFE |      p50 |      p80 |      Max |   TO |   TO Tax |   Relays |   Events
  ---------------------------------+----------+----------+----------+----------+------+----------+----------+---------
  Ditto-Mew (4 app relays)         |    701ms |     3.0s |     3.5s |     4.2s |    0 |      0ms |    4/4/4 |    4,708
  Ditto+Outbox Thompson (seed=0, single run) |    701ms |     2.3s |     3.6s |     7.8s |    0 |      0ms | 16/16/20 |   14,935
  (Relays: with-events/connected/total | TO Tax: ceil(timeouts/concurrency) × EOSE timeout)

  Progressive completeness (% of recall achieved by time):
  Algorithm                        |      @1s |      @2s |      @5s |     @10s |     @15s
  ---------------------------------+----------+----------+----------+----------+---------
  Ditto-Mew (4 app relays)         |     0.0% |    46.2% |   100.0% |   100.0% |   100.0%
  Ditto+Outbox Thompson (seed=0, single run) |     0.0% |    45.0% |    96.9% |   100.0% |   100.0%

  EOSE-race simulation (stop after first EOSE + grace period):
  Algorithm                        |     +0ms |   +200ms |   +500ms |      +1s |      +2s
  ---------------------------------+----------+----------+----------+----------+---------
  Ditto-Mew (4 app relays)         |    46.2% |    46.2% |    46.2% |    46.2% |    51.8%
  Ditto+Outbox Thompson (seed=0, single run) |     1.3% |    24.6% |    34.2% |    45.0% |    56.8%
  (First EOSE: Ditto-Mew (4 app relays)=1.1s, Ditto+Outbox Thompson (seed=0, single run)=1.1s)

  Profile-view latency (per-author outbox query, top 3 write relays):
    Authors simulated: 112 | Hit rate: 97.3%
    TTFE: 899ms median, 1.3s mean, 2.2s p95
    Relays/profile: 2.9 queried, 2.3 with events, 0.03 timeouts

  Feed vs profile-view TTFE comparison:
  Algorithm                        |  Feed TTFE |  Profile TTFE |    Delta
  ---------------------------------+------------+---------------+---------
  Ditto-Mew (4 app relays)         |      701ms |         899ms |   +198ms
  Ditto+Outbox Thompson (seed=0, single run) |      701ms |         899ms |   +198ms

  Including partial-baseline authors (112 testable authors, 46,964 baseline events):

  Algorithm                        |   Evt Recall |   Auth Recall
  ---------------------------------+--------------+--------------
  Ditto-Mew (4 app relays)         |         6.9% |         71.4%
  Ditto+Outbox Thompson (seed=0, single run) |        13.7% |         80.4%

JSON results written to: results/6a0c596c1484eae2_1772939770078.json
