[0m[32mTask[0m [0m[36mbench[0m deno run --allow-net --allow-read --allow-write main.ts "97c70a44366a6535c145b333f973ea86dfdc2d7a99da618c40c64705ad98e322" "--algorithms" "ditto-mew,ditto-outbox" "--verify" "--verify-window" "94608000" "--verify-concurrency" "10" "--no-phase2-cache" "--fast" "--output" "both"
Target: 97c70a44366a6535...
Seed: 0 | Filter: strict | Runs: 3
Using cached data (fetched 2026-03-08T01:18:36.537Z)

=== Fetch Quality ===
Indexers: wss://purplepag.es (453 events, 1100ms), wss://relay.damus.io (298 events, 365ms), wss://nos.lol (401 events, 784ms)
Follows: 452 | With relay list: 394 (87.2%) | Missing: 58 (12.8%) | Filtered-to-empty: 9
Filter profile: strict | Filtered URLs: 140 (6 localhost, 13 insecure ws, 8 IP-only, 113 known-bad)
Unique valid write relays: 481 | Seed: 0

=== Regime A: Fixed 20 Connections ===
  Algorithm                      |  Relays |   Assign% |  Orphans |  Alg.Orph |  Avg/pk |   Gini |    HHI
  -------------------------------+---------+-----------+----------+-----------+---------+--------+-------
  Ditto-Mew (4 app relays)       |       4 |    100.0% |        0 |       -58 |     4.0 |   0.00 |  0.250
  Ditto+Outbox Thompson (cap@20) |      20 |    100.0% (0.0sd) |        0 |       -58 |     5.1 |   0.64 |  0.157

=== Phase 2: Event Verification ===
Window: 94608000s | Kinds: 1 | Concurrency: 10
[baseline] Querying 481 relays for 394 authors (window: 94608000s)
[pool] CLOSED from wss://filter.nostr.wine/npub10awzknjg5r5lajnr53438ndcyjylgqsrnrtq5grs495v42qc6awsj45ys7: auth-required: please authenticate before sending REQs
[pool] CLOSED from wss://filter.nostr.wine/npub1t5wc8h37uhkau9tsw82sjxndq04d3n8p634utpdfvs4tm5xmt2sqgk6dke: auth-required: please authenticate before sending REQs
[baseline] Progress: 50/481 relays queried
[pool] CLOSED from wss://filter.nostr.wine/npub1xv6axulxcx6mce5mfvfzpsy89r4gee3zuknulm45cqqpmyw7680q5pxea6: auth-required: please authenticate before sending REQs
[pool] CLOSED from wss://hole.v0l.io: error: queries not allowed
[pool] CLOSED from wss://relay.getalby.com/v1: blocked: Request rejected
[baseline] Progress: 100/481 relays queried
[pool] CLOSED from wss://greensoul.space: auth-required: only authenticated users can read from this relay
[pool] CLOSED from wss://filter.nostr.wine/npub1pwtrrydty95q5ces0tkm2r7hkqfe9jwxhmmee5xwke6g4lz70l7sd8pf5t: auth-required: please authenticate before sending REQs
[pool] CLOSED from wss://filter.nostr.wine/npub1rtlqca8r6auyaw5n5h3l5422dm4sry5dzfee4696fqe8s6qgudks7djtfs: auth-required: please authenticate before sending REQs
[pool] CLOSED from wss://filter.nostr.wine/npub1sjjz60h6fqqcuxrsyl3thhgpx2z6ylv047tslqar26ga0chp5vgq7404nu: auth-required: please authenticate before sending REQs
[baseline] Progress: 150/481 relays queried
[pool] CLOSED from wss://filter.nostr.wine/npub1fjj025e7grd9upgg09k5p8ntkdd9pvn0cvzrg4sh4vqhrq7c8tqqz3teuy: auth-required: please authenticate before sending REQs
[pool] CLOSED from wss://sendit.nosflare.com: restricted: this relay does not accept REQs
[pool] CLOSED from wss://relay.nosflare.com: auth-required: authentication required to subscribe
[baseline] Progress: 200/481 relays queried
[pool] CLOSED from wss://filter.nostr.wine/npub19mun7qwdyjf7qs3456u8kyxncjn5u2n7klpu4utgy68k4aenzj6synjnft: auth-required: please authenticate before sending REQs
[pool] CLOSED from wss://david.nostr1.com: auth-required: you must auth
[pool] CLOSED from wss://filter.nostr.wine/npub14qz92uedt0a8jte8jqg63jr3s5cc99cej36jh883z6tprlu354uqqe2q26: auth-required: please authenticate before sending REQs
[pool] CLOSED from wss://filter.nostr.wine/npub1xsf5h8suhveztq4u5spq5wwvzftqxmglt6vwllxg8z6zrlpqn4yqrulu9v: auth-required: please authenticate before sending REQs
[baseline] Progress: 250/481 relays queried
[pool] CLOSED from wss://relay.shawnyeager.com/private: auth-required: all requests must be authenticated
[pool] CLOSED from wss://relay.shawnyeager.com/chat: auth-required: all requests must be authenticated
[pool] CLOSED from wss://auth.nostr1.com: auth-required: you must auth
[pool] CLOSED from wss://filter.nostr.wine/npub18zx8lw3947pghsgzqv2t0x8pe767sscag5djgj5afr755xkqd97qt530pr: auth-required: please authenticate before sending REQs
[pool] CLOSED from wss://filter.nostr.wine/npub16zxfxy5ltnp992gp006jlyy9qc93qanzpfvv66fznvc7xul0ej0suk5dzc: auth-required: please authenticate before sending REQs
[baseline] Progress: 300/481 relays queried
[pool] CLOSED from wss://filter.nostr.wine/npub13fz04jej7nktvtvg24dj926a5ctcmaw6ekp9028eux3pz3csxdrqgd77yu: auth-required: please authenticate before sending REQs
[pool] CLOSED from wss://filter.nostr.wine/npub1509xrunw545q4aqj2kp3ewyxgfmegyq4m76vuz9ts4ht23sj4qmq4ehven: auth-required: please authenticate before sending REQs
[pool] CLOSED from wss://aggr.nostr.land: auth-required: auth required for aggregator
[pool] CLOSED from wss://bostr.erechorse.com: auth-required: authentication is required to perform this action.
[baseline] Progress: 350/481 relays queried
[pool] CLOSED from wss://filter.nostr.wine/npub1t0nyg64g5vwprva52wlcmt7fkdr07v5dr7s35raq9g0xgc0k4xcsedjgqv: auth-required: please authenticate before sending REQs
[pool] CLOSED from wss://relay.nsec.app: blocked: we only keep kind 24133 or 24135
[pool] CLOSED from wss://filter.nostr.wine/npub1du6sgl90wse0cz44fg50a4kg9ea4sgctlxps90ccx58lw8ssgv9qhjyf3c: auth-required: please authenticate before sending REQs
[baseline] Progress: 400/481 relays queried
[pool] CLOSED from wss://filter.nostr.wine/npub1p4kg8zxukpym3h20erfa3samj00rm2gt4q5wfuyu3tg0x3jg3gesvncxf8: auth-required: please authenticate before sending REQs
[pool] CLOSED from wss://relay.danieldaquino.me/chat: blocked: you must be in the web of trust to chat with the relay owner
[pool] CLOSED from wss://relay.danieldaquino.me/private: auth-required: this query requires you to be authenticated
[pool] CLOSED from wss://relay.albylabs.com: blocked: Request rejected
[baseline] Progress: 450/481 relays queried
[pool] CLOSED from wss://aplaceinthesun.nostr1.com: auth-required: you must auth
[baseline] Progress: 481/481 relays queried
[phase2] Subscription timeouts (no EOSE): 12
[phase2] CLOSED messages received: 33
  wss://filter.nostr.wine/npub10awzknjg5r5lajnr53438ndcyjylgqsrnrtq5grs495v42qc6awsj45ys7: auth-required: please authenticate before sending REQs
  wss://filter.nostr.wine/npub1t5wc8h37uhkau9tsw82sjxndq04d3n8p634utpdfvs4tm5xmt2sqgk6dke: auth-required: please authenticate before sending REQs
  wss://filter.nostr.wine/npub1xv6axulxcx6mce5mfvfzpsy89r4gee3zuknulm45cqqpmyw7680q5pxea6: auth-required: please authenticate before sending REQs
  wss://hole.v0l.io: error: queries not allowed
  wss://relay.getalby.com/v1: blocked: Request rejected
  wss://greensoul.space: auth-required: only authenticated users can read from this relay
  wss://filter.nostr.wine/npub1pwtrrydty95q5ces0tkm2r7hkqfe9jwxhmmee5xwke6g4lz70l7sd8pf5t: auth-required: please authenticate before sending REQs
  wss://filter.nostr.wine/npub1rtlqca8r6auyaw5n5h3l5422dm4sry5dzfee4696fqe8s6qgudks7djtfs: auth-required: please authenticate before sending REQs
  wss://filter.nostr.wine/npub1sjjz60h6fqqcuxrsyl3thhgpx2z6ylv047tslqar26ga0chp5vgq7404nu: auth-required: please authenticate before sending REQs
  wss://filter.nostr.wine/npub1fjj025e7grd9upgg09k5p8ntkdd9pvn0cvzrg4sh4vqhrq7c8tqqz3teuy: auth-required: please authenticate before sending REQs

=== Phase 2: Event Verification (1095d window) ===
Baseline: 481 relays queried (42.8% success), 1.6min
  Timing: connect 631ms median (1.1s p95) | query 1.1s median (4.7s p95) | 12 timeouts (12 relays)
  Authors: 394 with relay data
    Testable (reliable): 231 | Testable (partial): 31 | Zero events: 88 | Unreliable: 44
  Baseline events: 90,185 (mean 344.2/author, median 71)
  Events per (relay,pubkey) capped at: 10000

  Headline metrics (231 testable-reliable authors, 87,738 baseline events):

  Algorithm                        |   Evt Recall |   Auth Recall |  Relay OK% |     TTFE |      p50 |      p80 | Timeouts
  ---------------------------------+--------------+---------------+------------+----------+----------+----------+---------
  Ditto-Mew (4 app relays)         |         5.0% |         67.1% |      75.0% |     1.1s |     3.1s |     3.1s |        0
  Ditto+Outbox Thompson (seed=0, single run) |        12.2% |         78.4% |      65.0% |     1.0s |     3.3s |     3.9s |        0

  Per-author recall distribution:
  Algorithm                        |   Median |  % at 0% |      p25 |      p75
  ---------------------------------+----------+----------+----------+---------
  Ditto-Mew (4 app relays)         |     5.4% |    32.9% |     0.0% |    42.7%
  Ditto+Outbox Thompson (seed=0, single run) |    17.9% |    21.6% |     0.5% |   100.0%

  Latency simulation (parallel relay query):
  Algorithm                        |     TTFE |      p50 |      p80 |      Max |   TO |   TO Tax |   Relays |   Events
  ---------------------------------+----------+----------+----------+----------+------+----------+----------+---------
  Ditto-Mew (4 app relays)         |     1.1s |     3.1s |     3.1s |     4.5s |    0 |      0ms |    3/3/4 |    5,353
  Ditto+Outbox Thompson (seed=0, single run) |     1.0s |     3.3s |     3.9s |     5.4s |    0 |      0ms | 13/13/20 |   25,816
  (Relays: with-events/connected/total | TO Tax: ceil(timeouts/concurrency) × EOSE timeout)

  Progressive completeness (% of recall achieved by time):
  Algorithm                        |      @1s |      @2s |      @5s |     @10s |     @15s
  ---------------------------------+----------+----------+----------+----------+---------
  Ditto-Mew (4 app relays)         |     0.0% |    10.9% |   100.0% |   100.0% |   100.0%
  Ditto+Outbox Thompson (seed=0, single run) |     0.0% |     5.7% |    99.4% |   100.0% |   100.0%

  EOSE-race simulation (stop after first EOSE + grace period):
  Algorithm                        |     +0ms |   +200ms |   +500ms |      +1s |      +2s
  ---------------------------------+----------+----------+----------+----------+---------
  Ditto-Mew (4 app relays)         |    10.9% |    10.9% |    10.9% |    10.9% |    51.1%
  Ditto+Outbox Thompson (seed=0, single run) |     1.3% |     5.7% |     5.7% |    21.4% |    66.5%
  (First EOSE: Ditto-Mew (4 app relays)=1.4s, Ditto+Outbox Thompson (seed=0, single run)=1.4s)

  Profile-view latency (per-author outbox query, top 3 write relays):
    Authors simulated: 262 | Hit rate: 96.9%
    TTFE: 1.3s median, 1.4s mean, 2.1s p95
    Relays/profile: 2.9 queried, 1.9 with events, 0.01 timeouts

  Feed vs profile-view TTFE comparison:
  Algorithm                        |  Feed TTFE |  Profile TTFE |    Delta
  ---------------------------------+------------+---------------+---------
  Ditto-Mew (4 app relays)         |       1.1s |          1.3s |   +203ms
  Ditto+Outbox Thompson (seed=0, single run) |       1.0s |          1.3s |   +306ms

  Including partial-baseline authors (262 testable authors, 90,185 baseline events):

  Algorithm                        |   Evt Recall |   Auth Recall
  ---------------------------------+--------------+--------------
  Ditto-Mew (4 app relays)         |         5.1% |         66.0%
  Ditto+Outbox Thompson (seed=0, single run) |        12.6% |         79.0%

JSON results written to: results/97c70a44366a6535_1772935024059.json
