[0m[32mTask[0m [0m[36mbench[0m deno run --allow-net --allow-read --allow-write main.ts "97c70a44366a6535c145b333f973ea86dfdc2d7a99da618c40c64705ad98e322" "--algorithms" "ditto-mew,ditto-outbox" "--verify" "--verify-window" "94608000" "--verify-concurrency" "10" "--no-phase2-cache" "--fast" "--output" "both"
Target: 97c70a44366a6535...
Seed: 0 | Filter: strict | Runs: 3
Using cached data (fetched 2026-03-08T02:34:36.108Z)

=== Fetch Quality ===
Indexers: wss://purplepag.es (453 events, 1268ms), wss://relay.damus.io (298 events, 820ms), wss://nos.lol (401 events, 853ms)
Follows: 452 | With relay list: 394 (87.2%) | Missing: 58 (12.8%) | Filtered-to-empty: 9
Filter profile: strict | Filtered URLs: 141 (6 localhost, 13 insecure ws, 8 IP-only, 114 known-bad)
Unique valid write relays: 481 | Seed: 0

=== Regime A: Fixed 20 Connections ===
  Algorithm                      |  Relays |   Assign% |  Orphans |  Alg.Orph |  Avg/pk |   Gini |    HHI
  -------------------------------+---------+-----------+----------+-----------+---------+--------+-------
  Ditto-Mew (4 app relays)       |       4 |    100.0% |        0 |       -58 |     4.0 |   0.00 |  0.250
  Ditto+Outbox Thompson (cap@20) |      20 |    100.0% (0.0sd) |        0 |       -58 |     5.1 |   0.64 |  0.157

=== Phase 2: Event Verification ===
Window: 94608000s | Kinds: 1 | Concurrency: 10
[baseline] Querying 481 relays for 394 authors (window: 94608000s)
[pool] CLOSED from wss://filter.nostr.wine/npub10awzknjg5r5lajnr53438ndcyjylgqsrnrtq5grs495v42qc6awsj45ys7: auth-required: please authenticate before sending REQs
[pool] CLOSED from wss://filter.nostr.wine/npub1t5wc8h37uhkau9tsw82sjxndq04d3n8p634utpdfvs4tm5xmt2sqgk6dke: auth-required: please authenticate before sending REQs
[pool] CLOSED from wss://filter.nostr.wine/npub1z4m7gkva6yxgvdyclc7zp0vz4ta0s2d9jh8g83w03tp5vdf3kzdsxana6p: auth-required: please authenticate before sending REQs
[baseline] Progress: 50/481 relays queried
[pool] CLOSED from wss://filter.nostr.wine/npub1xv6axulxcx6mce5mfvfzpsy89r4gee3zuknulm45cqqpmyw7680q5pxea6: auth-required: please authenticate before sending REQs
[pool] CLOSED from wss://hole.v0l.io: error: queries not allowed
[pool] CLOSED from wss://relay.getalby.com/v1: blocked: Request rejected
[baseline] Progress: 100/481 relays queried
[pool] CLOSED from wss://greensoul.space: auth-required: only authenticated users can read from this relay
[pool] CLOSED from wss://filter.nostr.wine/npub1pwtrrydty95q5ces0tkm2r7hkqfe9jwxhmmee5xwke6g4lz70l7sd8pf5t: auth-required: please authenticate before sending REQs
[pool] CLOSED from wss://filter.nostr.wine/npub1rtlqca8r6auyaw5n5h3l5422dm4sry5dzfee4696fqe8s6qgudks7djtfs: auth-required: please authenticate before sending REQs
[pool] CLOSED from wss://filter.nostr.wine/npub1sjjz60h6fqqcuxrsyl3thhgpx2z6ylv047tslqar26ga0chp5vgq7404nu: auth-required: please authenticate before sending REQs
[baseline] Progress: 150/481 relays queried
[pool] CLOSED from wss://filter.nostr.wine/npub1fjj025e7grd9upgg09k5p8ntkdd9pvn0cvzrg4sh4vqhrq7c8tqqz3teuy: auth-required: please authenticate before sending REQs
[pool] CLOSED from wss://sendit.nosflare.com: restricted: this relay does not accept REQs
[pool] CLOSED from wss://relay.nosflare.com: auth-required: authentication required to subscribe
[pool] CLOSED from wss://filter.nostr.wine/npub19mun7qwdyjf7qs3456u8kyxncjn5u2n7klpu4utgy68k4aenzj6synjnft: auth-required: please authenticate before sending REQs
[pool] CLOSED from wss://filter.nostr.wine/npub1s5yq6wadwrxde4lhfs56gn64hwzuhnfa6r9mj476r5s4hkunzgzqrs6q7z: auth-required: please authenticate before sending REQs
[baseline] Progress: 200/481 relays queried
[pool] CLOSED from wss://creatr.nostr.wine: auth-required: please authenticate before sending REQs
[pool] CLOSED from wss://inbox.nostr.wine: blocked: this relay does not store any of the kinds in this request
[pool] CLOSED from wss://david.nostr1.com: auth-required: you must auth
[pool] CLOSED from wss://filter.nostr.wine/npub14qz92uedt0a8jte8jqg63jr3s5cc99cej36jh883z6tprlu354uqqe2q26: auth-required: please authenticate before sending REQs
[pool] CLOSED from wss://filter.nostr.wine/npub1xsf5h8suhveztq4u5spq5wwvzftqxmglt6vwllxg8z6zrlpqn4yqrulu9v: auth-required: please authenticate before sending REQs
[baseline] Progress: 250/481 relays queried
[pool] CLOSED from wss://relay.shawnyeager.com/private: auth-required: all requests must be authenticated
[pool] CLOSED from wss://relay.shawnyeager.com/chat: auth-required: all requests must be authenticated
[pool] CLOSED from wss://auth.nostr1.com: auth-required: you must auth
[pool] CLOSED from wss://filter.nostr.wine/npub18zx8lw3947pghsgzqv2t0x8pe767sscag5djgj5afr755xkqd97qt530pr: auth-required: please authenticate before sending REQs
[pool] CLOSED from wss://filter.nostr.wine/npub16zxfxy5ltnp992gp006jlyy9qc93qanzpfvv66fznvc7xul0ej0suk5dzc: auth-required: please authenticate before sending REQs
[baseline] Progress: 300/481 relays queried
[pool] CLOSED from wss://filter.nostr.wine/npub13fz04jej7nktvtvg24dj926a5ctcmaw6ekp9028eux3pz3csxdrqgd77yu: auth-required: please authenticate before sending REQs
[pool] CLOSED from wss://filter.nostr.wine/npub1509xrunw545q4aqj2kp3ewyxgfmegyq4m76vuz9ts4ht23sj4qmq4ehven: auth-required: please authenticate before sending REQs
[pool] CLOSED from wss://aggr.nostr.land: auth-required: auth required for aggregator
[pool] CLOSED from wss://bostr.erechorse.com: auth-required: authentication is required to perform this action.
[baseline] Progress: 350/481 relays queried
[pool] CLOSED from wss://filter.nostr.wine/npub1t0nyg64g5vwprva52wlcmt7fkdr07v5dr7s35raq9g0xgc0k4xcsedjgqv: auth-required: please authenticate before sending REQs
[pool] CLOSED from wss://relay.nsec.app: blocked: we only keep kind 24133 or 24135
[pool] CLOSED from wss://filter.nostr.wine/npub1du6sgl90wse0cz44fg50a4kg9ea4sgctlxps90ccx58lw8ssgv9qhjyf3c: auth-required: please authenticate before sending REQs
[pool] CLOSED from wss://filter.nostr.wine/npub1p4kg8zxukpym3h20erfa3samj00rm2gt4q5wfuyu3tg0x3jg3gesvncxf8: auth-required: please authenticate before sending REQs
[baseline] Progress: 400/481 relays queried
[pool] CLOSED from wss://relay.danieldaquino.me/chat: blocked: you must be in the web of trust to chat with the relay owner
[pool] CLOSED from wss://relay.danieldaquino.me/private: auth-required: this query requires you to be authenticated
[pool] CLOSED from wss://relay.albylabs.com: blocked: Request rejected
[baseline] Progress: 450/481 relays queried
[pool] CLOSED from wss://aplaceinthesun.nostr1.com: auth-required: you must auth
[baseline] Progress: 481/481 relays queried
[phase2] Subscription timeouts (no EOSE): 14
[phase2] CLOSED messages received: 37
  wss://filter.nostr.wine/npub10awzknjg5r5lajnr53438ndcyjylgqsrnrtq5grs495v42qc6awsj45ys7: auth-required: please authenticate before sending REQs
  wss://filter.nostr.wine/npub1t5wc8h37uhkau9tsw82sjxndq04d3n8p634utpdfvs4tm5xmt2sqgk6dke: auth-required: please authenticate before sending REQs
  wss://filter.nostr.wine/npub1z4m7gkva6yxgvdyclc7zp0vz4ta0s2d9jh8g83w03tp5vdf3kzdsxana6p: auth-required: please authenticate before sending REQs
  wss://filter.nostr.wine/npub1xv6axulxcx6mce5mfvfzpsy89r4gee3zuknulm45cqqpmyw7680q5pxea6: auth-required: please authenticate before sending REQs
  wss://hole.v0l.io: error: queries not allowed
  wss://relay.getalby.com/v1: blocked: Request rejected
  wss://greensoul.space: auth-required: only authenticated users can read from this relay
  wss://filter.nostr.wine/npub1pwtrrydty95q5ces0tkm2r7hkqfe9jwxhmmee5xwke6g4lz70l7sd8pf5t: auth-required: please authenticate before sending REQs
  wss://filter.nostr.wine/npub1rtlqca8r6auyaw5n5h3l5422dm4sry5dzfee4696fqe8s6qgudks7djtfs: auth-required: please authenticate before sending REQs
  wss://filter.nostr.wine/npub1sjjz60h6fqqcuxrsyl3thhgpx2z6ylv047tslqar26ga0chp5vgq7404nu: auth-required: please authenticate before sending REQs

=== Phase 2: Event Verification (1095d window) ===
Baseline: 481 relays queried (45.5% success), 1.9min
  Timing: connect 642ms median (1.4s p95) | query 1.1s median (8.9s p95) | 14 timeouts (15 relays)
  Authors: 394 with relay data
    Testable (reliable): 264 | Testable (partial): 5 | Zero events: 109 | Unreliable: 16
  Baseline events: 94,208 (mean 350.2/author, median 83)
  Events per (relay,pubkey) capped at: 10000

  Headline metrics (264 testable-reliable authors, 93,660 baseline events):

  Algorithm                        |   Evt Recall |   Auth Recall |  Relay OK% |     TTFE |      p50 |      p80 | Timeouts
  ---------------------------------+--------------+---------------+------------+----------+----------+----------+---------
  Ditto-Mew (4 app relays)         |         5.4% |         71.6% |     100.0% |    670ms |     7.7s |     8.3s |        0
  Ditto+Outbox Thompson (seed=0, single run) |        12.8% |         82.6% |      85.0% |    670ms |     4.4s |     7.6s |        0

  Per-author recall distribution:
  Algorithm                        |   Median |  % at 0% |      p25 |      p75
  ---------------------------------+----------+----------+----------+---------
  Ditto-Mew (4 app relays)         |     7.0% |    28.4% |     0.0% |    50.0%
  Ditto+Outbox Thompson (seed=0, single run) |    29.2% |    17.4% |     1.2% |   100.0%

  Latency simulation (parallel relay query):
  Algorithm                        |     TTFE |      p50 |      p80 |      Max |   TO |   TO Tax |   Relays |   Events
  ---------------------------------+----------+----------+----------+----------+------+----------+----------+---------
  Ditto-Mew (4 app relays)         |    670ms |     7.7s |     8.3s |    11.1s |    0 |      0ms |    4/4/4 |    8,354
  Ditto+Outbox Thompson (seed=0, single run) |    670ms |     4.4s |     7.6s |    11.4s |    0 |      0ms | 17/17/20 |   30,317
  (Relays: with-events/connected/total | TO Tax: ceil(timeouts/concurrency) × EOSE timeout)

  Progressive completeness (% of recall achieved by time):
  Algorithm                        |      @1s |      @2s |      @5s |     @10s |     @15s
  ---------------------------------+----------+----------+----------+----------+---------
  Ditto-Mew (4 app relays)         |     0.0% |     0.0% |     9.8% |    75.3% |   100.0%
  Ditto+Outbox Thompson (seed=0, single run) |     0.0% |     0.2% |    41.7% |    83.2% |   100.0%

  EOSE-race simulation (stop after first EOSE + grace period):
  Algorithm                        |     +0ms |   +200ms |   +500ms |      +1s |      +2s
  ---------------------------------+----------+----------+----------+----------+---------
  Ditto-Mew (4 app relays)         |     9.8% |     9.8% |     9.8% |     9.8% |     9.8%
  Ditto+Outbox Thompson (seed=0, single run) |     0.2% |     0.2% |     0.2% |     4.1% |     8.0%
  (First EOSE: Ditto-Mew (4 app relays)=3.3s, Ditto+Outbox Thompson (seed=0, single run)=1.1s)

  Profile-view latency (per-author outbox query, top 3 write relays):
    Authors simulated: 269 | Hit rate: 99.3%
    TTFE: 914ms median, 1.3s mean, 2.8s p95
    Relays/profile: 2.9 queried, 2.4 with events, 0.02 timeouts

  Feed vs profile-view TTFE comparison:
  Algorithm                        |  Feed TTFE |  Profile TTFE |    Delta
  ---------------------------------+------------+---------------+---------
  Ditto-Mew (4 app relays)         |      670ms |         914ms |   +244ms
  Ditto+Outbox Thompson (seed=0, single run) |      670ms |         914ms |   +244ms

  Including partial-baseline authors (269 testable authors, 94,208 baseline events):

  Algorithm                        |   Evt Recall |   Auth Recall
  ---------------------------------+--------------+--------------
  Ditto-Mew (4 app relays)         |         5.4% |         71.7%
  Ditto+Outbox Thompson (seed=0, single run) |        12.7% |         82.5%

JSON results written to: results/97c70a44366a6535_1772940583490.json
