[0m[32mTask[0m [0m[36mbench[0m deno run --allow-net --allow-read --allow-write main.ts "32e1827635450ebb3c5a7d12c1f8e7b2b514439ac10a67eef3d9fd9c5c68e245" "--algorithms" "ditto-mew,ditto-outbox" "--verify" "--verify-window" "94608000" "--verify-concurrency" "10" "--no-phase2-cache" "--fast" "--output" "both"
Target: 32e1827635450ebb...
Seed: 0 | Filter: strict | Runs: 3
Using cached data (fetched 2026-03-08T01:39:58.986Z)

=== Fetch Quality ===
Indexers: wss://purplepag.es (0 events, 1046ms), wss://relay.damus.io (0 events, 517ms, errors: WebSocket error: NetworkError: failed to connect to WebSocket: Invalid status code 400 Bad Request), wss://nos.lol (506 events, 720ms)
Follows: 879 | With relay list: 496 (56.4%) | Missing: 383 (43.6%) | Filtered-to-empty: 9
Filter profile: strict | Filtered URLs: 183 (8 localhost, 27 insecure ws, 6 IP-only, 140 known-bad, 2 malformed)
Unique valid write relays: 595 | Seed: 0

=== Regime A: Fixed 20 Connections ===
  Algorithm                      |  Relays |   Assign% |  Orphans |  Alg.Orph |  Avg/pk |   Gini |    HHI
  -------------------------------+---------+-----------+----------+-----------+---------+--------+-------
  Ditto-Mew (4 app relays)       |       4 |    100.0% |        0 |      -383 |     4.0 |   0.00 |  0.250
  Ditto+Outbox Thompson (cap@20) |      20 |    100.0% (0.0sd) |        0 |      -383 |     4.8 |   0.68 |  0.177

=== Phase 2: Event Verification ===
Window: 94608000s | Kinds: 1 | Concurrency: 10
[baseline] Querying 595 relays for 496 authors (window: 94608000s)
[pool] CLOSED from wss://filter.nostr.wine/npub19mun7qwdyjf7qs3456u8kyxncjn5u2n7klpu4utgy68k4aenzj6synjnft: auth-required: please authenticate before sending REQs
[pool] CLOSED from wss://filter.nostr.wine/npub12878yzfqrv2pfaepc0fd9v6rq6vmre33wutv2xpvc8teg5rjudvqr3svjm: auth-required: please authenticate before sending REQs
[baseline] Progress: 50/595 relays queried
[pool] CLOSED from wss://aggr.nostr.land: auth-required: auth required for aggregator
[pool] CLOSED from wss://relay.shawnyeager.com/private: auth-required: all requests must be authenticated
[pool] CLOSED from wss://relay.shawnyeager.com/chat: auth-required: all requests must be authenticated
[baseline] Progress: 100/595 relays queried
[pool] CLOSED from wss://filter.nostr.wine/npub1p4kg8zxukpym3h20erfa3samj00rm2gt4q5wfuyu3tg0x3jg3gesvncxf8: auth-required: please authenticate before sending REQs
[pool] CLOSED from wss://relay.nosflare.com: auth-required: authentication required to subscribe
[pool] CLOSED from wss://greensoul.space: auth-required: only authenticated users can read from this relay
[pool] CLOSED from wss://relay.getalby.com/v1: blocked: Request rejected
[baseline] Progress: 150/595 relays queried
[pool] CLOSED from wss://relay.usefusion.ai: restricted: only kind 4 (DM) queries are allowed
[pool] CLOSED from wss://filter.nostr.wine/npub15yjtprn9zh0f49njqdauftwrsk55u27n0dd23gz8pqajtap34nxqwhr3xy: auth-required: please authenticate before sending REQs
[pool] CLOSED from wss://creatr.nostr.wine: auth-required: please authenticate before sending REQs
[pool] CLOSED from wss://filter.nostr.wine/npub1qqqqqqqrxtrcx8vut2vlrqa0c2qn5mmf59hdmflkls8dsyg9vmnqsclxwk: auth-required: please authenticate before sending REQs
[baseline] Progress: 200/595 relays queried
[pool] CLOSED from wss://filter.nostr.wine/npub1aj8h9lefxlqe0jcdqvk6ufa6upe6u6jwr0f23ch0z4uxx6e4jh9sqwxcwg: auth-required: please authenticate before sending REQs
[pool] CLOSED from wss://inbox.nostr.wine: blocked: this relay does not store any of the kinds in this request
[pool] CLOSED from wss://sendit.nosflare.com: restricted: this relay does not accept REQs
[pool] CLOSED from wss://filter.nostr.wine/npub1sjjz60h6fqqcuxrsyl3thhgpx2z6ylv047tslqar26ga0chp5vgq7404nu: auth-required: please authenticate before sending REQs
[pool] CLOSED from wss://filter.nostr.wine/npub1s5yq6wadwrxde4lhfs56gn64hwzuhnfa6r9mj476r5s4hkunzgzqrs6q7z: auth-required: please authenticate before sending REQs
[baseline] Progress: 250/595 relays queried
[pool] CLOSED from wss://filter.nostr.wine/npub1arrnzuwvkqu7vmajtteqvym35raasydp6wxnfckwaugn9kfmjl8sf3fe5c: auth-required: please authenticate before sending REQs
[pool] CLOSED from wss://filter.nostr.wine/npub1du6sgl90wse0cz44fg50a4kg9ea4sgctlxps90ccx58lw8ssgv9qhjyf3c: auth-required: please authenticate before sending REQs
[pool] CLOSED from wss://filter.nostr.wine/npub1rtlqca8r6auyaw5n5h3l5422dm4sry5dzfee4696fqe8s6qgudks7djtfs: auth-required: please authenticate before sending REQs
[pool] CLOSED from wss://filter.nostr.wine/npub1qjgcmlpkeyl8mdkvp4s0xls4ytcux6my606tgfx9xttut907h0zs76lgjw: auth-required: please authenticate before sending REQs
[pool] CLOSED from wss://nostr.dbtc.link: auth-required: NIP-42 auth required
[pool] CLOSED from wss://filter.nostr.wine/npub1t5wc8h37uhkau9tsw82sjxndq04d3n8p634utpdfvs4tm5xmt2sqgk6dke: auth-required: please authenticate before sending REQs
[pool] CLOSED from wss://filter.nostr.wine/npub1csamkk8zu67zl9z4wkp90a462v53q775aqn5q6xzjdkxnkvcpd7srtz4x9: auth-required: please authenticate before sending REQs
[baseline] Progress: 300/595 relays queried
[pool] CLOSED from wss://filter.nostr.wine/npub1taycl7qfuqk9dp0rhkse8lxhz3az9eanjug8j4ympwehvslnetxqkujg5y: auth-required: please authenticate before sending REQs
[pool] CLOSED from wss://filter.nostr.wine/npub1h2jjjgma9ad3nsawqcry64lu76au9aktapxpaz040wc5v32034qq2z2ggw: auth-required: please authenticate before sending REQs
[pool] CLOSED from wss://filter.nostr.wine/npub1zktnungtv85z5uga7wehlk3wsszeupjlrgdkv652nnsluma7v7rqlfur0k: auth-required: please authenticate before sending REQs
[pool] CLOSED from wss://filter.nostr.wine/npub1sdnq9yr3kwzaauhylwty6ttnum6zgcf34s0lwcythjcew8zss8fqlm45zq: auth-required: please authenticate before sending REQs
[pool] CLOSED from wss://auth.nostr1.com: auth-required: you must auth
[pool] CLOSED from wss://filter.nostr.wine/npub1xv6axulxcx6mce5mfvfzpsy89r4gee3zuknulm45cqqpmyw7680q5pxea6: auth-required: please authenticate before sending REQs
[pool] CLOSED from wss://hole.v0l.io: error: queries not allowed
[pool] CLOSED from wss://filter.nostr.wine/npub17xu3rtcu0ftqw03mswa8a2ngz3nsgrs0h0wjv4z942qwvhp8fs3qzcadls: auth-required: please authenticate before sending REQs
[pool] CLOSED from wss://filter.nostr.wine/npub153xmex42x4chdf757hp3q6zxagykkek7pdgwuwd074964dkyha9s82ryu8: auth-required: please authenticate before sending REQs
[baseline] Progress: 350/595 relays queried
[pool] CLOSED from wss://filter.nostr.wine/npub1ngumlqmus6xkrmvvee4yc7swh9h4uk7vpq4ddt7a2jtvkc22y0asrse3pv: auth-required: please authenticate before sending REQs
[pool] CLOSED from wss://filter.nostr.wine/npub1s3vq29fy9ly3k6lvtxytdap7gmc9ct092cfwpmzpemxmfgs9nuvq4uexqx: auth-required: please authenticate before sending REQs
[pool] CLOSED from wss://filter.nostr.wine/npub15dg963ct3r2mzgpdmnk4xtvyd82en9eq2t0v92fqvyve8jj6pesqleq7gf=true: auth-required: please authenticate before sending REQs
[pool] CLOSED from wss://filter.nostr.wine/npub1dld9hn3gsgtkh7atl26s8gd49qfjjkpdw8ztap9mk4n7vhq60y0satfd8s: auth-required: please authenticate before sending REQs
[baseline] Progress: 400/595 relays queried
[pool] CLOSED from wss://filter.nostr.wine/npub1lelkh3hhxw9hdwlcpk6q9t0xt9f7yze0y0nxazvzqjmre3p98x3sthkvyz: auth-required: please authenticate before sending REQs
[pool] CLOSED from wss://filter.nostr.wine/npub14qz92uedt0a8jte8jqg63jr3s5cc99cej36jh883z6tprlu354uqqe2q26: auth-required: please authenticate before sending REQs
[baseline] Progress: 450/595 relays queried
[pool] CLOSED from wss://relay.albylabs.com: blocked: Request rejected
[baseline] Progress: 500/595 relays queried
[pool] CLOSED from wss://filter.nostr.wine/npub1jz005en8k2rz0ug8wexw8s5gjhzxll73sydhg9wu4vplfrzykktsheh5z8: auth-required: please authenticate before sending REQs
[pool] CLOSED from wss://filter.nostr.wine/npub12z8jsett3k6rv9fa2guau5p540qr2xuvjzkr8e432mglafjt99sqkw9zmx: auth-required: please authenticate before sending REQs
[pool] CLOSED from wss://filter.nostr.wine/npub1ym4skeakd7j9ujy9tq8kt3szzw09depa0duhrz4a7v3etvafgu3qrc4ar4: auth-required: please authenticate before sending REQs
[pool] CLOSED from wss://filter.nostr.wine/npub1t0nyg64g5vwprva52wlcmt7fkdr07v5dr7s35raq9g0xgc0k4xcsedjgqv: auth-required: please authenticate before sending REQs
[pool] CLOSED from wss://relay.danieldaquino.me/chat: blocked: you must be in the web of trust to chat with the relay owner
[baseline] Progress: 550/595 relays queried
[pool] CLOSED from wss://relay.danieldaquino.me/private: auth-required: this query requires you to be authenticated
[pool] CLOSED from wss://filter.nostr.wine/npub1hzlwh2kpl6j9azg8554k66jhwpejsfm09uqqwxw7rjlzpvael6qqfmk8l6: auth-required: please authenticate before sending REQs
[pool] CLOSED from wss://filter.nostr.wine/npub1hycynfhz23ardfmf9kgwfw4gpyqj2fsh24r2zuehg4x7lx4kn5cqsqv4y3: auth-required: please authenticate before sending REQs
[pool] CLOSED from wss://filter.nostr.wine/npub1gjd56m6gw0kr4hdpx5z74fvv4tsmzpgcdwj8s47qx6g2u6wt0vjsu6a0tp: auth-required: please authenticate before sending REQs
[baseline] Progress: 595/595 relays queried
[phase2] Subscription timeouts (no EOSE): 16
[phase2] CLOSED messages received: 50
  wss://filter.nostr.wine/npub19mun7qwdyjf7qs3456u8kyxncjn5u2n7klpu4utgy68k4aenzj6synjnft: auth-required: please authenticate before sending REQs
  wss://filter.nostr.wine/npub12878yzfqrv2pfaepc0fd9v6rq6vmre33wutv2xpvc8teg5rjudvqr3svjm: auth-required: please authenticate before sending REQs
  wss://aggr.nostr.land: auth-required: auth required for aggregator
  wss://relay.shawnyeager.com/private: auth-required: all requests must be authenticated
  wss://relay.shawnyeager.com/chat: auth-required: all requests must be authenticated
  wss://filter.nostr.wine/npub1p4kg8zxukpym3h20erfa3samj00rm2gt4q5wfuyu3tg0x3jg3gesvncxf8: auth-required: please authenticate before sending REQs
  wss://relay.nosflare.com: auth-required: authentication required to subscribe
  wss://greensoul.space: auth-required: only authenticated users can read from this relay
  wss://relay.getalby.com/v1: blocked: Request rejected
  wss://relay.usefusion.ai: restricted: only kind 4 (DM) queries are allowed

=== Phase 2: Event Verification (1095d window) ===
Baseline: 595 relays queried (35.3% success), 2.2min
  Timing: connect 636ms median (1.4s p95) | query 1.1s median (15.4s p95) | 16 timeouts (16 relays)
  Authors: 496 with relay data
    Testable (reliable): 312 | Testable (partial): 16 | Zero events: 140 | Unreliable: 28
  Baseline events: 99,529 (mean 303.4/author, median 36)
  Events per (relay,pubkey) capped at: 10000

  Headline metrics (312 testable-reliable authors, 98,139 baseline events):

  Algorithm                        |   Evt Recall |   Auth Recall |  Relay OK% |     TTFE |      p50 |      p80 | Timeouts
  ---------------------------------+--------------+---------------+------------+----------+----------+----------+---------
  Ditto-Mew (4 app relays)         |         6.7% |         69.9% |     100.0% |    740ms |     3.4s |     4.2s |        0
  Ditto+Outbox Thompson (seed=0, single run) |        13.0% |         81.4% |      80.0% |    740ms |     2.9s |     4.5s |        0

  Per-author recall distribution:
  Algorithm                        |   Median |  % at 0% |      p25 |      p75
  ---------------------------------+----------+----------+----------+---------
  Ditto-Mew (4 app relays)         |    10.4% |    30.1% |     0.0% |    57.6%
  Ditto+Outbox Thompson (seed=0, single run) |    50.0% |    18.6% |     2.1% |   100.0%

  Latency simulation (parallel relay query):
  Algorithm                        |     TTFE |      p50 |      p80 |      Max |   TO |   TO Tax |   Relays |   Events
  ---------------------------------+----------+----------+----------+----------+------+----------+----------+---------
  Ditto-Mew (4 app relays)         |    740ms |     3.4s |     4.2s |     5.0s |    0 |      0ms |    4/4/4 |   10,594
  Ditto+Outbox Thompson (seed=0, single run) |    740ms |     2.9s |     4.5s |     5.0s |    0 |      0ms | 16/16/20 |   38,898
  (Relays: with-events/connected/total | TO Tax: ceil(timeouts/concurrency) × EOSE timeout)

  Progressive completeness (% of recall achieved by time):
  Algorithm                        |      @1s |      @2s |      @5s |     @10s |     @15s
  ---------------------------------+----------+----------+----------+----------+---------
  Ditto-Mew (4 app relays)         |     0.0% |     0.0% |    78.2% |   100.0% |   100.0%
  Ditto+Outbox Thompson (seed=0, single run) |     0.0% |     5.9% |    84.7% |   100.0% |   100.0%

  EOSE-race simulation (stop after first EOSE + grace period):
  Algorithm                        |     +0ms |   +200ms |   +500ms |      +1s |      +2s
  ---------------------------------+----------+----------+----------+----------+---------
  Ditto-Mew (4 app relays)         |     7.4% |     7.4% |    74.2% |    74.2% |    74.2%
  Ditto+Outbox Thompson (seed=0, single run) |     2.9% |     2.9% |     7.7% |    53.7% |    57.6%
  (First EOSE: Ditto-Mew (4 app relays)=2.2s, Ditto+Outbox Thompson (seed=0, single run)=1.7s)

  Profile-view latency (per-author outbox query, top 3 write relays):
    Authors simulated: 328 | Hit rate: 98.5%
    TTFE: 1.2s median, 1.2s mean, 1.7s p95
    Relays/profile: 2.9 queried, 2.3 with events, 0.02 timeouts

  Feed vs profile-view TTFE comparison:
  Algorithm                        |  Feed TTFE |  Profile TTFE |    Delta
  ---------------------------------+------------+---------------+---------
  Ditto-Mew (4 app relays)         |      740ms |          1.2s |   +449ms
  Ditto+Outbox Thompson (seed=0, single run) |      740ms |          1.2s |   +449ms

  Including partial-baseline authors (328 testable authors, 99,529 baseline events):

  Algorithm                        |   Evt Recall |   Auth Recall
  ---------------------------------+--------------+--------------
  Ditto-Mew (4 app relays)         |         6.8% |         69.5%
  Ditto+Outbox Thompson (seed=0, single run) |        13.0% |         81.1%

JSON results written to: results/32e1827635450ebb_1772936414231.json
