[0m[32mTask[0m [0m[36mbench[0m deno run --allow-net --allow-read --allow-write main.ts "6a0c596c1484eae2e8131a030f269944921e52619c1dd143a029c64ea6cd9731" "--algorithms" "greedy,greedy-thompson" "--verify" "--verify-window" "94608000" "--verify-concurrency" "10" "--nip66-filter" "liveness" "--no-phase2-cache" "--fast" "--output" "both"
Target: 6a0c596c1484eae2...
Seed: 0 | Filter: strict | Runs: 3
Using cached data (fetched 2026-03-08T05:39:50.571Z)

=== Fetch Quality ===
Indexers: wss://purplepag.es (0 events, 1124ms), wss://relay.damus.io (132 events, 337ms), wss://nos.lol (236 events, 668ms)
Follows: 399 | With relay list: 231 (57.9%) | Missing: 168 (42.1%) | Filtered-to-empty: 8
Filter profile: strict | Filtered URLs: 107 (6 localhost, 32 insecure ws, 7 IP-only, 55 known-bad, 7 malformed)
Unique valid write relays: 566 | Seed: 0
[nip66] Using cached monitor data (1078 relays)

=== NIP-66 Liveness Filter (liveness) ===
Monitor data: 1078 relays
Candidate relays: 566
  Known alive: 184
  Unknown (removed): 382
  .onion preserved: 18
  Parse-failed preserved: 0
  Authors filtered to empty: 2
Relays after filter: 184

=== Regime A: Fixed 20 Connections ===
  Algorithm                      |  Relays |   Assign% |  Orphans |  Alg.Orph |  Avg/pk |   Gini |    HHI
  -------------------------------+---------+-----------+----------+-----------+---------+--------+-------
  Greedy Set-Cover               |      20 |     56.9% |      172 |         4 |     1.9 |   0.79 |  0.263
  Greedy+Thompson                |      20 |     57.0% (0.0sd) | 171.66666666666666 | 3.6666666666666665 |     1.9 |   0.77 |  0.243

=== Phase 2: Event Verification ===
Window: 94608000s | Kinds: 1 | Concurrency: 10
[baseline] Querying 184 relays for 229 authors (window: 94608000s)
[baseline] Progress: 50/184 relays queried
[baseline] Progress: 100/184 relays queried
[pool] CLOSED from wss://auth.nostr1.com: auth-required: you must auth
[pool] CLOSED from wss://relay.getalby.com/v1: blocked: Request rejected
[pool] CLOSED from wss://relay.nostraddress.com: auth-required: authentication required to subscribe
[pool] CLOSED from wss://relay.nsec.app: blocked: we only keep kind 24133 or 24135
[baseline] Progress: 150/184 relays queried
[pool] CLOSED from wss://impromptu.relays.land: auth-required: all requests must be authenticated
[baseline] Progress: 184/184 relays queried
[phase2] Subscription timeouts (no EOSE): 6
[phase2] CLOSED messages received: 5
  wss://auth.nostr1.com: auth-required: you must auth
  wss://relay.getalby.com/v1: blocked: Request rejected
  wss://relay.nostraddress.com: auth-required: authentication required to subscribe
  wss://relay.nsec.app: blocked: we only keep kind 24133 or 24135
  wss://impromptu.relays.land: auth-required: all requests must be authenticated

=== Phase 2: Event Verification (1095d window) ===
Baseline: 184 relays queried (40.8% success), 33s
  Timing: connect 795ms median (2.0s p95) | query 1.2s median (15.9s p95) | 6 timeouts (6 relays)
  Authors: 229 with relay data
    Testable (reliable): 7 | Testable (partial): 25 | Zero events: 1 | Unreliable: 196
  Baseline events: 8,952 (mean 279.8/author, median 38)
  Events per (relay,pubkey) capped at: 10000

  Headline metrics (7 testable-reliable authors, 5,953 baseline events):

  Algorithm                        |   Evt Recall |   Auth Recall |  Relay OK% |     TTFE |      p50 |      p80 | Timeouts
  ---------------------------------+--------------+---------------+------------+----------+----------+----------+---------
  Greedy Set-Cover                 |         4.2% |         14.3% |      15.0% |     4.1s |     4.3s |     4.7s |        1
  Greedy+Thompson (seed=0, single run) |         5.4% |         14.3% |      10.0% |     3.7s |     4.3s |     4.3s |        1

  Per-author recall distribution:
  Algorithm                        |   Median |  % at 0% |      p25 |      p75
  ---------------------------------+----------+----------+----------+---------
  Greedy Set-Cover                 |     0.0% |    85.7% |     0.0% |     0.0%
  Greedy+Thompson (seed=0, single run) |     0.0% |    85.7% |     0.0% |     0.0%

  Latency simulation (parallel relay query):
  Algorithm                        |     TTFE |      p50 |      p80 |      Max |   TO |   TO Tax |   Relays |   Events
  ---------------------------------+----------+----------+----------+----------+------+----------+----------+---------
  Greedy Set-Cover                 |     4.1s |     4.3s |     4.7s |    17.0s |    1 |    15.0s |   1/4/20 |      251
  Greedy+Thompson (seed=0, single run) |     3.7s |     4.3s |     4.3s |    17.0s |    1 |    15.0s |   1/3/20 |      375
  (Relays: with-events/connected/total | TO Tax: ceil(timeouts/concurrency) × EOSE timeout)

  Progressive completeness (% of recall achieved by time):
  Algorithm                        |      @1s |      @2s |      @5s |     @10s |     @15s
  ---------------------------------+----------+----------+----------+----------+---------
  Greedy Set-Cover                 |     0.0% |     0.0% |   100.0% |   100.0% |   100.0%
  Greedy+Thompson (seed=0, single run) |     0.0% |     0.0% |   100.0% |   100.0% |   100.0%

  EOSE-race simulation (stop after first EOSE + grace period):
  Algorithm                        |     +0ms |   +200ms |   +500ms |      +1s |      +2s
  ---------------------------------+----------+----------+----------+----------+---------
  Greedy Set-Cover                 |   100.0% |   100.0% |   100.0% |   100.0% |   100.0%
  Greedy+Thompson (seed=0, single run) |   100.0% |   100.0% |   100.0% |   100.0% |   100.0%
  (First EOSE: Greedy Set-Cover=4.7s, Greedy+Thompson (seed=0, single run)=4.3s)

  Profile-view latency (per-author outbox query, top 3 write relays):
    Authors simulated: 32 | Hit rate: 50.0%
    TTFE: 2.3s median, 2.3s mean, 3.9s p95
    Relays/profile: 2.9 queried, 0.6 with events, 0.03 timeouts

  Feed vs profile-view TTFE comparison:
  Algorithm                        |  Feed TTFE |  Profile TTFE |    Delta
  ---------------------------------+------------+---------------+---------
  Greedy Set-Cover                 |       4.1s |          2.3s |  -1846ms
  Greedy+Thompson (seed=0, single run) |       3.7s |          2.3s |  -1435ms

  Including partial-baseline authors (32 testable authors, 8,952 baseline events):

  Algorithm                        |   Evt Recall |   Auth Recall
  ---------------------------------+--------------+--------------
  Greedy Set-Cover                 |         2.8% |          3.1%
  Greedy+Thompson (seed=0, single run) |         3.6% |          3.1%

=== NIP-66 RTT vs Measured Latency (85 relays, data age: 42min) ===
                             N   Spearman r      MAE    Bias    Top5   Top10   Top20
------------------------  ----  -----------  -------  ------  ------  ------  ------
rttOpen vs connect          85        -0.09    963ms    0.7x    0.0%    0.0%   10.0%
rttRead vs query            76        -0.12     1.2s    4.7x    0.0%    0.0%   15.0%
(Bias = measured/nip66, >1 = NIP-66 underestimates. TopK = overlap of K fastest relays.)
Monitor: b2c949c0fb79..., 9bbbb845e5b6..., 9ba1d7892cd0..., 9b85d54cc4bc..., 9ba0ce3dcc28..., http-api..., 9bb7cd94d7b6..., 0b01aa38c2cc..., 9ba046db56b8..., 9ba6484003e8...

JSON results written to: results/6a0c596c1484eae2_1772951526004.json
