[0m[32mTask[0m [0m[36mbench[0m deno run --allow-net --allow-read --allow-write main.ts "97c70a44366a6535c145b333f973ea86dfdc2d7a99da618c40c64705ad98e322" "--algorithms" "greedy,greedy-thompson" "--verify" "--verify-window" "94608000" "--verify-concurrency" "10" "--nip66-filter" "liveness" "--no-phase2-cache" "--fast" "--output" "both"
Target: 97c70a44366a6535...
Seed: 0 | Filter: strict | Runs: 3
Using cached data (fetched 2026-03-08T05:02:33.289Z)

=== Fetch Quality ===
Indexers: wss://purplepag.es (453 events, 1183ms), wss://relay.damus.io (0 events, 474ms, errors: WebSocket error: NetworkError: failed to connect to WebSocket: Invalid status code 400 Bad Request), wss://nos.lol (401 events, 750ms)
Follows: 452 | With relay list: 392 (86.7%) | Missing: 60 (13.3%) | Filtered-to-empty: 9
Filter profile: strict | Filtered URLs: 141 (6 localhost, 13 insecure ws, 8 IP-only, 114 known-bad)
Unique valid write relays: 481 | Seed: 0
[nip66] Using cached monitor data (1068 relays)

=== NIP-66 Liveness Filter (liveness) ===
Monitor data: 1068 relays
Candidate relays: 481
  Known alive: 252
  Unknown (removed): 229
  .onion preserved: 10
  Parse-failed preserved: 0
  Authors filtered to empty: 3
Relays after filter: 252

=== Regime A: Fixed 20 Connections ===
  Algorithm                      |  Relays |   Assign% |  Orphans |  Alg.Orph |  Avg/pk |   Gini |    HHI
  -------------------------------+---------+-----------+----------+-----------+---------+--------+-------
  Greedy Set-Cover               |      20 |     84.1% |       72 |        12 |     1.9 |   0.79 |  0.305
  Greedy+Thompson                |      20 |     84.6% (0.0sd) | 69.66666666666667 | 9.666666666666666 |     1.9 |   0.78 |  0.276

=== Phase 2: Event Verification ===
Window: 94608000s | Kinds: 1 | Concurrency: 10
[baseline] Querying 252 relays for 389 authors (window: 94608000s)
[pool] CLOSED from wss://hole.v0l.io: error: queries not allowed
[pool] CLOSED from wss://relay.getalby.com/v1: blocked: Request rejected
[baseline] Progress: 50/252 relays queried
[pool] CLOSED from wss://greensoul.space: auth-required: only authenticated users can read from this relay
[pool] CLOSED from wss://sendit.nosflare.com: restricted: this relay does not accept REQs
[pool] CLOSED from wss://relay.nosflare.com: auth-required: authentication required to subscribe
[baseline] Progress: 100/252 relays queried
[pool] CLOSED from wss://creatr.nostr.wine: auth-required: please authenticate before sending REQs
[pool] CLOSED from wss://inbox.nostr.wine: blocked: this relay does not store any of the kinds in this request
[pool] CLOSED from wss://david.nostr1.com: auth-required: you must auth
[pool] CLOSED from wss://relay.shawnyeager.com/chat: auth-required: all requests must be authenticated
[pool] CLOSED from wss://auth.nostr1.com: auth-required: you must auth
[baseline] Progress: 150/252 relays queried
[pool] CLOSED from wss://aggr.nostr.land: auth-required: auth required for aggregator
[pool] CLOSED from wss://bostr.erechorse.com: auth-required: authentication is required to perform this action.
[pool] CLOSED from wss://relay.nsec.app: blocked: we only keep kind 24133 or 24135
[baseline] Progress: 200/252 relays queried
[pool] CLOSED from wss://relay.albylabs.com: blocked: Request rejected
[pool] CLOSED from wss://relay.danieldaquino.me/private: auth-required: this query requires you to be authenticated
[pool] CLOSED from wss://aplaceinthesun.nostr1.com: auth-required: you must auth
[baseline] Progress: 250/252 relays queried
[baseline] Progress: 252/252 relays queried
[phase2] Subscription timeouts (no EOSE): 15
[phase2] CLOSED messages received: 16
  wss://hole.v0l.io: error: queries not allowed
  wss://relay.getalby.com/v1: blocked: Request rejected
  wss://greensoul.space: auth-required: only authenticated users can read from this relay
  wss://sendit.nosflare.com: restricted: this relay does not accept REQs
  wss://relay.nosflare.com: auth-required: authentication required to subscribe
  wss://creatr.nostr.wine: auth-required: please authenticate before sending REQs
  wss://inbox.nostr.wine: blocked: this relay does not store any of the kinds in this request
  wss://david.nostr1.com: auth-required: you must auth
  wss://relay.shawnyeager.com/chat: auth-required: all requests must be authenticated
  wss://auth.nostr1.com: auth-required: you must auth

=== Phase 2: Event Verification (1095d window) ===
Baseline: 252 relays queried (81.0% success), 1.0min
  Timing: connect 659ms median (1.1s p95) | query 1.1s median (15.5s p95) | 15 timeouts (15 relays)
  Authors: 389 with relay data
    Testable (reliable): 267 | Testable (partial): 0 | Zero events: 121 | Unreliable: 1
  Baseline events: 88,406 (mean 331.1/author, median 76)
  Events per (relay,pubkey) capped at: 10000

  Headline metrics (267 testable-reliable authors, 88,406 baseline events):

  Algorithm                        |   Evt Recall |   Auth Recall |  Relay OK% |     TTFE |      p50 |      p80 | Timeouts
  ---------------------------------+--------------+---------------+------------+----------+----------+----------+---------
  Greedy Set-Cover                 |        11.6% |         80.1% |     100.0% |    720ms |     2.6s |     3.1s |        0
  Greedy+Thompson (seed=0, single run) |        11.5% |         80.5% |     100.0% |    720ms |     2.6s |     3.1s |        0

  Per-author recall distribution:
  Algorithm                        |   Median |  % at 0% |      p25 |      p75
  ---------------------------------+----------+----------+----------+---------
  Greedy Set-Cover                 |    14.7% |    19.9% |     0.8% |    79.3%
  Greedy+Thompson (seed=0, single run) |    16.7% |    19.5% |     0.8% |    85.8%

  Latency simulation (parallel relay query):
  Algorithm                        |     TTFE |      p50 |      p80 |      Max |   TO |   TO Tax |   Relays |   Events
  ---------------------------------+----------+----------+----------+----------+------+----------+----------+---------
  Greedy Set-Cover                 |    720ms |     2.6s |     3.1s |    14.3s |    0 |      0ms | 19/20/20 |   40,123
  Greedy+Thompson (seed=0, single run) |    720ms |     2.6s |     3.1s |     4.1s |    0 |      0ms | 19/20/20 |   40,373
  (Relays: with-events/connected/total | TO Tax: ceil(timeouts/concurrency) × EOSE timeout)

  Progressive completeness (% of recall achieved by time):
  Algorithm                        |      @1s |      @2s |      @5s |     @10s |     @15s
  ---------------------------------+----------+----------+----------+----------+---------
  Greedy Set-Cover                 |     0.0% |    37.7% |    99.8% |    99.8% |   100.0%
  Greedy+Thompson (seed=0, single run) |     0.0% |    34.3% |   100.0% |   100.0% |   100.0%

  EOSE-race simulation (stop after first EOSE + grace period):
  Algorithm                        |     +0ms |   +200ms |   +500ms |      +1s |      +2s
  ---------------------------------+----------+----------+----------+----------+---------
  Greedy Set-Cover                 |     0.2% |     6.7% |    36.1% |    44.0% |    79.7%
  Greedy+Thompson (seed=0, single run) |     0.2% |     1.6% |    32.7% |    40.6% |    80.6%
  (First EOSE: Greedy Set-Cover=1.3s, Greedy+Thompson (seed=0, single run)=1.3s)

  Profile-view latency (per-author outbox query, top 3 write relays):
    Authors simulated: 267 | Hit rate: 100.0%
    TTFE: 720ms median, 975ms mean, 1.6s p95
    Relays/profile: 2.9 queried, 2.7 with events, 0.03 timeouts

  Feed vs profile-view TTFE comparison:
  Algorithm                        |  Feed TTFE |  Profile TTFE |    Delta
  ---------------------------------+------------+---------------+---------
  Greedy Set-Cover                 |      720ms |         720ms |     +0ms
  Greedy+Thompson (seed=0, single run) |      720ms |         720ms |     +0ms

=== NIP-66 RTT vs Measured Latency (230 relays, data age: 64min) ===
                             N   Spearman r      MAE    Bias    Top5   Top10   Top20
------------------------  ----  -----------  -------  ------  ------  ------  ------
rttOpen vs connect         230        -0.11    936ms    0.6x    0.0%    0.0%    5.0%
rttRead vs query           201        -0.21     1.3s    4.4x    0.0%    0.0%    0.0%
(Bias = measured/nip66, >1 = NIP-66 underestimates. TopK = overlap of K fastest relays.)
Monitor: 9bbbb845e5b6..., 0b01aa38c2cc..., 9ba0ce3dcc28..., 9b85d54cc4bc..., http-api..., b2c949c0fb79..., 9ba1d7892cd0..., 63019a1fc7c4...

JSON results written to: results/97c70a44366a6535_1772948998542.json
