[0m[32mTask[0m [0m[36mbench[0m deno run --allow-net --allow-read --allow-write main.ts "97c70a44366a6535c145b333f973ea86dfdc2d7a99da618c40c64705ad98e322" "--algorithms" "greedy,greedy-thompson" "--verify" "--verify-window" "94608000" "--verify-concurrency" "10" "--nip66-filter" "liveness" "--no-phase2-cache" "--fast" "--output" "both"
Target: 97c70a44366a6535...
Seed: 0 | Filter: strict | Runs: 3
Using cached data (fetched 2026-03-08T06:07:01.178Z)

=== Fetch Quality ===
Indexers: wss://purplepag.es (0 events, 1011ms), wss://relay.damus.io (298 events, 283ms), wss://nos.lol (401 events, 618ms)
Follows: 452 | With relay list: 393 (86.9%) | Missing: 59 (13.1%) | Filtered-to-empty: 9
Filter profile: strict | Filtered URLs: 140 (6 localhost, 13 insecure ws, 7 IP-only, 114 known-bad)
Unique valid write relays: 479 | Seed: 0
[nip66] Using cached monitor data (1078 relays)

=== NIP-66 Liveness Filter (liveness) ===
Monitor data: 1078 relays
Candidate relays: 479
  Known alive: 251
  Unknown (removed): 228
  .onion preserved: 10
  Parse-failed preserved: 0
  Authors filtered to empty: 3
Relays after filter: 251

=== Regime A: Fixed 20 Connections ===
  Algorithm                      |  Relays |   Assign% |  Orphans |  Alg.Orph |  Avg/pk |   Gini |    HHI
  -------------------------------+---------+-----------+----------+-----------+---------+--------+-------
  Greedy Set-Cover               |      20 |     84.3% |       71 |        12 |     1.9 |   0.79 |  0.306
  Greedy+Thompson                |      20 |     84.8% (0.0sd) | 68.66666666666667 | 9.666666666666666 |     1.9 |   0.78 |  0.278

=== Phase 2: Event Verification ===
Window: 94608000s | Kinds: 1 | Concurrency: 10
[baseline] Querying 251 relays for 390 authors (window: 94608000s)
[pool] CLOSED from wss://hole.v0l.io: error: queries not allowed
[baseline] Progress: 50/251 relays queried
[pool] CLOSED from wss://relay.getalby.com/v1: blocked: Request rejected
[pool] CLOSED from wss://greensoul.space: auth-required: only authenticated users can read from this relay
[pool] CLOSED from wss://sendit.nosflare.com: restricted: this relay does not accept REQs
[pool] CLOSED from wss://relay.nosflare.com: auth-required: authentication required to subscribe
[baseline] Progress: 100/251 relays queried
[pool] CLOSED from wss://creatr.nostr.wine: auth-required: please authenticate before sending REQs
[pool] CLOSED from wss://inbox.nostr.wine: blocked: this relay does not store any of the kinds in this request
[pool] CLOSED from wss://david.nostr1.com: auth-required: you must auth
[pool] CLOSED from wss://relay.shawnyeager.com/chat: auth-required: all requests must be authenticated
[pool] CLOSED from wss://auth.nostr1.com: auth-required: you must auth
[baseline] Progress: 150/251 relays queried
[pool] CLOSED from wss://aggr.nostr.land: auth-required: auth required for aggregator
[pool] CLOSED from wss://bostr.erechorse.com: auth-required: authentication is required to perform this action.
[pool] CLOSED from wss://relay.nsec.app: blocked: we only keep kind 24133 or 24135
[baseline] Progress: 200/251 relays queried
[pool] CLOSED from wss://relay.danieldaquino.me/private: auth-required: this query requires you to be authenticated
[pool] CLOSED from wss://relay.albylabs.com: blocked: Request rejected
[pool] CLOSED from wss://aplaceinthesun.nostr1.com: auth-required: you must auth
[baseline] Progress: 250/251 relays queried
[baseline] Progress: 251/251 relays queried
[phase2] Subscription timeouts (no EOSE): 15
[phase2] CLOSED messages received: 16
  wss://hole.v0l.io: error: queries not allowed
  wss://relay.getalby.com/v1: blocked: Request rejected
  wss://greensoul.space: auth-required: only authenticated users can read from this relay
  wss://sendit.nosflare.com: restricted: this relay does not accept REQs
  wss://relay.nosflare.com: auth-required: authentication required to subscribe
  wss://creatr.nostr.wine: auth-required: please authenticate before sending REQs
  wss://inbox.nostr.wine: blocked: this relay does not store any of the kinds in this request
  wss://david.nostr1.com: auth-required: you must auth
  wss://relay.shawnyeager.com/chat: auth-required: all requests must be authenticated
  wss://auth.nostr1.com: auth-required: you must auth

=== Phase 2: Event Verification (1095d window) ===
Baseline: 251 relays queried (80.1% success), 1.2min
  Timing: connect 728ms median (1.4s p95) | query 1.3s median (15.6s p95) | 15 timeouts (15 relays)
  Authors: 390 with relay data
    Testable (reliable): 264 | Testable (partial): 1 | Zero events: 122 | Unreliable: 3
  Baseline events: 93,061 (mean 351.2/author, median 74)
  Events per (relay,pubkey) capped at: 10000

  Headline metrics (264 testable-reliable authors, 93,059 baseline events):

  Algorithm                        |   Evt Recall |   Auth Recall |  Relay OK% |     TTFE |      p50 |      p80 | Timeouts
  ---------------------------------+--------------+---------------+------------+----------+----------+----------+---------
  Greedy Set-Cover                 |        10.4% |         79.2% |      95.0% |    920ms |     2.8s |     4.1s |        0
  Greedy+Thompson (seed=0, single run) |         9.2% |         78.4% |      95.0% |    920ms |     2.6s |     3.9s |        0

  Per-author recall distribution:
  Algorithm                        |   Median |  % at 0% |      p25 |      p75
  ---------------------------------+----------+----------+----------+---------
  Greedy Set-Cover                 |    12.6% |    20.8% |     0.5% |    72.7%
  Greedy+Thompson (seed=0, single run) |    12.2% |    21.6% |     0.4% |    72.7%

  Latency simulation (parallel relay query):
  Algorithm                        |     TTFE |      p50 |      p80 |      Max |   TO |   TO Tax |   Relays |   Events
  ---------------------------------+----------+----------+----------+----------+------+----------+----------+---------
  Greedy Set-Cover                 |    920ms |     2.8s |     4.1s |    14.7s |    0 |      0ms | 18/19/20 |   37,125
  Greedy+Thompson (seed=0, single run) |    920ms |     2.6s |     3.9s |    14.7s |    0 |      0ms | 18/19/20 |   36,330
  (Relays: with-events/connected/total | TO Tax: ceil(timeouts/concurrency) × EOSE timeout)

  Progressive completeness (% of recall achieved by time):
  Algorithm                        |      @1s |      @2s |      @5s |     @10s |     @15s
  ---------------------------------+----------+----------+----------+----------+---------
  Greedy Set-Cover                 |     0.0% |     1.7% |    88.2% |    99.6% |   100.0%
  Greedy+Thompson (seed=0, single run) |     0.0% |     3.4% |    99.8% |    99.8% |   100.0%

  EOSE-race simulation (stop after first EOSE + grace period):
  Algorithm                        |     +0ms |   +200ms |   +500ms |      +1s |      +2s
  ---------------------------------+----------+----------+----------+----------+---------
  Greedy Set-Cover                 |     0.2% |     0.2% |     1.7% |    31.9% |    32.4%
  Greedy+Thompson (seed=0, single run) |     0.2% |     1.7% |     3.4% |    37.4% |    38.2%
  (First EOSE: Greedy Set-Cover=1.4s, Greedy+Thompson (seed=0, single run)=1.4s)

  Profile-view latency (per-author outbox query, top 3 write relays):
    Authors simulated: 265 | Hit rate: 100.0%
    TTFE: 1.3s median, 1.5s mean, 2.1s p95
    Relays/profile: 2.9 queried, 2.2 with events, 0.02 timeouts

  Feed vs profile-view TTFE comparison:
  Algorithm                        |  Feed TTFE |  Profile TTFE |    Delta
  ---------------------------------+------------+---------------+---------
  Greedy Set-Cover                 |      920ms |          1.3s |   +423ms
  Greedy+Thompson (seed=0, single run) |      920ms |          1.3s |   +423ms

  Including partial-baseline authors (265 testable authors, 93,061 baseline events):

  Algorithm                        |   Evt Recall |   Auth Recall
  ---------------------------------+--------------+--------------
  Greedy Set-Cover                 |        10.4% |         79.2%
  Greedy+Thompson (seed=0, single run) |         9.2% |         78.5%

=== NIP-66 RTT vs Measured Latency (228 relays, data age: 35min) ===
                             N   Spearman r      MAE    Bias    Top5   Top10   Top20
------------------------  ----  -----------  -------  ------  ------  ------  ------
rttOpen vs connect         228         0.03    875ms    0.8x    0.0%    0.0%    0.0%
rttRead vs query           200         0.04     1.5s    6.2x    0.0%    0.0%    0.0%
(Bias = measured/nip66, >1 = NIP-66 underestimates. TopK = overlap of K fastest relays.)
Monitor: 9ba1d7892cd0..., 9bbbb845e5b6..., 0b01aa38c2cc..., b2c949c0fb79..., 9b85d54cc4bc..., http-api..., 9bb7cd94d7b6..., 9ba0ce3dcc28...

JSON results written to: results/97c70a44366a6535_1772951092950.json
