[0m[32mTask[0m [0m[36mbench[0m deno run --allow-net --allow-read --allow-write main.ts "32e1827635450ebb3c5a7d12c1f8e7b2b514439ac10a67eef3d9fd9c5c68e245" "--algorithms" "greedy,greedy-thompson" "--verify" "--verify-window" "94608000" "--verify-concurrency" "10" "--nip66-filter" "liveness" "--no-phase2-cache" "--fast" "--output" "both"
Target: 32e1827635450ebb...
Seed: 0 | Filter: strict | Runs: 3
Using cached data (fetched 2026-03-08T04:21:15.452Z)

=== Fetch Quality ===
Indexers: wss://purplepag.es (0 events, 1074ms), wss://relay.damus.io (453 events, 297ms), wss://nos.lol (659 events, 963ms)
Follows: 908 | With relay list: 647 (71.3%) | Missing: 261 (28.7%) | Filtered-to-empty: 13
Filter profile: strict | Filtered URLs: 239 (6 localhost, 33 insecure ws, 6 IP-only, 192 known-bad, 2 malformed)
Unique valid write relays: 726 | Seed: 0
[nip66] Using cached monitor data (1068 relays)

=== NIP-66 Liveness Filter (liveness) ===
Monitor data: 1068 relays
Candidate relays: 726
  Known alive: 296
  Unknown (removed): 430
  .onion preserved: 12
  Parse-failed preserved: 0
  Authors filtered to empty: 1
Relays after filter: 296

=== Regime A: Fixed 20 Connections ===
  Algorithm                      |  Relays |   Assign% |  Orphans |  Alg.Orph |  Avg/pk |   Gini |    HHI
  -------------------------------+---------+-----------+----------+-----------+---------+--------+-------
  Greedy Set-Cover               |      20 |     70.3% |      270 |         9 |     1.9 |   0.81 |  0.322
  Greedy+Thompson                |      20 |     70.3% (0.0sd) |      270 |         9 |     1.9 |   0.78 |  0.257

=== Phase 2: Event Verification ===
Window: 94608000s | Kinds: 1 | Concurrency: 10
[baseline] Querying 296 relays for 646 authors (window: 94608000s)
[pool] CLOSED from wss://relay.shawnyeager.com/chat: auth-required: all requests must be authenticated
[pool] CLOSED from wss://aggr.nostr.land: auth-required: auth required for aggregator
[pool] CLOSED from wss://relay.nosflare.com: auth-required: authentication required to subscribe
[pool] CLOSED from wss://greensoul.space: auth-required: only authenticated users can read from this relay
[baseline] Progress: 50/296 relays queried
[pool] CLOSED from wss://relay.getalby.com/v1: blocked: Request rejected
[pool] CLOSED from wss://relay.usefusion.ai: restricted: only kind 4 (DM) queries are allowed
[pool] CLOSED from wss://creatr.nostr.wine: auth-required: please authenticate before sending REQs
[pool] CLOSED from wss://inbox.nostr.wine: blocked: this relay does not store any of the kinds in this request
[pool] CLOSED from wss://sendit.nosflare.com: restricted: this relay does not accept REQs
[baseline] Progress: 100/296 relays queried
[pool] CLOSED from wss://nostr.dbtc.link: auth-required: NIP-42 auth required
[pool] CLOSED from wss://auth.nostr1.com: auth-required: you must auth
[pool] CLOSED from wss://hole.v0l.io: error: queries not allowed
[baseline] Progress: 150/296 relays queried
[pool] CLOSED from wss://relay.albylabs.com: blocked: Request rejected
[baseline] Progress: 200/296 relays queried
[pool] CLOSED from wss://relay.danieldaquino.me/private: auth-required: this query requires you to be authenticated
[pool] CLOSED from wss://impromptu.relays.land: auth-required: all requests must be authenticated
[pool] CLOSED from wss://pantry.zap.cooking: auth-required: please authenticate
[pool] CLOSED from wss://nortis.nostr1.com: auth-required: you must auth
[pool] CLOSED from wss://relay.nsec.app: blocked: we only keep kind 24133 or 24135
[baseline] Progress: 250/296 relays queried
[pool] CLOSED from wss://david.nostr1.com: auth-required: you must auth
[baseline] Progress: 296/296 relays queried
[phase2] Subscription timeouts (no EOSE): 19
[phase2] CLOSED messages received: 19
  wss://relay.shawnyeager.com/chat: auth-required: all requests must be authenticated
  wss://aggr.nostr.land: auth-required: auth required for aggregator
  wss://relay.nosflare.com: auth-required: authentication required to subscribe
  wss://greensoul.space: auth-required: only authenticated users can read from this relay
  wss://relay.getalby.com/v1: blocked: Request rejected
  wss://relay.usefusion.ai: restricted: only kind 4 (DM) queries are allowed
  wss://creatr.nostr.wine: auth-required: please authenticate before sending REQs
  wss://inbox.nostr.wine: blocked: this relay does not store any of the kinds in this request
  wss://sendit.nosflare.com: restricted: this relay does not accept REQs
  wss://nostr.dbtc.link: auth-required: NIP-42 auth required

=== Phase 2: Event Verification (1095d window) ===
Baseline: 296 relays queried (78.7% success), 1.2min
  Timing: connect 688ms median (1.4s p95) | query 1.3s median (15.6s p95) | 19 timeouts (19 relays)
  Authors: 646 with relay data
    Testable (reliable): 438 | Testable (partial): 0 | Zero events: 208 | Unreliable: 0
  Baseline events: 108,879 (mean 248.6/author, median 38)
  Events per (relay,pubkey) capped at: 10000

  Headline metrics (438 testable-reliable authors, 108,879 baseline events):

  Algorithm                        |   Evt Recall |   Auth Recall |  Relay OK% |     TTFE |      p50 |      p80 | Timeouts
  ---------------------------------+--------------+---------------+------------+----------+----------+----------+---------
  Greedy Set-Cover                 |        14.4% |         76.9% |      95.0% |    843ms |     2.9s |     3.9s |        0
  Greedy+Thompson (seed=0, single run) |        15.6% |         78.1% |     100.0% |    843ms |     2.9s |     3.9s |        0

  Per-author recall distribution:
  Algorithm                        |   Median |  % at 0% |      p25 |      p75
  ---------------------------------+----------+----------+----------+---------
  Greedy Set-Cover                 |    16.1% |    23.1% |     0.4% |    99.0%
  Greedy+Thompson (seed=0, single run) |    20.0% |    21.9% |     1.1% |   100.0%

  Latency simulation (parallel relay query):
  Algorithm                        |     TTFE |      p50 |      p80 |      Max |   TO |   TO Tax |   Relays |   Events
  ---------------------------------+----------+----------+----------+----------+------+----------+----------+---------
  Greedy Set-Cover                 |    843ms |     2.9s |     3.9s |     5.8s |    0 |      0ms | 17/20/20 |   47,235
  Greedy+Thompson (seed=0, single run) |    843ms |     2.9s |     3.9s |     5.8s |    0 |      0ms | 18/20/20 |   47,270
  (Relays: with-events/connected/total | TO Tax: ceil(timeouts/concurrency) × EOSE timeout)

  Progressive completeness (% of recall achieved by time):
  Algorithm                        |      @1s |      @2s |      @5s |     @10s |     @15s
  ---------------------------------+----------+----------+----------+----------+---------
  Greedy Set-Cover                 |     0.0% |     1.1% |    92.2% |   100.0% |   100.0%
  Greedy+Thompson (seed=0, single run) |     0.0% |     0.7% |    90.8% |   100.0% |   100.0%

  EOSE-race simulation (stop after first EOSE + grace period):
  Algorithm                        |     +0ms |   +200ms |   +500ms |      +1s |      +2s
  ---------------------------------+----------+----------+----------+----------+---------
  Greedy Set-Cover                 |     0.5% |     1.1% |     1.1% |     2.1% |    87.2%
  Greedy+Thompson (seed=0, single run) |     0.5% |     0.7% |     0.7% |     1.9% |    80.0%
  (First EOSE: Greedy Set-Cover=1.6s, Greedy+Thompson (seed=0, single run)=1.6s)

  Profile-view latency (per-author outbox query, top 3 write relays):
    Authors simulated: 438 | Hit rate: 100.0%
    TTFE: 843ms median, 1.1s mean, 1.7s p95
    Relays/profile: 2.9 queried, 2.7 with events, 0.02 timeouts

  Feed vs profile-view TTFE comparison:
  Algorithm                        |  Feed TTFE |  Profile TTFE |    Delta
  ---------------------------------+------------+---------------+---------
  Greedy Set-Cover                 |      843ms |         843ms |     +0ms
  Greedy+Thompson (seed=0, single run) |      843ms |         843ms |     +0ms

=== NIP-66 RTT vs Measured Latency (266 relays, data age: 34min) ===
                             N   Spearman r      MAE    Bias    Top5   Top10   Top20
------------------------  ----  -----------  -------  ------  ------  ------  ------
rttOpen vs connect         266        -0.00    904ms    0.6x    0.0%    0.0%    5.0%
rttRead vs query           228        -0.20     1.3s    5.0x    0.0%   10.0%    5.0%
(Bias = measured/nip66, >1 = NIP-66 underestimates. TopK = overlap of K fastest relays.)
Monitor: 9bbbb845e5b6..., 9b85d54cc4bc..., 0b01aa38c2cc..., 9ba0ce3dcc28..., http-api..., b2c949c0fb79..., 9ba1d7892cd0...

JSON results written to: results/32e1827635450ebb_1772947197545.json
