[0m[32mTask[0m [0m[36mbench[0m deno run --allow-net --allow-read --allow-write main.ts "04c915daefee38317fa734444acee390a8269fe5810b2241e5e6dd343dfbecc9" "--algorithms" "greedy,greedy-thompson" "--verify" "--verify-window" "94608000" "--verify-concurrency" "10" "--nip66-filter" "liveness" "--no-phase2-cache" "--fast" "--output" "both"
Target: 04c915daefee3831...
Seed: 0 | Filter: strict | Runs: 3
Using cached data (fetched 2026-03-08T05:35:59.207Z)

=== Fetch Quality ===
Indexers: wss://purplepag.es (1790 events, 1011ms), wss://relay.damus.io (912 events, 304ms), wss://nos.lol (1405 events, 747ms)
Follows: 1789 | With relay list: 1376 (76.9%) | Missing: 413 (23.1%) | Filtered-to-empty: 33
Filter profile: strict | Filtered URLs: 645 (21 localhost, 91 insecure ws, 23 IP-only, 503 known-bad, 7 malformed)
Unique valid write relays: 1207 | Seed: 0
[nip66] Using cached monitor data (1068 relays)

=== NIP-66 Liveness Filter (liveness) ===
Monitor data: 1068 relays
Candidate relays: 1207
  Known alive: 447
  Unknown (removed): 760
  .onion preserved: 39
  Parse-failed preserved: 0
  Authors filtered to empty: 10
Relays after filter: 447

=== Regime A: Fixed 20 Connections ===
  Algorithm                      |  Relays |   Assign% |  Orphans |  Alg.Orph |  Avg/pk |   Gini |    HHI
  -------------------------------+---------+-----------+----------+-----------+---------+--------+-------
  Greedy Set-Cover               |      20 |     75.2% |      444 |        31 |     1.9 |   0.81 |  0.297
  Greedy+Thompson                |      20 |     75.2% (0.0sd) |      443 |        30 |     1.9 |   0.79 |  0.248

=== Phase 2: Event Verification ===
Window: 94608000s | Kinds: 1 | Concurrency: 10
[baseline] Querying 447 relays for 1366 authors (window: 94608000s)
[pool] CLOSED from wss://groups.0xchat.com: blocked: invalid query, must have 'h', 'e' or 'a' tag
[pool] CLOSED from wss://sendit.nosflare.com: restricted: this relay does not accept REQs
[pool] CLOSED from wss://auth.nostr1.com: auth-required: you must auth
[baseline] Progress: 50/447 relays queried
[pool] CLOSED from wss://relay.nsec.app: blocked: we only keep kind 24133 or 24135
[pool] CLOSED from wss://relay.nosflare.com: auth-required: authentication required to subscribe
[pool] CLOSED from wss://relay.getalby.com/v1: blocked: Request rejected
[pool] CLOSED from wss://impromptu.relays.land: auth-required: all requests must be authenticated
[baseline] Progress: 100/447 relays queried
[pool] CLOSED from wss://creatr.nostr.wine: auth-required: please authenticate before sending REQs
[pool] CLOSED from wss://relay.shawnyeager.com/chat: auth-required: all requests must be authenticated
[pool] CLOSED from wss://inbox.nostr.wine: blocked: this relay does not store any of the kinds in this request
[pool] CLOSED from wss://aggr.nostr.land: auth-required: auth required for aggregator
[pool] CLOSED from wss://elites.nostrati.org: auth-required: you must auth
[pool] CLOSED from wss://greensoul.space: auth-required: only authenticated users can read from this relay
[baseline] Progress: 150/447 relays queried
[pool] CLOSED from wss://david.nostr1.com: auth-required: you must auth
[baseline] Progress: 200/447 relays queried
[baseline] Progress: 250/447 relays queried
[pool] CLOSED from wss://pantry.zap.cooking: auth-required: please authenticate
[pool] CLOSED from wss://nostr.dbtc.link: auth-required: NIP-42 auth required
[baseline] Progress: 300/447 relays queried
[pool] CLOSED from wss://wot.azzamo.net: rate-limited: there is a bug in the client, no one should be making so many requests
[baseline] Progress: 350/447 relays queried
[pool] CLOSED from wss://hole.v0l.io: error: queries not allowed
[baseline] Progress: 400/447 relays queried
[pool] CLOSED from wss://community.nostrdvm.com: auth-required: authentication is required for access
[pool] CLOSED from wss://groups.satsdisco.com: blocked: invalid query, must have 'h', 'e' or 'a' tag
[pool] CLOSED from wss://nortis.nostr1.com: auth-required: you must auth
[pool] CLOSED from wss://nostr.rikmeijer.nl: max number of subscriptions per client (100) reached
[baseline] Progress: 447/447 relays queried
[phase2] Subscription timeouts (no EOSE): 37
[phase2] CLOSED messages received: 22
  wss://groups.0xchat.com: blocked: invalid query, must have 'h', 'e' or 'a' tag
  wss://sendit.nosflare.com: restricted: this relay does not accept REQs
  wss://auth.nostr1.com: auth-required: you must auth
  wss://relay.nsec.app: blocked: we only keep kind 24133 or 24135
  wss://relay.nosflare.com: auth-required: authentication required to subscribe
  wss://relay.getalby.com/v1: blocked: Request rejected
  wss://impromptu.relays.land: auth-required: all requests must be authenticated
  wss://creatr.nostr.wine: auth-required: please authenticate before sending REQs
  wss://relay.shawnyeager.com/chat: auth-required: all requests must be authenticated
  wss://inbox.nostr.wine: blocked: this relay does not store any of the kinds in this request

=== Phase 2: Event Verification (1095d window) ===
Baseline: 447 relays queried (74.3% success), 2.1min
  Timing: connect 710ms median (1.5s p95) | query 1.2s median (15.7s p95) | 37 timeouts (38 relays)
  Authors: 1,366 with relay data
    Testable (reliable): 902 | Testable (partial): 0 | Zero events: 459 | Unreliable: 5
  Baseline events: 193,200 (mean 214.2/author, median 31)
  Events per (relay,pubkey) capped at: 10000

  Headline metrics (902 testable-reliable authors, 193,200 baseline events):

  Algorithm                        |   Evt Recall |   Auth Recall |  Relay OK% |     TTFE |      p50 |      p80 | Timeouts
  ---------------------------------+--------------+---------------+------------+----------+----------+----------+---------
  Greedy Set-Cover                 |        14.8% |         76.6% |     100.0% |    805ms |     4.6s |     7.1s |        0
  Greedy+Thompson (seed=0, single run) |        15.2% |         77.3% |     100.0% |    805ms |     4.2s |     6.1s |        0

  Per-author recall distribution:
  Algorithm                        |   Median |  % at 0% |      p25 |      p75
  ---------------------------------+----------+----------+----------+---------
  Greedy Set-Cover                 |    22.6% |    23.4% |     0.4% |   100.0%
  Greedy+Thompson (seed=0, single run) |    25.0% |    22.7% |     0.6% |   100.0%

  Latency simulation (parallel relay query):
  Algorithm                        |     TTFE |      p50 |      p80 |      Max |   TO |   TO Tax |   Relays |   Events
  ---------------------------------+----------+----------+----------+----------+------+----------+----------+---------
  Greedy Set-Cover                 |    805ms |     4.6s |     7.1s |    19.0s |    0 |      0ms | 19/20/20 |   93,015
  Greedy+Thompson (seed=0, single run) |    805ms |     4.2s |     6.1s |    19.0s |    0 |      0ms | 19/20/20 |  103,639
  (Relays: with-events/connected/total | TO Tax: ceil(timeouts/concurrency) × EOSE timeout)

  Progressive completeness (% of recall achieved by time):
  Algorithm                        |      @1s |      @2s |      @5s |     @10s |     @15s
  ---------------------------------+----------+----------+----------+----------+---------
  Greedy Set-Cover                 |     0.0% |     2.2% |    54.6% |    92.2% |   100.0%
  Greedy+Thompson (seed=0, single run) |     0.0% |     0.6% |    40.0% |    76.4% |   100.0%

  EOSE-race simulation (stop after first EOSE + grace period):
  Algorithm                        |     +0ms |   +200ms |   +500ms |      +1s |      +2s
  ---------------------------------+----------+----------+----------+----------+---------
  Greedy Set-Cover                 |     0.1% |     0.1% |     0.4% |     2.2% |     3.5%
  Greedy+Thompson (seed=0, single run) |     0.3% |     0.3% |     0.6% |     0.7% |     4.3%
  (First EOSE: Greedy Set-Cover=1.2s, Greedy+Thompson (seed=0, single run)=1.4s)

  Profile-view latency (per-author outbox query, top 3 write relays):
    Authors simulated: 902 | Hit rate: 99.9%
    TTFE: 848ms median, 1.1s mean, 1.8s p95
    Relays/profile: 2.9 queried, 2.7 with events, 0.04 timeouts

  Feed vs profile-view TTFE comparison:
  Algorithm                        |  Feed TTFE |  Profile TTFE |    Delta
  ---------------------------------+------------+---------------+---------
  Greedy Set-Cover                 |      805ms |         848ms |    +44ms
  Greedy+Thompson (seed=0, single run) |      805ms |         848ms |    +44ms

=== NIP-66 RTT vs Measured Latency (383 relays, data age: 70min) ===
                             N   Spearman r      MAE    Bias    Top5   Top10   Top20
------------------------  ----  -----------  -------  ------  ------  ------  ------
rttOpen vs connect         383        -0.04    904ms    0.6x    0.0%    0.0%    0.0%
rttRead vs query           326        -0.16     1.4s    6.1x    0.0%    0.0%    5.0%
(Bias = measured/nip66, >1 = NIP-66 underestimates. TopK = overlap of K fastest relays.)
Monitor: 9bbbb845e5b6..., 0b01aa38c2cc..., 9b85d54cc4bc..., 9ba0ce3dcc28..., http-api..., b2c949c0fb79..., 9ba1d7892cd0..., 9ba046db56b8..., 9ba6484003e8..., 63019a1fc7c4...

JSON results written to: results/04c915daefee3831_1772949324165.json
