[0m[32mTask[0m [0m[36mbench[0m deno run --allow-net --allow-read --allow-write main.ts "2c65940725bbf10b452197fba41c6cb14afd41e28e0be22aab49bf246b0c84e3" "--algorithms" "greedy,greedy-thompson" "--verify" "--verify-window" "94608000" "--verify-concurrency" "10" "--nip66-filter" "liveness" "--no-phase2-cache" "--fast" "--output" "both"
Target: 2c65940725bbf10b...
Seed: 0 | Filter: strict | Runs: 3
Using cached data (fetched 2026-03-08T05:24:06.467Z)

=== Fetch Quality ===
Indexers: wss://purplepag.es (2748 events, 1020ms), wss://relay.damus.io (1359 events, 313ms), wss://nos.lol (2178 events, 797ms)
Follows: 2747 | With relay list: 2151 (78.3%) | Missing: 596 (21.7%) | Filtered-to-empty: 44
Filter profile: strict | Filtered URLs: 1092 (40 localhost, 157 insecure ws, 72 IP-only, 817 known-bad, 6 malformed)
Unique valid write relays: 1622 | Seed: 0
[nip66] Using cached monitor data (1068 relays)

=== NIP-66 Liveness Filter (liveness) ===
Monitor data: 1068 relays
Candidate relays: 1622
  Known alive: 562
  Unknown (removed): 1060
  .onion preserved: 59
  Parse-failed preserved: 0
  Authors filtered to empty: 12
Relays after filter: 562

=== Regime A: Fixed 20 Connections ===
  Algorithm                      |  Relays |   Assign% |  Orphans |  Alg.Orph |  Avg/pk |   Gini |    HHI
  -------------------------------+---------+-----------+----------+-----------+---------+--------+-------
  Greedy Set-Cover               |      20 |     77.1% |      629 |        33 |     1.9 |   0.80 |  0.284
  Greedy+Thompson                |      20 |     77.1% (0.0sd) |      629 |        33 |     1.9 |   0.79 |  0.269

=== Phase 2: Event Verification ===
Window: 94608000s | Kinds: 1 | Concurrency: 10
[baseline] Querying 562 relays for 2139 authors (window: 94608000s)
[pool] CLOSED from wss://relay.getalby.com/v1: blocked: Request rejected
[pool] CLOSED from wss://relay.getalby.com/v1: blocked: Request rejected
[baseline] Progress: 50/562 relays queried
[pool] CLOSED from wss://sendit.nosflare.com: restricted: this relay does not accept REQs
[pool] CLOSED from wss://relay.nsec.app: blocked: we only keep kind 24133 or 24135
[pool] CLOSED from wss://aggr.nostr.land: auth-required: auth required for aggregator
[baseline] Progress: 100/562 relays queried
[pool] CLOSED from wss://relay.nosflare.com: auth-required: authentication required to subscribe
[pool] CLOSED from wss://meta.bitcoinwalk.org: auth-required: authentication is required for access
[pool] CLOSED from wss://pantry.zap.cooking: auth-required: please authenticate
[pool] CLOSED from wss://creatr.nostr.wine: auth-required: please authenticate before sending REQs
[baseline] Progress: 150/562 relays queried
[pool] CLOSED from wss://groups.0xchat.com: blocked: invalid query, must have 'h', 'e' or 'a' tag
[pool] CLOSED from wss://greensoul.space: auth-required: only authenticated users can read from this relay
[pool] CLOSED from wss://elites.nostrati.org: auth-required: you must auth
[baseline] Progress: 200/562 relays queried
[pool] CLOSED from wss://inbox.nostr.wine: blocked: this relay does not store any of the kinds in this request
[pool] CLOSED from wss://nostr.dbtc.link: auth-required: NIP-42 auth required
[pool] CLOSED from wss://auth.nostr1.com: auth-required: you must auth
[pool] CLOSED from wss://impromptu.relays.land: auth-required: all requests must be authenticated
[baseline] Progress: 250/562 relays queried
[pool] CLOSED from wss://relay.usefusion.ai: restricted: only kind 4 (DM) queries are allowed
[baseline] Progress: 300/562 relays queried
[pool] CLOSED from wss://groups.fiatjaf.com: blocked: invalid query, must have 'h', 'e' or 'a' tag
[baseline] Progress: 350/562 relays queried
[pool] CLOSED from wss://aplaceinthesun.nostr1.com: auth-required: you must auth
[pool] CLOSED from wss://nortis.nostr1.com: auth-required: you must auth
[pool] CLOSED from wss://meta.spaces.coracle.social: auth-required: authentication is required for access
[pool] CLOSED from wss://soapbox.chat: auth-required: authentication is required for access
[baseline] Progress: 400/562 relays queried
[pool] CLOSED from wss://david.nostr1.com: auth-required: you must auth
[pool] CLOSED from wss://relay29.notoshi.win: blocked: invalid query, must have 'h', 'e' or 'a' tag
[pool] CLOSED from wss://jingle.nostrver.se: auth-required: take a selfie and send it to the CIA
[pool] CLOSED from wss://bostr.erechorse.com: auth-required: authentication is required to perform this action.
[baseline] Progress: 450/562 relays queried
[pool] CLOSED from wss://personal.relays.land: auth-required: all requests must be authenticated
[baseline] Progress: 500/562 relays queried
[pool] CLOSED from wss://nostr.rikmeijer.nl: max number of subscriptions per client (100) reached
[pool] CLOSED from wss://internal.coracle.social: auth-required: authentication is required for access
[pool] CLOSED from wss://relay.shawnyeager.com/chat: auth-required: all requests must be authenticated
[baseline] Progress: 550/562 relays queried
[baseline] Progress: 562/562 relays queried
[phase2] Subscription timeouts (no EOSE): 43
[phase2] CLOSED messages received: 30
  wss://relay.getalby.com/v1: blocked: Request rejected
  wss://relay.getalby.com/v1: blocked: Request rejected
  wss://sendit.nosflare.com: restricted: this relay does not accept REQs
  wss://relay.nsec.app: blocked: we only keep kind 24133 or 24135
  wss://aggr.nostr.land: auth-required: auth required for aggregator
  wss://relay.nosflare.com: auth-required: authentication required to subscribe
  wss://meta.bitcoinwalk.org: auth-required: authentication is required for access
  wss://pantry.zap.cooking: auth-required: please authenticate
  wss://creatr.nostr.wine: auth-required: please authenticate before sending REQs
  wss://groups.0xchat.com: blocked: invalid query, must have 'h', 'e' or 'a' tag

=== Phase 2: Event Verification (1095d window) ===
Baseline: 562 relays queried (69.9% success), 2.8min
  Timing: connect 707ms median (1.5s p95) | query 1.3s median (15.9s p95) | 43 timeouts (44 relays)
  Authors: 2,139 with relay data
    Testable (reliable): 1329 | Testable (partial): 2 | Zero events: 801 | Unreliable: 7
  Baseline events: 222,403 (mean 167.1/author, median 28)
  Events per (relay,pubkey) capped at: 10000

  Headline metrics (1329 testable-reliable authors, 222,196 baseline events):

  Algorithm                        |   Evt Recall |   Auth Recall |  Relay OK% |     TTFE |      p50 |      p80 | Timeouts
  ---------------------------------+--------------+---------------+------------+----------+----------+----------+---------
  Greedy Set-Cover                 |        17.8% |         78.9% |     100.0% |    806ms |     8.2s |    32.2s |        1
  Greedy+Thompson (seed=0, single run) |        17.4% |         78.8% |     100.0% |    790ms |     7.7s |    32.2s |        1

  Per-author recall distribution:
  Algorithm                        |   Median |  % at 0% |      p25 |      p75
  ---------------------------------+----------+----------+----------+---------
  Greedy Set-Cover                 |    34.1% |    21.1% |     1.6% |   100.0%
  Greedy+Thompson (seed=0, single run) |    33.3% |    21.2% |     1.4% |   100.0%

  Latency simulation (parallel relay query):
  Algorithm                        |     TTFE |      p50 |      p80 |      Max |   TO |   TO Tax |   Relays |   Events
  ---------------------------------+----------+----------+----------+----------+------+----------+----------+---------
  Greedy Set-Cover                 |    806ms |     8.2s |    32.2s |    36.3s |    1 |    15.0s | 19/20/20 |  123,541
  Greedy+Thompson (seed=0, single run) |    790ms |     7.7s |    32.2s |    36.3s |    1 |    15.0s | 19/20/20 |  122,612
  (Relays: with-events/connected/total | TO Tax: ceil(timeouts/concurrency) × EOSE timeout)

  Progressive completeness (% of recall achieved by time):
  Algorithm                        |      @1s |      @2s |      @5s |     @10s |     @15s
  ---------------------------------+----------+----------+----------+----------+---------
  Greedy Set-Cover                 |     0.0% |     0.5% |    16.9% |    36.5% |    74.7%
  Greedy+Thompson (seed=0, single run) |     0.0% |     0.7% |    18.1% |    35.2% |    74.6%

  EOSE-race simulation (stop after first EOSE + grace period):
  Algorithm                        |     +0ms |   +200ms |   +500ms |      +1s |      +2s
  ---------------------------------+----------+----------+----------+----------+---------
  Greedy Set-Cover                 |     0.4% |     0.5% |     0.5% |     0.5% |     0.5%
  Greedy+Thompson (seed=0, single run) |     0.2% |     0.2% |     0.6% |     0.7% |     1.4%
  (First EOSE: Greedy Set-Cover=1.5s, Greedy+Thompson (seed=0, single run)=1.1s)

  Profile-view latency (per-author outbox query, top 3 write relays):
    Authors simulated: 1331 | Hit rate: 99.8%
    TTFE: 1.1s median, 1.4s mean, 2.2s p95
    Relays/profile: 2.9 queried, 2.6 with events, 0.10 timeouts

  Feed vs profile-view TTFE comparison:
  Algorithm                        |  Feed TTFE |  Profile TTFE |    Delta
  ---------------------------------+------------+---------------+---------
  Greedy Set-Cover                 |      806ms |          1.1s |   +336ms
  Greedy+Thompson (seed=0, single run) |      790ms |          1.1s |   +353ms

  Including partial-baseline authors (1331 testable authors, 222,403 baseline events):

  Algorithm                        |   Evt Recall |   Auth Recall
  ---------------------------------+--------------+--------------
  Greedy Set-Cover                 |        17.8% |         79.0%
  Greedy+Thompson (seed=0, single run) |        17.5% |         78.8%

=== NIP-66 RTT vs Measured Latency (454 relays, data age: 58min) ===
                             N   Spearman r      MAE    Bias    Top5   Top10   Top20
------------------------  ----  -----------  -------  ------  ------  ------  ------
rttOpen vs connect         454        -0.05    950ms    0.6x    0.0%    0.0%    0.0%
rttRead vs query           385        -0.18     2.0s    6.3x    0.0%    0.0%    0.0%
(Bias = measured/nip66, >1 = NIP-66 underestimates. TopK = overlap of K fastest relays.)
Monitor: 9b85d54cc4bc..., 9bbbb845e5b6..., 0b01aa38c2cc..., http-api..., 9ba1d7892cd0..., 9ba0ce3dcc28..., b2c949c0fb79..., 9ba6484003e8..., 9ba046db56b8..., 63019a1fc7c4...

JSON results written to: results/2c65940725bbf10b_1772948662787.json
