[0m[32mTask[0m [0m[36mbench[0m deno run --allow-net --allow-read --allow-write main.ts "2c65940725bbf10b452197fba41c6cb14afd41e28e0be22aab49bf246b0c84e3" "--algorithms" "greedy,greedy-thompson" "--verify" "--verify-window" "94608000" "--verify-concurrency" "10" "--nip66-filter" "liveness" "--no-phase2-cache" "--fast" "--output" "both"
Target: 2c65940725bbf10b...
Seed: 0 | Filter: strict | Runs: 3
Using cached data (fetched 2026-03-08T05:24:06.467Z)

=== Fetch Quality ===
Indexers: wss://purplepag.es (2748 events, 1020ms), wss://relay.damus.io (1359 events, 313ms), wss://nos.lol (2178 events, 797ms)
Follows: 2747 | With relay list: 2151 (78.3%) | Missing: 596 (21.7%) | Filtered-to-empty: 44
Filter profile: strict | Filtered URLs: 1092 (40 localhost, 157 insecure ws, 72 IP-only, 817 known-bad, 6 malformed)
Unique valid write relays: 1622 | Seed: 0
[nip66] Using cached monitor data (1068 relays)

=== NIP-66 Liveness Filter (liveness) ===
Monitor data: 1068 relays
Candidate relays: 1622
  Known alive: 562
  Unknown (removed): 1060
  .onion preserved: 59
  Parse-failed preserved: 0
  Authors filtered to empty: 12
Relays after filter: 562

=== Regime A: Fixed 20 Connections ===
  Algorithm                      |  Relays |   Assign% |  Orphans |  Alg.Orph |  Avg/pk |   Gini |    HHI
  -------------------------------+---------+-----------+----------+-----------+---------+--------+-------
  Greedy Set-Cover               |      20 |     77.1% |      629 |        33 |     1.9 |   0.80 |  0.284
  Greedy+Thompson                |      20 |     77.1% (0.0sd) |      629 |        33 |     1.9 |   0.79 |  0.269

=== Phase 2: Event Verification ===
Window: 94608000s | Kinds: 1 | Concurrency: 10
[baseline] Querying 562 relays for 2139 authors (window: 94608000s)
[pool] CLOSED from wss://relay.getalby.com/v1: blocked: Request rejected
[pool] CLOSED from wss://relay.getalby.com/v1: blocked: Request rejected
[baseline] Progress: 50/562 relays queried
[pool] CLOSED from wss://relay.nsec.app: blocked: we only keep kind 24133 or 24135
[pool] CLOSED from wss://sendit.nosflare.com: restricted: this relay does not accept REQs
[pool] CLOSED from wss://aggr.nostr.land: auth-required: auth required for aggregator
[baseline] Progress: 100/562 relays queried
[pool] CLOSED from wss://relay.nosflare.com: auth-required: authentication required to subscribe
[pool] CLOSED from wss://meta.bitcoinwalk.org: auth-required: authentication is required for access
[pool] CLOSED from wss://pantry.zap.cooking: auth-required: please authenticate
[pool] CLOSED from wss://groups.0xchat.com: blocked: invalid query, must have 'h', 'e' or 'a' tag
[pool] CLOSED from wss://creatr.nostr.wine: auth-required: please authenticate before sending REQs
[baseline] Progress: 150/562 relays queried
[pool] CLOSED from wss://greensoul.space: auth-required: only authenticated users can read from this relay
[pool] CLOSED from wss://elites.nostrati.org: auth-required: you must auth
[baseline] Progress: 200/562 relays queried
[pool] CLOSED from wss://inbox.nostr.wine: blocked: this relay does not store any of the kinds in this request
[pool] CLOSED from wss://nostr.dbtc.link: auth-required: NIP-42 auth required
[pool] CLOSED from wss://auth.nostr1.com: auth-required: you must auth
[pool] CLOSED from wss://impromptu.relays.land: auth-required: all requests must be authenticated
[pool] CLOSED from wss://wot.azzamo.net: rate-limited: there is a bug in the client, no one should be making so many requests
[baseline] Progress: 250/562 relays queried
[pool] CLOSED from wss://relay.groups.nip29.com: blocked: invalid query, must have 'h', 'e' or 'a' tag
[pool] CLOSED from wss://relay.usefusion.ai: restricted: only kind 4 (DM) queries are allowed
[baseline] Progress: 300/562 relays queried
[pool] CLOSED from wss://groups.fiatjaf.com: blocked: invalid query, must have 'h', 'e' or 'a' tag
[baseline] Progress: 350/562 relays queried
[pool] CLOSED from wss://aplaceinthesun.nostr1.com: auth-required: you must auth
[pool] CLOSED from wss://nortis.nostr1.com: auth-required: you must auth
[pool] CLOSED from wss://meta.spaces.coracle.social: auth-required: authentication is required for access
[pool] CLOSED from wss://soapbox.chat: auth-required: authentication is required for access
[baseline] Progress: 400/562 relays queried
[pool] CLOSED from wss://david.nostr1.com: auth-required: you must auth
[pool] CLOSED from wss://relay29.notoshi.win: blocked: invalid query, must have 'h', 'e' or 'a' tag
[pool] CLOSED from wss://jingle.nostrver.se: auth-required: take a selfie and send it to the CIA
[pool] CLOSED from wss://bostr.erechorse.com: auth-required: authentication is required to perform this action.
[baseline] Progress: 450/562 relays queried
[pool] CLOSED from wss://personal.relays.land: auth-required: all requests must be authenticated
[baseline] Progress: 500/562 relays queried
[pool] CLOSED from wss://nostr.rikmeijer.nl: max number of subscriptions per client (100) reached
[pool] CLOSED from wss://internal.coracle.social: auth-required: authentication is required for access
[pool] CLOSED from wss://relay.shawnyeager.com/chat: auth-required: all requests must be authenticated
[baseline] Progress: 550/562 relays queried
[baseline] Progress: 562/562 relays queried
[phase2] Subscription timeouts (no EOSE): 41
[phase2] CLOSED messages received: 32
  wss://relay.getalby.com/v1: blocked: Request rejected
  wss://relay.getalby.com/v1: blocked: Request rejected
  wss://relay.nsec.app: blocked: we only keep kind 24133 or 24135
  wss://sendit.nosflare.com: restricted: this relay does not accept REQs
  wss://aggr.nostr.land: auth-required: auth required for aggregator
  wss://relay.nosflare.com: auth-required: authentication required to subscribe
  wss://meta.bitcoinwalk.org: auth-required: authentication is required for access
  wss://pantry.zap.cooking: auth-required: please authenticate
  wss://groups.0xchat.com: blocked: invalid query, must have 'h', 'e' or 'a' tag
  wss://creatr.nostr.wine: auth-required: please authenticate before sending REQs

=== Phase 2: Event Verification (1095d window) ===
Baseline: 562 relays queried (69.9% success), 2.4min
  Timing: connect 682ms median (1.2s p95) | query 1.2s median (15.7s p95) | 41 timeouts (41 relays)
  Authors: 2,139 with relay data
    Testable (reliable): 1303 | Testable (partial): 6 | Zero events: 795 | Unreliable: 35
  Baseline events: 226,626 (mean 173.1/author, median 26)
  Events per (relay,pubkey) capped at: 10000

  Headline metrics (1303 testable-reliable authors, 226,129 baseline events):

  Algorithm                        |   Evt Recall |   Auth Recall |  Relay OK% |     TTFE |      p50 |      p80 | Timeouts
  ---------------------------------+--------------+---------------+------------+----------+----------+----------+---------
  Greedy Set-Cover                 |        15.8% |         75.4% |      95.0% |    795ms |     4.8s |     8.9s |        1
  Greedy+Thompson (seed=0, single run) |        15.5% |         75.7% |      95.0% |    631ms |     4.8s |     8.9s |        1

  Per-author recall distribution:
  Algorithm                        |   Median |  % at 0% |      p25 |      p75
  ---------------------------------+----------+----------+----------+---------
  Greedy Set-Cover                 |    24.0% |    24.6% |     0.1% |   100.0%
  Greedy+Thompson (seed=0, single run) |    23.7% |    24.3% |     0.2% |   100.0%

  Latency simulation (parallel relay query):
  Algorithm                        |     TTFE |      p50 |      p80 |      Max |   TO |   TO Tax |   Relays |   Events
  ---------------------------------+----------+----------+----------+----------+------+----------+----------+---------
  Greedy Set-Cover                 |    795ms |     4.8s |     8.9s |    43.9s |    1 |    15.0s | 18/19/20 |  108,415
  Greedy+Thompson (seed=0, single run) |    631ms |     4.8s |     8.9s |    43.9s |    1 |    15.0s | 18/19/20 |  107,486
  (Relays: with-events/connected/total | TO Tax: ceil(timeouts/concurrency) × EOSE timeout)

  Progressive completeness (% of recall achieved by time):
  Algorithm                        |      @1s |      @2s |      @5s |     @10s |     @15s
  ---------------------------------+----------+----------+----------+----------+---------
  Greedy Set-Cover                 |     0.0% |     0.5% |    20.8% |    61.1% |    66.8%
  Greedy+Thompson (seed=0, single run) |     0.3% |     0.8% |    21.8% |    61.1% |    66.5%

  EOSE-race simulation (stop after first EOSE + grace period):
  Algorithm                        |     +0ms |   +200ms |   +500ms |      +1s |      +2s
  ---------------------------------+----------+----------+----------+----------+---------
  Greedy Set-Cover                 |     0.4% |     0.5% |     0.5% |     0.5% |    17.7%
  Greedy+Thompson (seed=0, single run) |     0.3% |     0.3% |     0.7% |     0.8% |    18.3%
  (First EOSE: Greedy Set-Cover=1.4s, Greedy+Thompson (seed=0, single run)=908ms)

  Profile-view latency (per-author outbox query, top 3 write relays):
    Authors simulated: 1309 | Hit rate: 99.6%
    TTFE: 1.5s median, 1.5s mean, 2.0s p95
    Relays/profile: 2.9 queried, 2.2 with events, 0.07 timeouts

  Feed vs profile-view TTFE comparison:
  Algorithm                        |  Feed TTFE |  Profile TTFE |    Delta
  ---------------------------------+------------+---------------+---------
  Greedy Set-Cover                 |      795ms |          1.5s |   +665ms
  Greedy+Thompson (seed=0, single run) |      631ms |          1.5s |   +828ms

  Including partial-baseline authors (1309 testable authors, 226,626 baseline events):

  Algorithm                        |   Evt Recall |   Auth Recall
  ---------------------------------+--------------+--------------
  Greedy Set-Cover                 |        16.0% |         75.4%
  Greedy+Thompson (seed=0, single run) |        15.7% |         75.8%

=== NIP-66 RTT vs Measured Latency (454 relays, data age: 75min) ===
                             N   Spearman r      MAE    Bias    Top5   Top10   Top20
------------------------  ----  -----------  -------  ------  ------  ------  ------
rttOpen vs connect         454        -0.04    915ms    0.6x    0.0%    0.0%   10.0%
rttRead vs query           385        -0.19     1.5s    5.7x    0.0%    0.0%    0.0%
(Bias = measured/nip66, >1 = NIP-66 underestimates. TopK = overlap of K fastest relays.)
Monitor: 9b85d54cc4bc..., 9bbbb845e5b6..., 0b01aa38c2cc..., http-api..., 9ba1d7892cd0..., 9ba0ce3dcc28..., b2c949c0fb79..., 9ba6484003e8..., 9ba046db56b8..., 63019a1fc7c4...

JSON results written to: results/2c65940725bbf10b_1772949639406.json
