[0m[32mTask[0m [0m[36mbench[0m deno run --allow-net --allow-read --allow-write main.ts "3bf0c63fcb93463407af97a5e5ee64fa883d107ef9e558472c4eb9aaaefa459d" "--algorithms" "ndk-thompson,ndk-thompson-cg,ndk-thompson-cg3" "--verify-window" "31536000" "--verify" "--verify-concurrency" "10" "--nip66-filter" "liveness" "--no-phase2-cache" "--fast" "--output" "both"
Target: 3bf0c63fcb934634...
Seed: 0 | Filter: strict | Runs: 3
[fetch] Connecting to 3 indexer relays...
[fetch] wss://purplepag.es: connected (939ms)
[fetch] wss://relay.damus.io: connected (417ms)
[fetch] wss://nos.lol: connected (737ms)
[fetch] Fetching kind 3 (contact list) for 3bf0c63f...
[fetch] 196 follows to fetch relay lists for
[fetch] Received 154 relay list events

=== Fetch Quality ===
Indexers: wss://purplepag.es (197 events, 939ms), wss://relay.damus.io (123 events, 417ms), wss://nos.lol (154 events, 737ms)
Follows: 196 | With relay list: 151 (77.0%) | Missing: 45 (23.0%) | Filtered-to-empty: 3
Filter profile: strict | Filtered URLs: 34 (2 localhost, 3 insecure ws, 29 known-bad)
Unique valid write relays: 233 | Seed: 0
[nip66] Connecting to 3 relays for kind 30166 events...
[nip66] wss://relaypag.es: connected (958ms)
[nip66] wss://relaypag.es: received 915 kind 30166 + 85 kind 1066 events
[nip66] wss://relay.nostr.watch: connected (492ms)
[nip66] wss://relay.nostr.watch: received 2994 kind 30166 + 2006 kind 1066 events
[nip66] wss://monitorlizard.nostr1.com: connected (364ms)
[nip66] wss://monitorlizard.nostr1.com: received 5000 kind 30166 + 0 kind 1066 events
[nip66] Trying nostr.watch HTTP API fallback...
[nip66] HTTP API returned 855 online relays
[nip66] Fetched NIP-66 data for 1137 relays via Nostr + 21 via HTTP API (1158 total)

=== NIP-66 Liveness Filter (liveness) ===
Monitor data: 1158 relays
Candidate relays: 233
  Known alive: 136
  Unknown (removed): 97
  .onion preserved: 1
  Parse-failed preserved: 0
  Authors filtered to empty: 1
Relays after filter: 136
Coverage guarantee: 8 sole-source relays forced (20 maxConnections budget)
Coverage guarantee: 8 sole-source relays forced (20 maxConnections budget)
Coverage guarantee: 8 sole-source relays forced (20 maxConnections budget)
Coverage guarantee: 8 sole-source relays forced (capped at 10, 8 total sole-source) (20 maxConnections budget)
Coverage guarantee: 8 sole-source relays forced (capped at 10, 8 total sole-source) (20 maxConnections budget)
Coverage guarantee: 8 sole-source relays forced (capped at 10, 8 total sole-source) (20 maxConnections budget)

=== Regime A: Fixed 20 Connections ===
  Algorithm                      |  Relays |   Assign% |  Orphans |  Alg.Orph |  Avg/pk |   Gini |    HHI
  -------------------------------+---------+-----------+----------+-----------+---------+--------+-------
  NDK+Thompson (Priority)        |      20 |     74.3% (0.0sd) | 50.333333333333336 | 5.333333333333333 |     1.9 |   0.69 |  0.172
  NDK+Thompson (Priority)+CG     |      20 |     75.9% (0.0sd) | 47.333333333333336 | 2.3333333333333335 |     1.9 |   0.71 |  0.180
  NDK+Thompson (Priority)+CG3    |      20 |     75.9% (0.0sd) | 47.333333333333336 | 2.3333333333333335 |     1.9 |   0.71 |  0.180
Coverage guarantee: 8 sole-source relays forced (20 maxConnections budget)
Coverage guarantee: 8 sole-source relays forced (capped at 10, 8 total sole-source) (20 maxConnections budget)

=== Phase 2: Event Verification ===
Window: 31536000s | Kinds: 1 | Concurrency: 10
[baseline] Querying 136 relays for 150 authors (window: 31536000s)
[pool] CLOSED from wss://creatr.nostr.wine: auth-required: please authenticate before sending REQs
[pool] CLOSED from wss://greensoul.space: auth-required: only authenticated users can read from this relay
[pool] CLOSED from wss://relay.nosflare.com: auth-required: authentication required to subscribe
[pool] CLOSED from wss://sendit.nosflare.com: restricted: this relay does not accept REQs
[baseline] Progress: 50/136 relays queried
[pool] CLOSED from wss://inbox.nostr.wine: blocked: this relay does not store any of the kinds in this request
[pool] CLOSED from wss://relay.getalby.com/v1: blocked: Request rejected
[pool] CLOSED from wss://hole.v0l.io: error: queries not allowed
[baseline] Progress: 100/136 relays queried
[pool] CLOSED from wss://relay.danieldaquino.me/private: auth-required: this query requires you to be authenticated
[baseline] Progress: 136/136 relays queried
[phase2] Subscription timeouts (no EOSE): 9
[phase2] CLOSED messages received: 8
  wss://creatr.nostr.wine: auth-required: please authenticate before sending REQs
  wss://greensoul.space: auth-required: only authenticated users can read from this relay
  wss://relay.nosflare.com: auth-required: authentication required to subscribe
  wss://sendit.nosflare.com: restricted: this relay does not accept REQs
  wss://inbox.nostr.wine: blocked: this relay does not store any of the kinds in this request
  wss://relay.getalby.com/v1: blocked: Request rejected
  wss://hole.v0l.io: error: queries not allowed
  wss://relay.danieldaquino.me/private: auth-required: this query requires you to be authenticated

=== Phase 2: Event Verification (365d window) ===
Baseline: 136 relays queried (83.1% success), 38s
  Timing: connect 784ms median (1.6s p95) | query 1.5s median (15.6s p95) | 9 timeouts (9 relays)
  Authors: 150 with relay data
    Testable (reliable): 116 | Testable (partial): 2 | Zero events: 31 | Unreliable: 1
  Baseline events: 36,835 (mean 312.2/author, median 61)
  Events per (relay,pubkey) capped at: 10000

  Headline metrics (116 testable-reliable authors, 36,674 baseline events):

  Algorithm                        |   Evt Recall |   Auth Recall |  Relay OK% |     TTFE |      p50 |      p80 | Timeouts
  ---------------------------------+--------------+---------------+------------+----------+----------+----------+---------
  NDK+Thompson (Priority) (seed=0, single run) |        12.2% |         73.3% |      85.0% |    583ms |     2.4s |     3.0s |        0
  NDK+Thompson CG (Priority) (seed=0, single run) |        33.7% |         71.6% |      85.0% |    583ms |     2.3s |     3.0s |        0
  NDK+Thompson CG3 (Priority) (seed=0, single run) |        33.7% |         71.6% |      85.0% |    583ms |     2.3s |     3.0s |        0

  Per-author recall distribution:
  Algorithm                        |   Median |  % at 0% |      p25 |      p75
  ---------------------------------+----------+----------+----------+---------
  NDK+Thompson (Priority) (seed=0, single run) |     8.7% |    26.7% |     0.0% |    98.8%
  NDK+Thompson CG (Priority) (seed=0, single run) |    10.5% |    28.4% |     0.0% |   100.0%
  NDK+Thompson CG3 (Priority) (seed=0, single run) |    10.5% |    28.4% |     0.0% |   100.0%

  Latency simulation (parallel relay query):
  Algorithm                        |     TTFE |      p50 |      p80 |      Max |   TO |   TO Tax |   Relays |   Events
  ---------------------------------+----------+----------+----------+----------+------+----------+----------+---------
  NDK+Thompson (Priority) (seed=0, single run) |    583ms |     2.4s |     3.0s |     4.4s |    0 |      0ms | 16/18/20 |    7,684
  NDK+Thompson CG (Priority) (seed=0, single run) |    583ms |     2.3s |     3.0s |     4.4s |    0 |      0ms | 16/18/20 |   17,434
  NDK+Thompson CG3 (Priority) (seed=0, single run) |    583ms |     2.3s |     3.0s |     4.4s |    0 |      0ms | 16/18/20 |   17,434
  (Relays: with-events/connected/total | TO Tax: ceil(timeouts/concurrency) × EOSE timeout)

  Progressive completeness (% of recall achieved by time):
  Algorithm                        |      @1s |      @2s |      @5s |     @10s |     @15s
  ---------------------------------+----------+----------+----------+----------+---------
  NDK+Thompson (Priority) (seed=0, single run) |     1.7% |    13.1% |   100.0% |   100.0% |   100.0%
  NDK+Thompson CG (Priority) (seed=0, single run) |     2.4% |     8.0% |   100.0% |   100.0% |   100.0%
  NDK+Thompson CG3 (Priority) (seed=0, single run) |     2.4% |     8.0% |   100.0% |   100.0% |   100.0%

  EOSE-race simulation (stop after first EOSE + grace period):
  Algorithm                        |     +0ms |   +200ms |   +500ms |      +1s |      +2s
  ---------------------------------+----------+----------+----------+----------+---------
  NDK+Thompson (Priority) (seed=0, single run) |     1.7% |     2.3% |     2.3% |    13.1% |    27.5%
  NDK+Thompson CG (Priority) (seed=0, single run) |     2.4% |     2.7% |     6.7% |     8.0% |    80.7%
  NDK+Thompson CG3 (Priority) (seed=0, single run) |     2.4% |     2.7% |     6.7% |     8.0% |    80.7%
  (First EOSE: NDK+Thompson (Priority) (seed=0, single run)=912ms, NDK+Thompson CG (Priority) (seed=0, single run)=912ms, NDK+Thompson CG3 (Priority) (seed=0, single run)=912ms)

  Profile-view latency (per-author outbox query, top 3 write relays):
    Authors simulated: 118 | Hit rate: 100.0%
    TTFE: 1.6s median, 1.5s mean, 2.2s p95
    Relays/profile: 2.8 queried, 2.1 with events, 0.06 timeouts

  Feed vs profile-view TTFE comparison:
  Algorithm                        |  Feed TTFE |  Profile TTFE |    Delta
  ---------------------------------+------------+---------------+---------
  NDK+Thompson (Priority) (seed=0, single run) |      583ms |          1.6s |    +1.1s
  NDK+Thompson CG (Priority) (seed=0, single run) |      583ms |          1.6s |    +1.1s
  NDK+Thompson CG3 (Priority) (seed=0, single run) |      583ms |          1.6s |    +1.1s

  Including partial-baseline authors (118 testable authors, 36,835 baseline events):

  Algorithm                        |   Evt Recall |   Auth Recall
  ---------------------------------+--------------+--------------
  NDK+Thompson (Priority) (seed=0, single run) |        12.6% |         73.7%
  NDK+Thompson CG (Priority) (seed=0, single run) |        33.6% |         71.2%
  NDK+Thompson CG3 (Priority) (seed=0, single run) |        33.6% |         71.2%

=== NIP-66 RTT vs Measured Latency (127 relays, data age: 17min) ===
                             N   Spearman r      MAE    Bias    Top5   Top10   Top20
------------------------  ----  -----------  -------  ------  ------  ------  ------
rttOpen vs connect         127         0.20     1.0s    0.7x   20.0%   10.0%   35.0%
rttRead vs query           113         0.05     1.8s   10.2x    0.0%    0.0%   40.0%
(Bias = measured/nip66, >1 = NIP-66 underestimates. TopK = overlap of K fastest relays.)
Monitor: 9ba046db56b8..., 0b01aa38c2cc..., 9bac3d58ef5a..., 9bbbb845e5b6..., 9ba1d7892cd0..., http-api...
[relay-scores] Updated scores for ndk-thompson: 20 relays, session 1
[relay-scores] Saved to .cache/relay_scores_3bf0c63fcb934634_31536000_liveness_ndk-thompson.json

Thompson Sampling [ndk-thompson] learning state:
  Session: 1
  Relays with observations: 20
  Mean prior α: 3.7, β: 9.2
  Relays with strong preference (α>5): 3
  Relays learned to avoid (β>5): 8
[relay-scores-se] Relay wss://relay.ditto.pub: 1 contested obs (fallback dampening applied)
[relay-scores-se] Relay wss://basspistol.org: 1 contested obs (fallback dampening applied)
[relay-scores-se] Relay wss://theforest.nostr1.com: 2 contested obs (fallback dampening applied)
[relay-scores-se] Relay wss://relay.westernbtc.com: 0 contested obs (fallback dampening applied)
[relay-scores-se] Relay wss://nostr.lopp.social: 0 contested obs (fallback dampening applied)
[relay-scores-se] Updated scores for ndk-thompson-cg: 20 relays, session 1
[relay-scores-se] Skipped 8 sole-source observations across 7 relays
[relay-scores-se] Force-included relays and scores: wss://relay.ditto.pub(E=0.800), wss://basspistol.org(E=0.693), wss://nostr.wine(E=0.204), wss://nostr.land(E=0.110), wss://theforest.nostr1.com(E=0.783), wss://relay.westernbtc.com(E=0.667), wss://nostr.lopp.social(E=0.667)
[relay-scores] Saved to .cache/relay_scores_3bf0c63fcb934634_31536000_liveness_ndk-thompson-cg.json

Thompson Sampling [ndk-thompson-cg] learning state:
  Session: 1
  Relays with observations: 20
  Mean prior α: 3.6, β: 9.3
  Relays with strong preference (α>5): 3
  Relays learned to avoid (β>5): 7
[relay-scores-pw] Updated scores for ndk-thompson-cg3: 20 relays, session 1
[relay-scores-pw] Partial-weighted 8 sole-source observations across 7 relays (0.3x)
[relay-scores-pw] Sole-source relays and scores: wss://relay.ditto.pub(E=0.722), wss://basspistol.org(E=0.617), wss://nostr.wine(E=0.213), wss://nostr.land(E=0.133), wss://theforest.nostr1.com(E=0.744), wss://relay.westernbtc.com(E=0.565), wss://nostr.lopp.social(E=0.565)
[relay-scores] Saved to .cache/relay_scores_3bf0c63fcb934634_31536000_liveness_ndk-thompson-cg3.json

Thompson Sampling [ndk-thompson-cg3] learning state:
  Session: 1
  Relays with observations: 20
  Mean prior α: 3.4, β: 9.3
  Relays with strong preference (α>5): 3
  Relays learned to avoid (β>5): 7

JSON results written to: results/3bf0c63fcb934634_1773158613773.json
