[0m[32mTask[0m [0m[36mbench[0m deno run --allow-net --allow-read --allow-write main.ts "3bf0c63fcb93463407af97a5e5ee64fa883d107ef9e558472c4eb9aaaefa459d" "--algorithms" "ndk-thompson,ndk-thompson-cg,ndk-thompson-cg3" "--verify-window" "31536000" "--verify" "--verify-concurrency" "10" "--nip66-filter" "liveness" "--no-phase2-cache" "--fast" "--output" "both"
Target: 3bf0c63fcb934634...
Seed: 0 | Filter: strict | Runs: 3
[fetch] Connecting to 3 indexer relays...
[fetch] wss://purplepag.es: connected (1082ms)
[fetch] wss://relay.damus.io: connected (367ms)
[fetch] wss://nos.lol: connected (750ms)
[fetch] Fetching kind 3 (contact list) for 3bf0c63f...
[fetch] 196 follows to fetch relay lists for
[fetch] Received 154 relay list events

=== Fetch Quality ===
Indexers: wss://purplepag.es (197 events, 1082ms), wss://relay.damus.io (123 events, 367ms), wss://nos.lol (154 events, 750ms)
Follows: 196 | With relay list: 151 (77.0%) | Missing: 45 (23.0%) | Filtered-to-empty: 3
Filter profile: strict | Filtered URLs: 34 (2 localhost, 3 insecure ws, 29 known-bad)
Unique valid write relays: 233 | Seed: 0
[nip66] Using cached monitor data (1139 relays)

=== NIP-66 Liveness Filter (liveness) ===
Monitor data: 1139 relays
Candidate relays: 233
  Known alive: 136
  Unknown (removed): 97
  .onion preserved: 1
  Parse-failed preserved: 0
  Authors filtered to empty: 1
Relays after filter: 136
[relay-scores] Loaded 26 relay priors (session 4, from 2026-03-10T17:02:29.120Z)

Thompson Sampling [ndk-thompson]: loaded 26 relay priors (session 4)
[relay-scores] Loaded 27 relay priors (session 4, from 2026-03-10T17:02:29.121Z)

Thompson Sampling [ndk-thompson-cg]: loaded 27 relay priors (session 4)
[relay-scores] Loaded 27 relay priors (session 4, from 2026-03-10T17:02:29.122Z)

Thompson Sampling [ndk-thompson-cg3]: loaded 27 relay priors (session 4)
Coverage guarantee: 8 sole-source relays forced (20 maxConnections budget)
Coverage guarantee: 8 sole-source relays forced (20 maxConnections budget)
Coverage guarantee: 8 sole-source relays forced (20 maxConnections budget)
Coverage guarantee: 8 sole-source relays forced (capped at 10, 8 total sole-source) (20 maxConnections budget)
Coverage guarantee: 8 sole-source relays forced (capped at 10, 8 total sole-source) (20 maxConnections budget)
Coverage guarantee: 8 sole-source relays forced (capped at 10, 8 total sole-source) (20 maxConnections budget)

=== Regime A: Fixed 20 Connections ===
  Algorithm                      |  Relays |   Assign% |  Orphans |  Alg.Orph |  Avg/pk |   Gini |    HHI
  -------------------------------+---------+-----------+----------+-----------+---------+--------+-------
  NDK+Thompson (Priority)        |      20 |     74.5% (0.0sd) |       50 |         5 |     1.9 |   0.67 |  0.157
  NDK+Thompson (Priority)+CG     |      20 |     76.0% (0.0sd) |       47 |         2 |     1.9 |   0.71 |  0.185
  NDK+Thompson (Priority)+CG3    |      20 |     76.0% (0.0sd) |       47 |         2 |     1.9 |   0.71 |  0.185
Coverage guarantee: 8 sole-source relays forced (20 maxConnections budget)
Coverage guarantee: 8 sole-source relays forced (capped at 10, 8 total sole-source) (20 maxConnections budget)

=== Phase 2: Event Verification ===
Window: 31536000s | Kinds: 1 | Concurrency: 10
[baseline] Querying 136 relays for 150 authors (window: 31536000s)
[pool] CLOSED from wss://creatr.nostr.wine: auth-required: please authenticate before sending REQs
[pool] CLOSED from wss://relay.nosflare.com: auth-required: authentication required to subscribe
[pool] CLOSED from wss://greensoul.space: auth-required: only authenticated users can read from this relay
[pool] CLOSED from wss://sendit.nosflare.com: restricted: this relay does not accept REQs
[baseline] Progress: 50/136 relays queried
[pool] CLOSED from wss://inbox.nostr.wine: blocked: this relay does not store any of the kinds in this request
[pool] CLOSED from wss://relay.getalby.com/v1: blocked: Request rejected
[baseline] Progress: 100/136 relays queried
[pool] CLOSED from wss://relay.danieldaquino.me/private: auth-required: this query requires you to be authenticated
[baseline] Progress: 136/136 relays queried
[phase2] Subscription timeouts (no EOSE): 6
[phase2] CLOSED messages received: 7
  wss://creatr.nostr.wine: auth-required: please authenticate before sending REQs
  wss://relay.nosflare.com: auth-required: authentication required to subscribe
  wss://greensoul.space: auth-required: only authenticated users can read from this relay
  wss://sendit.nosflare.com: restricted: this relay does not accept REQs
  wss://inbox.nostr.wine: blocked: this relay does not store any of the kinds in this request
  wss://relay.getalby.com/v1: blocked: Request rejected
  wss://relay.danieldaquino.me/private: auth-required: this query requires you to be authenticated

=== Phase 2: Event Verification (365d window) ===
Baseline: 136 relays queried (73.5% success), 36s
  Timing: connect 748ms median (1.4s p95) | query 1.3s median (14.1s p95) | 6 timeouts (6 relays)
  Authors: 150 with relay data
    Testable (reliable): 117 | Testable (partial): 0 | Zero events: 32 | Unreliable: 1
  Baseline events: 35,241 (mean 301.2/author, median 44)
  Events per (relay,pubkey) capped at: 10000

  Headline metrics (117 testable-reliable authors, 35,241 baseline events):

  Algorithm                        |   Evt Recall |   Auth Recall |  Relay OK% |     TTFE |      p50 |      p80 | Timeouts
  ---------------------------------+--------------+---------------+------------+----------+----------+----------+---------
  NDK+Thompson (Priority) (seed=0, single run) |        15.5% |         79.5% |      95.0% |    706ms |     2.0s |     2.7s |        1
  NDK+Thompson CG (Priority) (seed=0, single run) |        41.8% |         79.5% |      90.0% |    706ms |     2.0s |     3.0s |        1
  NDK+Thompson CG3 (Priority) (seed=0, single run) |        41.8% |         79.5% |      90.0% |    706ms |     2.0s |     3.0s |        1

  Per-author recall distribution:
  Algorithm                        |   Median |  % at 0% |      p25 |      p75
  ---------------------------------+----------+----------+----------+---------
  NDK+Thompson (Priority) (seed=0, single run) |    30.5% |    20.5% |     1.7% |   100.0%
  NDK+Thompson CG (Priority) (seed=0, single run) |    38.4% |    20.5% |     1.7% |   100.0%
  NDK+Thompson CG3 (Priority) (seed=0, single run) |    38.4% |    20.5% |     1.7% |   100.0%

  Latency simulation (parallel relay query):
  Algorithm                        |     TTFE |      p50 |      p80 |      Max |   TO |   TO Tax |   Relays |   Events
  ---------------------------------+----------+----------+----------+----------+------+----------+----------+---------
  NDK+Thompson (Priority) (seed=0, single run) |    706ms |     2.0s |     2.7s |    18.2s |    1 |    15.0s | 19/20/20 |   10,039
  NDK+Thompson CG (Priority) (seed=0, single run) |    706ms |     2.0s |     3.0s |    18.2s |    1 |    15.0s | 18/19/20 |   19,039
  NDK+Thompson CG3 (Priority) (seed=0, single run) |    706ms |     2.0s |     3.0s |    18.2s |    1 |    15.0s | 18/19/20 |   19,039
  (Relays: with-events/connected/total | TO Tax: ceil(timeouts/concurrency) × EOSE timeout)

  Progressive completeness (% of recall achieved by time):
  Algorithm                        |      @1s |      @2s |      @5s |     @10s |     @15s
  ---------------------------------+----------+----------+----------+----------+---------
  NDK+Thompson (Priority) (seed=0, single run) |    11.7% |    55.6% |    99.7% |    99.7% |    99.7%
  NDK+Thompson CG (Priority) (seed=0, single run) |     4.3% |    26.2% |    99.2% |    99.2% |    99.2%
  NDK+Thompson CG3 (Priority) (seed=0, single run) |     4.3% |    26.2% |    99.2% |    99.2% |    99.2%

  EOSE-race simulation (stop after first EOSE + grace period):
  Algorithm                        |     +0ms |   +200ms |   +500ms |      +1s |      +2s
  ---------------------------------+----------+----------+----------+----------+---------
  NDK+Thompson (Priority) (seed=0, single run) |     0.6% |    11.7% |    22.6% |    38.0% |    75.5%
  NDK+Thompson CG (Priority) (seed=0, single run) |     0.2% |     4.3% |    13.1% |    16.4% |    30.6%
  NDK+Thompson CG3 (Priority) (seed=0, single run) |     0.2% |     4.3% |    13.1% |    16.4% |    30.6%
  (First EOSE: NDK+Thompson (Priority) (seed=0, single run)=821ms, NDK+Thompson CG (Priority) (seed=0, single run)=821ms, NDK+Thompson CG3 (Priority) (seed=0, single run)=821ms)

  Profile-view latency (per-author outbox query, top 3 write relays):
    Authors simulated: 117 | Hit rate: 100.0%
    TTFE: 743ms median, 1.1s mean, 1.8s p95
    Relays/profile: 2.8 queried, 2.6 with events, 0.03 timeouts

  Feed vs profile-view TTFE comparison:
  Algorithm                        |  Feed TTFE |  Profile TTFE |    Delta
  ---------------------------------+------------+---------------+---------
  NDK+Thompson (Priority) (seed=0, single run) |      706ms |         743ms |    +37ms
  NDK+Thompson CG (Priority) (seed=0, single run) |      706ms |         743ms |    +37ms
  NDK+Thompson CG3 (Priority) (seed=0, single run) |      706ms |         743ms |    +37ms

=== NIP-66 RTT vs Measured Latency (110 relays, data age: 45min) ===
                             N   Spearman r      MAE    Bias    Top5   Top10   Top20
------------------------  ----  -----------  -------  ------  ------  ------  ------
rttOpen vs connect         110         0.28    411ms    0.8x   20.0%   20.0%   35.0%
rttRead vs query            98         0.20     1.5s    6.6x    0.0%   40.0%   40.0%
(Bias = measured/nip66, >1 = NIP-66 underestimates. TopK = overlap of K fastest relays.)
Monitor: 9ba6484003e8..., 0b01aa38c2cc..., 9b85d54cc4bc..., 9bbbb845e5b6..., 9ba1d7892cd0..., 9ba0ce3dcc28..., http-api..., 58faef87b342...
[relay-scores] Updated scores for ndk-thompson: 26 relays, session 5
[relay-scores] Degrading relays (1): wss://cellar.nostr.wine
[relay-scores] Saved to .cache/relay_scores_3bf0c63fcb934634_31536000_liveness_ndk-thompson.json

Thompson Sampling [ndk-thompson] learning state:
  Session: 5
  Relays with observations: 26
  Mean prior α: 13.0, β: 27.2
  Relays with strong preference (α>5): 13
  Relays learned to avoid (β>5): 12
[relay-scores-se] Relay wss://basspistol.org: 1 contested obs (fallback dampening applied)
[relay-scores-se] Relay wss://nostr.lopp.social: 0 contested obs (fallback dampening applied)
[relay-scores-se] Updated scores for ndk-thompson-cg: 28 relays, session 5
[relay-scores-se] Skipped 7 sole-source observations across 6 relays
[relay-scores-se] Force-included relays and scores: wss://relay.ditto.pub(E=0.796), wss://basspistol.org(E=0.819), wss://nostr.wine(E=0.208), wss://nostr.land(E=0.173), wss://theforest.nostr1.com(E=0.798), wss://nostr.lopp.social(E=0.847)
[relay-scores-se] Degrading relays (2): wss://relay.westernbtc.com, wss://spatia-arcana.com
[relay-scores] Saved to .cache/relay_scores_3bf0c63fcb934634_31536000_liveness_ndk-thompson-cg.json

Thompson Sampling [ndk-thompson-cg] learning state:
  Session: 5
  Relays with observations: 28
  Mean prior α: 11.9, β: 25.0
  Relays with strong preference (α>5): 13
  Relays learned to avoid (β>5): 10
[relay-scores-pw] Updated scores for ndk-thompson-cg3: 28 relays, session 5
[relay-scores-pw] Partial-weighted 7 sole-source observations across 6 relays (0.3x)
[relay-scores-pw] Sole-source relays and scores: wss://relay.ditto.pub(E=0.799), wss://basspistol.org(E=0.721), wss://nostr.wine(E=0.215), wss://nostr.land(E=0.146), wss://theforest.nostr1.com(E=0.804), wss://nostr.lopp.social(E=0.702)
[relay-scores-pw] Degrading relays (2): wss://relay.westernbtc.com, wss://spatia-arcana.com
[relay-scores] Saved to .cache/relay_scores_3bf0c63fcb934634_31536000_liveness_ndk-thompson-cg3.json

Thompson Sampling [ndk-thompson-cg3] learning state:
  Session: 5
  Relays with observations: 28
  Mean prior α: 11.6, β: 25.0
  Relays with strong preference (α>5): 12
  Relays learned to avoid (β>5): 10

JSON results written to: results/3bf0c63fcb934634_1773163305488.json
