[0m[32mTask[0m [0m[36mbench[0m deno run --allow-net --allow-read --allow-write main.ts "3bf0c63fcb93463407af97a5e5ee64fa883d107ef9e558472c4eb9aaaefa459d" "--algorithms" "ndk-thompson,ndk-thompson-cg,ndk-thompson-cg3" "--verify-window" "31536000" "--verify" "--verify-concurrency" "10" "--nip66-filter" "liveness" "--no-phase2-cache" "--fast" "--output" "both"
Target: 3bf0c63fcb934634...
Seed: 0 | Filter: strict | Runs: 3
Using cached data (fetched 2026-03-10T16:02:48.329Z)

=== Fetch Quality ===
Indexers: wss://purplepag.es (197 events, 939ms), wss://relay.damus.io (123 events, 417ms), wss://nos.lol (154 events, 737ms)
Follows: 196 | With relay list: 151 (77.0%) | Missing: 45 (23.0%) | Filtered-to-empty: 3
Filter profile: strict | Filtered URLs: 34 (2 localhost, 3 insecure ws, 29 known-bad)
Unique valid write relays: 233 | Seed: 0
[nip66] Using cached monitor data (1158 relays)

=== NIP-66 Liveness Filter (liveness) ===
Monitor data: 1158 relays
Candidate relays: 233
  Known alive: 136
  Unknown (removed): 97
  .onion preserved: 1
  Parse-failed preserved: 0
  Authors filtered to empty: 1
Relays after filter: 136
[relay-scores] Loaded 20 relay priors (session 1, from 2026-03-10T16:03:33.750Z)

Thompson Sampling [ndk-thompson]: loaded 20 relay priors (session 1)
[relay-scores] Loaded 20 relay priors (session 1, from 2026-03-10T16:03:33.760Z)

Thompson Sampling [ndk-thompson-cg]: loaded 20 relay priors (session 1)
[relay-scores] Loaded 20 relay priors (session 1, from 2026-03-10T16:03:33.764Z)

Thompson Sampling [ndk-thompson-cg3]: loaded 20 relay priors (session 1)
Coverage guarantee: 8 sole-source relays forced (20 maxConnections budget)
Coverage guarantee: 8 sole-source relays forced (20 maxConnections budget)
Coverage guarantee: 8 sole-source relays forced (20 maxConnections budget)
Coverage guarantee: 8 sole-source relays forced (capped at 10, 8 total sole-source) (20 maxConnections budget)
Coverage guarantee: 8 sole-source relays forced (capped at 10, 8 total sole-source) (20 maxConnections budget)
Coverage guarantee: 8 sole-source relays forced (capped at 10, 8 total sole-source) (20 maxConnections budget)

=== Regime A: Fixed 20 Connections ===
  Algorithm                      |  Relays |   Assign% |  Orphans |  Alg.Orph |  Avg/pk |   Gini |    HHI
  -------------------------------+---------+-----------+----------+-----------+---------+--------+-------
  NDK+Thompson (Priority)        |      20 |     74.0% (0.0sd) |       51 |         6 |     1.9 |   0.64 |  0.147
  NDK+Thompson (Priority)+CG     |      20 |     75.5% (0.0sd) |       48 |         3 |     1.9 |   0.64 |  0.146
  NDK+Thompson (Priority)+CG3    |      20 |     75.5% (0.0sd) |       48 |         3 |     1.9 |   0.64 |  0.146
Coverage guarantee: 8 sole-source relays forced (20 maxConnections budget)
Coverage guarantee: 8 sole-source relays forced (capped at 10, 8 total sole-source) (20 maxConnections budget)

=== Phase 2: Event Verification ===
Window: 31536000s | Kinds: 1 | Concurrency: 10
[baseline] Querying 136 relays for 150 authors (window: 31536000s)
[pool] CLOSED from wss://creatr.nostr.wine: auth-required: please authenticate before sending REQs
[pool] CLOSED from wss://greensoul.space: auth-required: only authenticated users can read from this relay
[pool] CLOSED from wss://relay.nosflare.com: auth-required: authentication required to subscribe
[pool] CLOSED from wss://sendit.nosflare.com: restricted: this relay does not accept REQs
[baseline] Progress: 50/136 relays queried
[pool] CLOSED from wss://inbox.nostr.wine: blocked: this relay does not store any of the kinds in this request
[pool] CLOSED from wss://relay.getalby.com/v1: blocked: Request rejected
[baseline] Progress: 100/136 relays queried
[pool] CLOSED from wss://relay.danieldaquino.me/private: auth-required: this query requires you to be authenticated
[baseline] Progress: 136/136 relays queried
[phase2] Subscription timeouts (no EOSE): 7
[phase2] CLOSED messages received: 7
  wss://creatr.nostr.wine: auth-required: please authenticate before sending REQs
  wss://greensoul.space: auth-required: only authenticated users can read from this relay
  wss://relay.nosflare.com: auth-required: authentication required to subscribe
  wss://sendit.nosflare.com: restricted: this relay does not accept REQs
  wss://inbox.nostr.wine: blocked: this relay does not store any of the kinds in this request
  wss://relay.getalby.com/v1: blocked: Request rejected
  wss://relay.danieldaquino.me/private: auth-required: this query requires you to be authenticated

=== Phase 2: Event Verification (365d window) ===
Baseline: 136 relays queried (84.6% success), 48s
  Timing: connect 1.0s median (1.9s p95) | query 1.8s median (13.7s p95) | 7 timeouts (8 relays)
  Authors: 150 with relay data
    Testable (reliable): 117 | Testable (partial): 1 | Zero events: 32 | Unreliable: 0
  Baseline events: 37,499 (mean 317.8/author, median 65)
  Events per (relay,pubkey) capped at: 10000

  Headline metrics (117 testable-reliable authors, 37,374 baseline events):

  Algorithm                        |   Evt Recall |   Auth Recall |  Relay OK% |     TTFE |      p50 |      p80 | Timeouts
  ---------------------------------+--------------+---------------+------------+----------+----------+----------+---------
  NDK+Thompson (Priority) (seed=0, single run) |        10.6% |         76.9% |      85.0% |    896ms |     3.3s |     5.8s |        1
  NDK+Thompson CG (Priority) (seed=0, single run) |        39.5% |         83.8% |      90.0% |    818ms |     3.8s |     6.3s |        1
  NDK+Thompson CG3 (Priority) (seed=0, single run) |        38.8% |         83.8% |      90.0% |    818ms |     3.8s |     6.3s |        1

  Per-author recall distribution:
  Algorithm                        |   Median |  % at 0% |      p25 |      p75
  ---------------------------------+----------+----------+----------+---------
  NDK+Thompson (Priority) (seed=0, single run) |    13.3% |    23.1% |     1.4% |   100.0%
  NDK+Thompson CG (Priority) (seed=0, single run) |    32.6% |    16.2% |     2.8% |   100.0%
  NDK+Thompson CG3 (Priority) (seed=0, single run) |    30.5% |    16.2% |     2.8% |   100.0%

  Latency simulation (parallel relay query):
  Algorithm                        |     TTFE |      p50 |      p80 |      Max |   TO |   TO Tax |   Relays |   Events
  ---------------------------------+----------+----------+----------+----------+------+----------+----------+---------
  NDK+Thompson (Priority) (seed=0, single run) |    896ms |     3.3s |     5.8s |    16.1s |    1 |    15.0s | 16/18/20 |    7,795
  NDK+Thompson CG (Priority) (seed=0, single run) |    818ms |     3.8s |     6.3s |    16.1s |    1 |    15.0s | 17/19/20 |   19,726
  NDK+Thompson CG3 (Priority) (seed=0, single run) |    818ms |     3.8s |     6.3s |    16.1s |    1 |    15.0s | 17/19/20 |   19,726
  (Relays: with-events/connected/total | TO Tax: ceil(timeouts/concurrency) × EOSE timeout)

  Progressive completeness (% of recall achieved by time):
  Algorithm                        |      @1s |      @2s |      @5s |     @10s |     @15s
  ---------------------------------+----------+----------+----------+----------+---------
  NDK+Thompson (Priority) (seed=0, single run) |     0.0% |     8.5% |    56.7% |   100.0% |   100.0%
  NDK+Thompson CG (Priority) (seed=0, single run) |     0.0% |     5.7% |    86.9% |   100.0% |   100.0%
  NDK+Thompson CG3 (Priority) (seed=0, single run) |     0.0% |     5.8% |    86.2% |   100.0% |   100.0%

  EOSE-race simulation (stop after first EOSE + grace period):
  Algorithm                        |     +0ms |   +200ms |   +500ms |      +1s |      +2s
  ---------------------------------+----------+----------+----------+----------+---------
  NDK+Thompson (Priority) (seed=0, single run) |     0.8% |     8.4% |     8.4% |     8.5% |    39.6%
  NDK+Thompson CG (Priority) (seed=0, single run) |     3.4% |     3.6% |     5.7% |     9.0% |    79.7%
  NDK+Thompson CG3 (Priority) (seed=0, single run) |     3.4% |     3.6% |     5.8% |     9.2% |    81.0%
  (First EOSE: NDK+Thompson (Priority) (seed=0, single run)=1.4s, NDK+Thompson CG (Priority) (seed=0, single run)=1.2s, NDK+Thompson CG3 (Priority) (seed=0, single run)=1.2s)

  Profile-view latency (per-author outbox query, top 3 write relays):
    Authors simulated: 118 | Hit rate: 99.2%
    TTFE: 2.3s median, 2.2s mean, 3.5s p95
    Relays/profile: 2.8 queried, 2.5 with events, 0.04 timeouts

  Feed vs profile-view TTFE comparison:
  Algorithm                        |  Feed TTFE |  Profile TTFE |    Delta
  ---------------------------------+------------+---------------+---------
  NDK+Thompson (Priority) (seed=0, single run) |      896ms |          2.3s |    +1.4s
  NDK+Thompson CG (Priority) (seed=0, single run) |      818ms |          2.3s |    +1.5s
  NDK+Thompson CG3 (Priority) (seed=0, single run) |      818ms |          2.3s |    +1.5s

  Including partial-baseline authors (118 testable authors, 37,499 baseline events):

  Algorithm                        |   Evt Recall |   Auth Recall
  ---------------------------------+--------------+--------------
  NDK+Thompson (Priority) (seed=0, single run) |        10.5% |         76.3%
  NDK+Thompson CG (Priority) (seed=0, single run) |        39.5% |         83.9%
  NDK+Thompson CG3 (Priority) (seed=0, single run) |        38.9% |         83.9%

=== NIP-66 RTT vs Measured Latency (126 relays, data age: 38min) ===
                             N   Spearman r      MAE    Bias    Top5   Top10   Top20
------------------------  ----  -----------  -------  ------  ------  ------  ------
rttOpen vs connect         126        -0.00     1.1s    0.9x   20.0%   20.0%   20.0%
rttRead vs query           113         0.02     2.3s   12.5x    0.0%   10.0%   30.0%
(Bias = measured/nip66, >1 = NIP-66 underestimates. TopK = overlap of K fastest relays.)
Monitor: 9ba046db56b8..., 0b01aa38c2cc..., 9bbbb845e5b6..., 9b85d54cc4bc..., 9bac3d58ef5a..., 9ba1d7892cd0..., http-api...
[relay-scores] Updated scores for ndk-thompson: 24 relays, session 2
[relay-scores] Saved to .cache/relay_scores_3bf0c63fcb934634_31536000_liveness_ndk-thompson.json

Thompson Sampling [ndk-thompson] learning state:
  Session: 2
  Relays with observations: 24
  Mean prior α: 5.9, β: 13.8
  Relays with strong preference (α>5): 7
  Relays learned to avoid (β>5): 11
[relay-scores-se] Relay wss://basspistol.org: 1 contested obs (fallback dampening applied)
[relay-scores-se] Relay wss://relay.westernbtc.com: 0 contested obs (fallback dampening applied)
[relay-scores-se] Relay wss://nostr.lopp.social: 0 contested obs (fallback dampening applied)
[relay-scores-se] Updated scores for ndk-thompson-cg: 24 relays, session 2
[relay-scores-se] Skipped 8 sole-source observations across 7 relays
[relay-scores-se] Force-included relays and scores: wss://relay.ditto.pub(E=0.797), wss://basspistol.org(E=0.756), wss://nostr.wine(E=0.191), wss://nostr.land(E=0.095), wss://theforest.nostr1.com(E=0.791), wss://relay.westernbtc.com(E=0.747), wss://nostr.lopp.social(E=0.747)
[relay-scores] Saved to .cache/relay_scores_3bf0c63fcb934634_31536000_liveness_ndk-thompson-cg.json

Thompson Sampling [ndk-thompson-cg] learning state:
  Session: 2
  Relays with observations: 24
  Mean prior α: 6.0, β: 13.5
  Relays with strong preference (α>5): 10
  Relays learned to avoid (β>5): 9
[relay-scores-pw] Updated scores for ndk-thompson-cg3: 24 relays, session 2
[relay-scores-pw] Partial-weighted 8 sole-source observations across 7 relays (0.3x)
[relay-scores-pw] Sole-source relays and scores: wss://relay.ditto.pub(E=0.741), wss://basspistol.org(E=0.665), wss://nostr.wine(E=0.200), wss://nostr.land(E=0.123), wss://theforest.nostr1.com(E=0.779), wss://relay.westernbtc.com(E=0.613), wss://nostr.lopp.social(E=0.613)
[relay-scores] Saved to .cache/relay_scores_3bf0c63fcb934634_31536000_liveness_ndk-thompson-cg3.json

Thompson Sampling [ndk-thompson-cg3] learning state:
  Session: 2
  Relays with observations: 24
  Mean prior α: 5.8, β: 13.6
  Relays with strong preference (α>5): 9
  Relays learned to avoid (β>5): 9

JSON results written to: results/3bf0c63fcb934634_1773159840078.json
