[0m[32mTask[0m [0m[36mbench[0m deno run --allow-net --allow-read --allow-write main.ts "6a0c596c1484eae2e8131a030f269944921e52619c1dd143a029c64ea6cd9731" "--algorithms" "ndk-thompson,ndk-thompson-cg,ndk-thompson-cg3" "--verify-window" "31536000" "--verify" "--verify-concurrency" "10" "--nip66-filter" "liveness" "--no-phase2-cache" "--fast" "--output" "both"
Target: 6a0c596c1484eae2...
Seed: 0 | Filter: strict | Runs: 3
Using cached data (fetched 2026-03-10T16:14:12.526Z)

=== Fetch Quality ===
Indexers: wss://purplepag.es (401 events, 1479ms), wss://relay.damus.io (133 events, 319ms), wss://nos.lol (236 events, 712ms)
Follows: 400 | With relay list: 232 (58.0%) | Missing: 168 (42.0%) | Filtered-to-empty: 8
Filter profile: strict | Filtered URLs: 107 (6 localhost, 32 insecure ws, 7 IP-only, 55 known-bad, 7 malformed)
Unique valid write relays: 568 | Seed: 0
[nip66] Using cached monitor data (1158 relays)

=== NIP-66 Liveness Filter (liveness) ===
Monitor data: 1158 relays
Candidate relays: 568
  Known alive: 182
  Unknown (removed): 386
  .onion preserved: 17
  Parse-failed preserved: 0
  Authors filtered to empty: 2
Relays after filter: 182
[relay-scores] Loaded 20 relay priors (session 1, from 2026-03-10T16:15:01.871Z)

Thompson Sampling [ndk-thompson]: loaded 20 relay priors (session 1)
[relay-scores] Loaded 20 relay priors (session 1, from 2026-03-10T16:15:01.873Z)

Thompson Sampling [ndk-thompson-cg]: loaded 20 relay priors (session 1)
[relay-scores] Loaded 20 relay priors (session 1, from 2026-03-10T16:15:01.873Z)

Thompson Sampling [ndk-thompson-cg3]: loaded 20 relay priors (session 1)
Coverage guarantee: 8 sole-source relays forced (20 maxConnections budget)
Coverage guarantee: 8 sole-source relays forced (20 maxConnections budget)
Coverage guarantee: 8 sole-source relays forced (20 maxConnections budget)
Coverage guarantee: 8 sole-source relays forced (capped at 10, 8 total sole-source) (20 maxConnections budget)
Coverage guarantee: 8 sole-source relays forced (capped at 10, 8 total sole-source) (20 maxConnections budget)
Coverage guarantee: 8 sole-source relays forced (capped at 10, 8 total sole-source) (20 maxConnections budget)

=== Regime A: Fixed 20 Connections ===
  Algorithm                      |  Relays |   Assign% |  Orphans |  Alg.Orph |  Avg/pk |   Gini |    HHI
  -------------------------------+---------+-----------+----------+-----------+---------+--------+-------
  NDK+Thompson (Priority)        |      20 |     56.8% (0.0sd) | 172.66666666666666 | 4.666666666666667 |     1.9 |   0.71 |  0.189
  NDK+Thompson (Priority)+CG     |      20 |     57.1% (0.0sd) | 171.66666666666666 | 3.6666666666666665 |     1.9 |   0.75 |  0.207
  NDK+Thompson (Priority)+CG3    |      20 |     57.1% (0.0sd) | 171.66666666666666 | 3.6666666666666665 |     1.9 |   0.75 |  0.209
Coverage guarantee: 8 sole-source relays forced (20 maxConnections budget)
Coverage guarantee: 8 sole-source relays forced (capped at 10, 8 total sole-source) (20 maxConnections budget)

=== Phase 2: Event Verification ===
Window: 31536000s | Kinds: 1 | Concurrency: 10
[baseline] Querying 182 relays for 230 authors (window: 31536000s)
[pool] CLOSED from wss://greensoul.space: auth-required: only authenticated users can read from this relay
[pool] CLOSED from wss://relay.nosflare.com: auth-required: authentication required to subscribe
[pool] CLOSED from wss://aggr.nostr.land: auth-required: auth required for aggregator
[baseline] Progress: 50/182 relays queried
[pool] CLOSED from wss://creatr.nostr.wine: auth-required: please authenticate before sending REQs
[baseline] Progress: 100/182 relays queried
[pool] CLOSED from wss://relay.getalby.com/v1: blocked: Request rejected
[pool] CLOSED from wss://relay.nostraddress.com: auth-required: authentication required to subscribe
[pool] CLOSED from wss://relay.nsec.app: blocked: we only keep kind 24133 or 24135
[baseline] Progress: 150/182 relays queried
[pool] CLOSED from wss://impromptu.relays.land: auth-required: all requests must be authenticated
[baseline] Progress: 182/182 relays queried
[phase2] Subscription timeouts (no EOSE): 8
[phase2] CLOSED messages received: 8
  wss://greensoul.space: auth-required: only authenticated users can read from this relay
  wss://relay.nosflare.com: auth-required: authentication required to subscribe
  wss://aggr.nostr.land: auth-required: auth required for aggregator
  wss://creatr.nostr.wine: auth-required: please authenticate before sending REQs
  wss://relay.getalby.com/v1: blocked: Request rejected
  wss://relay.nostraddress.com: auth-required: authentication required to subscribe
  wss://relay.nsec.app: blocked: we only keep kind 24133 or 24135
  wss://impromptu.relays.land: auth-required: all requests must be authenticated

=== Phase 2: Event Verification (365d window) ===
Baseline: 182 relays queried (71.4% success), 50s
  Timing: connect 921ms median (2.0s p95) | query 1.5s median (11.6s p95) | 8 timeouts (8 relays)
  Authors: 230 with relay data
    Testable (reliable): 102 | Testable (partial): 0 | Zero events: 126 | Unreliable: 2
  Baseline events: 27,598 (mean 270.6/author, median 37)
  Events per (relay,pubkey) capped at: 10000

  Headline metrics (102 testable-reliable authors, 27,598 baseline events):

  Algorithm                        |   Evt Recall |   Auth Recall |  Relay OK% |     TTFE |      p50 |      p80 | Timeouts
  ---------------------------------+--------------+---------------+------------+----------+----------+----------+---------
  NDK+Thompson (Priority) (seed=0, single run) |        19.7% |         88.2% |      95.0% |     1.3s |     4.2s |     5.7s |        0
  NDK+Thompson CG (Priority) (seed=0, single run) |        23.9% |         88.2% |      90.0% |     1.3s |     4.2s |     5.7s |        1
  NDK+Thompson CG3 (Priority) (seed=0, single run) |        23.9% |         88.2% |      90.0% |     1.3s |     4.2s |     5.7s |        1

  Per-author recall distribution:
  Algorithm                        |   Median |  % at 0% |      p25 |      p75
  ---------------------------------+----------+----------+----------+---------
  NDK+Thompson (Priority) (seed=0, single run) |    96.1% |    11.8% |    13.4% |   100.0%
  NDK+Thompson CG (Priority) (seed=0, single run) |    96.8% |    11.8% |    15.2% |   100.0%
  NDK+Thompson CG3 (Priority) (seed=0, single run) |    96.8% |    11.8% |    15.2% |   100.0%

  Latency simulation (parallel relay query):
  Algorithm                        |     TTFE |      p50 |      p80 |      Max |   TO |   TO Tax |   Relays |   Events
  ---------------------------------+----------+----------+----------+----------+------+----------+----------+---------
  NDK+Thompson (Priority) (seed=0, single run) |     1.3s |     4.2s |     5.7s |    11.5s |    0 |      0ms | 15/19/20 |   11,483
  NDK+Thompson CG (Priority) (seed=0, single run) |     1.3s |     4.2s |     5.7s |    16.6s |    1 |    15.0s | 16/19/20 |   12,888
  NDK+Thompson CG3 (Priority) (seed=0, single run) |     1.3s |     4.2s |     5.7s |    16.6s |    1 |    15.0s | 16/19/20 |   12,888
  (Relays: with-events/connected/total | TO Tax: ceil(timeouts/concurrency) × EOSE timeout)

  Progressive completeness (% of recall achieved by time):
  Algorithm                        |      @1s |      @2s |      @5s |     @10s |     @15s
  ---------------------------------+----------+----------+----------+----------+---------
  NDK+Thompson (Priority) (seed=0, single run) |     0.0% |     0.0% |    46.2% |    88.3% |   100.0%
  NDK+Thompson CG (Priority) (seed=0, single run) |     0.0% |     0.0% |    55.8% |    91.3% |   100.0%
  NDK+Thompson CG3 (Priority) (seed=0, single run) |     0.0% |     0.0% |    55.7% |    91.2% |   100.0%

  EOSE-race simulation (stop after first EOSE + grace period):
  Algorithm                        |     +0ms |   +200ms |   +500ms |      +1s |      +2s
  ---------------------------------+----------+----------+----------+----------+---------
  NDK+Thompson (Priority) (seed=0, single run) |     1.1% |     1.1% |    10.3% |    12.4% |    36.2%
  NDK+Thompson CG (Priority) (seed=0, single run) |     7.6% |     7.6% |    16.2% |    17.8% |    40.1%
  NDK+Thompson CG3 (Priority) (seed=0, single run) |     7.6% |     7.6% |    16.2% |    17.8% |    40.1%
  (First EOSE: NDK+Thompson (Priority) (seed=0, single run)=2.2s, NDK+Thompson CG (Priority) (seed=0, single run)=2.2s, NDK+Thompson CG3 (Priority) (seed=0, single run)=2.2s)

  Profile-view latency (per-author outbox query, top 3 write relays):
    Authors simulated: 102 | Hit rate: 99.0%
    TTFE: 2.3s median, 2.3s mean, 2.9s p95
    Relays/profile: 2.8 queried, 2.5 with events, 0.04 timeouts

  Feed vs profile-view TTFE comparison:
  Algorithm                        |  Feed TTFE |  Profile TTFE |    Delta
  ---------------------------------+------------+---------------+---------
  NDK+Thompson (Priority) (seed=0, single run) |       1.3s |          2.3s |   +912ms
  NDK+Thompson CG (Priority) (seed=0, single run) |       1.3s |          2.3s |   +912ms
  NDK+Thompson CG3 (Priority) (seed=0, single run) |       1.3s |          2.3s |   +912ms

=== NIP-66 RTT vs Measured Latency (145 relays, data age: 49min) ===
                             N   Spearman r      MAE    Bias    Top5   Top10   Top20
------------------------  ----  -----------  -------  ------  ------  ------  ------
rttOpen vs connect         145         0.12    898ms    1.0x    0.0%   10.0%   25.0%
rttRead vs query           128        -0.03     2.0s    8.7x    0.0%   10.0%   30.0%
(Bias = measured/nip66, >1 = NIP-66 underestimates. TopK = overlap of K fastest relays.)
Monitor: 9ba046db56b8..., 9ba1d7892cd0..., 9bbbb845e5b6..., 0b01aa38c2cc..., 9bac3d58ef5a..., b2c949c0fb79..., 58faef87b342..., http-api...
[relay-scores] Updated scores for ndk-thompson: 26 relays, session 2
[relay-scores] Saved to .cache/relay_scores_6a0c596c1484eae2_31536000_liveness_ndk-thompson.json

Thompson Sampling [ndk-thompson] learning state:
  Session: 2
  Relays with observations: 26
  Mean prior α: 7.6, β: 8.6
  Relays with strong preference (α>5): 6
  Relays learned to avoid (β>5): 8
[relay-scores-se] Relay wss://relay.momostr.pink: 1 contested obs (fallback dampening applied)
[relay-scores-se] Relay wss://wot.nostr.sats4.life: 0 contested obs (fallback dampening applied)
[relay-scores-se] Updated scores for ndk-thompson-cg: 25 relays, session 2
[relay-scores-se] Skipped 6 sole-source observations across 5 relays
[relay-scores-se] Force-included relays and scores: wss://nos.lol(E=0.512), wss://relay.ditto.pub(E=0.887), wss://relay.primal.net(E=0.312), wss://relay.momostr.pink(E=0.646), wss://wot.nostr.sats4.life(E=0.747)
[relay-scores] Saved to .cache/relay_scores_6a0c596c1484eae2_31536000_liveness_ndk-thompson-cg.json

Thompson Sampling [ndk-thompson-cg] learning state:
  Session: 2
  Relays with observations: 25
  Mean prior α: 7.9, β: 8.8
  Relays with strong preference (α>5): 8
  Relays learned to avoid (β>5): 8
[relay-scores-pw] Updated scores for ndk-thompson-cg3: 25 relays, session 2
[relay-scores-pw] Partial-weighted 6 sole-source observations across 5 relays (0.3x)
[relay-scores-pw] Sole-source relays and scores: wss://nos.lol(E=0.518), wss://relay.ditto.pub(E=0.882), wss://relay.primal.net(E=0.319), wss://relay.momostr.pink(E=0.613), wss://wot.nostr.sats4.life(E=0.613)
[relay-scores] Saved to .cache/relay_scores_6a0c596c1484eae2_31536000_liveness_ndk-thompson-cg3.json

Thompson Sampling [ndk-thompson-cg3] learning state:
  Session: 2
  Relays with observations: 25
  Mean prior α: 7.8, β: 8.8
  Relays with strong preference (α>5): 8
  Relays learned to avoid (β>5): 8

JSON results written to: results/6a0c596c1484eae2_1773160539556.json
