[0m[32mTask[0m [0m[36mbench[0m deno run --allow-net --allow-read --allow-write main.ts "6a0c596c1484eae2e8131a030f269944921e52619c1dd143a029c64ea6cd9731" "--algorithms" "ndk-thompson,ndk-thompson-cg,ndk-thompson-cg3" "--verify-window" "31536000" "--verify" "--verify-concurrency" "10" "--nip66-filter" "liveness" "--no-phase2-cache" "--fast" "--output" "both"
Target: 6a0c596c1484eae2...
Seed: 0 | Filter: strict | Runs: 3
Using cached data (fetched 2026-03-10T16:14:12.526Z)

=== Fetch Quality ===
Indexers: wss://purplepag.es (401 events, 1479ms), wss://relay.damus.io (133 events, 319ms), wss://nos.lol (236 events, 712ms)
Follows: 400 | With relay list: 232 (58.0%) | Missing: 168 (42.0%) | Filtered-to-empty: 8
Filter profile: strict | Filtered URLs: 107 (6 localhost, 32 insecure ws, 7 IP-only, 55 known-bad, 7 malformed)
Unique valid write relays: 568 | Seed: 0
[nip66] Using cached monitor data (1139 relays)

=== NIP-66 Liveness Filter (liveness) ===
Monitor data: 1139 relays
Candidate relays: 568
  Known alive: 181
  Unknown (removed): 387
  .onion preserved: 18
  Parse-failed preserved: 0
  Authors filtered to empty: 2
Relays after filter: 181
[relay-scores] Loaded 28 relay priors (session 3, from 2026-03-10T16:54:13.389Z)

Thompson Sampling [ndk-thompson]: loaded 28 relay priors (session 3)
[relay-scores] Loaded 27 relay priors (session 3, from 2026-03-10T16:54:13.393Z)

Thompson Sampling [ndk-thompson-cg]: loaded 27 relay priors (session 3)
[relay-scores] Loaded 28 relay priors (session 3, from 2026-03-10T16:54:13.403Z)

Thompson Sampling [ndk-thompson-cg3]: loaded 28 relay priors (session 3)
Coverage guarantee: 8 sole-source relays forced (20 maxConnections budget)
Coverage guarantee: 8 sole-source relays forced (20 maxConnections budget)
Coverage guarantee: 8 sole-source relays forced (20 maxConnections budget)
Coverage guarantee: 8 sole-source relays forced (capped at 10, 8 total sole-source) (20 maxConnections budget)
Coverage guarantee: 8 sole-source relays forced (capped at 10, 8 total sole-source) (20 maxConnections budget)
Coverage guarantee: 8 sole-source relays forced (capped at 10, 8 total sole-source) (20 maxConnections budget)

=== Regime A: Fixed 20 Connections ===
  Algorithm                      |  Relays |   Assign% |  Orphans |  Alg.Orph |  Avg/pk |   Gini |    HHI
  -------------------------------+---------+-----------+----------+-----------+---------+--------+-------
  NDK+Thompson (Priority)        |      20 |     56.7% (0.0sd) |      173 |         5 |     1.9 |   0.73 |  0.195
  NDK+Thompson (Priority)+CG     |      20 |     57.1% (0.0sd) | 171.66666666666666 | 3.6666666666666665 |     1.9 |   0.75 |  0.213
  NDK+Thompson (Priority)+CG3    |      20 |     57.2% (0.0sd) | 171.33333333333334 | 3.3333333333333335 |     1.9 |   0.75 |  0.209
Coverage guarantee: 8 sole-source relays forced (20 maxConnections budget)
Coverage guarantee: 8 sole-source relays forced (capped at 10, 8 total sole-source) (20 maxConnections budget)

=== Phase 2: Event Verification ===
Window: 31536000s | Kinds: 1 | Concurrency: 10
[baseline] Querying 181 relays for 230 authors (window: 31536000s)
[pool] CLOSED from wss://relay.nosflare.com: auth-required: authentication required to subscribe
[pool] CLOSED from wss://greensoul.space: auth-required: only authenticated users can read from this relay
[pool] CLOSED from wss://aggr.nostr.land: auth-required: auth required for aggregator
[baseline] Progress: 50/181 relays queried
[pool] CLOSED from wss://creatr.nostr.wine: auth-required: please authenticate before sending REQs
[baseline] Progress: 100/181 relays queried
[pool] CLOSED from wss://auth.nostr1.com: auth-required: you must auth
[pool] CLOSED from wss://wot.azzamo.net: rate-limited: there is a bug in the client, no one should be making so many requests
[pool] CLOSED from wss://relay.nsec.app: blocked: we only keep kind 24133 or 24135
[baseline] Progress: 150/181 relays queried
[pool] CLOSED from wss://impromptu.relays.land: auth-required: all requests must be authenticated
[baseline] Progress: 181/181 relays queried
[phase2] Subscription timeouts (no EOSE): 10
[phase2] CLOSED messages received: 8
  wss://relay.nosflare.com: auth-required: authentication required to subscribe
  wss://greensoul.space: auth-required: only authenticated users can read from this relay
  wss://aggr.nostr.land: auth-required: auth required for aggregator
  wss://creatr.nostr.wine: auth-required: please authenticate before sending REQs
  wss://auth.nostr1.com: auth-required: you must auth
  wss://wot.azzamo.net: rate-limited: there is a bug in the client, no one should be making so many requests
  wss://relay.nsec.app: blocked: we only keep kind 24133 or 24135
  wss://impromptu.relays.land: auth-required: all requests must be authenticated

=== Phase 2: Event Verification (365d window) ===
Baseline: 181 relays queried (60.8% success), 55s
  Timing: connect 740ms median (1.6s p95) | query 1.3s median (15.7s p95) | 10 timeouts (10 relays)
  Authors: 230 with relay data
    Testable (reliable): 60 | Testable (partial): 25 | Zero events: 54 | Unreliable: 91
  Baseline events: 25,976 (mean 305.6/author, median 47)
  Events per (relay,pubkey) capped at: 10000

  Headline metrics (60 testable-reliable authors, 24,670 baseline events):

  Algorithm                        |   Evt Recall |   Auth Recall |  Relay OK% |     TTFE |      p50 |      p80 | Timeouts
  ---------------------------------+--------------+---------------+------------+----------+----------+----------+---------
  NDK+Thompson (Priority) (seed=0, single run) |        13.5% |         73.3% |      80.0% |     1.3s |     3.0s |     3.6s |        0
  NDK+Thompson CG (Priority) (seed=0, single run) |        40.1% |         66.7% |      85.0% |    809ms |     3.3s |     3.6s |        0
  NDK+Thompson CG3 (Priority) (seed=0, single run) |        19.5% |         70.0% |      85.0% |     1.3s |     2.9s |     3.4s |        0

  Per-author recall distribution:
  Algorithm                        |   Median |  % at 0% |      p25 |      p75
  ---------------------------------+----------+----------+----------+---------
  NDK+Thompson (Priority) (seed=0, single run) |    27.5% |    26.7% |     0.0% |   100.0%
  NDK+Thompson CG (Priority) (seed=0, single run) |    16.2% |    33.3% |     0.0% |   100.0%
  NDK+Thompson CG3 (Priority) (seed=0, single run) |    36.0% |    30.0% |     0.0% |   100.0%

  Latency simulation (parallel relay query):
  Algorithm                        |     TTFE |      p50 |      p80 |      Max |   TO |   TO Tax |   Relays |   Events
  ---------------------------------+----------+----------+----------+----------+------+----------+----------+---------
  NDK+Thompson (Priority) (seed=0, single run) |     1.3s |     3.0s |     3.6s |     9.5s |    0 |      0ms | 12/16/20 |    7,509
  NDK+Thompson CG (Priority) (seed=0, single run) |    809ms |     3.3s |     3.6s |     9.5s |    0 |      0ms | 14/17/20 |   13,782
  NDK+Thompson CG3 (Priority) (seed=0, single run) |     1.3s |     2.9s |     3.4s |     9.5s |    0 |      0ms | 13/17/20 |    7,635
  (Relays: with-events/connected/total | TO Tax: ceil(timeouts/concurrency) × EOSE timeout)

  Progressive completeness (% of recall achieved by time):
  Algorithm                        |      @1s |      @2s |      @5s |     @10s |     @15s
  ---------------------------------+----------+----------+----------+----------+---------
  NDK+Thompson (Priority) (seed=0, single run) |     0.0% |    18.8% |    97.6% |   100.0% |   100.0%
  NDK+Thompson CG (Priority) (seed=0, single run) |     0.1% |     1.3% |    31.0% |   100.0% |   100.0%
  NDK+Thompson CG3 (Priority) (seed=0, single run) |     0.0% |    15.0% |    71.7% |   100.0% |   100.0%

  EOSE-race simulation (stop after first EOSE + grace period):
  Algorithm                        |     +0ms |   +200ms |   +500ms |      +1s |      +2s
  ---------------------------------+----------+----------+----------+----------+---------
  NDK+Thompson (Priority) (seed=0, single run) |     3.0% |    18.8% |    18.8% |    28.4% |    97.6%
  NDK+Thompson CG (Priority) (seed=0, single run) |     0.1% |     0.1% |     0.1% |     1.3% |     5.8%
  NDK+Thompson CG3 (Priority) (seed=0, single run) |     2.3% |    14.4% |    16.4% |    23.1% |    71.7%
  (First EOSE: NDK+Thompson (Priority) (seed=0, single run)=1.7s, NDK+Thompson CG (Priority) (seed=0, single run)=839ms, NDK+Thompson CG3 (Priority) (seed=0, single run)=1.7s)

  Profile-view latency (per-author outbox query, top 3 write relays):
    Authors simulated: 85 | Hit rate: 89.4%
    TTFE: 1.8s median, 1.9s mean, 2.8s p95
    Relays/profile: 2.8 queried, 1.3 with events, 0.04 timeouts

  Feed vs profile-view TTFE comparison:
  Algorithm                        |  Feed TTFE |  Profile TTFE |    Delta
  ---------------------------------+------------+---------------+---------
  NDK+Thompson (Priority) (seed=0, single run) |       1.3s |          1.8s |   +472ms
  NDK+Thompson CG (Priority) (seed=0, single run) |      809ms |          1.8s |   +996ms
  NDK+Thompson CG3 (Priority) (seed=0, single run) |       1.3s |          1.8s |   +472ms

  Including partial-baseline authors (85 testable authors, 25,976 baseline events):

  Algorithm                        |   Evt Recall |   Auth Recall
  ---------------------------------+--------------+--------------
  NDK+Thompson (Priority) (seed=0, single run) |        15.6% |         63.5%
  NDK+Thompson CG (Priority) (seed=0, single run) |        40.0% |         56.5%
  NDK+Thompson CG3 (Priority) (seed=0, single run) |        20.4% |         60.0%

=== NIP-66 RTT vs Measured Latency (128 relays, data age: 35min) ===
                             N   Spearman r      MAE    Bias    Top5   Top10   Top20
------------------------  ----  -----------  -------  ------  ------  ------  ------
rttOpen vs connect         128         0.30    482ms    1.2x   20.0%   10.0%   25.0%
rttRead vs query           111         0.14     1.6s    6.9x   20.0%   20.0%   35.0%
(Bias = measured/nip66, >1 = NIP-66 underestimates. TopK = overlap of K fastest relays.)
Monitor: 9ba6484003e8..., 9ba0ce3dcc28..., 9b85d54cc4bc..., 0b01aa38c2cc..., b2c949c0fb79..., 9bac3d58ef5a..., 9bbbb845e5b6...
[relay-scores] Updated scores for ndk-thompson: 29 relays, session 4
[relay-scores] Degrading relays (2): wss://nos.lol, wss://relay.snort.social
[relay-scores] Saved to .cache/relay_scores_6a0c596c1484eae2_31536000_liveness_ndk-thompson.json

Thompson Sampling [ndk-thompson] learning state:
  Session: 4
  Relays with observations: 29
  Mean prior α: 10.8, β: 14.5
  Relays with strong preference (α>5): 12
  Relays learned to avoid (β>5): 11
[relay-scores-se] Relay wss://relay.momostr.pink: 0 contested obs (fallback dampening applied)
[relay-scores-se] Relay wss://wot.nostr.sats4.life: 0 contested obs (fallback dampening applied)
[relay-scores-se] Updated scores for ndk-thompson-cg: 29 relays, session 4
[relay-scores-se] Skipped 4 sole-source observations across 4 relays
[relay-scores-se] Force-included relays and scores: wss://relay.ditto.pub(E=0.937), wss://relay.primal.net(E=0.321), wss://relay.momostr.pink(E=0.748), wss://wot.nostr.sats4.life(E=0.825)
[relay-scores-se] Degrading relays (2): wss://nos.lol, wss://nostr.land
[relay-scores] Saved to .cache/relay_scores_6a0c596c1484eae2_31536000_liveness_ndk-thompson-cg.json

Thompson Sampling [ndk-thompson-cg] learning state:
  Session: 4
  Relays with observations: 29
  Mean prior α: 10.4, β: 14.6
  Relays with strong preference (α>5): 8
  Relays learned to avoid (β>5): 10
[relay-scores-pw] Updated scores for ndk-thompson-cg3: 31 relays, session 4
[relay-scores-pw] Partial-weighted 4 sole-source observations across 4 relays (0.3x)
[relay-scores-pw] Sole-source relays and scores: wss://relay.ditto.pub(E=0.938), wss://relay.primal.net(E=0.329), wss://relay.momostr.pink(E=0.679), wss://wot.nostr.sats4.life(E=0.679)
[relay-scores-pw] Degrading relays (3): wss://nos.lol, wss://yestr.me, wss://nostr.land
[relay-scores] Saved to .cache/relay_scores_6a0c596c1484eae2_31536000_liveness_ndk-thompson-cg3.json

Thompson Sampling [ndk-thompson-cg3] learning state:
  Session: 4
  Relays with observations: 31
  Mean prior α: 9.8, β: 13.6
  Relays with strong preference (α>5): 8
  Relays learned to avoid (β>5): 9

JSON results written to: results/6a0c596c1484eae2_1773162744246.json
