[0m[32mTask[0m [0m[36mbench[0m deno run --allow-net --allow-read --allow-write main.ts "6a0c596c1484eae2e8131a030f269944921e52619c1dd143a029c64ea6cd9731" "--algorithms" "ndk-thompson,ndk-thompson-cg,ndk-thompson-cg3" "--verify-window" "31536000" "--verify" "--verify-concurrency" "10" "--nip66-filter" "liveness" "--no-phase2-cache" "--fast" "--output" "both"
Target: 6a0c596c1484eae2...
Seed: 0 | Filter: strict | Runs: 3
[fetch] Connecting to 3 indexer relays...
[fetch] wss://purplepag.es: connected (1139ms)
[fetch] wss://relay.damus.io: connected (377ms)
[fetch] wss://nos.lol: connected (1647ms)
[fetch] Fetching kind 3 (contact list) for 6a0c596c...
[fetch] 400 follows to fetch relay lists for
[fetch] Fetched relay lists: 200/400
[fetch] Received 240 relay list events

=== Fetch Quality ===
Indexers: wss://purplepag.es (401 events, 1139ms), wss://relay.damus.io (133 events, 377ms), wss://nos.lol (236 events, 1647ms)
Follows: 400 | With relay list: 232 (58.0%) | Missing: 168 (42.0%) | Filtered-to-empty: 8
Filter profile: strict | Filtered URLs: 107 (6 localhost, 32 insecure ws, 7 IP-only, 55 known-bad, 7 malformed)
Unique valid write relays: 568 | Seed: 0
[nip66] Using cached monitor data (1139 relays)

=== NIP-66 Liveness Filter (liveness) ===
Monitor data: 1139 relays
Candidate relays: 568
  Known alive: 181
  Unknown (removed): 387
  .onion preserved: 18
  Parse-failed preserved: 0
  Authors filtered to empty: 2
Relays after filter: 181
[relay-scores] Loaded 29 relay priors (session 4, from 2026-03-10T17:12:24.217Z)

Thompson Sampling [ndk-thompson]: loaded 29 relay priors (session 4)
[relay-scores] Loaded 29 relay priors (session 4, from 2026-03-10T17:12:24.230Z)

Thompson Sampling [ndk-thompson-cg]: loaded 29 relay priors (session 4)
[relay-scores] Loaded 31 relay priors (session 4, from 2026-03-10T17:12:24.234Z)

Thompson Sampling [ndk-thompson-cg3]: loaded 31 relay priors (session 4)
Coverage guarantee: 8 sole-source relays forced (20 maxConnections budget)
Coverage guarantee: 8 sole-source relays forced (20 maxConnections budget)
Coverage guarantee: 8 sole-source relays forced (20 maxConnections budget)
Coverage guarantee: 8 sole-source relays forced (capped at 10, 8 total sole-source) (20 maxConnections budget)
Coverage guarantee: 8 sole-source relays forced (capped at 10, 8 total sole-source) (20 maxConnections budget)
Coverage guarantee: 8 sole-source relays forced (capped at 10, 8 total sole-source) (20 maxConnections budget)

=== Regime A: Fixed 20 Connections ===
  Algorithm                      |  Relays |   Assign% |  Orphans |  Alg.Orph |  Avg/pk |   Gini |    HHI
  -------------------------------+---------+-----------+----------+-----------+---------+--------+-------
  NDK+Thompson (Priority)        |      20 |     56.7% (0.0sd) | 173.33333333333334 | 5.333333333333333 |     1.9 |   0.71 |  0.185
  NDK+Thompson (Priority)+CG     |      20 |     57.2% (0.0sd) | 171.33333333333334 | 3.3333333333333335 |     1.9 |   0.74 |  0.201
  NDK+Thompson (Priority)+CG3    |      20 |     57.2% (0.0sd) | 171.33333333333334 | 3.3333333333333335 |     1.9 |   0.73 |  0.198
Coverage guarantee: 8 sole-source relays forced (20 maxConnections budget)
Coverage guarantee: 8 sole-source relays forced (capped at 10, 8 total sole-source) (20 maxConnections budget)

=== Phase 2: Event Verification ===
Window: 31536000s | Kinds: 1 | Concurrency: 10
[baseline] Querying 181 relays for 230 authors (window: 31536000s)
[pool] CLOSED from wss://greensoul.space: auth-required: only authenticated users can read from this relay
[pool] CLOSED from wss://relay.nosflare.com: auth-required: authentication required to subscribe
[pool] CLOSED from wss://aggr.nostr.land: auth-required: auth required for aggregator
[baseline] Progress: 50/181 relays queried
[pool] CLOSED from wss://creatr.nostr.wine: auth-required: please authenticate before sending REQs
[baseline] Progress: 100/181 relays queried
[pool] CLOSED from wss://auth.nostr1.com: auth-required: you must auth
[pool] CLOSED from wss://wot.azzamo.net: rate-limited: there is a bug in the client, no one should be making so many requests
[pool] CLOSED from wss://relay.getalby.com/v1: blocked: Request rejected
[pool] CLOSED from wss://relay.nostraddress.com: auth-required: authentication required to subscribe
[baseline] Progress: 150/181 relays queried
[pool] CLOSED from wss://relay.nsec.app: blocked: we only keep kind 24133 or 24135
[pool] CLOSED from wss://impromptu.relays.land: auth-required: all requests must be authenticated
[baseline] Progress: 181/181 relays queried
[phase2] Subscription timeouts (no EOSE): 9
[phase2] CLOSED messages received: 10
  wss://greensoul.space: auth-required: only authenticated users can read from this relay
  wss://relay.nosflare.com: auth-required: authentication required to subscribe
  wss://aggr.nostr.land: auth-required: auth required for aggregator
  wss://creatr.nostr.wine: auth-required: please authenticate before sending REQs
  wss://auth.nostr1.com: auth-required: you must auth
  wss://wot.azzamo.net: rate-limited: there is a bug in the client, no one should be making so many requests
  wss://relay.getalby.com/v1: blocked: Request rejected
  wss://relay.nostraddress.com: auth-required: authentication required to subscribe
  wss://relay.nsec.app: blocked: we only keep kind 24133 or 24135
  wss://impromptu.relays.land: auth-required: all requests must be authenticated

=== Phase 2: Event Verification (365d window) ===
Baseline: 181 relays queried (76.8% success), 45s
  Timing: connect 674ms median (1.2s p95) | query 1.0s median (15.6s p95) | 9 timeouts (9 relays)
  Authors: 230 with relay data
    Testable (reliable): 101 | Testable (partial): 0 | Zero events: 127 | Unreliable: 2
  Baseline events: 27,706 (mean 274.3/author, median 45)
  Events per (relay,pubkey) capped at: 10000

  Headline metrics (101 testable-reliable authors, 27,706 baseline events):

  Algorithm                        |   Evt Recall |   Auth Recall |  Relay OK% |     TTFE |      p50 |      p80 | Timeouts
  ---------------------------------+--------------+---------------+------------+----------+----------+----------+---------
  NDK+Thompson (Priority) (seed=0, single run) |        22.6% |         89.1% |      95.0% |    755ms |     2.0s |     3.1s |        1
  NDK+Thompson CG (Priority) (seed=0, single run) |        22.0% |         91.1% |      95.0% |    755ms |     2.3s |     3.0s |        0
  NDK+Thompson CG3 (Priority) (seed=0, single run) |        24.3% |         91.1% |      95.0% |    988ms |     2.4s |     3.1s |        0

  Per-author recall distribution:
  Algorithm                        |   Median |  % at 0% |      p25 |      p75
  ---------------------------------+----------+----------+----------+---------
  NDK+Thompson (Priority) (seed=0, single run) |    97.0% |    10.9% |    15.2% |   100.0%
  NDK+Thompson CG (Priority) (seed=0, single run) |    96.6% |     8.9% |    16.7% |   100.0%
  NDK+Thompson CG3 (Priority) (seed=0, single run) |    97.0% |     8.9% |    16.7% |   100.0%

  Latency simulation (parallel relay query):
  Algorithm                        |     TTFE |      p50 |      p80 |      Max |   TO |   TO Tax |   Relays |   Events
  ---------------------------------+----------+----------+----------+----------+------+----------+----------+---------
  NDK+Thompson (Priority) (seed=0, single run) |    755ms |     2.0s |     3.1s |    17.9s |    1 |    15.0s | 15/20/20 |   12,360
  NDK+Thompson CG (Priority) (seed=0, single run) |    755ms |     2.3s |     3.0s |     3.8s |    0 |      0ms | 15/19/20 |   11,594
  NDK+Thompson CG3 (Priority) (seed=0, single run) |    988ms |     2.4s |     3.1s |     3.8s |    0 |      0ms | 16/19/20 |   12,610
  (Relays: with-events/connected/total | TO Tax: ceil(timeouts/concurrency) × EOSE timeout)

  Progressive completeness (% of recall achieved by time):
  Algorithm                        |      @1s |      @2s |      @5s |     @10s |     @15s
  ---------------------------------+----------+----------+----------+----------+---------
  NDK+Thompson (Priority) (seed=0, single run) |     0.2% |    30.9% |   100.0% |   100.0% |   100.0%
  NDK+Thompson CG (Priority) (seed=0, single run) |     0.2% |    28.7% |   100.0% |   100.0% |   100.0%
  NDK+Thompson CG3 (Priority) (seed=0, single run) |     0.0% |    33.0% |   100.0% |   100.0% |   100.0%

  EOSE-race simulation (stop after first EOSE + grace period):
  Algorithm                        |     +0ms |   +200ms |   +500ms |      +1s |      +2s
  ---------------------------------+----------+----------+----------+----------+---------
  NDK+Thompson (Priority) (seed=0, single run) |     0.2% |     0.2% |    13.7% |    30.9% |    53.3%
  NDK+Thompson CG (Priority) (seed=0, single run) |     0.2% |     0.2% |     7.1% |    28.7% |    62.1%
  NDK+Thompson CG3 (Priority) (seed=0, single run) |     3.3% |    14.7% |    33.0% |    40.5% |    68.4%
  (First EOSE: NDK+Thompson (Priority) (seed=0, single run)=885ms, NDK+Thompson CG (Priority) (seed=0, single run)=885ms, NDK+Thompson CG3 (Priority) (seed=0, single run)=1.3s)

  Profile-view latency (per-author outbox query, top 3 write relays):
    Authors simulated: 101 | Hit rate: 99.0%
    TTFE: 1.1s median, 1.3s mean, 1.8s p95
    Relays/profile: 2.8 queried, 2.5 with events, 0.03 timeouts

  Feed vs profile-view TTFE comparison:
  Algorithm                        |  Feed TTFE |  Profile TTFE |    Delta
  ---------------------------------+------------+---------------+---------
  NDK+Thompson (Priority) (seed=0, single run) |      755ms |          1.1s |   +388ms
  NDK+Thompson CG (Priority) (seed=0, single run) |      755ms |          1.1s |   +388ms
  NDK+Thompson CG3 (Priority) (seed=0, single run) |      988ms |          1.1s |   +155ms

=== NIP-66 RTT vs Measured Latency (157 relays, data age: 56min) ===
                             N   Spearman r      MAE    Bias    Top5   Top10   Top20
------------------------  ----  -----------  -------  ------  ------  ------  ------
rttOpen vs connect         157         0.35    442ms    0.9x    0.0%   10.0%   20.0%
rttRead vs query           138         0.17     1.1s    6.0x   20.0%   20.0%   35.0%
(Bias = measured/nip66, >1 = NIP-66 underestimates. TopK = overlap of K fastest relays.)
Monitor: 9ba6484003e8..., 9ba0ce3dcc28..., 9b85d54cc4bc..., 0b01aa38c2cc..., b2c949c0fb79..., 9bbbb845e5b6..., 9bac3d58ef5a..., http-api...
[relay-scores] Updated scores for ndk-thompson: 31 relays, session 5
[relay-scores] Degrading relays (2): wss://relay.snort.social, wss://premium.primal.net
[relay-scores] Saved to .cache/relay_scores_6a0c596c1484eae2_31536000_liveness_ndk-thompson.json

Thompson Sampling [ndk-thompson] learning state:
  Session: 5
  Relays with observations: 31
  Mean prior α: 12.7, β: 16.1
  Relays with strong preference (α>5): 14
  Relays learned to avoid (β>5): 10
[relay-scores-se] Relay wss://relay.momostr.pink: 0 contested obs (fallback dampening applied)
[relay-scores-se] Relay wss://wot.nostr.sats4.life: 0 contested obs (fallback dampening applied)
[relay-scores-se] Updated scores for ndk-thompson-cg: 31 relays, session 5
[relay-scores-se] Skipped 6 sole-source observations across 5 relays
[relay-scores-se] Force-included relays and scores: wss://nos.lol(E=0.426), wss://relay.ditto.pub(E=0.948), wss://relay.primal.net(E=0.312), wss://relay.momostr.pink(E=0.779), wss://wot.nostr.sats4.life(E=0.847)
[relay-scores-se] Degrading relays (1): wss://nostr.land
[relay-scores] Saved to .cache/relay_scores_6a0c596c1484eae2_31536000_liveness_ndk-thompson-cg.json

Thompson Sampling [ndk-thompson-cg] learning state:
  Session: 5
  Relays with observations: 31
  Mean prior α: 12.2, β: 16.2
  Relays with strong preference (α>5): 12
  Relays learned to avoid (β>5): 10
[relay-scores-pw] Updated scores for ndk-thompson-cg3: 32 relays, session 5
[relay-scores-pw] Partial-weighted 6 sole-source observations across 5 relays (0.3x)
[relay-scores-pw] Sole-source relays and scores: wss://nos.lol(E=0.429), wss://relay.ditto.pub(E=0.950), wss://relay.primal.net(E=0.326), wss://relay.momostr.pink(E=0.702), wss://wot.nostr.sats4.life(E=0.702)
[relay-scores-pw] Degrading relays (2): wss://yestr.me, wss://nostr.land
[relay-scores] Saved to .cache/relay_scores_6a0c596c1484eae2_31536000_liveness_ndk-thompson-cg3.json

Thompson Sampling [ndk-thompson-cg3] learning state:
  Session: 5
  Relays with observations: 32
  Mean prior α: 11.9, β: 15.5
  Relays with strong preference (α>5): 10
  Relays learned to avoid (β>5): 10

JSON results written to: results/6a0c596c1484eae2_1773163955291.json
