[0m[32mTask[0m [0m[36mbench[0m deno run --allow-net --allow-read --allow-write main.ts "6a0c596c1484eae2e8131a030f269944921e52619c1dd143a029c64ea6cd9731" "--algorithms" "ndk-thompson,ndk-thompson-cg,ndk-thompson-cg3" "--verify-window" "31536000" "--verify" "--verify-concurrency" "10" "--nip66-filter" "liveness" "--no-phase2-cache" "--fast" "--output" "both"
Target: 6a0c596c1484eae2...
Seed: 0 | Filter: strict | Runs: 3
[fetch] Connecting to 3 indexer relays...
[fetch] wss://purplepag.es: connected (1479ms)
[fetch] wss://relay.damus.io: connected (319ms)
[fetch] wss://nos.lol: connected (712ms)
[fetch] Fetching kind 3 (contact list) for 6a0c596c...
[fetch] 400 follows to fetch relay lists for
[fetch] Fetched relay lists: 200/400
[fetch] Received 240 relay list events

=== Fetch Quality ===
Indexers: wss://purplepag.es (401 events, 1479ms), wss://relay.damus.io (133 events, 319ms), wss://nos.lol (236 events, 712ms)
Follows: 400 | With relay list: 232 (58.0%) | Missing: 168 (42.0%) | Filtered-to-empty: 8
Filter profile: strict | Filtered URLs: 107 (6 localhost, 32 insecure ws, 7 IP-only, 55 known-bad, 7 malformed)
Unique valid write relays: 568 | Seed: 0
[nip66] Using cached monitor data (1158 relays)

=== NIP-66 Liveness Filter (liveness) ===
Monitor data: 1158 relays
Candidate relays: 568
  Known alive: 182
  Unknown (removed): 386
  .onion preserved: 17
  Parse-failed preserved: 0
  Authors filtered to empty: 2
Relays after filter: 182
Coverage guarantee: 8 sole-source relays forced (20 maxConnections budget)
Coverage guarantee: 8 sole-source relays forced (20 maxConnections budget)
Coverage guarantee: 8 sole-source relays forced (20 maxConnections budget)
Coverage guarantee: 8 sole-source relays forced (capped at 10, 8 total sole-source) (20 maxConnections budget)
Coverage guarantee: 8 sole-source relays forced (capped at 10, 8 total sole-source) (20 maxConnections budget)
Coverage guarantee: 8 sole-source relays forced (capped at 10, 8 total sole-source) (20 maxConnections budget)

=== Regime A: Fixed 20 Connections ===
  Algorithm                      |  Relays |   Assign% |  Orphans |  Alg.Orph |  Avg/pk |   Gini |    HHI
  -------------------------------+---------+-----------+----------+-----------+---------+--------+-------
  NDK+Thompson (Priority)        |      20 |     56.8% (0.0sd) |      173 |         5 |     1.9 |   0.69 |  0.164
  NDK+Thompson (Priority)+CG     |      20 |     57.3% (0.0sd) |      171 |         3 |     1.9 |   0.71 |  0.173
  NDK+Thompson (Priority)+CG3    |      20 |     57.3% (0.0sd) |      171 |         3 |     1.9 |   0.71 |  0.173
Coverage guarantee: 8 sole-source relays forced (20 maxConnections budget)
Coverage guarantee: 8 sole-source relays forced (capped at 10, 8 total sole-source) (20 maxConnections budget)

=== Phase 2: Event Verification ===
Window: 31536000s | Kinds: 1 | Concurrency: 10
[baseline] Querying 182 relays for 230 authors (window: 31536000s)
[pool] CLOSED from wss://relay.nosflare.com: auth-required: authentication required to subscribe
[pool] CLOSED from wss://greensoul.space: auth-required: only authenticated users can read from this relay
[pool] CLOSED from wss://aggr.nostr.land: auth-required: auth required for aggregator
[baseline] Progress: 50/182 relays queried
[pool] CLOSED from wss://creatr.nostr.wine: auth-required: please authenticate before sending REQs
[baseline] Progress: 100/182 relays queried
[pool] CLOSED from wss://auth.nostr1.com: auth-required: you must auth
[pool] CLOSED from wss://relay.getalby.com/v1: blocked: Request rejected
[pool] CLOSED from wss://relay.nostraddress.com: auth-required: authentication required to subscribe
[pool] CLOSED from wss://relay.nsec.app: blocked: we only keep kind 24133 or 24135
[baseline] Progress: 150/182 relays queried
[pool] CLOSED from wss://impromptu.relays.land: auth-required: all requests must be authenticated
[baseline] Progress: 182/182 relays queried
[phase2] Subscription timeouts (no EOSE): 10
[phase2] CLOSED messages received: 9
  wss://relay.nosflare.com: auth-required: authentication required to subscribe
  wss://greensoul.space: auth-required: only authenticated users can read from this relay
  wss://aggr.nostr.land: auth-required: auth required for aggregator
  wss://creatr.nostr.wine: auth-required: please authenticate before sending REQs
  wss://auth.nostr1.com: auth-required: you must auth
  wss://relay.getalby.com/v1: blocked: Request rejected
  wss://relay.nostraddress.com: auth-required: authentication required to subscribe
  wss://relay.nsec.app: blocked: we only keep kind 24133 or 24135
  wss://impromptu.relays.land: auth-required: all requests must be authenticated

=== Phase 2: Event Verification (365d window) ===
Baseline: 182 relays queried (75.8% success), 49s
  Timing: connect 795ms median (1.8s p95) | query 1.3s median (15.8s p95) | 10 timeouts (10 relays)
  Authors: 230 with relay data
    Testable (reliable): 102 | Testable (partial): 0 | Zero events: 126 | Unreliable: 2
  Baseline events: 27,450 (mean 269.1/author, median 43)
  Events per (relay,pubkey) capped at: 10000

  Headline metrics (102 testable-reliable authors, 27,450 baseline events):

  Algorithm                        |   Evt Recall |   Auth Recall |  Relay OK% |     TTFE |      p50 |      p80 | Timeouts
  ---------------------------------+--------------+---------------+------------+----------+----------+----------+---------
  NDK+Thompson (Priority) (seed=0, single run) |        19.3% |         89.2% |      95.0% |    553ms |     2.3s |     3.1s |        1
  NDK+Thompson CG (Priority) (seed=0, single run) |        19.8% |         90.2% |      90.0% |    553ms |     2.2s |     3.1s |        1
  NDK+Thompson CG3 (Priority) (seed=0, single run) |        19.8% |         90.2% |      90.0% |    553ms |     2.2s |     3.1s |        1

  Per-author recall distribution:
  Algorithm                        |   Median |  % at 0% |      p25 |      p75
  ---------------------------------+----------+----------+----------+---------
  NDK+Thompson (Priority) (seed=0, single run) |    73.9% |    10.8% |    13.9% |   100.0%
  NDK+Thompson CG (Priority) (seed=0, single run) |    96.4% |     9.8% |    13.9% |   100.0%
  NDK+Thompson CG3 (Priority) (seed=0, single run) |    96.4% |     9.8% |    13.9% |   100.0%

  Latency simulation (parallel relay query):
  Algorithm                        |     TTFE |      p50 |      p80 |      Max |   TO |   TO Tax |   Relays |   Events
  ---------------------------------+----------+----------+----------+----------+------+----------+----------+---------
  NDK+Thompson (Priority) (seed=0, single run) |    553ms |     2.3s |     3.1s |    16.6s |    1 |    15.0s | 16/20/20 |   12,973
  NDK+Thompson CG (Priority) (seed=0, single run) |    553ms |     2.2s |     3.1s |    18.6s |    1 |    15.0s | 16/19/20 |   12,004
  NDK+Thompson CG3 (Priority) (seed=0, single run) |    553ms |     2.2s |     3.1s |    18.6s |    1 |    15.0s | 16/19/20 |   12,004
  (Relays: with-events/connected/total | TO Tax: ceil(timeouts/concurrency) × EOSE timeout)

  Progressive completeness (% of recall achieved by time):
  Algorithm                        |      @1s |      @2s |      @5s |     @10s |     @15s
  ---------------------------------+----------+----------+----------+----------+---------
  NDK+Thompson (Priority) (seed=0, single run) |    23.4% |    53.0% |   100.0% |   100.0% |   100.0%
  NDK+Thompson CG (Priority) (seed=0, single run) |    20.3% |    46.4% |   100.0% |   100.0% |   100.0%
  NDK+Thompson CG3 (Priority) (seed=0, single run) |    20.3% |    46.4% |   100.0% |   100.0% |   100.0%

  EOSE-race simulation (stop after first EOSE + grace period):
  Algorithm                        |     +0ms |   +200ms |   +500ms |      +1s |      +2s
  ---------------------------------+----------+----------+----------+----------+---------
  NDK+Thompson (Priority) (seed=0, single run) |    23.4% |    23.4% |    32.9% |    53.0% |    72.4%
  NDK+Thompson CG (Priority) (seed=0, single run) |     0.2% |    20.3% |    20.3% |    37.4% |    61.2%
  NDK+Thompson CG3 (Priority) (seed=0, single run) |     0.2% |    20.3% |    20.3% |    37.4% |    61.2%
  (First EOSE: NDK+Thompson (Priority) (seed=0, single run)=978ms, NDK+Thompson CG (Priority) (seed=0, single run)=815ms, NDK+Thompson CG3 (Priority) (seed=0, single run)=815ms)

  Profile-view latency (per-author outbox query, top 3 write relays):
    Authors simulated: 102 | Hit rate: 99.0%
    TTFE: 696ms median, 964ms mean, 1.7s p95
    Relays/profile: 2.8 queried, 2.5 with events, 0.04 timeouts

  Feed vs profile-view TTFE comparison:
  Algorithm                        |  Feed TTFE |  Profile TTFE |    Delta
  ---------------------------------+------------+---------------+---------
  NDK+Thompson (Priority) (seed=0, single run) |      553ms |         696ms |   +143ms
  NDK+Thompson CG (Priority) (seed=0, single run) |      553ms |         696ms |   +143ms
  NDK+Thompson CG3 (Priority) (seed=0, single run) |      553ms |         696ms |   +143ms

=== NIP-66 RTT vs Measured Latency (156 relays, data age: 28min) ===
                             N   Spearman r      MAE    Bias    Top5   Top10   Top20
------------------------  ----  -----------  -------  ------  ------  ------  ------
rttOpen vs connect         156         0.26    831ms    0.8x    0.0%   30.0%   25.0%
rttRead vs query           135         0.12     1.5s    7.9x    0.0%    0.0%   20.0%
(Bias = measured/nip66, >1 = NIP-66 underestimates. TopK = overlap of K fastest relays.)
Monitor: 9ba046db56b8..., 9ba1d7892cd0..., 9bbbb845e5b6..., 0b01aa38c2cc..., 9bac3d58ef5a..., b2c949c0fb79..., 58faef87b342..., http-api...
[relay-scores] Updated scores for ndk-thompson: 20 relays, session 1
[relay-scores] Saved to .cache/relay_scores_6a0c596c1484eae2_31536000_liveness_ndk-thompson.json

Thompson Sampling [ndk-thompson] learning state:
  Session: 1
  Relays with observations: 20
  Mean prior α: 5.3, β: 6.3
  Relays with strong preference (α>5): 6
  Relays learned to avoid (β>5): 6
[relay-scores-se] Relay wss://relay.ditto.pub: 2 contested obs (fallback dampening applied)
[relay-scores-se] Relay wss://relay.momostr.pink: 0 contested obs (fallback dampening applied)
[relay-scores-se] Relay wss://wot.nostr.sats4.life: 0 contested obs (fallback dampening applied)
[relay-scores-se] Updated scores for ndk-thompson-cg: 20 relays, session 1
[relay-scores-se] Skipped 6 sole-source observations across 5 relays
[relay-scores-se] Force-included relays and scores: wss://nos.lol(E=0.554), wss://relay.ditto.pub(E=0.800), wss://relay.primal.net(E=0.292), wss://relay.momostr.pink(E=0.667), wss://wot.nostr.sats4.life(E=0.667)
[relay-scores] Saved to .cache/relay_scores_6a0c596c1484eae2_31536000_liveness_ndk-thompson-cg.json

Thompson Sampling [ndk-thompson-cg] learning state:
  Session: 1
  Relays with observations: 20
  Mean prior α: 5.3, β: 6.2
  Relays with strong preference (α>5): 5
  Relays learned to avoid (β>5): 6
[relay-scores-pw] Updated scores for ndk-thompson-cg3: 20 relays, session 1
[relay-scores-pw] Partial-weighted 6 sole-source observations across 5 relays (0.3x)
[relay-scores-pw] Sole-source relays and scores: wss://nos.lol(E=0.560), wss://relay.ditto.pub(E=0.767), wss://relay.primal.net(E=0.298), wss://relay.momostr.pink(E=0.565), wss://wot.nostr.sats4.life(E=0.565)
[relay-scores] Saved to .cache/relay_scores_6a0c596c1484eae2_31536000_liveness_ndk-thompson-cg3.json

Thompson Sampling [ndk-thompson-cg3] learning state:
  Session: 1
  Relays with observations: 20
  Mean prior α: 5.2, β: 6.2
  Relays with strong preference (α>5): 5
  Relays learned to avoid (β>5): 6

JSON results written to: results/6a0c596c1484eae2_1773159301875.json
