[0m[32mTask[0m [0m[36mbench[0m deno run --allow-net --allow-read --allow-write main.ts "97c70a44366a6535c145b333f973ea86dfdc2d7a99da618c40c64705ad98e322" "--algorithms" "ndk-thompson,ndk-thompson-cg,ndk-thompson-cg3" "--verify-window" "31536000" "--verify" "--verify-concurrency" "10" "--nip66-filter" "liveness" "--no-phase2-cache" "--fast" "--output" "both"
Target: 97c70a44366a6535...
Seed: 0 | Filter: strict | Runs: 3
[fetch] Connecting to 3 indexer relays...
[fetch] wss://purplepag.es: connected (1119ms)
[fetch] wss://relay.damus.io: connected (430ms)
[fetch] wss://nos.lol: connected (735ms)
[fetch] Fetching kind 3 (contact list) for 97c70a44...
[fetch] 453 follows to fetch relay lists for
[fetch] Fetched relay lists: 200/453
[fetch] Fetched relay lists: 400/453
[fetch] Received 404 relay list events

=== Fetch Quality ===
Indexers: wss://purplepag.es (454 events, 1119ms), wss://relay.damus.io (299 events, 430ms), wss://nos.lol (402 events, 735ms)
Follows: 453 | With relay list: 396 (87.4%) | Missing: 57 (12.6%) | Filtered-to-empty: 8
Filter profile: strict | Filtered URLs: 141 (6 localhost, 13 insecure ws, 8 IP-only, 114 known-bad)
Unique valid write relays: 481 | Seed: 0
[nip66] Using cached monitor data (1139 relays)

=== NIP-66 Liveness Filter (liveness) ===
Monitor data: 1139 relays
Candidate relays: 481
  Known alive: 248
  Unknown (removed): 233
  .onion preserved: 10
  Parse-failed preserved: 0
  Authors filtered to empty: 3
Relays after filter: 248
[relay-scores] Loaded 29 relay priors (session 4, from 2026-03-10T17:04:47.541Z)

Thompson Sampling [ndk-thompson]: loaded 29 relay priors (session 4)
[relay-scores] Loaded 22 relay priors (session 4, from 2026-03-10T17:04:47.558Z)

Thompson Sampling [ndk-thompson-cg]: loaded 22 relay priors (session 4)
[relay-scores] Loaded 29 relay priors (session 4, from 2026-03-10T17:04:47.573Z)

Thompson Sampling [ndk-thompson-cg3]: loaded 29 relay priors (session 4)
Coverage guarantee: 13 sole-source relays forced (20 maxConnections budget)
Coverage guarantee: 13 sole-source relays forced (20 maxConnections budget)
Coverage guarantee: 13 sole-source relays forced (20 maxConnections budget)
Coverage guarantee: SKIPPED (13 sole-source >= 10 cap)
Coverage guarantee: SKIPPED (13 sole-source >= 10 cap)
Coverage guarantee: SKIPPED (13 sole-source >= 10 cap)

=== Regime A: Fixed 20 Connections ===
  Algorithm                      |  Relays |   Assign% |  Orphans |  Alg.Orph |  Avg/pk |   Gini |    HHI
  -------------------------------+---------+-----------+----------+-----------+---------+--------+-------
  NDK+Thompson (Priority)        |      20 |     83.4% (0.0sd) | 75.33333333333333 | 18.333333333333332 |     1.9 |   0.77 |  0.255
  NDK+Thompson (Priority)+CG     |      20 |     84.3% (0.0sd) |       71 |        14 |     1.9 |   0.77 |  0.246
  NDK+Thompson (Priority)-skip   |      20 |     83.7% (0.0sd) |       74 |        17 |     1.9 |   0.77 |  0.255
Coverage guarantee: 13 sole-source relays forced (20 maxConnections budget)
Coverage guarantee: SKIPPED (13 sole-source >= 10 cap)

=== Phase 2: Event Verification ===
Window: 31536000s | Kinds: 1 | Concurrency: 10
[baseline] Querying 248 relays for 393 authors (window: 31536000s)
[pool] CLOSED from wss://hole.v0l.io: error: queries not allowed
[pool] CLOSED from wss://relay.getalby.com/v1: blocked: Request rejected
[baseline] Progress: 50/248 relays queried
[pool] CLOSED from wss://greensoul.space: auth-required: only authenticated users can read from this relay
[pool] CLOSED from wss://sendit.nosflare.com: restricted: this relay does not accept REQs
[pool] CLOSED from wss://relay.nosflare.com: auth-required: authentication required to subscribe
[pool] CLOSED from wss://creatr.nostr.wine: auth-required: please authenticate before sending REQs
[baseline] Progress: 100/248 relays queried
[pool] CLOSED from wss://inbox.nostr.wine: blocked: this relay does not store any of the kinds in this request
[pool] CLOSED from wss://david.nostr1.com: auth-required: you must auth
[pool] CLOSED from wss://relay.shawnyeager.com/chat: auth-required: all requests must be authenticated
[pool] CLOSED from wss://auth.nostr1.com: auth-required: you must auth
[baseline] Progress: 150/248 relays queried
[pool] CLOSED from wss://bostr.erechorse.com: auth-required: authentication is required to perform this action.
[pool] CLOSED from wss://relay.nsec.app: blocked: we only keep kind 24133 or 24135
[baseline] Progress: 200/248 relays queried
[pool] CLOSED from wss://relay.danieldaquino.me/private: auth-required: this query requires you to be authenticated
[pool] CLOSED from wss://relay.albylabs.com: blocked: Request rejected
[pool] CLOSED from wss://aplaceinthesun.nostr1.com: auth-required: you must auth
[baseline] Progress: 248/248 relays queried
[phase2] Subscription timeouts (no EOSE): 13
[phase2] CLOSED messages received: 15
  wss://hole.v0l.io: error: queries not allowed
  wss://relay.getalby.com/v1: blocked: Request rejected
  wss://greensoul.space: auth-required: only authenticated users can read from this relay
  wss://sendit.nosflare.com: restricted: this relay does not accept REQs
  wss://relay.nosflare.com: auth-required: authentication required to subscribe
  wss://creatr.nostr.wine: auth-required: please authenticate before sending REQs
  wss://inbox.nostr.wine: blocked: this relay does not store any of the kinds in this request
  wss://david.nostr1.com: auth-required: you must auth
  wss://relay.shawnyeager.com/chat: auth-required: all requests must be authenticated
  wss://auth.nostr1.com: auth-required: you must auth

=== Phase 2: Event Verification (365d window) ===
Baseline: 248 relays queried (78.2% success), 1.2min
  Timing: connect 712ms median (1.4s p95) | query 1.3s median (15.5s p95) | 13 timeouts (13 relays)
  Authors: 393 with relay data
    Testable (reliable): 269 | Testable (partial): 0 | Zero events: 123 | Unreliable: 1
  Baseline events: 57,912 (mean 215.3/author, median 47)
  Events per (relay,pubkey) capped at: 10000

  Headline metrics (269 testable-reliable authors, 57,912 baseline events):

  Algorithm                        |   Evt Recall |   Auth Recall |  Relay OK% |     TTFE |      p50 |      p80 | Timeouts
  ---------------------------------+--------------+---------------+------------+----------+----------+----------+---------
  NDK+Thompson (Priority) (seed=0, single run) |        24.5% |         80.7% |      85.0% |    700ms |     2.4s |     5.8s |        0
  NDK+Thompson CG (Priority) (seed=0, single run) |        16.6% |         82.2% |      85.0% |    700ms |     3.8s |     6.0s |        0
  NDK+Thompson CG3 (Priority) (seed=0, single run) |        24.5% |         82.2% |      85.0% |    700ms |     3.8s |     5.8s |        0

  Per-author recall distribution:
  Algorithm                        |   Median |  % at 0% |      p25 |      p75
  ---------------------------------+----------+----------+----------+---------
  NDK+Thompson (Priority) (seed=0, single run) |    31.0% |    19.3% |     1.7% |   100.0%
  NDK+Thompson CG (Priority) (seed=0, single run) |    28.8% |    17.8% |     2.6% |   100.0%
  NDK+Thompson CG3 (Priority) (seed=0, single run) |    33.3% |    17.8% |     2.3% |   100.0%

  Latency simulation (parallel relay query):
  Algorithm                        |     TTFE |      p50 |      p80 |      Max |   TO |   TO Tax |   Relays |   Events
  ---------------------------------+----------+----------+----------+----------+------+----------+----------+---------
  NDK+Thompson (Priority) (seed=0, single run) |    700ms |     2.4s |     5.8s |    11.3s |    0 |      0ms | 16/17/20 |   29,764
  NDK+Thompson CG (Priority) (seed=0, single run) |    700ms |     3.8s |     6.0s |    11.3s |    0 |      0ms | 16/17/20 |   21,282
  NDK+Thompson CG3 (Priority) (seed=0, single run) |    700ms |     3.8s |     5.8s |    11.3s |    0 |      0ms | 16/17/20 |   30,309
  (Relays: with-events/connected/total | TO Tax: ceil(timeouts/concurrency) × EOSE timeout)

  Progressive completeness (% of recall achieved by time):
  Algorithm                        |      @1s |      @2s |      @5s |     @10s |     @15s
  ---------------------------------+----------+----------+----------+----------+---------
  NDK+Thompson (Priority) (seed=0, single run) |     0.9% |     2.7% |    75.9% |    92.2% |   100.0%
  NDK+Thompson CG (Priority) (seed=0, single run) |     0.0% |     2.6% |    54.6% |    87.6% |   100.0%
  NDK+Thompson CG3 (Priority) (seed=0, single run) |     0.9% |     3.5% |    73.9% |    92.3% |   100.0%

  EOSE-race simulation (stop after first EOSE + grace period):
  Algorithm                        |     +0ms |   +200ms |   +500ms |      +1s |      +2s
  ---------------------------------+----------+----------+----------+----------+---------
  NDK+Thompson (Priority) (seed=0, single run) |     0.9% |     0.9% |     0.9% |     2.7% |    52.2%
  NDK+Thompson CG (Priority) (seed=0, single run) |     2.6% |     2.6% |     2.6% |    12.6% |    21.7%
  NDK+Thompson CG3 (Priority) (seed=0, single run) |     0.9% |     0.9% |     0.9% |     2.7% |    51.1%
  (First EOSE: NDK+Thompson (Priority) (seed=0, single run)=871ms, NDK+Thompson CG (Priority) (seed=0, single run)=1.5s, NDK+Thompson CG3 (Priority) (seed=0, single run)=871ms)

  Profile-view latency (per-author outbox query, top 3 write relays):
    Authors simulated: 269 | Hit rate: 100.0%
    TTFE: 700ms median, 1.1s mean, 1.9s p95
    Relays/profile: 2.8 queried, 2.6 with events, 0.02 timeouts

  Feed vs profile-view TTFE comparison:
  Algorithm                        |  Feed TTFE |  Profile TTFE |    Delta
  ---------------------------------+------------+---------------+---------
  NDK+Thompson (Priority) (seed=0, single run) |      700ms |         700ms |     +0ms
  NDK+Thompson CG (Priority) (seed=0, single run) |      700ms |         700ms |     +0ms
  NDK+Thompson CG3 (Priority) (seed=0, single run) |      700ms |         700ms |     +0ms

=== NIP-66 RTT vs Measured Latency (218 relays, data age: 47min) ===
                             N   Spearman r      MAE    Bias    Top5   Top10   Top20
------------------------  ----  -----------  -------  ------  ------  ------  ------
rttOpen vs connect         218         0.37    418ms    1.0x    0.0%   20.0%   30.0%
rttRead vs query           192         0.17     1.5s    8.0x    0.0%    0.0%   10.0%
(Bias = measured/nip66, >1 = NIP-66 underestimates. TopK = overlap of K fastest relays.)
Monitor: 9ba6484003e8..., 9bbbb845e5b6..., 0b01aa38c2cc..., 9b85d54cc4bc..., http-api..., 9ba0ce3dcc28..., b2c949c0fb79..., 9ba1d7892cd0..., 58faef87b342..., 9bac3d58ef5a...
[relay-scores] Updated scores for ndk-thompson: 30 relays, session 5
[relay-scores] Saved to .cache/relay_scores_97c70a44366a6535_31536000_liveness_ndk-thompson.json

Thompson Sampling [ndk-thompson] learning state:
  Session: 5
  Relays with observations: 30
  Mean prior α: 26.0, β: 49.9
  Relays with strong preference (α>5): 14
  Relays learned to avoid (β>5): 20
[relay-scores-se] Relay wss://relay.snort.social: 2 contested obs (fallback dampening applied)
[relay-scores-se] Relay wss://relay.day.ag: 0 contested obs (fallback dampening applied)
[relay-scores-se] Relay wss://thatwhichisnotseen.net/outbox: 0 contested obs (fallback dampening applied)
[relay-scores-se] Relay wss://nostr.lopp.social: 0 contested obs (fallback dampening applied)
[relay-scores-se] Updated scores for ndk-thompson-cg: 22 relays, session 5
[relay-scores-se] Skipped 14 sole-source observations across 11 relays
[relay-scores-se] Force-included relays and scores: wss://relay.ditto.pub(E=0.540), wss://relay.primal.net(E=0.273), wss://nostr.bitcoiner.social(E=0.421), wss://relay.damus.io(E=0.309), wss://nostr.land(E=0.311), wss://nos.lol(E=0.361), wss://relay.snort.social(E=0.071), wss://relay.day.ag(E=0.847), wss://thatwhichisnotseen.net/outbox(E=0.847), wss://premium.primal.net(E=0.311) (+1 more)
[relay-scores-se] Degrading relays (1): wss://relay.ditto.pub
[relay-scores] Saved to .cache/relay_scores_97c70a44366a6535_31536000_liveness_ndk-thompson-cg.json

Thompson Sampling [ndk-thompson-cg] learning state:
  Session: 5
  Relays with observations: 22
  Mean prior α: 33.0, β: 68.3
  Relays with strong preference (α>5): 12
  Relays learned to avoid (β>5): 15
[relay-scores-pw] Updated scores for ndk-thompson-cg3: 30 relays, session 5
[relay-scores-pw] Partial-weighted 9 sole-source observations across 6 relays (0.3x)
[relay-scores-pw] Sole-source relays and scores: wss://nos.lol(E=0.367), wss://relay.damus.io(E=0.323), wss://nostr.bitcoiner.social(E=0.411), wss://relay.primal.net(E=0.267), wss://nostr.land(E=0.350), wss://relay.ditto.pub(E=0.585)
[relay-scores] Saved to .cache/relay_scores_97c70a44366a6535_31536000_liveness_ndk-thompson-cg3.json

Thompson Sampling [ndk-thompson-cg3] learning state:
  Session: 5
  Relays with observations: 30
  Mean prior α: 25.1, β: 49.9
  Relays with strong preference (α>5): 14
  Relays learned to avoid (β>5): 20

JSON results written to: results/97c70a44366a6535_1773163439889.json
