[0m[32mTask[0m [0m[36mbench[0m deno run --allow-net --allow-read --allow-write main.ts "97c70a44366a6535c145b333f973ea86dfdc2d7a99da618c40c64705ad98e322" "--algorithms" "ndk-thompson,ndk-thompson-cg,ndk-thompson-cg3" "--verify-window" "31536000" "--verify" "--verify-concurrency" "10" "--nip66-filter" "liveness" "--no-phase2-cache" "--fast" "--output" "both"
Target: 97c70a44366a6535...
Seed: 0 | Filter: strict | Runs: 3
Using cached data (fetched 2026-03-10T16:04:38.618Z)

=== Fetch Quality ===
Indexers: wss://purplepag.es (454 events, 1142ms), wss://relay.damus.io (0 events, 460ms, errors: WebSocket error: NetworkError: failed to connect to WebSocket: Invalid status code 400 Bad Request), wss://nos.lol (402 events, 713ms)
Follows: 453 | With relay list: 394 (87.0%) | Missing: 59 (13.0%) | Filtered-to-empty: 8
Filter profile: strict | Filtered URLs: 141 (6 localhost, 13 insecure ws, 8 IP-only, 114 known-bad)
Unique valid write relays: 481 | Seed: 0
[nip66] Connecting to 3 relays for kind 30166 events...
[nip66] wss://relaypag.es: connected (811ms)
[nip66] wss://relaypag.es: received 868 kind 30166 + 132 kind 1066 events
[nip66] wss://relay.nostr.watch: connected (258ms)
[nip66] wss://relay.nostr.watch: received 4098 kind 30166 + 902 kind 1066 events
[nip66] wss://monitorlizard.nostr1.com: connected (392ms)
[nip66] wss://monitorlizard.nostr1.com: received 5000 kind 30166 + 0 kind 1066 events
[nip66] Trying nostr.watch HTTP API fallback...
[nip66] HTTP API returned 942 online relays
[nip66] Fetched NIP-66 data for 1114 relays via Nostr + 25 via HTTP API (1139 total)

=== NIP-66 Liveness Filter (liveness) ===
Monitor data: 1139 relays
Candidate relays: 481
  Known alive: 248
  Unknown (removed): 233
  .onion preserved: 10
  Parse-failed preserved: 0
  Authors filtered to empty: 3
Relays after filter: 248
[relay-scores] Loaded 28 relay priors (session 3, from 2026-03-10T16:46:36.877Z)

Thompson Sampling [ndk-thompson]: loaded 28 relay priors (session 3)
[relay-scores] Loaded 22 relay priors (session 3, from 2026-03-10T16:46:36.902Z)

Thompson Sampling [ndk-thompson-cg]: loaded 22 relay priors (session 3)
[relay-scores] Loaded 28 relay priors (session 3, from 2026-03-10T16:46:36.908Z)

Thompson Sampling [ndk-thompson-cg3]: loaded 28 relay priors (session 3)
Coverage guarantee: 13 sole-source relays forced (20 maxConnections budget)
Coverage guarantee: 13 sole-source relays forced (20 maxConnections budget)
Coverage guarantee: 13 sole-source relays forced (20 maxConnections budget)
Coverage guarantee: SKIPPED (13 sole-source >= 10 cap)
Coverage guarantee: SKIPPED (13 sole-source >= 10 cap)
Coverage guarantee: SKIPPED (13 sole-source >= 10 cap)

=== Regime A: Fixed 20 Connections ===
  Algorithm                      |  Relays |   Assign% |  Orphans |  Alg.Orph |  Avg/pk |   Gini |    HHI
  -------------------------------+---------+-----------+----------+-----------+---------+--------+-------
  NDK+Thompson (Priority)        |      20 |     83.0% (0.0sd) |       77 |        18 |     1.9 |   0.75 |  0.238
  NDK+Thompson (Priority)+CG     |      20 |     83.9% (0.0sd) |       73 |        14 |     1.9 |   0.77 |  0.246
  NDK+Thompson (Priority)-skip   |      20 |     82.9% (0.0sd) | 77.33333333333333 | 18.333333333333332 |     1.9 |   0.76 |  0.243
Coverage guarantee: 13 sole-source relays forced (20 maxConnections budget)
Coverage guarantee: SKIPPED (13 sole-source >= 10 cap)

=== Phase 2: Event Verification ===
Window: 31536000s | Kinds: 1 | Concurrency: 10
[baseline] Querying 248 relays for 391 authors (window: 31536000s)
[pool] CLOSED from wss://hole.v0l.io: error: queries not allowed
[pool] CLOSED from wss://relay.getalby.com/v1: blocked: Request rejected
[baseline] Progress: 50/248 relays queried
[pool] CLOSED from wss://greensoul.space: auth-required: only authenticated users can read from this relay
[pool] CLOSED from wss://sendit.nosflare.com: restricted: this relay does not accept REQs
[pool] CLOSED from wss://relay.nosflare.com: auth-required: authentication required to subscribe
[pool] CLOSED from wss://creatr.nostr.wine: auth-required: please authenticate before sending REQs
[baseline] Progress: 100/248 relays queried
[pool] CLOSED from wss://inbox.nostr.wine: blocked: this relay does not store any of the kinds in this request
[pool] CLOSED from wss://david.nostr1.com: auth-required: you must auth
[pool] CLOSED from wss://relay.shawnyeager.com/chat: auth-required: all requests must be authenticated
[pool] CLOSED from wss://auth.nostr1.com: auth-required: you must auth
[baseline] Progress: 150/248 relays queried
[pool] CLOSED from wss://bostr.erechorse.com: auth-required: authentication is required to perform this action.
[pool] CLOSED from wss://relay.nsec.app: blocked: we only keep kind 24133 or 24135
[baseline] Progress: 200/248 relays queried
[pool] CLOSED from wss://relay.albylabs.com: blocked: Request rejected
[pool] CLOSED from wss://relay.danieldaquino.me/private: auth-required: this query requires you to be authenticated
[pool] CLOSED from wss://aplaceinthesun.nostr1.com: auth-required: you must auth
[baseline] Progress: 248/248 relays queried
[phase2] Subscription timeouts (no EOSE): 13
[phase2] CLOSED messages received: 15
  wss://hole.v0l.io: error: queries not allowed
  wss://relay.getalby.com/v1: blocked: Request rejected
  wss://greensoul.space: auth-required: only authenticated users can read from this relay
  wss://sendit.nosflare.com: restricted: this relay does not accept REQs
  wss://relay.nosflare.com: auth-required: authentication required to subscribe
  wss://creatr.nostr.wine: auth-required: please authenticate before sending REQs
  wss://inbox.nostr.wine: blocked: this relay does not store any of the kinds in this request
  wss://david.nostr1.com: auth-required: you must auth
  wss://relay.shawnyeager.com/chat: auth-required: all requests must be authenticated
  wss://auth.nostr1.com: auth-required: you must auth

=== Phase 2: Event Verification (365d window) ===
Baseline: 248 relays queried (81.5% success), 1.1min
  Timing: connect 681ms median (1.1s p95) | query 1.1s median (15.4s p95) | 13 timeouts (13 relays)
  Authors: 391 with relay data
    Testable (reliable): 269 | Testable (partial): 0 | Zero events: 121 | Unreliable: 1
  Baseline events: 59,110 (mean 219.7/author, median 51)
  Events per (relay,pubkey) capped at: 10000

  Headline metrics (269 testable-reliable authors, 59,110 baseline events):

  Algorithm                        |   Evt Recall |   Auth Recall |  Relay OK% |     TTFE |      p50 |      p80 | Timeouts
  ---------------------------------+--------------+---------------+------------+----------+----------+----------+---------
  NDK+Thompson (Priority) (seed=0, single run) |        15.6% |         78.8% |      80.0% |    802ms |     2.3s |     4.0s |        0
  NDK+Thompson CG (Priority) (seed=0, single run) |        16.3% |         82.9% |      85.0% |    802ms |     2.4s |     3.2s |        0
  NDK+Thompson CG3 (Priority) (seed=0, single run) |        17.0% |         79.9% |      85.0% |    802ms |     2.3s |     3.4s |        0

  Per-author recall distribution:
  Algorithm                        |   Median |  % at 0% |      p25 |      p75
  ---------------------------------+----------+----------+----------+---------
  NDK+Thompson (Priority) (seed=0, single run) |    22.0% |    21.2% |     1.2% |   100.0%
  NDK+Thompson CG (Priority) (seed=0, single run) |    28.2% |    17.1% |     2.7% |   100.0%
  NDK+Thompson CG3 (Priority) (seed=0, single run) |    22.2% |    20.1% |     1.5% |   100.0%

  Latency simulation (parallel relay query):
  Algorithm                        |     TTFE |      p50 |      p80 |      Max |   TO |   TO Tax |   Relays |   Events
  ---------------------------------+----------+----------+----------+----------+------+----------+----------+---------
  NDK+Thompson (Priority) (seed=0, single run) |    802ms |     2.3s |     4.0s |     6.3s |    0 |      0ms | 15/16/20 |   20,559
  NDK+Thompson CG (Priority) (seed=0, single run) |    802ms |     2.4s |     3.2s |     6.3s |    0 |      0ms | 16/17/20 |   21,282
  NDK+Thompson CG3 (Priority) (seed=0, single run) |    802ms |     2.3s |     3.4s |     6.3s |    0 |      0ms | 16/17/20 |   20,764
  (Relays: with-events/connected/total | TO Tax: ceil(timeouts/concurrency) × EOSE timeout)

  Progressive completeness (% of recall achieved by time):
  Algorithm                        |      @1s |      @2s |      @5s |     @10s |     @15s
  ---------------------------------+----------+----------+----------+----------+---------
  NDK+Thompson (Priority) (seed=0, single run) |     0.0% |    36.4% |    98.6% |   100.0% |   100.0%
  NDK+Thompson CG (Priority) (seed=0, single run) |     0.0% |    38.3% |    98.7% |   100.0% |   100.0%
  NDK+Thompson CG3 (Priority) (seed=0, single run) |     0.0% |    33.7% |   100.0% |   100.0% |   100.0%

  EOSE-race simulation (stop after first EOSE + grace period):
  Algorithm                        |     +0ms |   +200ms |   +500ms |      +1s |      +2s
  ---------------------------------+----------+----------+----------+----------+---------
  NDK+Thompson (Priority) (seed=0, single run) |     1.4% |     4.1% |     4.1% |    36.4% |    67.2%
  NDK+Thompson CG (Priority) (seed=0, single run) |     2.6% |     5.2% |    38.3% |    43.7% |    72.4%
  NDK+Thompson CG3 (Priority) (seed=0, single run) |     1.3% |     3.8% |     3.8% |    33.7% |    67.7%
  (First EOSE: NDK+Thompson (Priority) (seed=0, single run)=1.0s, NDK+Thompson CG (Priority) (seed=0, single run)=1.2s, NDK+Thompson CG3 (Priority) (seed=0, single run)=1.0s)

  Profile-view latency (per-author outbox query, top 3 write relays):
    Authors simulated: 269 | Hit rate: 100.0%
    TTFE: 802ms median, 1.1s mean, 1.8s p95
    Relays/profile: 2.8 queried, 2.6 with events, 0.02 timeouts

  Feed vs profile-view TTFE comparison:
  Algorithm                        |  Feed TTFE |  Profile TTFE |    Delta
  ---------------------------------+------------+---------------+---------
  NDK+Thompson (Priority) (seed=0, single run) |      802ms |         802ms |     +0ms
  NDK+Thompson CG (Priority) (seed=0, single run) |      802ms |         802ms |     +0ms
  NDK+Thompson CG3 (Priority) (seed=0, single run) |      802ms |         802ms |     +0ms

=== NIP-66 RTT vs Measured Latency (226 relays, data age: 28min) ===
                             N   Spearman r      MAE    Bias    Top5   Top10   Top20
------------------------  ----  -----------  -------  ------  ------  ------  ------
rttOpen vs connect         226         0.44    333ms    1.0x    0.0%   30.0%   30.0%
rttRead vs query           202         0.26     1.2s    7.6x    0.0%    0.0%   15.0%
(Bias = measured/nip66, >1 = NIP-66 underestimates. TopK = overlap of K fastest relays.)
Monitor: 9ba6484003e8..., 9bbbb845e5b6..., 0b01aa38c2cc..., 9b85d54cc4bc..., http-api..., 9ba0ce3dcc28..., b2c949c0fb79..., 9ba1d7892cd0..., 58faef87b342..., 9bac3d58ef5a...
[relay-scores] Updated scores for ndk-thompson: 29 relays, session 4
[relay-scores] Saved to .cache/relay_scores_97c70a44366a6535_31536000_liveness_ndk-thompson.json

Thompson Sampling [ndk-thompson] learning state:
  Session: 4
  Relays with observations: 29
  Mean prior α: 21.9, β: 42.8
  Relays with strong preference (α>5): 12
  Relays learned to avoid (β>5): 19
[relay-scores-se] Relay wss://relay.day.ag: 0 contested obs (fallback dampening applied)
[relay-scores-se] Relay wss://thatwhichisnotseen.net/outbox: 0 contested obs (fallback dampening applied)
[relay-scores-se] Relay wss://nostr.lopp.social: 0 contested obs (fallback dampening applied)
[relay-scores-se] Updated scores for ndk-thompson-cg: 22 relays, session 4
[relay-scores-se] Skipped 14 sole-source observations across 11 relays
[relay-scores-se] Force-included relays and scores: wss://relay.ditto.pub(E=0.539), wss://relay.primal.net(E=0.273), wss://nostr.bitcoiner.social(E=0.423), wss://relay.damus.io(E=0.312), wss://nostr.land(E=0.311), wss://nos.lol(E=0.364), wss://relay.snort.social(E=0.037), wss://relay.day.ag(E=0.825), wss://thatwhichisnotseen.net/outbox(E=0.825), wss://premium.primal.net(E=0.313) (+1 more)
[relay-scores-se] Degrading relays (1): wss://relay.ditto.pub
[relay-scores] Saved to .cache/relay_scores_97c70a44366a6535_31536000_liveness_ndk-thompson-cg.json

Thompson Sampling [ndk-thompson-cg] learning state:
  Session: 4
  Relays with observations: 22
  Mean prior α: 27.0, β: 56.3
  Relays with strong preference (α>5): 9
  Relays learned to avoid (β>5): 15
[relay-scores-pw] Updated scores for ndk-thompson-cg3: 29 relays, session 4
[relay-scores-pw] Partial-weighted 9 sole-source observations across 6 relays (0.3x)
[relay-scores-pw] Sole-source relays and scores: wss://nos.lol(E=0.370), wss://relay.damus.io(E=0.323), wss://nostr.bitcoiner.social(E=0.424), wss://relay.primal.net(E=0.267), wss://nostr.land(E=0.331), wss://relay.ditto.pub(E=0.567)
[relay-scores] Saved to .cache/relay_scores_97c70a44366a6535_31536000_liveness_ndk-thompson-cg3.json

Thompson Sampling [ndk-thompson-cg3] learning state:
  Session: 4
  Relays with observations: 29
  Mean prior α: 21.2, β: 42.6
  Relays with strong preference (α>5): 13
  Relays learned to avoid (β>5): 18

JSON results written to: results/97c70a44366a6535_1773162287577.json
