[0m[32mTask[0m [0m[36mbench[0m deno run --allow-net --allow-read --allow-write main.ts "97c70a44366a6535c145b333f973ea86dfdc2d7a99da618c40c64705ad98e322" "--algorithms" "ndk-thompson,ndk-thompson-cg,ndk-thompson-cg3" "--verify-window" "31536000" "--verify" "--verify-concurrency" "10" "--nip66-filter" "liveness" "--no-phase2-cache" "--fast" "--output" "both"
Target: 97c70a44366a6535...
Seed: 0 | Filter: strict | Runs: 3
[fetch] Connecting to 3 indexer relays...
[fetch] wss://purplepag.es: connected (1142ms)
[fetch] wss://relay.damus.io: WebSocket error: NetworkError: failed to connect to WebSocket: Invalid status code 400 Bad Request
[fetch] wss://nos.lol: connected (713ms)
[fetch] Fetching kind 3 (contact list) for 97c70a44...
[fetch] 453 follows to fetch relay lists for
[fetch] Fetched relay lists: 200/453
[fetch] Fetched relay lists: 400/453
[fetch] Received 402 relay list events

=== Fetch Quality ===
Indexers: wss://purplepag.es (454 events, 1142ms), wss://relay.damus.io (0 events, 460ms, errors: WebSocket error: NetworkError: failed to connect to WebSocket: Invalid status code 400 Bad Request), wss://nos.lol (402 events, 713ms)
Follows: 453 | With relay list: 394 (87.0%) | Missing: 59 (13.0%) | Filtered-to-empty: 8
Filter profile: strict | Filtered URLs: 141 (6 localhost, 13 insecure ws, 8 IP-only, 114 known-bad)
Unique valid write relays: 481 | Seed: 0
[nip66] Using cached monitor data (1158 relays)

=== NIP-66 Liveness Filter (liveness) ===
Monitor data: 1158 relays
Candidate relays: 481
  Known alive: 248
  Unknown (removed): 233
  .onion preserved: 10
  Parse-failed preserved: 0
  Authors filtered to empty: 3
Relays after filter: 248
Coverage guarantee: 13 sole-source relays forced (20 maxConnections budget)
Coverage guarantee: 13 sole-source relays forced (20 maxConnections budget)
Coverage guarantee: 13 sole-source relays forced (20 maxConnections budget)
Coverage guarantee: SKIPPED (13 sole-source >= 10 cap)
Coverage guarantee: SKIPPED (13 sole-source >= 10 cap)
Coverage guarantee: SKIPPED (13 sole-source >= 10 cap)

=== Regime A: Fixed 20 Connections ===
  Algorithm                      |  Relays |   Assign% |  Orphans |  Alg.Orph |  Avg/pk |   Gini |    HHI
  -------------------------------+---------+-----------+----------+-----------+---------+--------+-------
  NDK+Thompson (Priority)        |      20 |     83.6% (0.0sd) | 74.33333333333333 | 15.333333333333334 |     1.9 |   0.67 |  0.157
  NDK+Thompson (Priority)+CG     |      20 |     83.7% (0.0sd) | 73.66666666666667 | 14.666666666666666 |     1.9 |   0.66 |  0.156
  NDK+Thompson (Priority)-skip   |      20 |     83.6% (0.0sd) | 74.33333333333333 | 15.333333333333334 |     1.9 |   0.67 |  0.157
Coverage guarantee: 13 sole-source relays forced (20 maxConnections budget)
Coverage guarantee: SKIPPED (13 sole-source >= 10 cap)

=== Phase 2: Event Verification ===
Window: 31536000s | Kinds: 1 | Concurrency: 10
[baseline] Querying 248 relays for 391 authors (window: 31536000s)
[pool] CLOSED from wss://hole.v0l.io: error: queries not allowed
[pool] CLOSED from wss://relay.getalby.com/v1: blocked: Request rejected
[baseline] Progress: 50/248 relays queried
[pool] CLOSED from wss://greensoul.space: auth-required: only authenticated users can read from this relay
[pool] CLOSED from wss://sendit.nosflare.com: restricted: this relay does not accept REQs
[pool] CLOSED from wss://relay.nosflare.com: auth-required: authentication required to subscribe
[pool] CLOSED from wss://creatr.nostr.wine: auth-required: please authenticate before sending REQs
[pool] CLOSED from wss://inbox.nostr.wine: blocked: this relay does not store any of the kinds in this request
[baseline] Progress: 100/248 relays queried
[pool] CLOSED from wss://david.nostr1.com: auth-required: you must auth
[pool] CLOSED from wss://relay.shawnyeager.com/chat: auth-required: all requests must be authenticated
[pool] CLOSED from wss://auth.nostr1.com: auth-required: you must auth
[baseline] Progress: 150/248 relays queried
[pool] CLOSED from wss://bostr.erechorse.com: auth-required: authentication is required to perform this action.
[pool] CLOSED from wss://relay.nsec.app: blocked: we only keep kind 24133 or 24135
[baseline] Progress: 200/248 relays queried
[pool] CLOSED from wss://relay.danieldaquino.me/private: auth-required: this query requires you to be authenticated
[pool] CLOSED from wss://relay.albylabs.com: blocked: Request rejected
[pool] CLOSED from wss://aplaceinthesun.nostr1.com: auth-required: you must auth
[baseline] Progress: 248/248 relays queried
[phase2] Subscription timeouts (no EOSE): 16
[phase2] CLOSED messages received: 15
  wss://hole.v0l.io: error: queries not allowed
  wss://relay.getalby.com/v1: blocked: Request rejected
  wss://greensoul.space: auth-required: only authenticated users can read from this relay
  wss://sendit.nosflare.com: restricted: this relay does not accept REQs
  wss://relay.nosflare.com: auth-required: authentication required to subscribe
  wss://creatr.nostr.wine: auth-required: please authenticate before sending REQs
  wss://inbox.nostr.wine: blocked: this relay does not store any of the kinds in this request
  wss://david.nostr1.com: auth-required: you must auth
  wss://relay.shawnyeager.com/chat: auth-required: all requests must be authenticated
  wss://auth.nostr1.com: auth-required: you must auth

=== Phase 2: Event Verification (365d window) ===
Baseline: 248 relays queried (79.8% success), 1.3min
  Timing: connect 771ms median (1.6s p95) | query 1.4s median (15.7s p95) | 16 timeouts (16 relays)
  Authors: 391 with relay data
    Testable (reliable): 266 | Testable (partial): 0 | Zero events: 122 | Unreliable: 3
  Baseline events: 58,471 (mean 219.8/author, median 51)
  Events per (relay,pubkey) capped at: 10000

  Headline metrics (266 testable-reliable authors, 58,471 baseline events):

  Algorithm                        |   Evt Recall |   Auth Recall |  Relay OK% |     TTFE |      p50 |      p80 | Timeouts
  ---------------------------------+--------------+---------------+------------+----------+----------+----------+---------
  NDK+Thompson (Priority) (seed=0, single run) |        15.8% |         76.3% |      75.0% |    594ms |     3.1s |     5.9s |        1
  NDK+Thompson CG (Priority) (seed=0, single run) |        16.8% |         79.3% |      80.0% |    594ms |     3.1s |     5.2s |        0
  NDK+Thompson CG3 (Priority) (seed=0, single run) |        15.8% |         76.3% |      75.0% |    594ms |     3.1s |     5.9s |        1

  Per-author recall distribution:
  Algorithm                        |   Median |  % at 0% |      p25 |      p75
  ---------------------------------+----------+----------+----------+---------
  NDK+Thompson (Priority) (seed=0, single run) |    18.6% |    23.7% |     0.5% |   100.0%
  NDK+Thompson CG (Priority) (seed=0, single run) |    19.9% |    20.7% |     1.5% |   100.0%
  NDK+Thompson CG3 (Priority) (seed=0, single run) |    18.6% |    23.7% |     0.5% |   100.0%

  Latency simulation (parallel relay query):
  Algorithm                        |     TTFE |      p50 |      p80 |      Max |   TO |   TO Tax |   Relays |   Events
  ---------------------------------+----------+----------+----------+----------+------+----------+----------+---------
  NDK+Thompson (Priority) (seed=0, single run) |    594ms |     3.1s |     5.9s |    16.9s |    1 |    15.0s | 14/16/20 |   30,058
  NDK+Thompson CG (Priority) (seed=0, single run) |    594ms |     3.1s |     5.2s |     7.4s |    0 |      0ms | 15/16/20 |   19,656
  NDK+Thompson CG3 (Priority) (seed=0, single run) |    594ms |     3.1s |     5.9s |    16.9s |    1 |    15.0s | 14/16/20 |   30,058
  (Relays: with-events/connected/total | TO Tax: ceil(timeouts/concurrency) × EOSE timeout)

  Progressive completeness (% of recall achieved by time):
  Algorithm                        |      @1s |      @2s |      @5s |     @10s |     @15s
  ---------------------------------+----------+----------+----------+----------+---------
  NDK+Thompson (Priority) (seed=0, single run) |     0.0% |    10.2% |    48.9% |   100.0% |   100.0%
  NDK+Thompson CG (Priority) (seed=0, single run) |     0.0% |     4.4% |    41.9% |   100.0% |   100.0%
  NDK+Thompson CG3 (Priority) (seed=0, single run) |     0.0% |    10.2% |    48.9% |   100.0% |   100.0%

  EOSE-race simulation (stop after first EOSE + grace period):
  Algorithm                        |     +0ms |   +200ms |   +500ms |      +1s |      +2s
  ---------------------------------+----------+----------+----------+----------+---------
  NDK+Thompson (Priority) (seed=0, single run) |     1.4% |     7.6% |     7.6% |    12.6% |    23.8%
  NDK+Thompson CG (Priority) (seed=0, single run) |     0.3% |     2.7% |     2.7% |     7.4% |    19.7%
  NDK+Thompson CG3 (Priority) (seed=0, single run) |     1.4% |     7.6% |     7.6% |    12.6% |    23.8%
  (First EOSE: NDK+Thompson (Priority) (seed=0, single run)=1.3s, NDK+Thompson CG (Priority) (seed=0, single run)=1.3s, NDK+Thompson CG3 (Priority) (seed=0, single run)=1.3s)

  Profile-view latency (per-author outbox query, top 3 write relays):
    Authors simulated: 266 | Hit rate: 100.0%
    TTFE: 594ms median, 1.1s mean, 2.0s p95
    Relays/profile: 2.8 queried, 2.5 with events, 0.07 timeouts

  Feed vs profile-view TTFE comparison:
  Algorithm                        |  Feed TTFE |  Profile TTFE |    Delta
  ---------------------------------+------------+---------------+---------
  NDK+Thompson (Priority) (seed=0, single run) |      594ms |         594ms |     +0ms
  NDK+Thompson CG (Priority) (seed=0, single run) |      594ms |         594ms |     +0ms
  NDK+Thompson CG3 (Priority) (seed=0, single run) |      594ms |         594ms |     +0ms

=== NIP-66 RTT vs Measured Latency (225 relays, data age: 19min) ===
                             N   Spearman r      MAE    Bias    Top5   Top10   Top20
------------------------  ----  -----------  -------  ------  ------  ------  ------
rttOpen vs connect         225         0.15    984ms    0.7x    0.0%   10.0%   20.0%
rttRead vs query           194         0.03     1.8s    8.1x    0.0%    0.0%    5.0%
(Bias = measured/nip66, >1 = NIP-66 underestimates. TopK = overlap of K fastest relays.)
Monitor: 9ba046db56b8..., 9ba1d7892cd0..., 9bbbb845e5b6..., 0b01aa38c2cc..., 9bac3d58ef5a..., http-api..., b2c949c0fb79..., 58faef87b342..., 9b85d54cc4bc...
[relay-scores] Updated scores for ndk-thompson: 20 relays, session 1
[relay-scores] Saved to .cache/relay_scores_97c70a44366a6535_31536000_liveness_ndk-thompson.json

Thompson Sampling [ndk-thompson] learning state:
  Session: 1
  Relays with observations: 20
  Mean prior α: 8.0, β: 18.6
  Relays with strong preference (α>5): 7
  Relays learned to avoid (β>5): 12
[relay-scores-se] Relay wss://relay.ditto.pub: 2 contested obs (fallback dampening applied)
[relay-scores-se] Relay wss://relay.day.ag: 0 contested obs (fallback dampening applied)
[relay-scores-se] Relay wss://thatwhichisnotseen.net/outbox: 0 contested obs (fallback dampening applied)
[relay-scores-se] Relay wss://nostr.lopp.social: 0 contested obs (fallback dampening applied)
[relay-scores-se] Updated scores for ndk-thompson-cg: 20 relays, session 1
[relay-scores-se] Skipped 13 sole-source observations across 10 relays
[relay-scores-se] Force-included relays and scores: wss://relay.ditto.pub(E=0.773), wss://relay.primal.net(E=0.300), wss://nostr.bitcoiner.social(E=0.416), wss://relay.damus.io(E=0.308), wss://nostr.land(E=0.309), wss://nos.lol(E=0.350), wss://relay.day.ag(E=0.667), wss://thatwhichisnotseen.net/outbox(E=0.667), wss://premium.primal.net(E=0.320), wss://nostr.lopp.social(E=0.667)
[relay-scores] Saved to .cache/relay_scores_97c70a44366a6535_31536000_liveness_ndk-thompson-cg.json

Thompson Sampling [ndk-thompson-cg] learning state:
  Session: 1
  Relays with observations: 20
  Mean prior α: 7.8, β: 18.4
  Relays with strong preference (α>5): 6
  Relays learned to avoid (β>5): 12
[relay-scores-pw] Updated scores for ndk-thompson-cg3: 20 relays, session 1
[relay-scores-pw] Partial-weighted 9 sole-source observations across 6 relays (0.3x)
[relay-scores-pw] Sole-source relays and scores: wss://nos.lol(E=0.365), wss://relay.damus.io(E=0.312), wss://nostr.bitcoiner.social(E=0.452), wss://relay.primal.net(E=0.264), wss://nostr.land(E=0.264), wss://relay.ditto.pub(E=0.524)
[relay-scores] Saved to .cache/relay_scores_97c70a44366a6535_31536000_liveness_ndk-thompson-cg3.json

Thompson Sampling [ndk-thompson-cg3] learning state:
  Session: 1
  Relays with observations: 20
  Mean prior α: 7.7, β: 18.6
  Relays with strong preference (α>5): 6
  Relays learned to avoid (β>5): 12

JSON results written to: results/97c70a44366a6535_1773158756119.json
