[0m[32mTask[0m [0m[36mbench[0m deno run --allow-net --allow-read --allow-write main.ts "32e1827635450ebb3c5a7d12c1f8e7b2b514439ac10a67eef3d9fd9c5c68e245" "--algorithms" "ndk-thompson,ndk-thompson-cg,ndk-thompson-cg3" "--verify-window" "31536000" "--verify" "--verify-concurrency" "10" "--nip66-filter" "liveness" "--no-phase2-cache" "--fast" "--output" "both"
Target: 32e1827635450ebb...
Seed: 0 | Filter: strict | Runs: 3
[fetch] Connecting to 3 indexer relays...
[fetch] wss://purplepag.es: connected (1013ms)
[fetch] wss://relay.damus.io: connected (266ms)
[fetch] wss://nos.lol: connected (1066ms)
[fetch] Fetching kind 3 (contact list) for 32e18276...
[fetch] 908 follows to fetch relay lists for
[fetch] Fetched relay lists: 200/908
[fetch] Fetched relay lists: 400/908
[fetch] Fetched relay lists: 600/908
[fetch] Fetched relay lists: 800/908
[fetch] Received 660 relay list events

=== Fetch Quality ===
Indexers: wss://purplepag.es (909 events, 1013ms), wss://relay.damus.io (453 events, 266ms), wss://nos.lol (659 events, 1066ms)
Follows: 908 | With relay list: 647 (71.3%) | Missing: 261 (28.7%) | Filtered-to-empty: 13
Filter profile: strict | Filtered URLs: 239 (6 localhost, 33 insecure ws, 6 IP-only, 192 known-bad, 2 malformed)
Unique valid write relays: 723 | Seed: 0
[nip66] Using cached monitor data (1158 relays)

=== NIP-66 Liveness Filter (liveness) ===
Monitor data: 1158 relays
Candidate relays: 723
  Known alive: 289
  Unknown (removed): 434
  .onion preserved: 12
  Parse-failed preserved: 0
  Authors filtered to empty: 1
Relays after filter: 289
Coverage guarantee: 13 sole-source relays forced (20 maxConnections budget)
Coverage guarantee: 13 sole-source relays forced (20 maxConnections budget)
Coverage guarantee: 13 sole-source relays forced (20 maxConnections budget)
Coverage guarantee: SKIPPED (13 sole-source >= 10 cap)
Coverage guarantee: SKIPPED (13 sole-source >= 10 cap)
Coverage guarantee: SKIPPED (13 sole-source >= 10 cap)

=== Regime A: Fixed 20 Connections ===
  Algorithm                      |  Relays |   Assign% |  Orphans |  Alg.Orph |  Avg/pk |   Gini |    HHI
  -------------------------------+---------+-----------+----------+-----------+---------+--------+-------
  NDK+Thompson (Priority)        |      20 |     70.0% (0.0sd) | 272.6666666666667 | 11.666666666666666 |     1.9 |   0.71 |  0.176
  NDK+Thompson (Priority)+CG     |      20 |     70.2% (0.0sd) | 270.3333333333333 | 9.333333333333334 |     1.9 |   0.74 |  0.189
  NDK+Thompson (Priority)-skip   |      20 |     70.0% (0.0sd) | 272.6666666666667 | 11.666666666666666 |     1.9 |   0.71 |  0.176
Coverage guarantee: 13 sole-source relays forced (20 maxConnections budget)
Coverage guarantee: SKIPPED (13 sole-source >= 10 cap)

=== Phase 2: Event Verification ===
Window: 31536000s | Kinds: 1 | Concurrency: 10
[baseline] Querying 289 relays for 646 authors (window: 31536000s)
[pool] CLOSED from wss://aggr.nostr.land: auth-required: auth required for aggregator
[pool] CLOSED from wss://relay.shawnyeager.com/chat: auth-required: all requests must be authenticated
[pool] CLOSED from wss://greensoul.space: auth-required: only authenticated users can read from this relay
[pool] CLOSED from wss://relay.nosflare.com: auth-required: authentication required to subscribe
[pool] CLOSED from wss://relay.getalby.com/v1: blocked: Request rejected
[baseline] Progress: 50/289 relays queried
[pool] CLOSED from wss://relay.usefusion.ai: restricted: only kind 4 (DM) queries are allowed
[pool] CLOSED from wss://creatr.nostr.wine: auth-required: please authenticate before sending REQs
[pool] CLOSED from wss://inbox.nostr.wine: blocked: this relay does not store any of the kinds in this request
[pool] CLOSED from wss://sendit.nosflare.com: restricted: this relay does not accept REQs
[baseline] Progress: 100/289 relays queried
[pool] CLOSED from wss://nostr.dbtc.link: auth-required: NIP-42 auth required
[pool] CLOSED from wss://hole.v0l.io: error: queries not allowed
[pool] CLOSED from wss://auth.nostr1.com: auth-required: you must auth
[baseline] Progress: 150/289 relays queried
[pool] CLOSED from wss://relay.albylabs.com: blocked: Request rejected
[pool] CLOSED from wss://relay.danieldaquino.me/private: auth-required: this query requires you to be authenticated
[pool] CLOSED from wss://reedvpn.asuscomm.com: auth-required: authentication is required for access
[baseline] Progress: 200/289 relays queried
[pool] CLOSED from wss://impromptu.relays.land: auth-required: all requests must be authenticated
[pool] CLOSED from wss://pantry.zap.cooking: auth-required: please authenticate
[pool] CLOSED from wss://bitstack.app: auth-required: authentication required to subscribe
[pool] CLOSED from wss://nortis.nostr1.com: auth-required: you must auth
[pool] CLOSED from wss://relay.nsec.app: blocked: we only keep kind 24133 or 24135
[pool] CLOSED from wss://wot.azzamo.net: rate-limited: there is a bug in the client, no one should be making so many requests
[baseline] Progress: 250/289 relays queried
[pool] CLOSED from wss://david.nostr1.com: auth-required: you must auth
[baseline] Progress: 289/289 relays queried
[phase2] Subscription timeouts (no EOSE): 18
[phase2] CLOSED messages received: 22
  wss://aggr.nostr.land: auth-required: auth required for aggregator
  wss://relay.shawnyeager.com/chat: auth-required: all requests must be authenticated
  wss://greensoul.space: auth-required: only authenticated users can read from this relay
  wss://relay.nosflare.com: auth-required: authentication required to subscribe
  wss://relay.getalby.com/v1: blocked: Request rejected
  wss://relay.usefusion.ai: restricted: only kind 4 (DM) queries are allowed
  wss://creatr.nostr.wine: auth-required: please authenticate before sending REQs
  wss://inbox.nostr.wine: blocked: this relay does not store any of the kinds in this request
  wss://sendit.nosflare.com: restricted: this relay does not accept REQs
  wss://nostr.dbtc.link: auth-required: NIP-42 auth required

=== Phase 2: Event Verification (365d window) ===
Baseline: 289 relays queried (77.2% success), 1.3min
  Timing: connect 800ms median (1.6s p95) | query 1.5s median (15.7s p95) | 18 timeouts (19 relays)
  Authors: 646 with relay data
    Testable (reliable): 410 | Testable (partial): 1 | Zero events: 235 | Unreliable: 0
  Baseline events: 72,282 (mean 175.9/author, median 28)
  Events per (relay,pubkey) capped at: 10000

  Headline metrics (410 testable-reliable authors, 72,247 baseline events):

  Algorithm                        |   Evt Recall |   Auth Recall |  Relay OK% |     TTFE |      p50 |      p80 | Timeouts
  ---------------------------------+--------------+---------------+------------+----------+----------+----------+---------
  NDK+Thompson (Priority) (seed=0, single run) |        27.6% |         80.5% |      85.0% |    543ms |     3.4s |     4.2s |        1
  NDK+Thompson CG (Priority) (seed=0, single run) |        22.9% |         79.8% |      90.0% |    543ms |     2.8s |     3.8s |        0
  NDK+Thompson CG3 (Priority) (seed=0, single run) |        27.6% |         80.5% |      85.0% |    543ms |     3.4s |     4.2s |        1

  Per-author recall distribution:
  Algorithm                        |   Median |  % at 0% |      p25 |      p75
  ---------------------------------+----------+----------+----------+---------
  NDK+Thompson (Priority) (seed=0, single run) |    40.9% |    19.5% |     2.4% |   100.0%
  NDK+Thompson CG (Priority) (seed=0, single run) |    37.0% |    20.2% |     1.9% |   100.0%
  NDK+Thompson CG3 (Priority) (seed=0, single run) |    40.9% |    19.5% |     2.4% |   100.0%

  Latency simulation (parallel relay query):
  Algorithm                        |     TTFE |      p50 |      p80 |      Max |   TO |   TO Tax |   Relays |   Events
  ---------------------------------+----------+----------+----------+----------+------+----------+----------+---------
  NDK+Thompson (Priority) (seed=0, single run) |    543ms |     3.4s |     4.2s |    20.0s |    1 |    15.0s | 15/18/20 |   40,728
  NDK+Thompson CG (Priority) (seed=0, single run) |    543ms |     2.8s |     3.8s |     6.8s |    0 |      0ms | 17/18/20 |   36,106
  NDK+Thompson CG3 (Priority) (seed=0, single run) |    543ms |     3.4s |     4.2s |    20.0s |    1 |    15.0s | 15/18/20 |   40,728
  (Relays: with-events/connected/total | TO Tax: ceil(timeouts/concurrency) × EOSE timeout)

  Progressive completeness (% of recall achieved by time):
  Algorithm                        |      @1s |      @2s |      @5s |     @10s |     @15s
  ---------------------------------+----------+----------+----------+----------+---------
  NDK+Thompson (Priority) (seed=0, single run) |     0.0% |    38.0% |    75.0% |   100.0% |   100.0%
  NDK+Thompson CG (Priority) (seed=0, single run) |     0.0% |    29.8% |    77.5% |   100.0% |   100.0%
  NDK+Thompson CG3 (Priority) (seed=0, single run) |     0.0% |    38.0% |    75.0% |   100.0% |   100.0%

  EOSE-race simulation (stop after first EOSE + grace period):
  Algorithm                        |     +0ms |   +200ms |   +500ms |      +1s |      +2s
  ---------------------------------+----------+----------+----------+----------+---------
  NDK+Thompson (Priority) (seed=0, single run) |    38.0% |    38.9% |    38.9% |    57.0% |    61.3%
  NDK+Thompson CG (Priority) (seed=0, single run) |     0.0% |     0.0% |     0.0% |    32.8% |    64.0%
  NDK+Thompson CG3 (Priority) (seed=0, single run) |    38.0% |    38.9% |    38.9% |    57.0% |    61.3%
  (First EOSE: NDK+Thompson (Priority) (seed=0, single run)=1.9s, NDK+Thompson CG (Priority) (seed=0, single run)=1.3s, NDK+Thompson CG3 (Priority) (seed=0, single run)=1.9s)

  Profile-view latency (per-author outbox query, top 3 write relays):
    Authors simulated: 411 | Hit rate: 99.8%
    TTFE: 817ms median, 966ms mean, 1.8s p95
    Relays/profile: 2.9 queried, 2.6 with events, 0.07 timeouts

  Feed vs profile-view TTFE comparison:
  Algorithm                        |  Feed TTFE |  Profile TTFE |    Delta
  ---------------------------------+------------+---------------+---------
  NDK+Thompson (Priority) (seed=0, single run) |      543ms |         817ms |   +274ms
  NDK+Thompson CG (Priority) (seed=0, single run) |      543ms |         817ms |   +274ms
  NDK+Thompson CG3 (Priority) (seed=0, single run) |      543ms |         817ms |   +274ms

  Including partial-baseline authors (411 testable authors, 72,282 baseline events):

  Algorithm                        |   Evt Recall |   Auth Recall
  ---------------------------------+--------------+--------------
  NDK+Thompson (Priority) (seed=0, single run) |        27.6% |         80.5%
  NDK+Thompson CG (Priority) (seed=0, single run) |        22.9% |         79.8%
  NDK+Thompson CG3 (Priority) (seed=0, single run) |        27.6% |         80.5%

=== NIP-66 RTT vs Measured Latency (261 relays, data age: 21min) ===
                             N   Spearman r      MAE    Bias    Top5   Top10   Top20
------------------------  ----  -----------  -------  ------  ------  ------  ------
rttOpen vs connect         261         0.20     1.1s    0.7x    0.0%   10.0%   10.0%
rttRead vs query           222         0.10     1.6s    9.8x    0.0%    0.0%    5.0%
(Bias = measured/nip66, >1 = NIP-66 underestimates. TopK = overlap of K fastest relays.)
Monitor: 9ba046db56b8..., 9bac3d58ef5a..., 0b01aa38c2cc..., 9ba1d7892cd0..., 9bbbb845e5b6..., http-api..., 58faef87b342..., 45df0580711f..., 9ba6484003e8...
[relay-scores] Updated scores for ndk-thompson: 20 relays, session 1
[relay-scores] Saved to .cache/relay_scores_32e1827635450ebb_31536000_liveness_ndk-thompson.json

Thompson Sampling [ndk-thompson] learning state:
  Session: 1
  Relays with observations: 20
  Mean prior α: 14.2, β: 25.9
  Relays with strong preference (α>5): 10
  Relays learned to avoid (β>5): 13
[relay-scores-se] Relay wss://relay.day.ag: 0 contested obs (fallback dampening applied)
[relay-scores-se] Relay wss://nostr.lopp.social: 0 contested obs (fallback dampening applied)
[relay-scores-se] Updated scores for ndk-thompson-cg: 20 relays, session 1
[relay-scores-se] Skipped 17 sole-source observations across 11 relays
[relay-scores-se] Force-included relays and scores: wss://relay.ditto.pub(E=0.642), wss://relay.primal.net(E=0.299), wss://premium.primal.net(E=0.369), wss://nos.lol(E=0.373), wss://relay.damus.io(E=0.318), wss://nostr.wine(E=0.291), wss://nostr.bitcoiner.social(E=0.582), wss://relay.nos.social(E=0.790), wss://theforest.nostr1.com(E=0.748), wss://relay.day.ag(E=0.667) (+1 more)
[relay-scores] Saved to .cache/relay_scores_32e1827635450ebb_31536000_liveness_ndk-thompson-cg.json

Thompson Sampling [ndk-thompson-cg] learning state:
  Session: 1
  Relays with observations: 20
  Mean prior α: 13.6, β: 25.7
  Relays with strong preference (α>5): 8
  Relays learned to avoid (β>5): 10
[relay-scores-pw] Updated scores for ndk-thompson-cg3: 20 relays, session 1
[relay-scores-pw] Partial-weighted 13 sole-source observations across 7 relays (0.3x)
[relay-scores-pw] Sole-source relays and scores: wss://relay.damus.io(E=0.337), wss://relay.primal.net(E=0.276), wss://nostr.wine(E=0.351), wss://relay.ditto.pub(E=0.728), wss://premium.primal.net(E=0.523), wss://theforest.nostr1.com(E=0.794), wss://nos.lol(E=0.408)
[relay-scores] Saved to .cache/relay_scores_32e1827635450ebb_31536000_liveness_ndk-thompson-cg3.json

Thompson Sampling [ndk-thompson-cg3] learning state:
  Session: 1
  Relays with observations: 20
  Mean prior α: 13.8, β: 25.9
  Relays with strong preference (α>5): 9
  Relays learned to avoid (β>5): 13

JSON results written to: results/32e1827635450ebb_1773158901965.json
