[0m[32mTask[0m [0m[36mbench[0m deno run --allow-net --allow-read --allow-write main.ts "32e1827635450ebb3c5a7d12c1f8e7b2b514439ac10a67eef3d9fd9c5c68e245" "--algorithms" "ndk-thompson,ndk-thompson-cg,ndk-thompson-cg3" "--verify-window" "31536000" "--verify" "--verify-concurrency" "10" "--nip66-filter" "liveness" "--no-phase2-cache" "--fast" "--output" "both"
Target: 32e1827635450ebb...
Seed: 0 | Filter: strict | Runs: 3
Using cached data (fetched 2026-03-10T16:07:03.293Z)

=== Fetch Quality ===
Indexers: wss://purplepag.es (909 events, 1013ms), wss://relay.damus.io (453 events, 266ms), wss://nos.lol (659 events, 1066ms)
Follows: 908 | With relay list: 647 (71.3%) | Missing: 261 (28.7%) | Filtered-to-empty: 13
Filter profile: strict | Filtered URLs: 239 (6 localhost, 33 insecure ws, 6 IP-only, 192 known-bad, 2 malformed)
Unique valid write relays: 723 | Seed: 0
[nip66] Using cached monitor data (1158 relays)

=== NIP-66 Liveness Filter (liveness) ===
Monitor data: 1158 relays
Candidate relays: 723
  Known alive: 289
  Unknown (removed): 434
  .onion preserved: 12
  Parse-failed preserved: 0
  Authors filtered to empty: 1
Relays after filter: 289
[relay-scores] Loaded 20 relay priors (session 1, from 2026-03-10T16:08:21.946Z)

Thompson Sampling [ndk-thompson]: loaded 20 relay priors (session 1)
[relay-scores] Loaded 20 relay priors (session 1, from 2026-03-10T16:08:21.961Z)

Thompson Sampling [ndk-thompson-cg]: loaded 20 relay priors (session 1)
[relay-scores] Loaded 20 relay priors (session 1, from 2026-03-10T16:08:21.963Z)

Thompson Sampling [ndk-thompson-cg3]: loaded 20 relay priors (session 1)
Coverage guarantee: 13 sole-source relays forced (20 maxConnections budget)
Coverage guarantee: 13 sole-source relays forced (20 maxConnections budget)
Coverage guarantee: 13 sole-source relays forced (20 maxConnections budget)
Coverage guarantee: SKIPPED (13 sole-source >= 10 cap)
Coverage guarantee: SKIPPED (13 sole-source >= 10 cap)
Coverage guarantee: SKIPPED (13 sole-source >= 10 cap)

=== Regime A: Fixed 20 Connections ===
  Algorithm                      |  Relays |   Assign% |  Orphans |  Alg.Orph |  Avg/pk |   Gini |    HHI
  -------------------------------+---------+-----------+----------+-----------+---------+--------+-------
  NDK+Thompson (Priority)        |      20 |     69.9% (0.0sd) | 273.3333333333333 | 12.333333333333334 |     1.9 |   0.70 |  0.183
  NDK+Thompson (Priority)+CG     |      20 |     70.0% (0.0sd) |      272 |        11 |     1.9 |   0.74 |  0.204
  NDK+Thompson (Priority)-skip   |      20 |     69.9% (0.0sd) | 273.3333333333333 | 12.333333333333334 |     1.9 |   0.70 |  0.186
Coverage guarantee: 13 sole-source relays forced (20 maxConnections budget)
Coverage guarantee: SKIPPED (13 sole-source >= 10 cap)

=== Phase 2: Event Verification ===
Window: 31536000s | Kinds: 1 | Concurrency: 10
[baseline] Querying 289 relays for 646 authors (window: 31536000s)
[pool] CLOSED from wss://aggr.nostr.land: auth-required: auth required for aggregator
[pool] CLOSED from wss://relay.shawnyeager.com/chat: auth-required: all requests must be authenticated
[pool] CLOSED from wss://greensoul.space: auth-required: only authenticated users can read from this relay
[pool] CLOSED from wss://relay.nosflare.com: auth-required: authentication required to subscribe
[pool] CLOSED from wss://relay.getalby.com/v1: blocked: Request rejected
[baseline] Progress: 50/289 relays queried
[pool] CLOSED from wss://relay.usefusion.ai: restricted: only kind 4 (DM) queries are allowed
[pool] CLOSED from wss://creatr.nostr.wine: auth-required: please authenticate before sending REQs
[pool] CLOSED from wss://inbox.nostr.wine: blocked: this relay does not store any of the kinds in this request
[pool] CLOSED from wss://sendit.nosflare.com: restricted: this relay does not accept REQs
[baseline] Progress: 100/289 relays queried
[pool] CLOSED from wss://nostr.dbtc.link: auth-required: NIP-42 auth required
[pool] CLOSED from wss://auth.nostr1.com: auth-required: you must auth
[pool] CLOSED from wss://hole.v0l.io: error: queries not allowed
[baseline] Progress: 150/289 relays queried
[pool] CLOSED from wss://relay.albylabs.com: blocked: Request rejected
[pool] CLOSED from wss://relay.danieldaquino.me/private: auth-required: this query requires you to be authenticated
[pool] CLOSED from wss://reedvpn.asuscomm.com: auth-required: authentication is required for access
[baseline] Progress: 200/289 relays queried
[pool] CLOSED from wss://pantry.zap.cooking: auth-required: please authenticate
[pool] CLOSED from wss://impromptu.relays.land: auth-required: all requests must be authenticated
[pool] CLOSED from wss://bitstack.app: auth-required: authentication required to subscribe
[pool] CLOSED from wss://nortis.nostr1.com: auth-required: you must auth
[pool] CLOSED from wss://relay.nsec.app: blocked: we only keep kind 24133 or 24135
[baseline] Progress: 250/289 relays queried
[pool] CLOSED from wss://david.nostr1.com: auth-required: you must auth
[baseline] Progress: 289/289 relays queried
[phase2] Subscription timeouts (no EOSE): 19
[phase2] CLOSED messages received: 21
  wss://aggr.nostr.land: auth-required: auth required for aggregator
  wss://relay.shawnyeager.com/chat: auth-required: all requests must be authenticated
  wss://greensoul.space: auth-required: only authenticated users can read from this relay
  wss://relay.nosflare.com: auth-required: authentication required to subscribe
  wss://relay.getalby.com/v1: blocked: Request rejected
  wss://relay.usefusion.ai: restricted: only kind 4 (DM) queries are allowed
  wss://creatr.nostr.wine: auth-required: please authenticate before sending REQs
  wss://inbox.nostr.wine: blocked: this relay does not store any of the kinds in this request
  wss://sendit.nosflare.com: restricted: this relay does not accept REQs
  wss://nostr.dbtc.link: auth-required: NIP-42 auth required

=== Phase 2: Event Verification (365d window) ===
Baseline: 289 relays queried (77.9% success), 1.5min
  Timing: connect 958ms median (2.1s p95) | query 1.8s median (15.8s p95) | 19 timeouts (20 relays)
  Authors: 646 with relay data
    Testable (reliable): 397 | Testable (partial): 8 | Zero events: 228 | Unreliable: 13
  Baseline events: 67,330 (mean 166.2/author, median 24)
  Events per (relay,pubkey) capped at: 10000

  Headline metrics (397 testable-reliable authors, 66,397 baseline events):

  Algorithm                        |   Evt Recall |   Auth Recall |  Relay OK% |     TTFE |      p50 |      p80 | Timeouts
  ---------------------------------+--------------+---------------+------------+----------+----------+----------+---------
  NDK+Thompson (Priority) (seed=0, single run) |        21.5% |         78.3% |      85.0% |     1.2s |     3.3s |     5.3s |        1
  NDK+Thompson CG (Priority) (seed=0, single run) |        20.1% |         82.1% |      85.0% |    878ms |     3.2s |     4.7s |        1
  NDK+Thompson CG3 (Priority) (seed=0, single run) |        22.5% |         78.8% |      85.0% |     1.2s |     3.3s |     5.3s |        1

  Per-author recall distribution:
  Algorithm                        |   Median |  % at 0% |      p25 |      p75
  ---------------------------------+----------+----------+----------+---------
  NDK+Thompson (Priority) (seed=0, single run) |    37.7% |    21.7% |     1.7% |   100.0%
  NDK+Thompson CG (Priority) (seed=0, single run) |    51.4% |    17.9% |     3.0% |   100.0%
  NDK+Thompson CG3 (Priority) (seed=0, single run) |    35.2% |    21.2% |     1.9% |   100.0%

  Latency simulation (parallel relay query):
  Algorithm                        |     TTFE |      p50 |      p80 |      Max |   TO |   TO Tax |   Relays |   Events
  ---------------------------------+----------+----------+----------+----------+------+----------+----------+---------
  NDK+Thompson (Priority) (seed=0, single run) |     1.2s |     3.3s |     5.3s |    17.5s |    1 |    15.0s | 16/18/20 |   30,480
  NDK+Thompson CG (Priority) (seed=0, single run) |    878ms |     3.2s |     4.7s |    17.5s |    1 |    15.0s | 17/18/20 |   27,224
  NDK+Thompson CG3 (Priority) (seed=0, single run) |     1.2s |     3.3s |     5.3s |    17.5s |    1 |    15.0s | 16/18/20 |   30,480
  (Relays: with-events/connected/total | TO Tax: ceil(timeouts/concurrency) × EOSE timeout)

  Progressive completeness (% of recall achieved by time):
  Algorithm                        |      @1s |      @2s |      @5s |     @10s |     @15s
  ---------------------------------+----------+----------+----------+----------+---------
  NDK+Thompson (Priority) (seed=0, single run) |     0.0% |     3.6% |    29.6% |    82.7% |    82.7%
  NDK+Thompson CG (Priority) (seed=0, single run) |     0.0% |     6.8% |    44.8% |    76.7% |    76.7%
  NDK+Thompson CG3 (Priority) (seed=0, single run) |     0.0% |     3.1% |    30.2% |    82.1% |    82.1%

  EOSE-race simulation (stop after first EOSE + grace period):
  Algorithm                        |     +0ms |   +200ms |   +500ms |      +1s |      +2s
  ---------------------------------+----------+----------+----------+----------+---------
  NDK+Thompson (Priority) (seed=0, single run) |     0.7% |     0.9% |     0.9% |     5.5% |    23.3%
  NDK+Thompson CG (Priority) (seed=0, single run) |     0.0% |     0.7% |     0.9% |     6.8% |    29.3%
  NDK+Thompson CG3 (Priority) (seed=0, single run) |     0.6% |     0.8% |     0.8% |     5.3% |    23.4%
  (First EOSE: NDK+Thompson (Priority) (seed=0, single run)=1.2s, NDK+Thompson CG (Priority) (seed=0, single run)=1.1s, NDK+Thompson CG3 (Priority) (seed=0, single run)=1.2s)

  Profile-view latency (per-author outbox query, top 3 write relays):
    Authors simulated: 405 | Hit rate: 99.5%
    TTFE: 1.7s median, 1.6s mean, 2.4s p95
    Relays/profile: 2.9 queried, 2.1 with events, 0.11 timeouts

  Feed vs profile-view TTFE comparison:
  Algorithm                        |  Feed TTFE |  Profile TTFE |    Delta
  ---------------------------------+------------+---------------+---------
  NDK+Thompson (Priority) (seed=0, single run) |       1.2s |          1.7s |   +532ms
  NDK+Thompson CG (Priority) (seed=0, single run) |      878ms |          1.7s |   +811ms
  NDK+Thompson CG3 (Priority) (seed=0, single run) |       1.2s |          1.7s |   +532ms

  Including partial-baseline authors (405 testable authors, 67,330 baseline events):

  Algorithm                        |   Evt Recall |   Auth Recall
  ---------------------------------+--------------+--------------
  NDK+Thompson (Priority) (seed=0, single run) |        21.9% |         78.3%
  NDK+Thompson CG (Priority) (seed=0, single run) |        20.5% |         82.0%
  NDK+Thompson CG3 (Priority) (seed=0, single run) |        22.9% |         78.8%

=== NIP-66 RTT vs Measured Latency (263 relays, data age: 41min) ===
                             N   Spearman r      MAE    Bias    Top5   Top10   Top20
------------------------  ----  -----------  -------  ------  ------  ------  ------
rttOpen vs connect         263         0.18     1.1s    0.8x    0.0%   10.0%   15.0%
rttRead vs query           224         0.01     2.1s   11.5x    0.0%   10.0%   10.0%
(Bias = measured/nip66, >1 = NIP-66 underestimates. TopK = overlap of K fastest relays.)
Monitor: 9ba046db56b8..., 9bac3d58ef5a..., 0b01aa38c2cc..., 9ba1d7892cd0..., 9bbbb845e5b6..., http-api..., 58faef87b342..., 45df0580711f..., 9ba6484003e8...
[relay-scores] Updated scores for ndk-thompson: 27 relays, session 2
[relay-scores] Saved to .cache/relay_scores_32e1827635450ebb_31536000_liveness_ndk-thompson.json

Thompson Sampling [ndk-thompson] learning state:
  Session: 2
  Relays with observations: 27
  Mean prior α: 18.8, β: 38.1
  Relays with strong preference (α>5): 12
  Relays learned to avoid (β>5): 18
[relay-scores-se] Relay wss://relay.day.ag: 0 contested obs (fallback dampening applied)
[relay-scores-se] Relay wss://nostr.lopp.social: 0 contested obs (fallback dampening applied)
[relay-scores-se] Updated scores for ndk-thompson-cg: 22 relays, session 2
[relay-scores-se] Skipped 14 sole-source observations across 9 relays
[relay-scores-se] Force-included relays and scores: wss://relay.ditto.pub(E=0.487), wss://relay.primal.net(E=0.321), wss://premium.primal.net(E=0.432), wss://nos.lol(E=0.397), wss://nostr.wine(E=0.344), wss://nostr.bitcoiner.social(E=0.531), wss://relay.nos.social(E=0.736), wss://relay.day.ag(E=0.747), wss://nostr.lopp.social(E=0.747)
[relay-scores] Saved to .cache/relay_scores_32e1827635450ebb_31536000_liveness_ndk-thompson-cg.json

Thompson Sampling [ndk-thompson-cg] learning state:
  Session: 2
  Relays with observations: 22
  Mean prior α: 23.0, β: 44.9
  Relays with strong preference (α>5): 11
  Relays learned to avoid (β>5): 14
[relay-scores-pw] Updated scores for ndk-thompson-cg3: 27 relays, session 2
[relay-scores-pw] Partial-weighted 11 sole-source observations across 6 relays (0.3x)
[relay-scores-pw] Sole-source relays and scores: wss://nostr.bitcoiner.social(E=0.497), wss://nos.lol(E=0.406), wss://premium.primal.net(E=0.475), wss://relay.ditto.pub(E=0.626), wss://relay.primal.net(E=0.295), wss://nostr.wine(E=0.351)
[relay-scores] Saved to .cache/relay_scores_32e1827635450ebb_31536000_liveness_ndk-thompson-cg3.json

Thompson Sampling [ndk-thompson-cg3] learning state:
  Session: 2
  Relays with observations: 27
  Mean prior α: 18.2, β: 38.0
  Relays with strong preference (α>5): 12
  Relays learned to avoid (β>5): 18

JSON results written to: results/32e1827635450ebb_1773160146088.json
