[0m[32mTask[0m [0m[36mbench[0m deno run --allow-net --allow-read --allow-write main.ts "32e1827635450ebb3c5a7d12c1f8e7b2b514439ac10a67eef3d9fd9c5c68e245" "--algorithms" "ndk-thompson,ndk-thompson-cg,ndk-thompson-cg3" "--verify-window" "31536000" "--verify" "--verify-concurrency" "10" "--nip66-filter" "liveness" "--no-phase2-cache" "--fast" "--output" "both"
Target: 32e1827635450ebb...
Seed: 0 | Filter: strict | Runs: 3
Using cached data (fetched 2026-03-10T16:07:03.293Z)

=== Fetch Quality ===
Indexers: wss://purplepag.es (909 events, 1013ms), wss://relay.damus.io (453 events, 266ms), wss://nos.lol (659 events, 1066ms)
Follows: 908 | With relay list: 647 (71.3%) | Missing: 261 (28.7%) | Filtered-to-empty: 13
Filter profile: strict | Filtered URLs: 239 (6 localhost, 33 insecure ws, 6 IP-only, 192 known-bad, 2 malformed)
Unique valid write relays: 723 | Seed: 0
[nip66] Using cached monitor data (1139 relays)

=== NIP-66 Liveness Filter (liveness) ===
Monitor data: 1139 relays
Candidate relays: 723
  Known alive: 289
  Unknown (removed): 434
  .onion preserved: 11
  Parse-failed preserved: 0
  Authors filtered to empty: 1
Relays after filter: 289
[relay-scores] Loaded 28 relay priors (session 3, from 2026-03-10T16:48:36.137Z)

Thompson Sampling [ndk-thompson]: loaded 28 relay priors (session 3)
[relay-scores] Loaded 23 relay priors (session 3, from 2026-03-10T16:48:36.143Z)

Thompson Sampling [ndk-thompson-cg]: loaded 23 relay priors (session 3)
[relay-scores] Loaded 30 relay priors (session 3, from 2026-03-10T16:48:36.151Z)

Thompson Sampling [ndk-thompson-cg3]: loaded 30 relay priors (session 3)
Coverage guarantee: 13 sole-source relays forced (20 maxConnections budget)
Coverage guarantee: 13 sole-source relays forced (20 maxConnections budget)
Coverage guarantee: 13 sole-source relays forced (20 maxConnections budget)
Coverage guarantee: SKIPPED (13 sole-source >= 10 cap)
Coverage guarantee: SKIPPED (13 sole-source >= 10 cap)
Coverage guarantee: SKIPPED (13 sole-source >= 10 cap)

=== Regime A: Fixed 20 Connections ===
  Algorithm                      |  Relays |   Assign% |  Orphans |  Alg.Orph |  Avg/pk |   Gini |    HHI
  -------------------------------+---------+-----------+----------+-----------+---------+--------+-------
  NDK+Thompson (Priority)        |      20 |     69.8% (0.0sd) |      274 |        13 |     1.9 |   0.71 |  0.193
  NDK+Thompson (Priority)+CG     |      20 |     70.1% (0.0sd) | 271.6666666666667 | 10.666666666666666 |     1.9 |   0.71 |  0.190
  NDK+Thompson (Priority)-skip   |      20 |     69.8% (0.0sd) | 274.6666666666667 | 13.666666666666666 |     1.9 |   0.72 |  0.198
Coverage guarantee: 13 sole-source relays forced (20 maxConnections budget)
Coverage guarantee: SKIPPED (13 sole-source >= 10 cap)

=== Phase 2: Event Verification ===
Window: 31536000s | Kinds: 1 | Concurrency: 10
[baseline] Querying 289 relays for 646 authors (window: 31536000s)
[pool] CLOSED from wss://aggr.nostr.land: auth-required: auth required for aggregator
[pool] CLOSED from wss://relay.shawnyeager.com/chat: auth-required: all requests must be authenticated
[pool] CLOSED from wss://greensoul.space: auth-required: only authenticated users can read from this relay
[pool] CLOSED from wss://relay.nosflare.com: auth-required: authentication required to subscribe
[pool] CLOSED from wss://relay.getalby.com/v1: blocked: Request rejected
[baseline] Progress: 50/289 relays queried
[pool] CLOSED from wss://relay.usefusion.ai: restricted: only kind 4 (DM) queries are allowed
[pool] CLOSED from wss://creatr.nostr.wine: auth-required: please authenticate before sending REQs
[pool] CLOSED from wss://inbox.nostr.wine: blocked: this relay does not store any of the kinds in this request
[pool] CLOSED from wss://sendit.nosflare.com: restricted: this relay does not accept REQs
[baseline] Progress: 100/289 relays queried
[pool] CLOSED from wss://nostr.dbtc.link: auth-required: NIP-42 auth required
[pool] CLOSED from wss://auth.nostr1.com: auth-required: you must auth
[pool] CLOSED from wss://hole.v0l.io: error: queries not allowed
[baseline] Progress: 150/289 relays queried
[pool] CLOSED from wss://relay.albylabs.com: blocked: Request rejected
[pool] CLOSED from wss://relay.danieldaquino.me/private: auth-required: this query requires you to be authenticated
[pool] CLOSED from wss://reedvpn.asuscomm.com: auth-required: authentication is required for access
[baseline] Progress: 200/289 relays queried
[pool] CLOSED from wss://pantry.zap.cooking: auth-required: please authenticate
[pool] CLOSED from wss://impromptu.relays.land: auth-required: all requests must be authenticated
[pool] CLOSED from wss://bitstack.app: auth-required: authentication required to subscribe
[pool] CLOSED from wss://nortis.nostr1.com: auth-required: you must auth
[pool] CLOSED from wss://relay.nsec.app: blocked: we only keep kind 24133 or 24135
[baseline] Progress: 250/289 relays queried
[pool] CLOSED from wss://david.nostr1.com: auth-required: you must auth
[baseline] Progress: 289/289 relays queried
[phase2] Subscription timeouts (no EOSE): 16
[phase2] CLOSED messages received: 21
  wss://aggr.nostr.land: auth-required: auth required for aggregator
  wss://relay.shawnyeager.com/chat: auth-required: all requests must be authenticated
  wss://greensoul.space: auth-required: only authenticated users can read from this relay
  wss://relay.nosflare.com: auth-required: authentication required to subscribe
  wss://relay.getalby.com/v1: blocked: Request rejected
  wss://relay.usefusion.ai: restricted: only kind 4 (DM) queries are allowed
  wss://creatr.nostr.wine: auth-required: please authenticate before sending REQs
  wss://inbox.nostr.wine: blocked: this relay does not store any of the kinds in this request
  wss://sendit.nosflare.com: restricted: this relay does not accept REQs
  wss://nostr.dbtc.link: auth-required: NIP-42 auth required

=== Phase 2: Event Verification (365d window) ===
Baseline: 289 relays queried (79.2% success), 1.2min
  Timing: connect 649ms median (1.3s p95) | query 1.1s median (15.4s p95) | 16 timeouts (16 relays)
  Authors: 646 with relay data
    Testable (reliable): 411 | Testable (partial): 0 | Zero events: 235 | Unreliable: 0
  Baseline events: 73,603 (mean 179.1/author, median 30)
  Events per (relay,pubkey) capped at: 10000

  Headline metrics (411 testable-reliable authors, 73,603 baseline events):

  Algorithm                        |   Evt Recall |   Auth Recall |  Relay OK% |     TTFE |      p50 |      p80 | Timeouts
  ---------------------------------+--------------+---------------+------------+----------+----------+----------+---------
  NDK+Thompson (Priority) (seed=0, single run) |        28.5% |         83.2% |      90.0% |    691ms |     2.9s |     3.8s |        1
  NDK+Thompson CG (Priority) (seed=0, single run) |        29.5% |         84.7% |     100.0% |    691ms |     2.7s |     3.2s |        0
  NDK+Thompson CG3 (Priority) (seed=0, single run) |        29.3% |         83.0% |     100.0% |    691ms |     2.9s |     3.8s |        0

  Per-author recall distribution:
  Algorithm                        |   Median |  % at 0% |      p25 |      p75
  ---------------------------------+----------+----------+----------+---------
  NDK+Thompson (Priority) (seed=0, single run) |    60.0% |    16.8% |     4.1% |   100.0%
  NDK+Thompson CG (Priority) (seed=0, single run) |    70.0% |    15.3% |     6.1% |   100.0%
  NDK+Thompson CG3 (Priority) (seed=0, single run) |    55.6% |    17.0% |     3.6% |   100.0%

  Latency simulation (parallel relay query):
  Algorithm                        |     TTFE |      p50 |      p80 |      Max |   TO |   TO Tax |   Relays |   Events
  ---------------------------------+----------+----------+----------+----------+------+----------+----------+---------
  NDK+Thompson (Priority) (seed=0, single run) |    691ms |     2.9s |     3.8s |    15.9s |    1 |    15.0s | 16/19/20 |   35,975
  NDK+Thompson CG (Priority) (seed=0, single run) |    691ms |     2.7s |     3.2s |     6.8s |    0 |      0ms | 18/20/20 |   37,021
  NDK+Thompson CG3 (Priority) (seed=0, single run) |    691ms |     2.9s |     3.8s |     7.6s |    0 |      0ms | 17/20/20 |   34,287
  (Relays: with-events/connected/total | TO Tax: ceil(timeouts/concurrency) × EOSE timeout)

  Progressive completeness (% of recall achieved by time):
  Algorithm                        |      @1s |      @2s |      @5s |     @10s |     @15s
  ---------------------------------+----------+----------+----------+----------+---------
  NDK+Thompson (Priority) (seed=0, single run) |     0.1% |     6.8% |    92.0% |   100.0% |   100.0%
  NDK+Thompson CG (Priority) (seed=0, single run) |     0.1% |     4.7% |    92.8% |   100.0% |   100.0%
  NDK+Thompson CG3 (Priority) (seed=0, single run) |     0.1% |     3.6% |    90.1% |   100.0% |   100.0%

  EOSE-race simulation (stop after first EOSE + grace period):
  Algorithm                        |     +0ms |   +200ms |   +500ms |      +1s |      +2s
  ---------------------------------+----------+----------+----------+----------+---------
  NDK+Thompson (Priority) (seed=0, single run) |     0.1% |     0.1% |     0.1% |     6.8% |    14.4%
  NDK+Thompson CG (Priority) (seed=0, single run) |     0.1% |     0.1% |     0.1% |     4.7% |    16.5%
  NDK+Thompson CG3 (Priority) (seed=0, single run) |     0.1% |     0.1% |     0.1% |     3.0% |     7.2%
  (First EOSE: NDK+Thompson (Priority) (seed=0, single run)=728ms, NDK+Thompson CG (Priority) (seed=0, single run)=728ms, NDK+Thompson CG3 (Priority) (seed=0, single run)=728ms)

  Profile-view latency (per-author outbox query, top 3 write relays):
    Authors simulated: 411 | Hit rate: 99.8%
    TTFE: 1.0s median, 1.2s mean, 2.0s p95
    Relays/profile: 2.9 queried, 2.6 with events, 0.02 timeouts

  Feed vs profile-view TTFE comparison:
  Algorithm                        |  Feed TTFE |  Profile TTFE |    Delta
  ---------------------------------+------------+---------------+---------
  NDK+Thompson (Priority) (seed=0, single run) |      691ms |          1.0s |   +347ms
  NDK+Thompson CG (Priority) (seed=0, single run) |      691ms |          1.0s |   +347ms
  NDK+Thompson CG3 (Priority) (seed=0, single run) |      691ms |          1.0s |   +347ms

=== NIP-66 RTT vs Measured Latency (261 relays, data age: 30min) ===
                             N   Spearman r      MAE    Bias    Top5   Top10   Top20
------------------------  ----  -----------  -------  ------  ------  ------  ------
rttOpen vs connect         261         0.40    397ms    0.9x    0.0%   10.0%   15.0%
rttRead vs query           228         0.33     1.2s    8.3x    0.0%    0.0%   10.0%
(Bias = measured/nip66, >1 = NIP-66 underestimates. TopK = overlap of K fastest relays.)
Monitor: 9ba6484003e8..., 0b01aa38c2cc..., 9ba0ce3dcc28..., 9bbbb845e5b6..., 9b85d54cc4bc..., http-api..., 58faef87b342..., 9ba1d7892cd0..., b2c949c0fb79...
[relay-scores] Updated scores for ndk-thompson: 32 relays, session 4
[relay-scores] Degrading relays (2): wss://relay.ditto.pub, wss://nostr.oxtr.dev
[relay-scores] Saved to .cache/relay_scores_32e1827635450ebb_31536000_liveness_ndk-thompson.json

Thompson Sampling [ndk-thompson] learning state:
  Session: 4
  Relays with observations: 32
  Mean prior α: 25.1, β: 54.6
  Relays with strong preference (α>5): 13
  Relays learned to avoid (β>5): 22
[relay-scores-se] Relay wss://relay.day.ag: 0 contested obs (fallback dampening applied)
[relay-scores-se] Relay wss://nostr.lopp.social: 0 contested obs (fallback dampening applied)
[relay-scores-se] Updated scores for ndk-thompson-cg: 23 relays, session 4
[relay-scores-se] Skipped 17 sole-source observations across 11 relays
[relay-scores-se] Force-included relays and scores: wss://relay.ditto.pub(E=0.534), wss://relay.primal.net(E=0.266), wss://premium.primal.net(E=0.369), wss://nos.lol(E=0.326), wss://relay.damus.io(E=0.178), wss://nostr.wine(E=0.295), wss://nostr.bitcoiner.social(E=0.440), wss://relay.nos.social(E=0.719), wss://theforest.nostr1.com(E=0.685), wss://relay.day.ag(E=0.825) (+1 more)
[relay-scores-se] Degrading relays (2): wss://nostr.bitcoiner.social, wss://relay.nos.social
[relay-scores] Saved to .cache/relay_scores_32e1827635450ebb_31536000_liveness_ndk-thompson-cg.json

Thompson Sampling [ndk-thompson-cg] learning state:
  Session: 4
  Relays with observations: 23
  Mean prior α: 34.6, β: 73.2
  Relays with strong preference (α>5): 11
  Relays learned to avoid (β>5): 15
[relay-scores-pw] Updated scores for ndk-thompson-cg3: 36 relays, session 4
[relay-scores-pw] Partial-weighted 13 sole-source observations across 7 relays (0.3x)
[relay-scores-pw] Sole-source relays and scores: wss://nos.lol(E=0.329), wss://premium.primal.net(E=0.405), wss://relay.damus.io(E=0.199), wss://relay.ditto.pub(E=0.594), wss://relay.primal.net(E=0.258), wss://nostr.wine(E=0.300), wss://theforest.nostr1.com(E=0.661)
[relay-scores-pw] Degrading relays (3): wss://premium.primal.net, wss://relay.ditto.pub, wss://nostr.oxtr.dev
[relay-scores] Saved to .cache/relay_scores_32e1827635450ebb_31536000_liveness_ndk-thompson-cg3.json

Thompson Sampling [ndk-thompson-cg3] learning state:
  Session: 4
  Relays with observations: 36
  Mean prior α: 21.3, β: 48.7
  Relays with strong preference (α>5): 13
  Relays learned to avoid (β>5): 22

JSON results written to: results/32e1827635450ebb_1773162418993.json
