[0m[32mTask[0m [0m[36mbench[0m deno run --allow-net --allow-read --allow-write main.ts "32e1827635450ebb3c5a7d12c1f8e7b2b514439ac10a67eef3d9fd9c5c68e245" "--algorithms" "ndk-thompson,ndk-thompson-cg,ndk-thompson-cg3" "--verify-window" "31536000" "--verify" "--verify-concurrency" "10" "--nip66-filter" "liveness" "--no-phase2-cache" "--fast" "--output" "both"
Target: 32e1827635450ebb...
Seed: 0 | Filter: strict | Runs: 3
Using cached data (fetched 2026-03-10T16:07:03.293Z)

=== Fetch Quality ===
Indexers: wss://purplepag.es (909 events, 1013ms), wss://relay.damus.io (453 events, 266ms), wss://nos.lol (659 events, 1066ms)
Follows: 908 | With relay list: 647 (71.3%) | Missing: 261 (28.7%) | Filtered-to-empty: 13
Filter profile: strict | Filtered URLs: 239 (6 localhost, 33 insecure ws, 6 IP-only, 192 known-bad, 2 malformed)
Unique valid write relays: 723 | Seed: 0
[nip66] Using cached monitor data (1158 relays)

=== NIP-66 Liveness Filter (liveness) ===
Monitor data: 1158 relays
Candidate relays: 723
  Known alive: 289
  Unknown (removed): 434
  .onion preserved: 12
  Parse-failed preserved: 0
  Authors filtered to empty: 1
Relays after filter: 289
[relay-scores] Loaded 27 relay priors (session 2, from 2026-03-10T16:29:06.078Z)

Thompson Sampling [ndk-thompson]: loaded 27 relay priors (session 2)
[relay-scores] Loaded 22 relay priors (session 2, from 2026-03-10T16:29:06.080Z)

Thompson Sampling [ndk-thompson-cg]: loaded 22 relay priors (session 2)
[relay-scores] Loaded 27 relay priors (session 2, from 2026-03-10T16:29:06.085Z)

Thompson Sampling [ndk-thompson-cg3]: loaded 27 relay priors (session 2)
Coverage guarantee: 13 sole-source relays forced (20 maxConnections budget)
Coverage guarantee: 13 sole-source relays forced (20 maxConnections budget)
Coverage guarantee: 13 sole-source relays forced (20 maxConnections budget)
Coverage guarantee: SKIPPED (13 sole-source >= 10 cap)
Coverage guarantee: SKIPPED (13 sole-source >= 10 cap)
Coverage guarantee: SKIPPED (13 sole-source >= 10 cap)

=== Regime A: Fixed 20 Connections ===
  Algorithm                      |  Relays |   Assign% |  Orphans |  Alg.Orph |  Avg/pk |   Gini |    HHI
  -------------------------------+---------+-----------+----------+-----------+---------+--------+-------
  NDK+Thompson (Priority)        |      20 |     70.0% (0.0sd) | 272.6666666666667 | 11.666666666666666 |     1.9 |   0.70 |  0.180
  NDK+Thompson (Priority)+CG     |      20 |     70.1% (0.0sd) | 271.3333333333333 | 10.333333333333334 |     1.9 |   0.72 |  0.192
  NDK+Thompson (Priority)-skip   |      20 |     69.8% (0.0sd) |      274 |        13 |     1.9 |   0.71 |  0.189
Coverage guarantee: 13 sole-source relays forced (20 maxConnections budget)
Coverage guarantee: SKIPPED (13 sole-source >= 10 cap)

=== Phase 2: Event Verification ===
Window: 31536000s | Kinds: 1 | Concurrency: 10
[baseline] Querying 289 relays for 646 authors (window: 31536000s)
[pool] CLOSED from wss://greensoul.space: auth-required: only authenticated users can read from this relay
[pool] CLOSED from wss://relay.nosflare.com: auth-required: authentication required to subscribe
[pool] CLOSED from wss://relay.getalby.com/v1: blocked: Request rejected
[baseline] Progress: 50/289 relays queried
[pool] CLOSED from wss://relay.usefusion.ai: restricted: only kind 4 (DM) queries are allowed
[pool] CLOSED from wss://creatr.nostr.wine: auth-required: please authenticate before sending REQs
[pool] CLOSED from wss://inbox.nostr.wine: blocked: this relay does not store any of the kinds in this request
[pool] CLOSED from wss://sendit.nosflare.com: restricted: this relay does not accept REQs
[baseline] Progress: 100/289 relays queried
[pool] CLOSED from wss://nostr.dbtc.link: auth-required: NIP-42 auth required
[pool] CLOSED from wss://auth.nostr1.com: auth-required: you must auth
[pool] CLOSED from wss://hole.v0l.io: error: queries not allowed
[baseline] Progress: 150/289 relays queried
[pool] CLOSED from wss://relay.albylabs.com: blocked: Request rejected
[pool] CLOSED from wss://relay.danieldaquino.me/private: auth-required: this query requires you to be authenticated
[baseline] Progress: 200/289 relays queried
[pool] CLOSED from wss://pantry.zap.cooking: auth-required: please authenticate
[pool] CLOSED from wss://impromptu.relays.land: auth-required: all requests must be authenticated
[pool] CLOSED from wss://bitstack.app: auth-required: authentication required to subscribe
[pool] CLOSED from wss://nortis.nostr1.com: auth-required: you must auth
[pool] CLOSED from wss://relay.nsec.app: blocked: we only keep kind 24133 or 24135
[pool] CLOSED from wss://wot.azzamo.net: rate-limited: there is a bug in the client, no one should be making so many requests
[baseline] Progress: 250/289 relays queried
[pool] CLOSED from wss://david.nostr1.com: auth-required: you must auth
[baseline] Progress: 289/289 relays queried
[phase2] Subscription timeouts (no EOSE): 14
[phase2] CLOSED messages received: 19
  wss://greensoul.space: auth-required: only authenticated users can read from this relay
  wss://relay.nosflare.com: auth-required: authentication required to subscribe
  wss://relay.getalby.com/v1: blocked: Request rejected
  wss://relay.usefusion.ai: restricted: only kind 4 (DM) queries are allowed
  wss://creatr.nostr.wine: auth-required: please authenticate before sending REQs
  wss://inbox.nostr.wine: blocked: this relay does not store any of the kinds in this request
  wss://sendit.nosflare.com: restricted: this relay does not accept REQs
  wss://nostr.dbtc.link: auth-required: NIP-42 auth required
  wss://auth.nostr1.com: auth-required: you must auth
  wss://hole.v0l.io: error: queries not allowed

=== Phase 2: Event Verification (365d window) ===
Baseline: 289 relays queried (67.8% success), 59s
  Timing: connect 671ms median (1.3s p95) | query 1.1s median (15.4s p95) | 14 timeouts (15 relays)
  Authors: 646 with relay data
    Testable (reliable): 54 | Testable (partial): 167 | Zero events: 22 | Unreliable: 403
  Baseline events: 60,107 (mean 272.0/author, median 70)
  Events per (relay,pubkey) capped at: 10000

  Headline metrics (54 testable-reliable authors, 16,903 baseline events):

  Algorithm                        |   Evt Recall |   Auth Recall |  Relay OK% |     TTFE |      p50 |      p80 | Timeouts
  ---------------------------------+--------------+---------------+------------+----------+----------+----------+---------
  NDK+Thompson (Priority) (seed=0, single run) |        37.6% |         38.9% |      40.0% |    944ms |     2.2s |     2.4s |        0
  NDK+Thompson CG (Priority) (seed=0, single run) |        39.7% |         38.9% |      55.0% |    718ms |     2.1s |     2.4s |        0
  NDK+Thompson CG3 (Priority) (seed=0, single run) |        39.3% |         37.0% |      45.0% |    756ms |     2.1s |     2.4s |        0

  Per-author recall distribution:
  Algorithm                        |   Median |  % at 0% |      p25 |      p75
  ---------------------------------+----------+----------+----------+---------
  NDK+Thompson (Priority) (seed=0, single run) |     0.0% |    61.1% |     0.0% |    64.4%
  NDK+Thompson CG (Priority) (seed=0, single run) |     0.0% |    61.1% |     0.0% |    81.3%
  NDK+Thompson CG3 (Priority) (seed=0, single run) |     0.0% |    63.0% |     0.0% |    64.4%

  Latency simulation (parallel relay query):
  Algorithm                        |     TTFE |      p50 |      p80 |      Max |   TO |   TO Tax |   Relays |   Events
  ---------------------------------+----------+----------+----------+----------+------+----------+----------+---------
  NDK+Thompson (Priority) (seed=0, single run) |    944ms |     2.2s |     2.4s |     3.7s |    0 |      0ms |   8/8/20 |   12,202
  NDK+Thompson CG (Priority) (seed=0, single run) |    718ms |     2.1s |     2.4s |     3.1s |    0 |      0ms | 10/11/20 |   13,352
  NDK+Thompson CG3 (Priority) (seed=0, single run) |    756ms |     2.1s |     2.4s |     3.1s |    0 |      0ms |   7/9/20 |   12,102
  (Relays: with-events/connected/total | TO Tax: ceil(timeouts/concurrency) × EOSE timeout)

  Progressive completeness (% of recall achieved by time):
  Algorithm                        |      @1s |      @2s |      @5s |     @10s |     @15s
  ---------------------------------+----------+----------+----------+----------+---------
  NDK+Thompson (Priority) (seed=0, single run) |     0.3% |     4.9% |   100.0% |   100.0% |   100.0%
  NDK+Thompson CG (Priority) (seed=0, single run) |     0.3% |     6.5% |   100.0% |   100.0% |   100.0%
  NDK+Thompson CG3 (Priority) (seed=0, single run) |     0.3% |     8.3% |   100.0% |   100.0% |   100.0%

  EOSE-race simulation (stop after first EOSE + grace period):
  Algorithm                        |     +0ms |   +200ms |   +500ms |      +1s |      +2s
  ---------------------------------+----------+----------+----------+----------+---------
  NDK+Thompson (Priority) (seed=0, single run) |     0.3% |     0.3% |     4.9% |     4.9% |    99.0%
  NDK+Thompson CG (Priority) (seed=0, single run) |     0.3% |     0.3% |     3.2% |     6.5% |    99.4%
  NDK+Thompson CG3 (Priority) (seed=0, single run) |     0.3% |     3.9% |     8.3% |     8.3% |    99.4%
  (First EOSE: NDK+Thompson (Priority) (seed=0, single run)=996ms, NDK+Thompson CG (Priority) (seed=0, single run)=996ms, NDK+Thompson CG3 (Priority) (seed=0, single run)=996ms)

  Profile-view latency (per-author outbox query, top 3 write relays):
    Authors simulated: 221 | Hit rate: 58.4%
    TTFE: 1.1s median, 1.5s mean, 2.4s p95
    Relays/profile: 2.9 queried, 0.7 with events, 0.02 timeouts

  Feed vs profile-view TTFE comparison:
  Algorithm                        |  Feed TTFE |  Profile TTFE |    Delta
  ---------------------------------+------------+---------------+---------
  NDK+Thompson (Priority) (seed=0, single run) |      944ms |          1.1s |   +145ms
  NDK+Thompson CG (Priority) (seed=0, single run) |      718ms |          1.1s |   +371ms
  NDK+Thompson CG3 (Priority) (seed=0, single run) |      756ms |          1.1s |   +333ms

  Including partial-baseline authors (221 testable authors, 60,107 baseline events):

  Algorithm                        |   Evt Recall |   Auth Recall
  ---------------------------------+--------------+--------------
  NDK+Thompson (Priority) (seed=0, single run) |        15.8% |         17.6%
  NDK+Thompson CG (Priority) (seed=0, single run) |        19.4% |         24.0%
  NDK+Thompson CG3 (Priority) (seed=0, single run) |        18.9% |         18.1%

=== NIP-66 RTT vs Measured Latency (227 relays, data age: 61min) ===
                             N   Spearman r      MAE    Bias    Top5   Top10   Top20
------------------------  ----  -----------  -------  ------  ------  ------  ------
rttOpen vs connect         227         0.24     1.1s    0.6x    0.0%    0.0%   20.0%
rttRead vs query           191         0.20     1.0s    6.8x    0.0%    0.0%    0.0%
(Bias = measured/nip66, >1 = NIP-66 underestimates. TopK = overlap of K fastest relays.)
Monitor: 9bbbb845e5b6..., 9ba046db56b8..., http-api..., 9ba1d7892cd0..., 9bac3d58ef5a..., 0b01aa38c2cc..., 58faef87b342..., 9ba6484003e8..., 45df0580711f...
[relay-scores] Updated scores for ndk-thompson: 28 relays, session 3
[relay-scores] Degrading relays (6): wss://nos.lol, wss://premium.primal.net, wss://relay.damus.io, wss://relay.ditto.pub, wss://nostr.oxtr.dev (+1 more)
[relay-scores] Saved to .cache/relay_scores_32e1827635450ebb_31536000_liveness_ndk-thompson.json

Thompson Sampling [ndk-thompson] learning state:
  Session: 3
  Relays with observations: 28
  Mean prior α: 18.3, β: 48.4
  Relays with strong preference (α>5): 12
  Relays learned to avoid (β>5): 20
[relay-scores-se] Relay wss://relay.day.ag: 0 contested obs (fallback dampening applied)
[relay-scores-se] Relay wss://nostr.lopp.social: 0 contested obs (fallback dampening applied)
[relay-scores-se] Updated scores for ndk-thompson-cg: 23 relays, session 3
[relay-scores-se] Skipped 7 sole-source observations across 5 relays
[relay-scores-se] Force-included relays and scores: wss://relay.ditto.pub(E=0.548), wss://relay.nos.social(E=0.738), wss://theforest.nostr1.com(E=0.724), wss://relay.day.ag(E=0.794), wss://nostr.lopp.social(E=0.794)
[relay-scores-se] Degrading relays (8): wss://relay.ditto.pub, wss://relay.primal.net, wss://premium.primal.net, wss://nos.lol, wss://relay.damus.io (+3 more)
[relay-scores] Saved to .cache/relay_scores_32e1827635450ebb_31536000_liveness_ndk-thompson-cg.json

Thompson Sampling [ndk-thompson-cg] learning state:
  Session: 3
  Relays with observations: 23
  Mean prior α: 22.6, β: 56.6
  Relays with strong preference (α>5): 11
  Relays learned to avoid (β>5): 15
[relay-scores-pw] Updated scores for ndk-thompson-cg3: 30 relays, session 3
[relay-scores-pw] Partial-weighted 4 sole-source observations across 2 relays (0.3x)
[relay-scores-pw] Sole-source relays and scores: wss://relay.ditto.pub(E=0.663), wss://theforest.nostr1.com(E=0.674)
[relay-scores-pw] Degrading relays (6): wss://nos.lol, wss://premium.primal.net, wss://relay.damus.io, wss://relay.ditto.pub, wss://nostr.oxtr.dev (+1 more)
[relay-scores] Saved to .cache/relay_scores_32e1827635450ebb_31536000_liveness_ndk-thompson-cg3.json

Thompson Sampling [ndk-thompson-cg3] learning state:
  Session: 3
  Relays with observations: 30
  Mean prior α: 16.6, β: 45.1
  Relays with strong preference (α>5): 12
  Relays learned to avoid (β>5): 20

JSON results written to: results/32e1827635450ebb_1773161316164.json
