[0m[32mTask[0m [0m[36mbench[0m deno run --allow-net --allow-read --allow-write main.ts "04c915daefee38317fa734444acee390a8269fe5810b2241e5e6dd343dfbecc9" "--algorithms" "ndk-thompson,ndk-thompson-cg,ndk-thompson-cg3" "--verify-window" "31536000" "--verify" "--verify-concurrency" "10" "--nip66-filter" "liveness" "--no-phase2-cache" "--fast" "--output" "both"
Target: 04c915daefee3831...
Seed: 0 | Filter: strict | Runs: 3
Using cached data (fetched 2026-03-10T16:10:36.710Z)

=== Fetch Quality ===
Indexers: wss://purplepag.es (1790 events, 1336ms), wss://relay.damus.io (914 events, 748ms), wss://nos.lol (1405 events, 1218ms)
Follows: 1789 | With relay list: 1376 (76.9%) | Missing: 413 (23.1%) | Filtered-to-empty: 33
Filter profile: strict | Filtered URLs: 645 (21 localhost, 92 insecure ws, 23 IP-only, 502 known-bad, 7 malformed)
Unique valid write relays: 1206 | Seed: 0
[nip66] Using cached monitor data (1139 relays)

=== NIP-66 Liveness Filter (liveness) ===
Monitor data: 1139 relays
Candidate relays: 1206
  Known alive: 440
  Unknown (removed): 766
  .onion preserved: 38
  Parse-failed preserved: 0
  Authors filtered to empty: 9
Relays after filter: 440
[relay-scores] Loaded 33 relay priors (session 3, from 2026-03-10T16:52:32.004Z)

Thompson Sampling [ndk-thompson]: loaded 33 relay priors (session 3)
[relay-scores] Loaded 21 relay priors (session 3, from 2026-03-10T16:52:32.031Z)

Thompson Sampling [ndk-thompson-cg]: loaded 21 relay priors (session 3)
[relay-scores] Loaded 33 relay priors (session 3, from 2026-03-10T16:52:32.039Z)

Thompson Sampling [ndk-thompson-cg3]: loaded 33 relay priors (session 3)
Coverage guarantee: 18 sole-source relays forced (20 maxConnections budget)
Coverage guarantee: 18 sole-source relays forced (20 maxConnections budget)
Coverage guarantee: 18 sole-source relays forced (20 maxConnections budget)
Coverage guarantee: SKIPPED (18 sole-source >= 10 cap)
Coverage guarantee: SKIPPED (18 sole-source >= 10 cap)
Coverage guarantee: SKIPPED (18 sole-source >= 10 cap)

=== Regime A: Fixed 20 Connections ===
  Algorithm                      |  Relays |   Assign% |  Orphans |  Alg.Orph |  Avg/pk |   Gini |    HHI
  -------------------------------+---------+-----------+----------+-----------+---------+--------+-------
  NDK+Thompson (Priority)        |      20 |     74.8% (0.0sd) | 451.3333333333333 | 38.333333333333336 |     1.9 |   0.76 |  0.205
  NDK+Thompson (Priority)+CG     |      20 |     75.2% (0.0sd) |      443 |        30 |     1.9 |   0.79 |  0.237
  NDK+Thompson (Priority)-skip   |      20 |     74.8% (0.0sd) | 451.3333333333333 | 38.333333333333336 |     1.9 |   0.76 |  0.205
Coverage guarantee: 18 sole-source relays forced (20 maxConnections budget)
Coverage guarantee: SKIPPED (18 sole-source >= 10 cap)

=== Phase 2: Event Verification ===
Window: 31536000s | Kinds: 1 | Concurrency: 10
[baseline] Querying 440 relays for 1367 authors (window: 31536000s)
[pool] CLOSED from wss://relay.getalby.com/v1: blocked: Request rejected
[pool] CLOSED from wss://sendit.nosflare.com: restricted: this relay does not accept REQs
[pool] CLOSED from wss://auth.nostr1.com: auth-required: you must auth
[baseline] Progress: 50/440 relays queried
[pool] CLOSED from wss://greensoul.space: auth-required: only authenticated users can read from this relay
[pool] CLOSED from wss://impromptu.relays.land: auth-required: all requests must be authenticated
[pool] CLOSED from wss://groups.satsdisco.com: blocked: invalid query, must have 'h', 'e' or 'a' tag
[baseline] Progress: 100/440 relays queried
[pool] CLOSED from wss://groups.0xchat.com: blocked: invalid query, must have 'h', 'e' or 'a' tag
[pool] CLOSED from wss://bitstack.app: auth-required: authentication required to subscribe
[baseline] Progress: 150/440 relays queried
[pool] CLOSED from wss://aggr.nostr.land: auth-required: auth required for aggregator
[pool] CLOSED from wss://creatr.nostr.wine: auth-required: please authenticate before sending REQs
[pool] CLOSED from wss://relay.nsec.app: blocked: we only keep kind 24133 or 24135
[pool] CLOSED from wss://relay.shawnyeager.com/chat: auth-required: all requests must be authenticated
[pool] CLOSED from wss://inbox.nostr.wine: blocked: this relay does not store any of the kinds in this request
[baseline] Progress: 200/440 relays queried
[pool] CLOSED from wss://hole.v0l.io: error: queries not allowed
[baseline] Progress: 250/440 relays queried
[pool] CLOSED from wss://relay.nosflare.com: auth-required: authentication required to subscribe
[pool] CLOSED from wss://nostr.rikmeijer.nl: max number of subscriptions per client (100) reached
[pool] CLOSED from wss://david.nostr1.com: auth-required: you must auth
[baseline] Progress: 300/440 relays queried
[pool] CLOSED from wss://podtards.com/chat: auth-required: all requests must be authenticated
[pool] CLOSED from wss://podtards.com/private: auth-required: all requests must be authenticated
[pool] CLOSED from wss://elites.nostrati.org: auth-required: you must auth
[baseline] Progress: 350/440 relays queried
[pool] CLOSED from wss://pantry.zap.cooking: auth-required: please authenticate
[pool] CLOSED from wss://nostr.dbtc.link: auth-required: NIP-42 auth required
[pool] CLOSED from wss://nortis.nostr1.com: auth-required: you must auth
[pool] CLOSED from wss://reedvpn.asuscomm.com: auth-required: authentication is required for access
[baseline] Progress: 400/440 relays queried
[baseline] Progress: 440/440 relays queried
[phase2] Subscription timeouts (no EOSE): 36
[phase2] CLOSED messages received: 24
  wss://relay.getalby.com/v1: blocked: Request rejected
  wss://sendit.nosflare.com: restricted: this relay does not accept REQs
  wss://auth.nostr1.com: auth-required: you must auth
  wss://greensoul.space: auth-required: only authenticated users can read from this relay
  wss://impromptu.relays.land: auth-required: all requests must be authenticated
  wss://groups.satsdisco.com: blocked: invalid query, must have 'h', 'e' or 'a' tag
  wss://groups.0xchat.com: blocked: invalid query, must have 'h', 'e' or 'a' tag
  wss://bitstack.app: auth-required: authentication required to subscribe
  wss://aggr.nostr.land: auth-required: auth required for aggregator
  wss://creatr.nostr.wine: auth-required: please authenticate before sending REQs

=== Phase 2: Event Verification (365d window) ===
Baseline: 440 relays queried (74.1% success), 2.5min
  Timing: connect 724ms median (1.6s p95) | query 1.3s median (15.9s p95) | 36 timeouts (35 relays)
  Authors: 1,367 with relay data
    Testable (reliable): 864 | Testable (partial): 0 | Zero events: 498 | Unreliable: 5
  Baseline events: 135,298 (mean 156.6/author, median 23)
  Events per (relay,pubkey) capped at: 10000

  Headline metrics (864 testable-reliable authors, 135,298 baseline events):

  Algorithm                        |   Evt Recall |   Auth Recall |  Relay OK% |     TTFE |      p50 |      p80 | Timeouts
  ---------------------------------+--------------+---------------+------------+----------+----------+----------+---------
  NDK+Thompson (Priority) (seed=0, single run) |        26.1% |         81.8% |      95.0% |    853ms |     5.1s |    15.7s |        0
  NDK+Thompson CG (Priority) (seed=0, single run) |        18.4% |         82.1% |      95.0% |    990ms |     4.6s |    15.7s |        0
  NDK+Thompson CG3 (Priority) (seed=0, single run) |        26.3% |         81.8% |      95.0% |    853ms |     5.1s |    15.7s |        0

  Per-author recall distribution:
  Algorithm                        |   Median |  % at 0% |      p25 |      p75
  ---------------------------------+----------+----------+----------+---------
  NDK+Thompson (Priority) (seed=0, single run) |    55.2% |    18.2% |     2.9% |   100.0%
  NDK+Thompson CG (Priority) (seed=0, single run) |    50.0% |    17.9% |     3.1% |   100.0%
  NDK+Thompson CG3 (Priority) (seed=0, single run) |    57.1% |    18.2% |     2.9% |   100.0%

  Latency simulation (parallel relay query):
  Algorithm                        |     TTFE |      p50 |      p80 |      Max |   TO |   TO Tax |   Relays |   Events
  ---------------------------------+----------+----------+----------+----------+------+----------+----------+---------
  NDK+Thompson (Priority) (seed=0, single run) |    853ms |     5.1s |    15.7s |    26.0s |    0 |      0ms | 16/19/20 |   71,637
  NDK+Thompson CG (Priority) (seed=0, single run) |    990ms |     4.6s |    15.7s |    26.0s |    0 |      0ms | 19/20/20 |   58,731
  NDK+Thompson CG3 (Priority) (seed=0, single run) |    853ms |     5.1s |    15.7s |    26.0s |    0 |      0ms | 16/19/20 |   71,637
  (Relays: with-events/connected/total | TO Tax: ceil(timeouts/concurrency) × EOSE timeout)

  Progressive completeness (% of recall achieved by time):
  Algorithm                        |      @1s |      @2s |      @5s |     @10s |     @15s
  ---------------------------------+----------+----------+----------+----------+---------
  NDK+Thompson (Priority) (seed=0, single run) |     0.0% |     2.0% |     4.2% |    38.8% |    41.4%
  NDK+Thompson CG (Priority) (seed=0, single run) |     0.0% |     0.2% |     7.6% |    11.0% |    20.0%
  NDK+Thompson CG3 (Priority) (seed=0, single run) |     0.0% |     2.0% |     4.5% |    38.4% |    41.0%

  EOSE-race simulation (stop after first EOSE + grace period):
  Algorithm                        |     +0ms |   +200ms |   +500ms |      +1s |      +2s
  ---------------------------------+----------+----------+----------+----------+---------
  NDK+Thompson (Priority) (seed=0, single run) |     0.7% |     2.0% |     2.0% |     2.0% |     2.8%
  NDK+Thompson CG (Priority) (seed=0, single run) |     0.2% |     0.2% |     0.2% |     2.2% |     4.9%
  NDK+Thompson CG3 (Priority) (seed=0, single run) |     0.7% |     2.0% |     2.0% |     2.0% |     3.1%
  (First EOSE: NDK+Thompson (Priority) (seed=0, single run)=1.2s, NDK+Thompson CG (Priority) (seed=0, single run)=1.1s, NDK+Thompson CG3 (Priority) (seed=0, single run)=1.2s)

  Profile-view latency (per-author outbox query, top 3 write relays):
    Authors simulated: 864 | Hit rate: 99.7%
    TTFE: 990ms median, 1.2s mean, 1.9s p95
    Relays/profile: 2.9 queried, 2.6 with events, 0.06 timeouts

  Feed vs profile-view TTFE comparison:
  Algorithm                        |  Feed TTFE |  Profile TTFE |    Delta
  ---------------------------------+------------+---------------+---------
  NDK+Thompson (Priority) (seed=0, single run) |      853ms |         990ms |   +137ms
  NDK+Thompson CG (Priority) (seed=0, single run) |      990ms |         990ms |     +0ms
  NDK+Thompson CG3 (Priority) (seed=0, single run) |      853ms |         990ms |   +137ms

=== NIP-66 RTT vs Measured Latency (377 relays, data age: 34min) ===
                             N   Spearman r      MAE    Bias    Top5   Top10   Top20
------------------------  ----  -----------  -------  ------  ------  ------  ------
rttOpen vs connect         377         0.37    427ms    1.1x    0.0%   10.0%   20.0%
rttRead vs query           324         0.26     2.0s    9.9x    0.0%    0.0%    5.0%
(Bias = measured/nip66, >1 = NIP-66 underestimates. TopK = overlap of K fastest relays.)
Monitor: 9ba6484003e8..., 0b01aa38c2cc..., 9ba0ce3dcc28..., http-api..., 9b85d54cc4bc..., 9bbbb845e5b6..., 58faef87b342..., 9ba1d7892cd0..., b2c949c0fb79..., 9bac3d58ef5a...
[relay-scores] Updated scores for ndk-thompson: 34 relays, session 4
[relay-scores] Saved to .cache/relay_scores_04c915daefee3831_31536000_liveness_ndk-thompson.json

Thompson Sampling [ndk-thompson] learning state:
  Session: 4
  Relays with observations: 34
  Mean prior α: 72.2, β: 104.0
  Relays with strong preference (α>5): 14
  Relays learned to avoid (β>5): 19
[relay-scores-se] Relay wss://relay.ditto.pub: 2 contested obs (fallback dampening applied)
[relay-scores-se] Relay wss://nostr.chaima.info: 2 contested obs (fallback dampening applied)
[relay-scores-se] Relay wss://relay.nostr.com.au: 1 contested obs (fallback dampening applied)
[relay-scores-se] Relay wss://relay.day.ag: 0 contested obs (fallback dampening applied)
[relay-scores-se] Relay wss://nostr.lopp.social: 1 contested obs (fallback dampening applied)
[relay-scores-se] Updated scores for ndk-thompson-cg: 21 relays, session 4
[relay-scores-se] Skipped 31 sole-source observations across 14 relays
[relay-scores-se] Force-included relays and scores: wss://relay.primal.net(E=0.333), wss://relay.ditto.pub(E=0.564), wss://relay.damus.io(E=0.385), wss://nostr.wine(E=0.393), wss://nos.lol(E=0.418), wss://premium.primal.net(E=0.413), wss://nostr.bitcoiner.social(E=0.481), wss://nostr.land(E=0.266), wss://nostr.chaima.info(E=0.924), wss://relay.nostr.com.au(E=0.517) (+4 more)
[relay-scores-se] Degrading relays (2): wss://xmr.usenostr.org, wss://relay.fountain.fm
[relay-scores] Saved to .cache/relay_scores_04c915daefee3831_31536000_liveness_ndk-thompson-cg.json

Thompson Sampling [ndk-thompson-cg] learning state:
  Session: 4
  Relays with observations: 21
  Mean prior α: 110.7, β: 168.6
  Relays with strong preference (α>5): 15
  Relays learned to avoid (β>5): 17
[relay-scores-pw] Updated scores for ndk-thompson-cg3: 34 relays, session 4
[relay-scores-pw] Partial-weighted 25 sole-source observations across 8 relays (0.3x)
[relay-scores-pw] Sole-source relays and scores: wss://nostr.bitcoiner.social(E=0.493), wss://nos.lol(E=0.424), wss://relay.damus.io(E=0.387), wss://nostr.wine(E=0.408), wss://relay.ditto.pub(E=0.565), wss://relay.primal.net(E=0.355), wss://premium.primal.net(E=0.463), wss://nostr.land(E=0.295)
[relay-scores] Saved to .cache/relay_scores_04c915daefee3831_31536000_liveness_ndk-thompson-cg3.json

Thompson Sampling [ndk-thompson-cg3] learning state:
  Session: 4
  Relays with observations: 34
  Mean prior α: 70.3, β: 104.0
  Relays with strong preference (α>5): 14
  Relays learned to avoid (β>5): 19

JSON results written to: results/04c915daefee3831_1773162629096.json
