[0m[32mTask[0m [0m[36mbench[0m deno run --allow-net --allow-read --allow-write main.ts "04c915daefee38317fa734444acee390a8269fe5810b2241e5e6dd343dfbecc9" "--algorithms" "ndk-thompson,ndk-thompson-cg,ndk-thompson-cg3" "--verify-window" "31536000" "--verify" "--verify-concurrency" "10" "--nip66-filter" "liveness" "--no-phase2-cache" "--fast" "--output" "both"
Target: 04c915daefee3831...
Seed: 0 | Filter: strict | Runs: 3
[fetch] Connecting to 3 indexer relays...
[fetch] wss://purplepag.es: connected (1336ms)
[fetch] wss://relay.damus.io: connected (748ms)
[fetch] wss://nos.lol: connected (1218ms)
[fetch] Fetching kind 3 (contact list) for 04c915da...
[fetch] 1789 follows to fetch relay lists for
[fetch] Fetched relay lists: 200/1789
[fetch] Fetched relay lists: 400/1789
[fetch] Fetched relay lists: 600/1789
[fetch] Fetched relay lists: 800/1789
[fetch] Fetched relay lists: 1000/1789
[fetch] Fetched relay lists: 1200/1789
[fetch] Fetched relay lists: 1400/1789
[fetch] Fetched relay lists: 1600/1789
[fetch] Received 1409 relay list events

=== Fetch Quality ===
Indexers: wss://purplepag.es (1790 events, 1336ms), wss://relay.damus.io (914 events, 748ms), wss://nos.lol (1405 events, 1218ms)
Follows: 1789 | With relay list: 1376 (76.9%) | Missing: 413 (23.1%) | Filtered-to-empty: 33
Filter profile: strict | Filtered URLs: 645 (21 localhost, 92 insecure ws, 23 IP-only, 502 known-bad, 7 malformed)
Unique valid write relays: 1206 | Seed: 0
[nip66] Using cached monitor data (1158 relays)

=== NIP-66 Liveness Filter (liveness) ===
Monitor data: 1158 relays
Candidate relays: 1206
  Known alive: 440
  Unknown (removed): 766
  .onion preserved: 38
  Parse-failed preserved: 0
  Authors filtered to empty: 9
Relays after filter: 440
Coverage guarantee: 18 sole-source relays forced (20 maxConnections budget)
Coverage guarantee: 18 sole-source relays forced (20 maxConnections budget)
Coverage guarantee: 18 sole-source relays forced (20 maxConnections budget)
Coverage guarantee: SKIPPED (18 sole-source >= 10 cap)
Coverage guarantee: SKIPPED (18 sole-source >= 10 cap)
Coverage guarantee: SKIPPED (18 sole-source >= 10 cap)

=== Regime A: Fixed 20 Connections ===
  Algorithm                      |  Relays |   Assign% |  Orphans |  Alg.Orph |  Avg/pk |   Gini |    HHI
  -------------------------------+---------+-----------+----------+-----------+---------+--------+-------
  NDK+Thompson (Priority)        |      20 |     74.8% (0.0sd) |      450 |        37 |     1.9 |   0.70 |  0.162
  NDK+Thompson (Priority)+CG     |      20 |     75.2% (0.0sd) |      443 |        30 |     1.9 |   0.72 |  0.176
  NDK+Thompson (Priority)-skip   |      20 |     74.8% (0.0sd) |      450 |        37 |     1.9 |   0.70 |  0.162
Coverage guarantee: 18 sole-source relays forced (20 maxConnections budget)
Coverage guarantee: SKIPPED (18 sole-source >= 10 cap)

=== Phase 2: Event Verification ===
Window: 31536000s | Kinds: 1 | Concurrency: 10
[baseline] Querying 440 relays for 1367 authors (window: 31536000s)
[pool] CLOSED from wss://relay.getalby.com/v1: blocked: Request rejected
[pool] CLOSED from wss://sendit.nosflare.com: restricted: this relay does not accept REQs
[pool] CLOSED from wss://auth.nostr1.com: auth-required: you must auth
[baseline] Progress: 50/440 relays queried
[pool] CLOSED from wss://greensoul.space: auth-required: only authenticated users can read from this relay
[pool] CLOSED from wss://impromptu.relays.land: auth-required: all requests must be authenticated
[pool] CLOSED from wss://groups.satsdisco.com: blocked: invalid query, must have 'h', 'e' or 'a' tag
[pool] CLOSED from wss://groups.0xchat.com: blocked: invalid query, must have 'h', 'e' or 'a' tag
[baseline] Progress: 100/440 relays queried
[pool] CLOSED from wss://bitstack.app: auth-required: authentication required to subscribe
[baseline] Progress: 150/440 relays queried
[pool] CLOSED from wss://aggr.nostr.land: auth-required: auth required for aggregator
[pool] CLOSED from wss://creatr.nostr.wine: auth-required: please authenticate before sending REQs
[pool] CLOSED from wss://relay.nsec.app: blocked: we only keep kind 24133 or 24135
[pool] CLOSED from wss://relay.shawnyeager.com/chat: auth-required: all requests must be authenticated
[pool] CLOSED from wss://inbox.nostr.wine: blocked: this relay does not store any of the kinds in this request
[baseline] Progress: 200/440 relays queried
[pool] CLOSED from wss://hole.v0l.io: error: queries not allowed
[baseline] Progress: 250/440 relays queried
[pool] CLOSED from wss://relay.nosflare.com: auth-required: authentication required to subscribe
[pool] CLOSED from wss://nostr.rikmeijer.nl: max number of subscriptions per client (100) reached
[pool] CLOSED from wss://david.nostr1.com: auth-required: you must auth
[baseline] Progress: 300/440 relays queried
[pool] CLOSED from wss://podtards.com/chat: auth-required: all requests must be authenticated
[pool] CLOSED from wss://podtards.com/private: auth-required: all requests must be authenticated
[pool] CLOSED from wss://elites.nostrati.org: auth-required: you must auth
[baseline] Progress: 350/440 relays queried
[pool] CLOSED from wss://pantry.zap.cooking: auth-required: please authenticate
[pool] CLOSED from wss://nostr.dbtc.link: auth-required: NIP-42 auth required
[pool] CLOSED from wss://nortis.nostr1.com: auth-required: you must auth
[baseline] Progress: 400/440 relays queried
[baseline] Progress: 440/440 relays queried
[phase2] Subscription timeouts (no EOSE): 41
[phase2] CLOSED messages received: 23
  wss://relay.getalby.com/v1: blocked: Request rejected
  wss://sendit.nosflare.com: restricted: this relay does not accept REQs
  wss://auth.nostr1.com: auth-required: you must auth
  wss://greensoul.space: auth-required: only authenticated users can read from this relay
  wss://impromptu.relays.land: auth-required: all requests must be authenticated
  wss://groups.satsdisco.com: blocked: invalid query, must have 'h', 'e' or 'a' tag
  wss://groups.0xchat.com: blocked: invalid query, must have 'h', 'e' or 'a' tag
  wss://bitstack.app: auth-required: authentication required to subscribe
  wss://aggr.nostr.land: auth-required: auth required for aggregator
  wss://creatr.nostr.wine: auth-required: please authenticate before sending REQs

=== Phase 2: Event Verification (365d window) ===
Baseline: 440 relays queried (70.7% success), 2.5min
  Timing: connect 788ms median (1.7s p95) | query 1.6s median (15.9s p95) | 41 timeouts (40 relays)
  Authors: 1,367 with relay data
    Testable (reliable): 859 | Testable (partial): 0 | Zero events: 502 | Unreliable: 6
  Baseline events: 128,232 (mean 149.3/author, median 22)
  Events per (relay,pubkey) capped at: 10000

  Headline metrics (859 testable-reliable authors, 128,232 baseline events):

  Algorithm                        |   Evt Recall |   Auth Recall |  Relay OK% |     TTFE |      p50 |      p80 | Timeouts
  ---------------------------------+--------------+---------------+------------+----------+----------+----------+---------
  NDK+Thompson (Priority) (seed=0, single run) |        27.2% |         80.8% |      95.0% |    591ms |     6.6s |    16.4s |        1
  NDK+Thompson CG (Priority) (seed=0, single run) |        21.1% |         80.9% |      90.0% |    591ms |     3.5s |     9.4s |        0
  NDK+Thompson CG3 (Priority) (seed=0, single run) |        27.2% |         80.8% |      95.0% |    591ms |     6.6s |    16.4s |        1

  Per-author recall distribution:
  Algorithm                        |   Median |  % at 0% |      p25 |      p75
  ---------------------------------+----------+----------+----------+---------
  NDK+Thompson (Priority) (seed=0, single run) |    50.0% |    19.2% |     2.5% |   100.0%
  NDK+Thompson CG (Priority) (seed=0, single run) |    50.0% |    19.1% |     2.6% |   100.0%
  NDK+Thompson CG3 (Priority) (seed=0, single run) |    50.0% |    19.2% |     2.5% |   100.0%

  Latency simulation (parallel relay query):
  Algorithm                        |     TTFE |      p50 |      p80 |      Max |   TO |   TO Tax |   Relays |   Events
  ---------------------------------+----------+----------+----------+----------+------+----------+----------+---------
  NDK+Thompson (Priority) (seed=0, single run) |    591ms |     6.6s |    16.4s |    31.1s |    1 |    15.0s | 17/20/20 |   79,336
  NDK+Thompson CG (Priority) (seed=0, single run) |    591ms |     3.5s |     9.4s |    18.3s |    0 |      0ms | 18/19/20 |   56,727
  NDK+Thompson CG3 (Priority) (seed=0, single run) |    591ms |     6.6s |    16.4s |    31.1s |    1 |    15.0s | 17/20/20 |   79,336
  (Relays: with-events/connected/total | TO Tax: ceil(timeouts/concurrency) × EOSE timeout)

  Progressive completeness (% of recall achieved by time):
  Algorithm                        |      @1s |      @2s |      @5s |     @10s |     @15s
  ---------------------------------+----------+----------+----------+----------+---------
  NDK+Thompson (Priority) (seed=0, single run) |     0.0% |     0.4% |     2.7% |    59.3% |    75.7%
  NDK+Thompson CG (Priority) (seed=0, single run) |     0.0% |     0.1% |    11.0% |    43.1% |    67.0%
  NDK+Thompson CG3 (Priority) (seed=0, single run) |     0.0% |     0.4% |     2.7% |    59.3% |    75.7%

  EOSE-race simulation (stop after first EOSE + grace period):
  Algorithm                        |     +0ms |   +200ms |   +500ms |      +1s |      +2s
  ---------------------------------+----------+----------+----------+----------+---------
  NDK+Thompson (Priority) (seed=0, single run) |     0.4% |     0.4% |     0.4% |     0.4% |     2.5%
  NDK+Thompson CG (Priority) (seed=0, single run) |     0.1% |     0.1% |     0.1% |     0.1% |     5.9%
  NDK+Thompson CG3 (Priority) (seed=0, single run) |     0.4% |     0.4% |     0.4% |     0.4% |     2.5%
  (First EOSE: NDK+Thompson (Priority) (seed=0, single run)=1.1s, NDK+Thompson CG (Priority) (seed=0, single run)=1.1s, NDK+Thompson CG3 (Priority) (seed=0, single run)=1.1s)

  Profile-view latency (per-author outbox query, top 3 write relays):
    Authors simulated: 859 | Hit rate: 99.7%
    TTFE: 993ms median, 1.1s mean, 2.0s p95
    Relays/profile: 2.9 queried, 2.6 with events, 0.07 timeouts

  Feed vs profile-view TTFE comparison:
  Algorithm                        |  Feed TTFE |  Profile TTFE |    Delta
  ---------------------------------+------------+---------------+---------
  NDK+Thompson (Priority) (seed=0, single run) |      591ms |         993ms |   +402ms
  NDK+Thompson CG (Priority) (seed=0, single run) |      591ms |         993ms |   +402ms
  NDK+Thompson CG3 (Priority) (seed=0, single run) |      591ms |         993ms |   +402ms

=== NIP-66 RTT vs Measured Latency (369 relays, data age: 25min) ===
                             N   Spearman r      MAE    Bias    Top5   Top10   Top20
------------------------  ----  -----------  -------  ------  ------  ------  ------
rttOpen vs connect         369         0.20    982ms    0.7x    0.0%    0.0%   10.0%
rttRead vs query           304         0.05     2.1s    8.1x    0.0%    0.0%    5.0%
(Bias = measured/nip66, >1 = NIP-66 underestimates. TopK = overlap of K fastest relays.)
Monitor: 9ba046db56b8..., 9ba1d7892cd0..., 0b01aa38c2cc..., 9bbbb845e5b6..., http-api..., 9bac3d58ef5a..., 9ba6484003e8..., 9b85d54cc4bc..., 58faef87b342..., b2c949c0fb79..., 45df0580711f...
[relay-scores] Updated scores for ndk-thompson: 20 relays, session 1
[relay-scores] Saved to .cache/relay_scores_04c915daefee3831_31536000_liveness_ndk-thompson.json

Thompson Sampling [ndk-thompson] learning state:
  Session: 1
  Relays with observations: 20
  Mean prior α: 30.9, β: 50.9
  Relays with strong preference (α>5): 12
  Relays learned to avoid (β>5): 15
[relay-scores-se] Relay wss://relay.day.ag: 0 contested obs (fallback dampening applied)
[relay-scores-se] Relay wss://nostr.lopp.social: 2 contested obs (fallback dampening applied)
[relay-scores-se] Updated scores for ndk-thompson-cg: 20 relays, session 1
[relay-scores-se] Skipped 31 sole-source observations across 14 relays
[relay-scores-se] Force-included relays and scores: wss://relay.primal.net(E=0.341), wss://relay.ditto.pub(E=0.231), wss://relay.damus.io(E=0.377), wss://nostr.wine(E=0.359), wss://nos.lol(E=0.433), wss://premium.primal.net(E=0.385), wss://nostr.bitcoiner.social(E=0.530), wss://nostr.land(E=0.192), wss://nostr.chaima.info(E=0.800), wss://relay.nostr.com.au(E=0.330) (+4 more)
[relay-scores] Saved to .cache/relay_scores_04c915daefee3831_31536000_liveness_ndk-thompson-cg.json

Thompson Sampling [ndk-thompson-cg] learning state:
  Session: 1
  Relays with observations: 20
  Mean prior α: 29.5, β: 50.4
  Relays with strong preference (α>5): 8
  Relays learned to avoid (β>5): 11
[relay-scores-pw] Updated scores for ndk-thompson-cg3: 20 relays, session 1
[relay-scores-pw] Partial-weighted 25 sole-source observations across 8 relays (0.3x)
[relay-scores-pw] Sole-source relays and scores: wss://nos.lol(E=0.447), wss://relay.damus.io(E=0.361), wss://relay.ditto.pub(E=0.491), wss://nostr.land(E=0.197), wss://relay.primal.net(E=0.354), wss://premium.primal.net(E=0.507), wss://nostr.bitcoiner.social(E=0.546), wss://nostr.wine(E=0.404)
[relay-scores] Saved to .cache/relay_scores_04c915daefee3831_31536000_liveness_ndk-thompson-cg3.json

Thompson Sampling [ndk-thompson-cg3] learning state:
  Session: 1
  Relays with observations: 20
  Mean prior α: 30.0, β: 50.9
  Relays with strong preference (α>5): 12
  Relays learned to avoid (β>5): 15

JSON results written to: results/04c915daefee3831_1773159187058.json
