[0m[32mTask[0m [0m[36mbench[0m deno run --allow-net --allow-read --allow-write main.ts "04c915daefee38317fa734444acee390a8269fe5810b2241e5e6dd343dfbecc9" "--algorithms" "ndk-thompson,ndk-thompson-cg,ndk-thompson-cg3" "--verify-window" "31536000" "--verify" "--verify-concurrency" "10" "--nip66-filter" "liveness" "--no-phase2-cache" "--fast" "--output" "both"
Target: 04c915daefee3831...
Seed: 0 | Filter: strict | Runs: 3
Using cached data (fetched 2026-03-10T16:10:36.710Z)

=== Fetch Quality ===
Indexers: wss://purplepag.es (1790 events, 1336ms), wss://relay.damus.io (914 events, 748ms), wss://nos.lol (1405 events, 1218ms)
Follows: 1789 | With relay list: 1376 (76.9%) | Missing: 413 (23.1%) | Filtered-to-empty: 33
Filter profile: strict | Filtered URLs: 645 (21 localhost, 92 insecure ws, 23 IP-only, 502 known-bad, 7 malformed)
Unique valid write relays: 1206 | Seed: 0
[nip66] Using cached monitor data (1158 relays)

=== NIP-66 Liveness Filter (liveness) ===
Monitor data: 1158 relays
Candidate relays: 1206
  Known alive: 440
  Unknown (removed): 766
  .onion preserved: 38
  Parse-failed preserved: 0
  Authors filtered to empty: 9
Relays after filter: 440
[relay-scores] Loaded 20 relay priors (session 1, from 2026-03-10T16:13:07.021Z)

Thompson Sampling [ndk-thompson]: loaded 20 relay priors (session 1)
[relay-scores] Loaded 20 relay priors (session 1, from 2026-03-10T16:13:07.045Z)

Thompson Sampling [ndk-thompson-cg]: loaded 20 relay priors (session 1)
[relay-scores] Loaded 20 relay priors (session 1, from 2026-03-10T16:13:07.050Z)

Thompson Sampling [ndk-thompson-cg3]: loaded 20 relay priors (session 1)
Coverage guarantee: 18 sole-source relays forced (20 maxConnections budget)
Coverage guarantee: 18 sole-source relays forced (20 maxConnections budget)
Coverage guarantee: 18 sole-source relays forced (20 maxConnections budget)
Coverage guarantee: SKIPPED (18 sole-source >= 10 cap)
Coverage guarantee: SKIPPED (18 sole-source >= 10 cap)
Coverage guarantee: SKIPPED (18 sole-source >= 10 cap)

=== Regime A: Fixed 20 Connections ===
  Algorithm                      |  Relays |   Assign% |  Orphans |  Alg.Orph |  Avg/pk |   Gini |    HHI
  -------------------------------+---------+-----------+----------+-----------+---------+--------+-------
  NDK+Thompson (Priority)        |      20 |     74.8% (0.0sd) | 450.6666666666667 | 37.666666666666664 |     1.9 |   0.70 |  0.164
  NDK+Thompson (Priority)+CG     |      20 |     75.2% (0.0sd) | 443.3333333333333 | 30.333333333333332 |     1.9 |   0.78 |  0.222
  NDK+Thompson (Priority)-skip   |      20 |     74.8% (0.0sd) | 450.6666666666667 | 37.666666666666664 |     1.9 |   0.71 |  0.166
Coverage guarantee: 18 sole-source relays forced (20 maxConnections budget)
Coverage guarantee: SKIPPED (18 sole-source >= 10 cap)

=== Phase 2: Event Verification ===
Window: 31536000s | Kinds: 1 | Concurrency: 10
[baseline] Querying 440 relays for 1367 authors (window: 31536000s)
[pool] CLOSED from wss://relay.getalby.com/v1: blocked: Request rejected
[pool] CLOSED from wss://sendit.nosflare.com: restricted: this relay does not accept REQs
[pool] CLOSED from wss://auth.nostr1.com: auth-required: you must auth
[baseline] Progress: 50/440 relays queried
[pool] CLOSED from wss://impromptu.relays.land: auth-required: all requests must be authenticated
[pool] CLOSED from wss://greensoul.space: auth-required: only authenticated users can read from this relay
[pool] CLOSED from wss://groups.satsdisco.com: blocked: invalid query, must have 'h', 'e' or 'a' tag
[pool] CLOSED from wss://groups.0xchat.com: blocked: invalid query, must have 'h', 'e' or 'a' tag
[baseline] Progress: 100/440 relays queried
[pool] CLOSED from wss://wot.azzamo.net: rate-limited: there is a bug in the client, no one should be making so many requests
[pool] CLOSED from wss://bitstack.app: auth-required: authentication required to subscribe
[baseline] Progress: 150/440 relays queried
[pool] CLOSED from wss://aggr.nostr.land: auth-required: auth required for aggregator
[pool] CLOSED from wss://relay.nsec.app: blocked: we only keep kind 24133 or 24135
[pool] CLOSED from wss://creatr.nostr.wine: auth-required: please authenticate before sending REQs
[pool] CLOSED from wss://relay.shawnyeager.com/chat: auth-required: all requests must be authenticated
[pool] CLOSED from wss://inbox.nostr.wine: blocked: this relay does not store any of the kinds in this request
[baseline] Progress: 200/440 relays queried
[pool] CLOSED from wss://hole.v0l.io: error: queries not allowed
[baseline] Progress: 250/440 relays queried
Error polling connection: error shutting down connection
[pool] CLOSED from wss://relay.nosflare.com: auth-required: authentication required to subscribe
[pool] CLOSED from wss://nostr.rikmeijer.nl: max number of subscriptions per client (100) reached
[pool] CLOSED from wss://david.nostr1.com: auth-required: you must auth
[baseline] Progress: 300/440 relays queried
[pool] CLOSED from wss://podtards.com/chat: auth-required: all requests must be authenticated
[pool] CLOSED from wss://podtards.com/private: auth-required: all requests must be authenticated
[pool] CLOSED from wss://elites.nostrati.org: auth-required: you must auth
[baseline] Progress: 350/440 relays queried
[pool] CLOSED from wss://pantry.zap.cooking: auth-required: please authenticate
[pool] CLOSED from wss://nostr.dbtc.link: auth-required: NIP-42 auth required
[pool] CLOSED from wss://nortis.nostr1.com: auth-required: you must auth
[pool] CLOSED from wss://reedvpn.asuscomm.com: auth-required: authentication is required for access
[baseline] Progress: 400/440 relays queried
[baseline] Progress: 440/440 relays queried
[phase2] Subscription timeouts (no EOSE): 39
[phase2] CLOSED messages received: 25
  wss://relay.getalby.com/v1: blocked: Request rejected
  wss://sendit.nosflare.com: restricted: this relay does not accept REQs
  wss://auth.nostr1.com: auth-required: you must auth
  wss://impromptu.relays.land: auth-required: all requests must be authenticated
  wss://greensoul.space: auth-required: only authenticated users can read from this relay
  wss://groups.satsdisco.com: blocked: invalid query, must have 'h', 'e' or 'a' tag
  wss://groups.0xchat.com: blocked: invalid query, must have 'h', 'e' or 'a' tag
  wss://wot.azzamo.net: rate-limited: there is a bug in the client, no one should be making so many requests
  wss://bitstack.app: auth-required: authentication required to subscribe
  wss://aggr.nostr.land: auth-required: auth required for aggregator

=== Phase 2: Event Verification (365d window) ===
Baseline: 440 relays queried (69.8% success), 2.7min
  Timing: connect 1000ms median (1.8s p95) | query 1.9s median (16.1s p95) | 39 timeouts (38 relays)
  Authors: 1,367 with relay data
    Testable (reliable): 861 | Testable (partial): 0 | Zero events: 500 | Unreliable: 6
  Baseline events: 132,870 (mean 154.3/author, median 22)
  Events per (relay,pubkey) capped at: 10000

  Headline metrics (861 testable-reliable authors, 132,870 baseline events):

  Algorithm                        |   Evt Recall |   Auth Recall |  Relay OK% |     TTFE |      p50 |      p80 | Timeouts
  ---------------------------------+--------------+---------------+------------+----------+----------+----------+---------
  NDK+Thompson (Priority) (seed=0, single run) |        19.4% |         82.9% |      90.0% |    741ms |     8.5s |    11.6s |        1
  NDK+Thompson CG (Priority) (seed=0, single run) |        17.6% |         81.9% |      90.0% |    741ms |     5.3s |    10.4s |        0
  NDK+Thompson CG3 (Priority) (seed=0, single run) |        19.3% |         82.6% |      90.0% |    741ms |     8.5s |    11.6s |        1

  Per-author recall distribution:
  Algorithm                        |   Median |  % at 0% |      p25 |      p75
  ---------------------------------+----------+----------+----------+---------
  NDK+Thompson (Priority) (seed=0, single run) |    60.0% |    17.1% |     4.2% |   100.0%
  NDK+Thompson CG (Priority) (seed=0, single run) |    48.6% |    18.1% |     3.1% |   100.0%
  NDK+Thompson CG3 (Priority) (seed=0, single run) |    60.0% |    17.4% |     4.0% |   100.0%

  Latency simulation (parallel relay query):
  Algorithm                        |     TTFE |      p50 |      p80 |      Max |   TO |   TO Tax |   Relays |   Events
  ---------------------------------+----------+----------+----------+----------+------+----------+----------+---------
  NDK+Thompson (Priority) (seed=0, single run) |    741ms |     8.5s |    11.6s |    17.2s |    1 |    15.0s | 15/19/20 |   62,787
  NDK+Thompson CG (Priority) (seed=0, single run) |    741ms |     5.3s |    10.4s |    17.2s |    0 |      0ms | 18/19/20 |   58,227
  NDK+Thompson CG3 (Priority) (seed=0, single run) |    741ms |     8.5s |    11.6s |    17.2s |    1 |    15.0s | 15/19/20 |   62,787
  (Relays: with-events/connected/total | TO Tax: ceil(timeouts/concurrency) × EOSE timeout)

  Progressive completeness (% of recall achieved by time):
  Algorithm                        |      @1s |      @2s |      @5s |     @10s |     @15s
  ---------------------------------+----------+----------+----------+----------+---------
  NDK+Thompson (Priority) (seed=0, single run) |     0.0% |     1.1% |     4.6% |    49.4% |    91.5%
  NDK+Thompson CG (Priority) (seed=0, single run) |     0.0% |     0.8% |     4.6% |    55.3% |    90.6%
  NDK+Thompson CG3 (Priority) (seed=0, single run) |     0.0% |     0.9% |     4.5% |    49.7% |    91.6%

  EOSE-race simulation (stop after first EOSE + grace period):
  Algorithm                        |     +0ms |   +200ms |   +500ms |      +1s |      +2s
  ---------------------------------+----------+----------+----------+----------+---------
  NDK+Thompson (Priority) (seed=0, single run) |     1.1% |     1.1% |     1.3% |     1.3% |     1.8%
  NDK+Thompson CG (Priority) (seed=0, single run) |     0.0% |     0.0% |     0.8% |     1.3% |     1.3%
  NDK+Thompson CG3 (Priority) (seed=0, single run) |     0.9% |     0.9% |     1.1% |     1.1% |     1.6%
  (First EOSE: NDK+Thompson (Priority) (seed=0, single run)=1.7s, NDK+Thompson CG (Priority) (seed=0, single run)=1.4s, NDK+Thompson CG3 (Priority) (seed=0, single run)=1.7s)

  Profile-view latency (per-author outbox query, top 3 write relays):
    Authors simulated: 861 | Hit rate: 99.7%
    TTFE: 1.2s median, 1.3s mean, 2.4s p95
    Relays/profile: 2.9 queried, 2.6 with events, 0.07 timeouts

  Feed vs profile-view TTFE comparison:
  Algorithm                        |  Feed TTFE |  Profile TTFE |    Delta
  ---------------------------------+------------+---------------+---------
  NDK+Thompson (Priority) (seed=0, single run) |      741ms |          1.2s |   +493ms
  NDK+Thompson CG (Priority) (seed=0, single run) |      741ms |          1.2s |   +493ms
  NDK+Thompson CG3 (Priority) (seed=0, single run) |      741ms |          1.2s |   +493ms

=== NIP-66 RTT vs Measured Latency (363 relays, data age: 45min) ===
                             N   Spearman r      MAE    Bias    Top5   Top10   Top20
------------------------  ----  -----------  -------  ------  ------  ------  ------
rttOpen vs connect         363         0.09     1.0s    0.8x    0.0%    0.0%    5.0%
rttRead vs query           299         0.06     2.5s   10.1x    0.0%    0.0%    5.0%
(Bias = measured/nip66, >1 = NIP-66 underestimates. TopK = overlap of K fastest relays.)
Monitor: 9ba046db56b8..., 9ba1d7892cd0..., 0b01aa38c2cc..., 9bbbb845e5b6..., http-api..., 9bac3d58ef5a..., 9ba6484003e8..., b2c949c0fb79..., 58faef87b342..., 45df0580711f...
[relay-scores] Updated scores for ndk-thompson: 28 relays, session 2
[relay-scores] Saved to .cache/relay_scores_04c915daefee3831_31536000_liveness_ndk-thompson.json

Thompson Sampling [ndk-thompson] learning state:
  Session: 2
  Relays with observations: 28
  Mean prior α: 45.6, β: 67.7
  Relays with strong preference (α>5): 14
  Relays learned to avoid (β>5): 17
[relay-scores-se] Relay wss://relay.ditto.pub: 2 contested obs (fallback dampening applied)
[relay-scores-se] Relay wss://nostr.chaima.info: 2 contested obs (fallback dampening applied)
[relay-scores-se] Relay wss://relay.day.ag: 0 contested obs (fallback dampening applied)
[relay-scores-se] Updated scores for ndk-thompson-cg: 21 relays, session 2
[relay-scores-se] Skipped 30 sole-source observations across 13 relays
[relay-scores-se] Force-included relays and scores: wss://relay.primal.net(E=0.337), wss://relay.ditto.pub(E=0.563), wss://relay.damus.io(E=0.380), wss://nostr.wine(E=0.386), wss://nos.lol(E=0.428), wss://premium.primal.net(E=0.409), wss://nostr.bitcoiner.social(E=0.486), wss://nostr.land(E=0.223), wss://nostr.chaima.info(E=0.873), wss://relay.nostr.com.au(E=0.330) (+3 more)
[relay-scores] Saved to .cache/relay_scores_04c915daefee3831_31536000_liveness_ndk-thompson-cg.json

Thompson Sampling [ndk-thompson-cg] learning state:
  Session: 2
  Relays with observations: 21
  Mean prior α: 57.1, β: 90.2
  Relays with strong preference (α>5): 12
  Relays learned to avoid (β>5): 16
[relay-scores-pw] Updated scores for ndk-thompson-cg3: 28 relays, session 2
[relay-scores-pw] Partial-weighted 25 sole-source observations across 8 relays (0.3x)
[relay-scores-pw] Sole-source relays and scores: wss://nostr.bitcoiner.social(E=0.514), wss://nos.lol(E=0.441), wss://relay.ditto.pub(E=0.543), wss://relay.damus.io(E=0.379), wss://relay.primal.net(E=0.363), wss://premium.primal.net(E=0.459), wss://nostr.land(E=0.235), wss://nostr.wine(E=0.421)
[relay-scores] Saved to .cache/relay_scores_04c915daefee3831_31536000_liveness_ndk-thompson-cg3.json

Thompson Sampling [ndk-thompson-cg3] learning state:
  Session: 2
  Relays with observations: 28
  Mean prior α: 44.4, β: 67.7
  Relays with strong preference (α>5): 14
  Relays learned to avoid (β>5): 17

JSON results written to: results/04c915daefee3831_1773160369035.json
