[0m[32mTask[0m [0m[36mbench[0m deno run --allow-net --allow-read --allow-write main.ts "2c65940725bbf10b452197fba41c6cb14afd41e28e0be22aab49bf246b0c84e3" "--algorithms" "ndk-thompson,ndk-thompson-cg,ndk-thompson-cg3" "--verify-window" "31536000" "--verify" "--verify-concurrency" "10" "--nip66-filter" "liveness" "--no-phase2-cache" "--fast" "--output" "both"
Target: 2c65940725bbf10b...
Seed: 0 | Filter: strict | Runs: 3
[fetch] Connecting to 3 indexer relays...
[fetch] wss://purplepag.es: connected (965ms)
[fetch] wss://relay.damus.io: connected (285ms)
[fetch] wss://nos.lol: connected (833ms)
[fetch] Fetching kind 3 (contact list) for 2c659407...
[fetch] 2747 follows to fetch relay lists for
[fetch] Fetched relay lists: 200/2747
[fetch] Fetched relay lists: 400/2747
[fetch] Fetched relay lists: 600/2747
[fetch] Fetched relay lists: 800/2747
[fetch] Fetched relay lists: 1000/2747
[fetch] Fetched relay lists: 1200/2747
[fetch] Fetched relay lists: 1400/2747
[fetch] Fetched relay lists: 1600/2747
[fetch] Fetched relay lists: 1800/2747
[fetch] Fetched relay lists: 2000/2747
[fetch] Fetched relay lists: 2200/2747
[fetch] Fetched relay lists: 2400/2747
[fetch] Fetched relay lists: 2600/2747
[fetch] Received 2196 relay list events

=== Fetch Quality ===
Indexers: wss://purplepag.es (2748 events, 965ms), wss://relay.damus.io (1362 events, 285ms), wss://nos.lol (2179 events, 833ms)
Follows: 2747 | With relay list: 2153 (78.4%) | Missing: 594 (21.6%) | Filtered-to-empty: 43
Filter profile: strict | Filtered URLs: 1093 (43 localhost, 158 insecure ws, 71 IP-only, 815 known-bad, 6 malformed)
Unique valid write relays: 1623 | Seed: 0
[nip66] Using cached monitor data (1158 relays)

=== NIP-66 Liveness Filter (liveness) ===
Monitor data: 1158 relays
Candidate relays: 1623
  Known alive: 563
  Unknown (removed): 1060
  .onion preserved: 54
  Parse-failed preserved: 0
  Authors filtered to empty: 12
Relays after filter: 563
Coverage guarantee: 30 sole-source relays forced (20 maxConnections budget)
Coverage guarantee: 30 sole-source relays forced (20 maxConnections budget)
Coverage guarantee: 30 sole-source relays forced (20 maxConnections budget)
Coverage guarantee: SKIPPED (30 sole-source >= 10 cap)
Coverage guarantee: SKIPPED (30 sole-source >= 10 cap)
Coverage guarantee: SKIPPED (30 sole-source >= 10 cap)

=== Regime A: Fixed 20 Connections ===
  Algorithm                      |  Relays |   Assign% |  Orphans |  Alg.Orph |  Avg/pk |   Gini |    HHI
  -------------------------------+---------+-----------+----------+-----------+---------+--------+-------
  NDK+Thompson (Priority)        |      20 |     76.0% (0.0sd) | 659.6666666666666 | 65.66666666666667 |     1.8 |   0.70 |  0.165
  NDK+Thompson (Priority)+CG     |      30 |     77.5% (0.0sd) |      619 |        25 |     1.9 |   0.76 |  0.143
  NDK+Thompson (Priority)-skip   |      20 |     76.0% (0.0sd) | 659.6666666666666 | 65.66666666666667 |     1.8 |   0.70 |  0.165
Coverage guarantee: 30 sole-source relays forced (20 maxConnections budget)
Coverage guarantee: SKIPPED (30 sole-source >= 10 cap)

=== Phase 2: Event Verification ===
Window: 31536000s | Kinds: 1 | Concurrency: 10
[baseline] Querying 563 relays for 2141 authors (window: 31536000s)
[pool] CLOSED from wss://relay.getalby.com/v1: blocked: Request rejected
[pool] CLOSED from wss://relay.getalby.com/v1: blocked: Request rejected
[baseline] Progress: 50/563 relays queried
[pool] CLOSED from wss://relay.nsec.app: blocked: we only keep kind 24133 or 24135
[pool] CLOSED from wss://sendit.nosflare.com: restricted: this relay does not accept REQs
[pool] CLOSED from wss://aggr.nostr.land: auth-required: auth required for aggregator
[pool] CLOSED from wss://relay.nosflare.com: auth-required: authentication required to subscribe
[baseline] Progress: 100/563 relays queried
[pool] CLOSED from wss://podtards.com/chat: auth-required: all requests must be authenticated
[pool] CLOSED from wss://podtards.com/private: auth-required: all requests must be authenticated
[pool] CLOSED from wss://meta.bitcoinwalk.org: auth-required: authentication is required for access
[pool] CLOSED from wss://pantry.zap.cooking: auth-required: please authenticate
[pool] CLOSED from wss://groups.0xchat.com: blocked: invalid query, must have 'h', 'e' or 'a' tag
[pool] CLOSED from wss://creatr.nostr.wine: auth-required: please authenticate before sending REQs
[baseline] Progress: 150/563 relays queried
[pool] CLOSED from wss://greensoul.space: auth-required: only authenticated users can read from this relay
[pool] CLOSED from wss://elites.nostrati.org: auth-required: you must auth
[baseline] Progress: 200/563 relays queried
[pool] CLOSED from wss://inbox.nostr.wine: blocked: this relay does not store any of the kinds in this request
[pool] CLOSED from wss://nostr.dbtc.link: auth-required: NIP-42 auth required
[pool] CLOSED from wss://auth.nostr1.com: auth-required: you must auth
[pool] CLOSED from wss://impromptu.relays.land: auth-required: all requests must be authenticated
[pool] CLOSED from wss://wot.azzamo.net: rate-limited: there is a bug in the client, no one should be making so many requests
[baseline] Progress: 250/563 relays queried
[pool] CLOSED from wss://relay.groups.nip29.com: blocked: invalid query, must have 'h', 'e' or 'a' tag
[pool] CLOSED from wss://relay.usefusion.ai: restricted: only kind 4 (DM) queries are allowed
[baseline] Progress: 300/563 relays queried
[pool] CLOSED from wss://groups.fiatjaf.com: blocked: invalid query, must have 'h', 'e' or 'a' tag
[pool] CLOSED from wss://bitstack.app: auth-required: authentication required to subscribe
[pool] CLOSED from wss://reedvpn.asuscomm.com: auth-required: authentication is required for access
[baseline] Progress: 350/563 relays queried
[pool] CLOSED from wss://aplaceinthesun.nostr1.com: auth-required: you must auth
[pool] CLOSED from wss://soapbox.chat: auth-required: authentication is required for access
[pool] CLOSED from wss://meta.spaces.coracle.social: auth-required: authentication is required for access
[baseline] Progress: 400/563 relays queried
[pool] CLOSED from wss://david.nostr1.com: auth-required: you must auth
[pool] CLOSED from wss://relay29.notoshi.win: blocked: invalid query, must have 'h', 'e' or 'a' tag
[pool] CLOSED from wss://jingle.nostrver.se: auth-required: take a selfie and send it to the CIA
[pool] CLOSED from wss://bostr.erechorse.com: auth-required: authentication is required to perform this action.
[baseline] Progress: 450/563 relays queried
[pool] CLOSED from wss://personal.relays.land: auth-required: all requests must be authenticated
[baseline] Progress: 500/563 relays queried
[pool] CLOSED from wss://nostr.rikmeijer.nl: max number of subscriptions per client (100) reached
[pool] CLOSED from wss://internal.coracle.social: auth-required: authentication is required for access
[pool] CLOSED from wss://relay.shawnyeager.com/chat: auth-required: all requests must be authenticated
[baseline] Progress: 550/563 relays queried
[baseline] Progress: 563/563 relays queried
[phase2] Subscription timeouts (no EOSE): 50
[phase2] CLOSED messages received: 35
  wss://relay.getalby.com/v1: blocked: Request rejected
  wss://relay.getalby.com/v1: blocked: Request rejected
  wss://relay.nsec.app: blocked: we only keep kind 24133 or 24135
  wss://sendit.nosflare.com: restricted: this relay does not accept REQs
  wss://aggr.nostr.land: auth-required: auth required for aggregator
  wss://relay.nosflare.com: auth-required: authentication required to subscribe
  wss://podtards.com/chat: auth-required: all requests must be authenticated
  wss://podtards.com/private: auth-required: all requests must be authenticated
  wss://meta.bitcoinwalk.org: auth-required: authentication is required for access
  wss://pantry.zap.cooking: auth-required: please authenticate

=== Phase 2: Event Verification (365d window) ===
Baseline: 563 relays queried (70.5% success), 2.8min
  Timing: connect 735ms median (1.5s p95) | query 1.3s median (15.7s p95) | 50 timeouts (47 relays)
  Authors: 2,141 with relay data
    Testable (reliable): 1261 | Testable (partial): 3 | Zero events: 867 | Unreliable: 10
  Baseline events: 159,540 (mean 126.2/author, median 21)
  Events per (relay,pubkey) capped at: 10000

  Headline metrics (1261 testable-reliable authors, 159,355 baseline events):

  Algorithm                        |   Evt Recall |   Auth Recall |  Relay OK% |     TTFE |      p50 |      p80 | Timeouts
  ---------------------------------+--------------+---------------+------------+----------+----------+----------+---------
  NDK+Thompson (Priority) (seed=0, single run) |        30.0% |         81.0% |      95.0% |    557ms |     3.9s |    12.3s |        2
  NDK+Thompson CG (Priority) (seed=0, single run) |        28.6% |         81.7% |      83.3% |    557ms |     4.3s |    12.3s |        4
  NDK+Thompson CG3 (Priority) (seed=0, single run) |        30.0% |         81.0% |      95.0% |    557ms |     3.9s |    12.3s |        2

  Per-author recall distribution:
  Algorithm                        |   Median |  % at 0% |      p25 |      p75
  ---------------------------------+----------+----------+----------+---------
  NDK+Thompson (Priority) (seed=0, single run) |    56.7% |    19.0% |     4.2% |   100.0%
  NDK+Thompson CG (Priority) (seed=0, single run) |    56.6% |    18.3% |     4.0% |   100.0%
  NDK+Thompson CG3 (Priority) (seed=0, single run) |    56.7% |    19.0% |     4.2% |   100.0%

  Latency simulation (parallel relay query):
  Algorithm                        |     TTFE |      p50 |      p80 |      Max |   TO |   TO Tax |   Relays |   Events
  ---------------------------------+----------+----------+----------+----------+------+----------+----------+---------
  NDK+Thompson (Priority) (seed=0, single run) |    557ms |     3.9s |    12.3s |    33.0s |    2 |    15.0s | 19/20/20 |  109,456
  NDK+Thompson CG (Priority) (seed=0, single run) |    557ms |     4.3s |    12.3s |    62.7s |    4 |    15.0s | 24/28/30 |  111,619
  NDK+Thompson CG3 (Priority) (seed=0, single run) |    557ms |     3.9s |    12.3s |    33.0s |    2 |    15.0s | 19/20/20 |  109,456
  (Relays: with-events/connected/total | TO Tax: ceil(timeouts/concurrency) × EOSE timeout)

  Progressive completeness (% of recall achieved by time):
  Algorithm                        |      @1s |      @2s |      @5s |     @10s |     @15s
  ---------------------------------+----------+----------+----------+----------+---------
  NDK+Thompson (Priority) (seed=0, single run) |     0.0% |     3.0% |    32.1% |    66.9% |    88.0%
  NDK+Thompson CG (Priority) (seed=0, single run) |     0.0% |     1.6% |    31.1% |    66.7% |    86.5%
  NDK+Thompson CG3 (Priority) (seed=0, single run) |     0.0% |     3.0% |    32.1% |    66.9% |    88.0%

  EOSE-race simulation (stop after first EOSE + grace period):
  Algorithm                        |     +0ms |   +200ms |   +500ms |      +1s |      +2s
  ---------------------------------+----------+----------+----------+----------+---------
  NDK+Thompson (Priority) (seed=0, single run) |     0.2% |     0.8% |     2.9% |     3.0% |     3.6%
  NDK+Thompson CG (Priority) (seed=0, single run) |     0.5% |     0.5% |     1.1% |     1.6% |     2.6%
  NDK+Thompson CG3 (Priority) (seed=0, single run) |     0.2% |     0.8% |     2.9% |     3.0% |     3.6%
  (First EOSE: NDK+Thompson (Priority) (seed=0, single run)=1.3s, NDK+Thompson CG (Priority) (seed=0, single run)=1.1s, NDK+Thompson CG3 (Priority) (seed=0, single run)=1.3s)

  Profile-view latency (per-author outbox query, top 3 write relays):
    Authors simulated: 1264 | Hit rate: 99.8%
    TTFE: 975ms median, 1.0s mean, 1.7s p95
    Relays/profile: 2.8 queried, 2.5 with events, 0.40 timeouts

  Feed vs profile-view TTFE comparison:
  Algorithm                        |  Feed TTFE |  Profile TTFE |    Delta
  ---------------------------------+------------+---------------+---------
  NDK+Thompson (Priority) (seed=0, single run) |      557ms |         975ms |   +418ms
  NDK+Thompson CG (Priority) (seed=0, single run) |      557ms |         975ms |   +418ms
  NDK+Thompson CG3 (Priority) (seed=0, single run) |      557ms |         975ms |   +418ms

  Including partial-baseline authors (1264 testable authors, 159,540 baseline events):

  Algorithm                        |   Evt Recall |   Auth Recall
  ---------------------------------+--------------+--------------
  NDK+Thompson (Priority) (seed=0, single run) |        30.1% |         81.0%
  NDK+Thompson CG (Priority) (seed=0, single run) |        28.6% |         81.7%
  NDK+Thompson CG3 (Priority) (seed=0, single run) |        30.1% |         81.0%

=== NIP-66 RTT vs Measured Latency (469 relays, data age: 30min) ===
                             N   Spearman r      MAE    Bias    Top5   Top10   Top20
------------------------  ----  -----------  -------  ------  ------  ------  ------
rttOpen vs connect         469         0.23     1.0s    0.6x    0.0%    0.0%    5.0%
rttRead vs query           389         0.11     1.9s    7.5x    0.0%    0.0%    0.0%
(Bias = measured/nip66, >1 = NIP-66 underestimates. TopK = overlap of K fastest relays.)
Monitor: 9ba046db56b8..., 9bbbb845e5b6..., 9bac3d58ef5a..., http-api..., 0b01aa38c2cc..., 9ba1d7892cd0..., 58faef87b342..., 9ba6484003e8..., 45df0580711f...
[relay-scores] Updated scores for ndk-thompson: 20 relays, session 1
[relay-scores] Saved to .cache/relay_scores_2c65940725bbf10b_31536000_liveness_ndk-thompson.json

Thompson Sampling [ndk-thompson] learning state:
  Session: 1
  Relays with observations: 20
  Mean prior α: 48.0, β: 70.1
  Relays with strong preference (α>5): 12
  Relays learned to avoid (β>5): 14
[relay-scores-se] Relay wss://nostr.sovransystems.com: 0 contested obs (fallback dampening applied)
[relay-scores-se] Relay wss://relay.day.ag: 0 contested obs (fallback dampening applied)
[relay-scores-se] Updated scores for ndk-thompson-cg: 30 relays, session 1
[relay-scores-se] Skipped 56 sole-source observations across 17 relays
[relay-scores-se] Force-included relays and scores: wss://relay.primal.net(E=0.386), wss://relay.ditto.pub(E=0.213), wss://nos.lol(E=0.465), wss://relay.damus.io(E=0.412), wss://premium.primal.net(E=0.377), wss://nostr.wine(E=0.295), wss://relay.fountain.fm(E=0.290), wss://nostr.sovransystems.com(E=0.750), wss://nostr.mom(E=0.444), wss://nostr.bitcoiner.social(E=0.562) (+7 more)
[relay-scores] Saved to .cache/relay_scores_2c65940725bbf10b_31536000_liveness_ndk-thompson-cg.json

Thompson Sampling [ndk-thompson-cg] learning state:
  Session: 1
  Relays with observations: 30
  Mean prior α: 30.7, β: 47.8
  Relays with strong preference (α>5): 12
  Relays learned to avoid (β>5): 15
[relay-scores-pw] Updated scores for ndk-thompson-cg3: 20 relays, session 1
[relay-scores-pw] Partial-weighted 45 sole-source observations across 9 relays (0.3x)
[relay-scores-pw] Sole-source relays and scores: wss://relay.snort.social(E=0.475), wss://relay.damus.io(E=0.395), wss://nos.lol(E=0.470), wss://nostr.wine(E=0.270), wss://nostr.mom(E=0.417), wss://relay.primal.net(E=0.385), wss://relay.ditto.pub(E=0.540), wss://nostr.bitcoiner.social(E=0.573), wss://theforest.nostr1.com(E=0.751)
[relay-scores] Saved to .cache/relay_scores_2c65940725bbf10b_31536000_liveness_ndk-thompson-cg3.json

Thompson Sampling [ndk-thompson-cg3] learning state:
  Session: 1
  Relays with observations: 20
  Mean prior α: 46.4, β: 70.1
  Relays with strong preference (α>5): 11
  Relays learned to avoid (β>5): 14

JSON results written to: results/2c65940725bbf10b_1773159551712.json
