[0m[32mTask[0m [0m[36mbench[0m deno run --allow-net --allow-read --allow-write main.ts "07804b786c6a3b400b7b20d9bfc945035f3ad213da797b0c50954767c375c543" "--algorithms" "greedy,welshman,welshman-thompson" "--verify" "--verify-window" "94608000" "--verify-concurrency" "10" "--nip66-filter" "liveness" "--no-phase2-cache" "--fast" "--output" "both"
Target: 07804b786c6a3b40...
Seed: 0 | Filter: strict | Runs: 3
[fetch] Connecting to 3 indexer relays...
[fetch] wss://purplepag.es: connected (1024ms)
[fetch] wss://relay.damus.io: WebSocket error: NetworkError: failed to connect to WebSocket: Invalid status code 400 Bad Request
[fetch] wss://nos.lol: connected (828ms)
[fetch] Fetching kind 3 (contact list) for 07804b78...
[fetch] 353 follows to fetch relay lists for
[fetch] Fetched relay lists: 200/353
[fetch] Received 284 relay list events

=== Fetch Quality ===
Indexers: wss://purplepag.es (0 events, 1024ms), wss://relay.damus.io (0 events, 528ms, errors: WebSocket error: NetworkError: failed to connect to WebSocket: Invalid status code 400 Bad Request), wss://nos.lol (285 events, 828ms)
Follows: 353 | With relay list: 282 (79.9%) | Missing: 71 (20.1%) | Filtered-to-empty: 2
Filter profile: strict | Filtered URLs: 32 (2 localhost, 4 insecure ws, 2 IP-only, 24 known-bad)
Unique valid write relays: 304 | Seed: 0
[nip66] Connecting to 3 relays for kind 30166 events...
[nip66] wss://relaypag.es: connected (710ms)
[nip66] wss://relaypag.es: received 950 kind 30166 + 50 kind 1066 events
[nip66] wss://relay.nostr.watch: connected (243ms)
[nip66] wss://relay.nostr.watch: received 3799 kind 30166 + 1201 kind 1066 events
[nip66] wss://monitorlizard.nostr1.com: connected (416ms)
[nip66] wss://monitorlizard.nostr1.com: received 5000 kind 30166 + 0 kind 1066 events
[nip66] Trying nostr.watch HTTP API fallback...
[nip66] HTTP API returned 960 online relays
[nip66] Fetched NIP-66 data for 1149 relays via Nostr + 14 via HTTP API (1163 total)

=== NIP-66 Liveness Filter (liveness) ===
Monitor data: 1163 relays
Candidate relays: 304
  Known alive: 129
  Unknown (removed): 175
  .onion preserved: 1
  Parse-failed preserved: 0
  Authors filtered to empty: 3
Relays after filter: 129
[relay-scores] Loaded 33 relay priors (session 9, from 2026-03-08T12:11:53.727Z)

Thompson Sampling [welshman-thompson]: loaded 33 relay priors (session 9)

=== Regime A: Fixed 20 Connections ===
  Algorithm                      |  Relays |   Assign% |  Orphans |  Alg.Orph |  Avg/pk |   Gini |    HHI
  -------------------------------+---------+-----------+----------+-----------+---------+--------+-------
  Greedy Set-Cover               |      20 |     78.5% |       76 |         5 |     1.9 |   0.79 |  0.270
  Weighted Stochastic (cap@20)   |      20 |     78.3% (0.0sd) | 76.66666666666667 | 5.666666666666667 |     2.5 |   0.56 |  0.130
  Welshman+Thompson (cap@20)     |      20 |     78.8% (0.0sd) |       75 |         4 |     2.5 |   0.65 |  0.160

=== Phase 2: Event Verification ===
Window: 94608000s | Kinds: 1 | Concurrency: 10
[baseline] Querying 129 relays for 279 authors (window: 94608000s)
[pool] CLOSED from wss://aggr.nostr.land: auth-required: auth required for aggregator
[pool] CLOSED from wss://sendit.nosflare.com: restricted: this relay does not accept REQs
[pool] CLOSED from wss://relay.getalby.com/v1: blocked: Request rejected
[pool] CLOSED from wss://bostr.erechorse.com: auth-required: authentication is required to perform this action.
[pool] CLOSED from wss://creatr.nostr.wine: auth-required: please authenticate before sending REQs
[baseline] Progress: 50/129 relays queried
[pool] CLOSED from wss://nostr-relay.moctane.net: auth-required: authentication required to subscribe
[pool] CLOSED from wss://relay.danieldaquino.me/private: auth-required: this query requires you to be authenticated
[pool] CLOSED from wss://greensoul.space: auth-required: only authenticated users can read from this relay
[pool] CLOSED from wss://inbox.nostr.wine: blocked: this relay does not store any of the kinds in this request
[pool] CLOSED from wss://hole.v0l.io: error: queries not allowed
[baseline] Progress: 100/129 relays queried
[pool] CLOSED from wss://relay.nosflare.com: auth-required: authentication required to subscribe
[baseline] Progress: 129/129 relays queried
[phase2] Subscription timeouts (no EOSE): 8
[phase2] CLOSED messages received: 11
  wss://aggr.nostr.land: auth-required: auth required for aggregator
  wss://sendit.nosflare.com: restricted: this relay does not accept REQs
  wss://relay.getalby.com/v1: blocked: Request rejected
  wss://bostr.erechorse.com: auth-required: authentication is required to perform this action.
  wss://creatr.nostr.wine: auth-required: please authenticate before sending REQs
  wss://nostr-relay.moctane.net: auth-required: authentication required to subscribe
  wss://relay.danieldaquino.me/private: auth-required: this query requires you to be authenticated
  wss://greensoul.space: auth-required: only authenticated users can read from this relay
  wss://inbox.nostr.wine: blocked: this relay does not store any of the kinds in this request
  wss://hole.v0l.io: error: queries not allowed

=== Phase 2: Event Verification (1095d window) ===
Baseline: 129 relays queried (82.9% success), 39s
  Timing: connect 680ms median (1.2s p95) | query 1.3s median (15.4s p95) | 8 timeouts (8 relays)
  Authors: 279 with relay data
    Testable (reliable): 154 | Testable (partial): 0 | Zero events: 124 | Unreliable: 1
  Baseline events: 53,489 (mean 347.3/author, median 69)
  Events per (relay,pubkey) capped at: 10000

  Headline metrics (154 testable-reliable authors, 53,489 baseline events):

  Algorithm                        |   Evt Recall |   Auth Recall |  Relay OK% |     TTFE |      p50 |      p80 | Timeouts
  ---------------------------------+--------------+---------------+------------+----------+----------+----------+---------
  Greedy Set-Cover                 |        12.5% |         78.6% |      85.0% |    812ms |     2.5s |     3.1s |        1
  Weighted Stochastic (seed=0, single run) |        18.7% |         82.5% |      95.0% |    648ms |     2.2s |     3.3s |        1
  Welshman+Thompson (seed=0, single run) |        20.6% |         87.0% |      95.0% |    911ms |     2.6s |     3.3s |        1

  Per-author recall distribution:
  Algorithm                        |   Median |  % at 0% |      p25 |      p75
  ---------------------------------+----------+----------+----------+---------
  Greedy Set-Cover                 |    34.1% |    21.4% |     1.3% |   100.0%
  Weighted Stochastic (seed=0, single run) |    87.5% |    17.5% |     2.5% |   100.0%
  Welshman+Thompson (seed=0, single run) |    98.2% |    13.0% |     6.3% |   100.0%

  Latency simulation (parallel relay query):
  Algorithm                        |     TTFE |      p50 |      p80 |      Max |   TO |   TO Tax |   Relays |   Events
  ---------------------------------+----------+----------+----------+----------+------+----------+----------+---------
  Greedy Set-Cover                 |    812ms |     2.5s |     3.1s |    16.3s |    1 |    15.0s | 17/19/20 |   15,871
  Weighted Stochastic (seed=0, single run) |    648ms |     2.2s |     3.3s |    16.3s |    1 |    15.0s | 19/20/20 |   19,879
  Welshman+Thompson (seed=0, single run) |    911ms |     2.6s |     3.3s |    16.3s |    1 |    15.0s | 18/20/20 |   20,229
  (Relays: with-events/connected/total | TO Tax: ceil(timeouts/concurrency) × EOSE timeout)

  Progressive completeness (% of recall achieved by time):
  Algorithm                        |      @1s |      @2s |      @5s |     @10s |     @15s
  ---------------------------------+----------+----------+----------+----------+---------
  Greedy Set-Cover                 |     0.0% |    68.7% |   100.0% |   100.0% |   100.0%
  Weighted Stochastic (seed=0, single run) |     4.5% |    65.1% |   100.0% |   100.0% |   100.0%
  Welshman+Thompson (seed=0, single run) |     0.0% |    59.1% |   100.0% |   100.0% |   100.0%

  EOSE-race simulation (stop after first EOSE + grace period):
  Algorithm                        |     +0ms |   +200ms |   +500ms |      +1s |      +2s
  ---------------------------------+----------+----------+----------+----------+---------
  Greedy Set-Cover                 |    15.0% |    16.0% |    68.4% |    69.3% |    80.8%
  Weighted Stochastic (seed=0, single run) |     4.5% |     4.5% |     5.6% |    65.1% |    74.4%
  Welshman+Thompson (seed=0, single run) |     0.7% |     0.7% |    57.1% |    66.1% |    81.1%
  (First EOSE: Greedy Set-Cover=1.1s, Weighted Stochastic (seed=0, single run)=803ms, Welshman+Thompson (seed=0, single run)=1.2s)

  Profile-view latency (per-author outbox query, top 3 write relays):
    Authors simulated: 154 | Hit rate: 100.0%
    TTFE: 936ms median, 1.2s mean, 1.7s p95
    Relays/profile: 2.8 queried, 2.7 with events, 0.03 timeouts

  Feed vs profile-view TTFE comparison:
  Algorithm                        |  Feed TTFE |  Profile TTFE |    Delta
  ---------------------------------+------------+---------------+---------
  Greedy Set-Cover                 |      812ms |         936ms |   +124ms
  Weighted Stochastic (seed=0, single run) |      648ms |         936ms |   +288ms
  Welshman+Thompson (seed=0, single run) |      911ms |         936ms |    +25ms

=== NIP-66 RTT vs Measured Latency (122 relays, data age: 14min) ===
                             N   Spearman r      MAE    Bias    Top5   Top10   Top20
------------------------  ----  -----------  -------  ------  ------  ------  ------
rttOpen vs connect         122         0.18    643ms    0.6x    0.0%    0.0%   20.0%
rttRead vs query           105        -0.11     1.4s    4.8x    0.0%    0.0%    5.0%
(Bias = measured/nip66, >1 = NIP-66 underestimates. TopK = overlap of K fastest relays.)
Monitor: 9b85d54cc4bc..., 9bbbb845e5b6..., 63019a1fc7c4..., http-api..., 9ba046db56b8..., 0b01aa38c2cc..., 9ba1d7892cd0..., b2c949c0fb79..., 45df0580711f...
[relay-scores] Updated scores for welshman-thompson: 35 relays, session 10
[relay-scores] Saved to .cache/relay_scores_07804b786c6a3b40_94608000_liveness_welshman-thompson.json

Thompson Sampling [welshman-thompson] learning state:
  Session: 10
  Relays with observations: 35
  Mean prior α: 32.8, β: 60.4
  Relays with strong preference (α>5): 17
  Relays learned to avoid (β>5): 24

JSON results written to: results/07804b786c6a3b40_1772972959519.json
