[0m[32mTask[0m [0m[36mbench[0m deno run --allow-net --allow-read --allow-write main.ts "07804b786c6a3b400b7b20d9bfc945035f3ad213da797b0c50954767c375c543" "--algorithms" "greedy,welshman,welshman-thompson" "--verify" "--verify-window" "94608000" "--verify-concurrency" "10" "--nip66-filter" "liveness" "--no-phase2-cache" "--fast" "--output" "both"
Target: 07804b786c6a3b40...
Seed: 0 | Filter: strict | Runs: 3
Using cached data (fetched 2026-03-10T23:44:45.574Z)

=== Fetch Quality ===
Indexers: wss://purplepag.es (354 events, 1147ms), wss://relay.damus.io (198 events, 276ms), wss://nos.lol (285 events, 779ms)
Follows: 353 | With relay list: 283 (80.2%) | Missing: 70 (19.8%) | Filtered-to-empty: 2
Filter profile: strict | Filtered URLs: 32 (2 localhost, 4 insecure ws, 2 IP-only, 24 known-bad)
Unique valid write relays: 305 | Seed: 0
[nip66] Using cached monitor data (1152 relays)

=== NIP-66 Liveness Filter (liveness) ===
Monitor data: 1152 relays
Candidate relays: 305
  Known alive: 126
  Unknown (removed): 179
  .onion preserved: 1
  Parse-failed preserved: 0
  Authors filtered to empty: 3
Relays after filter: 126
[relay-scores] Loaded 20 relay priors (session 1, from 2026-03-10T23:45:22.234Z)

Thompson Sampling [welshman-thompson]: loaded 20 relay priors (session 1)

=== Regime A: Fixed 20 Connections ===
  Algorithm                      |  Relays |   Assign% |  Orphans |  Alg.Orph |  Avg/pk |   Gini |    HHI
  -------------------------------+---------+-----------+----------+-----------+---------+--------+-------
  Greedy Set-Cover               |      20 |     78.8% |       75 |         5 |     1.9 |   0.79 |  0.268
  Weighted Stochastic (cap@20)   |      20 |     78.8% (0.0sd) | 74.66666666666667 | 4.666666666666667 |     2.5 |   0.55 |  0.127
  Welshman+Thompson (cap@20)     |      20 |     79.0% (0.0sd) |       74 |         4 |     2.4 |   0.65 |  0.170

=== Phase 2: Event Verification ===
Window: 94608000s | Kinds: 1 | Concurrency: 10
[baseline] Querying 126 relays for 280 authors (window: 94608000s)
[pool] CLOSED from wss://aggr.nostr.land: auth-required: auth required for aggregator
[pool] CLOSED from wss://sendit.nosflare.com: restricted: this relay does not accept REQs
[pool] CLOSED from wss://relay.getalby.com/v1: blocked: Request rejected
[pool] CLOSED from wss://bostr.erechorse.com: auth-required: authentication is required to perform this action.
[pool] CLOSED from wss://creatr.nostr.wine: auth-required: please authenticate before sending REQs
[baseline] Progress: 50/126 relays queried
[pool] CLOSED from wss://nostr-relay.moctane.net: auth-required: authentication required to subscribe
[pool] CLOSED from wss://relay.danieldaquino.me/private: auth-required: this query requires you to be authenticated
[pool] CLOSED from wss://greensoul.space: auth-required: only authenticated users can read from this relay
[pool] CLOSED from wss://inbox.nostr.wine: blocked: this relay does not store any of the kinds in this request
[pool] CLOSED from wss://hole.v0l.io: error: queries not allowed
[baseline] Progress: 100/126 relays queried
[pool] CLOSED from wss://relay.nosflare.com: auth-required: authentication required to subscribe
[baseline] Progress: 126/126 relays queried
[phase2] Subscription timeouts (no EOSE): 7
[phase2] CLOSED messages received: 11
  wss://aggr.nostr.land: auth-required: auth required for aggregator
  wss://sendit.nosflare.com: restricted: this relay does not accept REQs
  wss://relay.getalby.com/v1: blocked: Request rejected
  wss://bostr.erechorse.com: auth-required: authentication is required to perform this action.
  wss://creatr.nostr.wine: auth-required: please authenticate before sending REQs
  wss://nostr-relay.moctane.net: auth-required: authentication required to subscribe
  wss://relay.danieldaquino.me/private: auth-required: this query requires you to be authenticated
  wss://greensoul.space: auth-required: only authenticated users can read from this relay
  wss://inbox.nostr.wine: blocked: this relay does not store any of the kinds in this request
  wss://hole.v0l.io: error: queries not allowed

=== Phase 2: Event Verification (1095d window) ===
Baseline: 126 relays queried (81.0% success), 38s
  Timing: connect 723ms median (1.2s p95) | query 1.3s median (15.5s p95) | 7 timeouts (7 relays)
  Authors: 280 with relay data
    Testable (reliable): 148 | Testable (partial): 4 | Zero events: 118 | Unreliable: 10
  Baseline events: 50,250 (mean 330.6/author, median 40)
  Events per (relay,pubkey) capped at: 10000

  Headline metrics (148 testable-reliable authors, 50,153 baseline events):

  Algorithm                        |   Evt Recall |   Auth Recall |  Relay OK% |     TTFE |      p50 |      p80 | Timeouts
  ---------------------------------+--------------+---------------+------------+----------+----------+----------+---------
  Greedy Set-Cover                 |        11.3% |         73.6% |      75.0% |    733ms |     3.2s |     3.4s |        2
  Weighted Stochastic (seed=0, single run) |        11.7% |         80.4% |      80.0% |     1.0s |     2.7s |     3.4s |        2
  Welshman+Thompson (seed=0, single run) |        13.8% |         82.4% |      75.0% |     1.0s |     3.2s |     3.8s |        2

  Per-author recall distribution:
  Algorithm                        |   Median |  % at 0% |      p25 |      p75
  ---------------------------------+----------+----------+----------+---------
  Greedy Set-Cover                 |    24.4% |    26.4% |     0.0% |   100.0%
  Weighted Stochastic (seed=0, single run) |    69.6% |    19.6% |     1.6% |   100.0%
  Welshman+Thompson (seed=0, single run) |    92.7% |    17.6% |     2.4% |   100.0%

  Latency simulation (parallel relay query):
  Algorithm                        |     TTFE |      p50 |      p80 |      Max |   TO |   TO Tax |   Relays |   Events
  ---------------------------------+----------+----------+----------+----------+------+----------+----------+---------
  Greedy Set-Cover                 |    733ms |     3.2s |     3.4s |    16.6s |    2 |    15.0s | 16/17/20 |   13,892
  Weighted Stochastic (seed=0, single run) |     1.0s |     2.7s |     3.4s |    16.6s |    2 |    15.0s | 17/18/20 |   14,541
  Welshman+Thompson (seed=0, single run) |     1.0s |     3.2s |     3.8s |    16.6s |    2 |    15.0s | 16/17/20 |   14,087
  (Relays: with-events/connected/total | TO Tax: ceil(timeouts/concurrency) × EOSE timeout)

  Progressive completeness (% of recall achieved by time):
  Algorithm                        |      @1s |      @2s |      @5s |     @10s |     @15s
  ---------------------------------+----------+----------+----------+----------+---------
  Greedy Set-Cover                 |    17.4% |    44.3% |   100.0% |   100.0% |   100.0%
  Weighted Stochastic (seed=0, single run) |     0.0% |    28.9% |   100.0% |   100.0% |   100.0%
  Welshman+Thompson (seed=0, single run) |     0.0% |    24.7% |    99.1% |   100.0% |   100.0%

  EOSE-race simulation (stop after first EOSE + grace period):
  Algorithm                        |     +0ms |   +200ms |   +500ms |      +1s |      +2s
  ---------------------------------+----------+----------+----------+----------+---------
  Greedy Set-Cover                 |    17.4% |    17.4% |    18.2% |    44.3% |    52.1%
  Weighted Stochastic (seed=0, single run) |     0.2% |     0.6% |    28.4% |    31.4% |    45.0%
  Welshman+Thompson (seed=0, single run) |     6.0% |     6.0% |    24.7% |    26.7% |    53.6%
  (First EOSE: Greedy Set-Cover=993ms, Weighted Stochastic (seed=0, single run)=1.1s, Welshman+Thompson (seed=0, single run)=1.1s)

  Profile-view latency (per-author outbox query, top 3 write relays):
    Authors simulated: 152 | Hit rate: 100.0%
    TTFE: 1.6s median, 1.5s mean, 1.8s p95
    Relays/profile: 2.8 queried, 2.3 with events, 0.08 timeouts

  Feed vs profile-view TTFE comparison:
  Algorithm                        |  Feed TTFE |  Profile TTFE |    Delta
  ---------------------------------+------------+---------------+---------
  Greedy Set-Cover                 |      733ms |          1.6s |   +905ms
  Weighted Stochastic (seed=0, single run) |       1.0s |          1.6s |   +628ms
  Welshman+Thompson (seed=0, single run) |       1.0s |          1.6s |   +628ms

  Including partial-baseline authors (152 testable authors, 50,250 baseline events):

  Algorithm                        |   Evt Recall |   Auth Recall
  ---------------------------------+--------------+--------------
  Greedy Set-Cover                 |        11.4% |         74.3%
  Weighted Stochastic (seed=0, single run) |        11.9% |         80.9%
  Welshman+Thompson (seed=0, single run) |        14.0% |         82.9%

=== NIP-66 RTT vs Measured Latency (116 relays, data age: 32min) ===
                             N   Spearman r      MAE    Bias    Top5   Top10   Top20
------------------------  ----  -----------  -------  ------  ------  ------  ------
rttOpen vs connect         116         0.06    471ms    1.2x    0.0%    0.0%   10.0%
rttRead vs query            98        -0.03     1.6s    9.1x   20.0%   10.0%   10.0%
(Bias = measured/nip66, >1 = NIP-66 underestimates. TopK = overlap of K fastest relays.)
Monitor: 9bbbb845e5b6..., 9bac3d58ef5a..., 58faef87b342..., 9ba1d7892cd0..., http-api..., 9ba6484003e8..., 0b01aa38c2cc..., 9ba046db56b8..., 45df0580711f..., 9b85d54cc4bc..., b2c949c0fb79...
[relay-scores] Updated scores for welshman-thompson: 23 relays, session 2
[relay-scores] Saved to .cache/relay_scores_07804b786c6a3b40_94608000_liveness_welshman-thompson.json

Thompson Sampling [welshman-thompson] learning state:
  Session: 2
  Relays with observations: 23
  Mean prior α: 11.7, β: 22.7
  Relays with strong preference (α>5): 12
  Relays learned to avoid (β>5): 18

JSON results written to: results/07804b786c6a3b40_1773187163122.json
