[0m[32mTask[0m [0m[36mbench[0m deno run --allow-net --allow-read --allow-write main.ts "07804b786c6a3b400b7b20d9bfc945035f3ad213da797b0c50954767c375c543" "--algorithms" "greedy,welshman,welshman-thompson" "--verify" "--verify-window" "94608000" "--verify-concurrency" "10" "--nip66-filter" "liveness" "--no-phase2-cache" "--fast" "--output" "both"
Target: 07804b786c6a3b40...
Seed: 0 | Filter: strict | Runs: 3
Using cached data (fetched 2026-03-08T11:21:34.414Z)

=== Fetch Quality ===
Indexers: wss://purplepag.es (354 events, 1291ms), wss://relay.damus.io (198 events, 252ms), wss://nos.lol (285 events, 861ms)
Follows: 353 | With relay list: 283 (80.2%) | Missing: 70 (19.8%) | Filtered-to-empty: 2
Filter profile: strict | Filtered URLs: 32 (2 localhost, 4 insecure ws, 2 IP-only, 24 known-bad)
Unique valid write relays: 304 | Seed: 0
[nip66] Using cached monitor data (1145 relays)

=== NIP-66 Liveness Filter (liveness) ===
Monitor data: 1145 relays
Candidate relays: 304
  Known alive: 136
  Unknown (removed): 168
  .onion preserved: 1
  Parse-failed preserved: 0
  Authors filtered to empty: 3
Relays after filter: 136
[relay-scores] Loaded 32 relay priors (session 8, from 2026-03-08T11:59:46.587Z)

Thompson Sampling [welshman-thompson]: loaded 32 relay priors (session 8)

=== Regime A: Fixed 20 Connections ===
  Algorithm                      |  Relays |   Assign% |  Orphans |  Alg.Orph |  Avg/pk |   Gini |    HHI
  -------------------------------+---------+-----------+----------+-----------+---------+--------+-------
  Greedy Set-Cover               |      20 |     78.8% |       75 |         5 |     1.9 |   0.79 |  0.269
  Weighted Stochastic (cap@20)   |      20 |     78.9% (0.0sd) | 74.33333333333333 | 4.333333333333333 |     2.5 |   0.55 |  0.129
  Welshman+Thompson (cap@20)     |      20 |     79.0% (0.0sd) |       74 |         4 |     2.5 |   0.64 |  0.160

=== Phase 2: Event Verification ===
Window: 94608000s | Kinds: 1 | Concurrency: 10
[baseline] Querying 136 relays for 280 authors (window: 94608000s)
[pool] CLOSED from wss://aggr.nostr.land: auth-required: auth required for aggregator
[pool] CLOSED from wss://sendit.nosflare.com: restricted: this relay does not accept REQs
[pool] CLOSED from wss://relay.getalby.com/v1: blocked: Request rejected
[pool] CLOSED from wss://bostr.erechorse.com: auth-required: authentication is required to perform this action.
[pool] CLOSED from wss://creatr.nostr.wine: auth-required: please authenticate before sending REQs
[baseline] Progress: 50/136 relays queried
[pool] CLOSED from wss://nostr-relay.moctane.net: auth-required: authentication required to subscribe
[pool] CLOSED from wss://relay.danieldaquino.me/chat: blocked: you must be in the web of trust to chat with the relay owner
[pool] CLOSED from wss://relay.danieldaquino.me/private: auth-required: this query requires you to be authenticated
[pool] CLOSED from wss://greensoul.space: auth-required: only authenticated users can read from this relay
[pool] CLOSED from wss://hole.v0l.io: error: queries not allowed
[pool] CLOSED from wss://inbox.nostr.wine: blocked: this relay does not store any of the kinds in this request
[baseline] Progress: 100/136 relays queried
[pool] CLOSED from wss://wheat.happytavern.co: rate-limited: REQ rate limit exceeded
[pool] CLOSED from wss://relay.nosflare.com: auth-required: authentication required to subscribe
[baseline] Progress: 136/136 relays queried
[phase2] Subscription timeouts (no EOSE): 8
[phase2] CLOSED messages received: 13
  wss://aggr.nostr.land: auth-required: auth required for aggregator
  wss://sendit.nosflare.com: restricted: this relay does not accept REQs
  wss://relay.getalby.com/v1: blocked: Request rejected
  wss://bostr.erechorse.com: auth-required: authentication is required to perform this action.
  wss://creatr.nostr.wine: auth-required: please authenticate before sending REQs
  wss://nostr-relay.moctane.net: auth-required: authentication required to subscribe
  wss://relay.danieldaquino.me/chat: blocked: you must be in the web of trust to chat with the relay owner
  wss://relay.danieldaquino.me/private: auth-required: this query requires you to be authenticated
  wss://greensoul.space: auth-required: only authenticated users can read from this relay
  wss://hole.v0l.io: error: queries not allowed

=== Phase 2: Event Verification (1095d window) ===
Baseline: 136 relays queried (78.7% success), 38s
  Timing: connect 710ms median (1.2s p95) | query 1.3s median (15.5s p95) | 8 timeouts (8 relays)
  Authors: 280 with relay data
    Testable (reliable): 155 | Testable (partial): 0 | Zero events: 124 | Unreliable: 1
  Baseline events: 53,308 (mean 343.9/author, median 65)
  Events per (relay,pubkey) capped at: 10000

  Headline metrics (155 testable-reliable authors, 53,308 baseline events):

  Algorithm                        |   Evt Recall |   Auth Recall |  Relay OK% |     TTFE |      p50 |      p80 | Timeouts
  ---------------------------------+--------------+---------------+------------+----------+----------+----------+---------
  Greedy Set-Cover                 |        12.5% |         79.4% |      85.0% |    710ms |     2.4s |     3.1s |        1
  Weighted Stochastic (seed=0, single run) |        22.1% |         84.5% |      95.0% |    710ms |     2.3s |     3.0s |        0
  Welshman+Thompson (seed=0, single run) |        21.2% |         87.1% |      90.0% |    710ms |     2.3s |     3.1s |        1

  Per-author recall distribution:
  Algorithm                        |   Median |  % at 0% |      p25 |      p75
  ---------------------------------+----------+----------+----------+---------
  Greedy Set-Cover                 |    33.3% |    20.6% |     1.8% |   100.0%
  Weighted Stochastic (seed=0, single run) |    79.8% |    15.5% |     4.0% |   100.0%
  Welshman+Thompson (seed=0, single run) |   100.0% |    12.9% |     5.9% |   100.0%

  Latency simulation (parallel relay query):
  Algorithm                        |     TTFE |      p50 |      p80 |      Max |   TO |   TO Tax |   Relays |   Events
  ---------------------------------+----------+----------+----------+----------+------+----------+----------+---------
  Greedy Set-Cover                 |    710ms |     2.4s |     3.1s |    16.3s |    1 |    15.0s | 17/18/20 |   15,871
  Weighted Stochastic (seed=0, single run) |    710ms |     2.3s |     3.0s |     3.9s |    0 |      0ms | 19/19/20 |   20,279
  Welshman+Thompson (seed=0, single run) |    710ms |     2.3s |     3.1s |    16.3s |    1 |    15.0s | 18/19/20 |   19,279
  (Relays: with-events/connected/total | TO Tax: ceil(timeouts/concurrency) × EOSE timeout)

  Progressive completeness (% of recall achieved by time):
  Algorithm                        |      @1s |      @2s |      @5s |     @10s |     @15s
  ---------------------------------+----------+----------+----------+----------+---------
  Greedy Set-Cover                 |    15.0% |    68.3% |   100.0% |   100.0% |   100.0%
  Weighted Stochastic (seed=0, single run) |     0.0% |    59.1% |   100.0% |   100.0% |   100.0%
  Welshman+Thompson (seed=0, single run) |     0.0% |    63.0% |   100.0% |   100.0% |   100.0%

  EOSE-race simulation (stop after first EOSE + grace period):
  Algorithm                        |     +0ms |   +200ms |   +500ms |      +1s |      +2s
  ---------------------------------+----------+----------+----------+----------+---------
  Greedy Set-Cover                 |    15.0% |    15.0% |    16.1% |    68.3% |    76.7%
  Weighted Stochastic (seed=0, single run) |     3.8% |     7.2% |    32.2% |    59.1% |    78.9%
  Welshman+Thompson (seed=0, single run) |     0.3% |     1.0% |    27.8% |    63.0% |    79.3%
  (First EOSE: Greedy Set-Cover=968ms, Weighted Stochastic (seed=0, single run)=1.1s, Welshman+Thompson (seed=0, single run)=1.1s)

  Profile-view latency (per-author outbox query, top 3 write relays):
    Authors simulated: 155 | Hit rate: 100.0%
    TTFE: 911ms median, 1.2s mean, 1.9s p95
    Relays/profile: 2.9 queried, 2.6 with events, 0.03 timeouts

  Feed vs profile-view TTFE comparison:
  Algorithm                        |  Feed TTFE |  Profile TTFE |    Delta
  ---------------------------------+------------+---------------+---------
  Greedy Set-Cover                 |      710ms |         911ms |   +201ms
  Weighted Stochastic (seed=0, single run) |      710ms |         911ms |   +201ms
  Welshman+Thompson (seed=0, single run) |      710ms |         911ms |   +201ms

=== NIP-66 RTT vs Measured Latency (127 relays, data age: 74min) ===
                             N   Spearman r      MAE    Bias    Top5   Top10   Top20
------------------------  ----  -----------  -------  ------  ------  ------  ------
rttOpen vs connect         127         0.30    585ms    0.7x   20.0%   30.0%   40.0%
rttRead vs query            64         0.22     1.2s    9.6x   40.0%   60.0%   50.0%
(Bias = measured/nip66, >1 = NIP-66 underestimates. TopK = overlap of K fastest relays.)
Monitor: 9ba0ce3dcc28..., 9bb7cd94d7b6..., 45df0580711f..., 9ba1d7892cd0..., 9b85d54cc4bc..., 0b01aa38c2cc..., http-api..., b2c949c0fb79..., 58faef87b342..., 9bbbb845e5b6...
[relay-scores] Updated scores for welshman-thompson: 33 relays, session 9
[relay-scores] Degrading relays (1): wss://offchain.pub
[relay-scores] Saved to .cache/relay_scores_07804b786c6a3b40_94608000_liveness_welshman-thompson.json

Thompson Sampling [welshman-thompson] learning state:
  Session: 9
  Relays with observations: 33
  Mean prior α: 32.1, β: 59.2
  Relays with strong preference (α>5): 17
  Relays learned to avoid (β>5): 23

JSON results written to: results/07804b786c6a3b40_1772971913745.json
