[0m[32mTask[0m [0m[36mbench[0m deno run --allow-net --allow-read --allow-write main.ts "07804b786c6a3b400b7b20d9bfc945035f3ad213da797b0c50954767c375c543" "--algorithms" "greedy,welshman,welshman-thompson" "--verify" "--verify-window" "94608000" "--verify-concurrency" "10" "--nip66-filter" "liveness" "--no-phase2-cache" "--fast" "--output" "both"
Target: 07804b786c6a3b40...
Seed: 0 | Filter: strict | Runs: 3
[fetch] Connecting to 3 indexer relays...
[fetch] wss://purplepag.es: connected (1147ms)
[fetch] wss://relay.damus.io: connected (276ms)
[fetch] wss://nos.lol: connected (779ms)
[fetch] Fetching kind 3 (contact list) for 07804b78...
[fetch] 353 follows to fetch relay lists for
[fetch] Fetched relay lists: 200/353
[fetch] Received 285 relay list events

=== Fetch Quality ===
Indexers: wss://purplepag.es (354 events, 1147ms), wss://relay.damus.io (198 events, 276ms), wss://nos.lol (285 events, 779ms)
Follows: 353 | With relay list: 283 (80.2%) | Missing: 70 (19.8%) | Filtered-to-empty: 2
Filter profile: strict | Filtered URLs: 32 (2 localhost, 4 insecure ws, 2 IP-only, 24 known-bad)
Unique valid write relays: 305 | Seed: 0
[nip66] Using cached monitor data (1152 relays)

=== NIP-66 Liveness Filter (liveness) ===
Monitor data: 1152 relays
Candidate relays: 305
  Known alive: 126
  Unknown (removed): 179
  .onion preserved: 1
  Parse-failed preserved: 0
  Authors filtered to empty: 3
Relays after filter: 126

=== Regime A: Fixed 20 Connections ===
  Algorithm                      |  Relays |   Assign% |  Orphans |  Alg.Orph |  Avg/pk |   Gini |    HHI
  -------------------------------+---------+-----------+----------+-----------+---------+--------+-------
  Greedy Set-Cover               |      20 |     78.8% |       75 |         5 |     1.9 |   0.79 |  0.268
  Weighted Stochastic (cap@20)   |      20 |     78.8% (0.0sd) | 74.66666666666667 | 4.666666666666667 |     2.5 |   0.55 |  0.127
  Welshman+Thompson (cap@20)     |      20 |     78.8% (0.0sd) | 74.66666666666667 | 4.666666666666667 |     2.5 |   0.55 |  0.127

=== Phase 2: Event Verification ===
Window: 94608000s | Kinds: 1 | Concurrency: 10
[baseline] Querying 126 relays for 280 authors (window: 94608000s)
[pool] CLOSED from wss://aggr.nostr.land: auth-required: auth required for aggregator
[pool] CLOSED from wss://sendit.nosflare.com: restricted: this relay does not accept REQs
[pool] CLOSED from wss://relay.getalby.com/v1: blocked: Request rejected
[pool] CLOSED from wss://bostr.erechorse.com: auth-required: authentication is required to perform this action.
[pool] CLOSED from wss://creatr.nostr.wine: auth-required: please authenticate before sending REQs
[baseline] Progress: 50/126 relays queried
[pool] CLOSED from wss://nostr-relay.moctane.net: auth-required: authentication required to subscribe
[pool] CLOSED from wss://relay.danieldaquino.me/private: auth-required: this query requires you to be authenticated
[pool] CLOSED from wss://greensoul.space: auth-required: only authenticated users can read from this relay
[pool] CLOSED from wss://inbox.nostr.wine: blocked: this relay does not store any of the kinds in this request
[pool] CLOSED from wss://hole.v0l.io: error: queries not allowed
[baseline] Progress: 100/126 relays queried
[pool] CLOSED from wss://relay.nosflare.com: auth-required: authentication required to subscribe
[baseline] Progress: 126/126 relays queried
[phase2] Subscription timeouts (no EOSE): 6
[phase2] CLOSED messages received: 11
  wss://aggr.nostr.land: auth-required: auth required for aggregator
  wss://sendit.nosflare.com: restricted: this relay does not accept REQs
  wss://relay.getalby.com/v1: blocked: Request rejected
  wss://bostr.erechorse.com: auth-required: authentication is required to perform this action.
  wss://creatr.nostr.wine: auth-required: please authenticate before sending REQs
  wss://nostr-relay.moctane.net: auth-required: authentication required to subscribe
  wss://relay.danieldaquino.me/private: auth-required: this query requires you to be authenticated
  wss://greensoul.space: auth-required: only authenticated users can read from this relay
  wss://inbox.nostr.wine: blocked: this relay does not store any of the kinds in this request
  wss://hole.v0l.io: error: queries not allowed

=== Phase 2: Event Verification (1095d window) ===
Baseline: 126 relays queried (77.8% success), 37s
  Timing: connect 735ms median (1.5s p95) | query 1.5s median (12.1s p95) | 6 timeouts (6 relays)
  Authors: 280 with relay data
    Testable (reliable): 155 | Testable (partial): 0 | Zero events: 124 | Unreliable: 1
  Baseline events: 50,784 (mean 327.6/author, median 47)
  Events per (relay,pubkey) capped at: 10000

  Headline metrics (155 testable-reliable authors, 50,784 baseline events):

  Algorithm                        |   Evt Recall |   Auth Recall |  Relay OK% |     TTFE |      p50 |      p80 | Timeouts
  ---------------------------------+--------------+---------------+------------+----------+----------+----------+---------
  Greedy Set-Cover                 |        13.1% |         79.4% |      85.0% |    673ms |     3.1s |     4.1s |        1
  Weighted Stochastic (seed=0, single run) |        13.6% |         82.6% |      90.0% |    673ms |     3.0s |     4.1s |        1
  Welshman+Thompson (seed=0, single run) |        13.6% |         82.6% |      90.0% |    673ms |     3.0s |     4.1s |        1

  Per-author recall distribution:
  Algorithm                        |   Median |  % at 0% |      p25 |      p75
  ---------------------------------+----------+----------+----------+---------
  Greedy Set-Cover                 |    38.3% |    20.6% |     1.2% |   100.0%
  Weighted Stochastic (seed=0, single run) |    84.0% |    17.4% |     1.8% |   100.0%
  Welshman+Thompson (seed=0, single run) |    84.0% |    17.4% |     1.8% |   100.0%

  Latency simulation (parallel relay query):
  Algorithm                        |     TTFE |      p50 |      p80 |      Max |   TO |   TO Tax |   Relays |   Events
  ---------------------------------+----------+----------+----------+----------+------+----------+----------+---------
  Greedy Set-Cover                 |    673ms |     3.1s |     4.1s |    18.3s |    1 |    15.0s | 17/18/20 |   15,901
  Weighted Stochastic (seed=0, single run) |    673ms |     3.0s |     4.1s |    18.3s |    1 |    15.0s | 18/19/20 |   16,550
  Welshman+Thompson (seed=0, single run) |    673ms |     3.0s |     4.1s |    18.3s |    1 |    15.0s | 18/19/20 |   16,550
  (Relays: with-events/connected/total | TO Tax: ceil(timeouts/concurrency) × EOSE timeout)

  Progressive completeness (% of recall achieved by time):
  Algorithm                        |      @1s |      @2s |      @5s |     @10s |     @15s
  ---------------------------------+----------+----------+----------+----------+---------
  Greedy Set-Cover                 |     0.0% |    15.0% |    79.3% |   100.0% |   100.0%
  Weighted Stochastic (seed=0, single run) |     0.0% |     0.9% |    73.2% |   100.0% |   100.0%
  Welshman+Thompson (seed=0, single run) |     0.0% |     0.9% |    73.2% |   100.0% |   100.0%

  EOSE-race simulation (stop after first EOSE + grace period):
  Algorithm                        |     +0ms |   +200ms |   +500ms |      +1s |      +2s
  ---------------------------------+----------+----------+----------+----------+---------
  Greedy Set-Cover                 |    15.0% |    15.0% |    15.0% |    37.5% |    78.7%
  Weighted Stochastic (seed=0, single run) |     0.2% |     0.2% |     0.9% |    52.3% |    62.7%
  Welshman+Thompson (seed=0, single run) |     0.2% |     0.2% |     0.9% |    52.3% |    62.7%
  (First EOSE: Greedy Set-Cover=1.4s, Weighted Stochastic (seed=0, single run)=1.7s, Welshman+Thompson (seed=0, single run)=1.7s)

  Profile-view latency (per-author outbox query, top 3 write relays):
    Authors simulated: 155 | Hit rate: 100.0%
    TTFE: 1.3s median, 1.2s mean, 1.7s p95
    Relays/profile: 2.8 queried, 2.6 with events, 0.03 timeouts

  Feed vs profile-view TTFE comparison:
  Algorithm                        |  Feed TTFE |  Profile TTFE |    Delta
  ---------------------------------+------------+---------------+---------
  Greedy Set-Cover                 |      673ms |          1.3s |   +614ms
  Weighted Stochastic (seed=0, single run) |      673ms |          1.3s |   +614ms
  Welshman+Thompson (seed=0, single run) |      673ms |          1.3s |   +614ms

=== NIP-66 RTT vs Measured Latency (111 relays, data age: 18min) ===
                             N   Spearman r      MAE    Bias    Top5   Top10   Top20
------------------------  ----  -----------  -------  ------  ------  ------  ------
rttOpen vs connect         111        -0.06    523ms    1.2x    0.0%    0.0%    5.0%
rttRead vs query            94        -0.16     1.8s    9.6x    0.0%   10.0%   10.0%
(Bias = measured/nip66, >1 = NIP-66 underestimates. TopK = overlap of K fastest relays.)
Monitor: 9bac3d58ef5a..., 9bbbb845e5b6..., 58faef87b342..., 9ba1d7892cd0..., http-api..., 9ba6484003e8..., 9ba046db56b8..., 0b01aa38c2cc..., 45df0580711f..., 9b85d54cc4bc..., b2c949c0fb79...
[relay-scores] Updated scores for welshman-thompson: 20 relays, session 1
[relay-scores] Saved to .cache/relay_scores_07804b786c6a3b40_94608000_liveness_welshman-thompson.json

Thompson Sampling [welshman-thompson] learning state:
  Session: 1
  Relays with observations: 20
  Mean prior α: 7.5, β: 13.8
  Relays with strong preference (α>5): 7
  Relays learned to avoid (β>5): 17

JSON results written to: results/07804b786c6a3b40_1773186322264.json
