[0m[32mTask[0m [0m[36mbench[0m deno run --allow-net --allow-read --allow-write main.ts "b3e43e8cc7e6dff23a33d9213a3e912d895b1c3e4250240e0c99dbefe3068b5f" "--algorithms" "greedy,welshman,welshman-thompson" "--verify" "--verify-window" "94608000" "--verify-concurrency" "10" "--nip66-filter" "liveness" "--no-phase2-cache" "--fast" "--output" "both"
Target: b3e43e8cc7e6dff2...
Seed: 0 | Filter: strict | Runs: 3
Using cached data (fetched 2026-03-10T23:46:32.177Z)

=== Fetch Quality ===
Indexers: wss://purplepag.es (1016 events, 997ms), wss://relay.damus.io (367 events, 1205ms), wss://nos.lol (597 events, 762ms)
Follows: 1017 | With relay list: 594 (58.4%) | Missing: 423 (41.6%) | Filtered-to-empty: 7
Filter profile: strict | Filtered URLs: 54 (5 localhost, 5 insecure ws, 5 IP-only, 39 known-bad)
Unique valid write relays: 367 | Seed: 0
[nip66] Connecting to 3 relays for kind 30166 events...
[nip66] wss://relaypag.es: connected (792ms)
[nip66] wss://relaypag.es: received 762 kind 30166 + 238 kind 1066 events
[nip66] wss://relay.nostr.watch: connected (265ms)
[nip66] wss://relay.nostr.watch: received 3900 kind 30166 + 1100 kind 1066 events
[nip66] wss://monitorlizard.nostr1.com: connected (489ms)
[nip66] wss://monitorlizard.nostr1.com: received 5000 kind 30166 + 0 kind 1066 events
[nip66] Trying nostr.watch HTTP API fallback...
[nip66] HTTP API returned 948 online relays
[nip66] Fetched NIP-66 data for 1118 relays via Nostr + 23 via HTTP API (1141 total)

=== NIP-66 Liveness Filter (liveness) ===
Monitor data: 1141 relays
Candidate relays: 367
  Known alive: 152
  Unknown (removed): 215
  .onion preserved: 4
  Parse-failed preserved: 0
  Authors filtered to empty: 14
Relays after filter: 152
[relay-scores] Loaded 28 relay priors (session 4, from 2026-03-11T00:26:21.905Z)

Thompson Sampling [welshman-thompson]: loaded 28 relay priors (session 4)

=== Regime A: Fixed 20 Connections ===
  Algorithm                      |  Relays |   Assign% |  Orphans |  Alg.Orph |  Avg/pk |   Gini |    HHI
  -------------------------------+---------+-----------+----------+-----------+---------+--------+-------
  Greedy Set-Cover               |      20 |     56.7% |      440 |        17 |     1.9 |   0.80 |  0.295
  Weighted Stochastic (cap@20)   |      20 |     56.6% (0.0sd) |      441 |        18 |     2.5 |   0.62 |  0.150
  Welshman+Thompson (cap@20)     |      20 |     56.7% (0.0sd) |      440 |        17 |     2.5 |   0.70 |  0.185

=== Phase 2: Event Verification ===
Window: 94608000s | Kinds: 1 | Concurrency: 10
[baseline] Querying 152 relays for 580 authors (window: 94608000s)
[pool] CLOSED from wss://bostr.erechorse.com: auth-required: authentication is required to perform this action.
[pool] CLOSED from wss://aggr.nostr.land: auth-required: auth required for aggregator
[baseline] Progress: 50/152 relays queried
[pool] CLOSED from wss://inbox.nostr.wine: blocked: this relay does not store any of the kinds in this request
[pool] CLOSED from wss://creatr.nostr.wine: auth-required: please authenticate before sending REQs
[pool] CLOSED from wss://relay.getalby.com/v1: blocked: Request rejected
[pool] CLOSED from wss://sendit.nosflare.com: restricted: this relay does not accept REQs
[pool] CLOSED from wss://hole.v0l.io: error: queries not allowed
[baseline] Progress: 100/152 relays queried
[pool] CLOSED from wss://relay.nosflare.com: auth-required: authentication required to subscribe
[pool] CLOSED from wss://groups.0xchat.com: blocked: invalid query, must have 'h', 'e' or 'a' tag
[pool] CLOSED from wss://relay.danieldaquino.me/private: auth-required: this query requires you to be authenticated
[pool] CLOSED from wss://relay29.notoshi.win: blocked: invalid query, must have 'h', 'e' or 'a' tag
[pool] CLOSED from wss://auth.nostr1.com: auth-required: you must auth
[pool] CLOSED from wss://nostr-relay.moctane.net: auth-required: authentication required to subscribe
[pool] CLOSED from wss://groups.yugoatobe.com: blocked: invalid query, must have 'h', 'e' or 'a' tag
[baseline] Progress: 150/152 relays queried
[baseline] Progress: 152/152 relays queried
[phase2] Subscription timeouts (no EOSE): 10
[phase2] CLOSED messages received: 14
  wss://bostr.erechorse.com: auth-required: authentication is required to perform this action.
  wss://aggr.nostr.land: auth-required: auth required for aggregator
  wss://inbox.nostr.wine: blocked: this relay does not store any of the kinds in this request
  wss://creatr.nostr.wine: auth-required: please authenticate before sending REQs
  wss://relay.getalby.com/v1: blocked: Request rejected
  wss://sendit.nosflare.com: restricted: this relay does not accept REQs
  wss://hole.v0l.io: error: queries not allowed
  wss://relay.nosflare.com: auth-required: authentication required to subscribe
  wss://groups.0xchat.com: blocked: invalid query, must have 'h', 'e' or 'a' tag
  wss://relay.danieldaquino.me/private: auth-required: this query requires you to be authenticated

=== Phase 2: Event Verification (1095d window) ===
Baseline: 152 relays queried (78.3% success), 46s
  Timing: connect 745ms median (1.4s p95) | query 1.3s median (15.7s p95) | 10 timeouts (10 relays)
  Authors: 580 with relay data
    Testable (reliable): 257 | Testable (partial): 1 | Zero events: 312 | Unreliable: 10
  Baseline events: 57,479 (mean 222.8/author, median 35)
  Events per (relay,pubkey) capped at: 10000

  Headline metrics (257 testable-reliable authors, 57,478 baseline events):

  Algorithm                        |   Evt Recall |   Auth Recall |  Relay OK% |     TTFE |      p50 |      p80 | Timeouts
  ---------------------------------+--------------+---------------+------------+----------+----------+----------+---------
  Greedy Set-Cover                 |        15.2% |         77.4% |      90.0% |     1.1s |     2.6s |     4.5s |        1
  Weighted Stochastic (seed=0, single run) |        25.5% |         87.9% |      95.0% |    844ms |     2.6s |     4.3s |        0
  Welshman+Thompson (seed=0, single run) |        21.4% |         89.9% |      95.0% |     1.1s |     2.6s |     4.3s |        0

  Per-author recall distribution:
  Algorithm                        |   Median |  % at 0% |      p25 |      p75
  ---------------------------------+----------+----------+----------+---------
  Greedy Set-Cover                 |    31.0% |    22.6% |     0.5% |   100.0%
  Weighted Stochastic (seed=0, single run) |   100.0% |    12.1% |    20.0% |   100.0%
  Welshman+Thompson (seed=0, single run) |   100.0% |    10.1% |    34.6% |   100.0%

  Latency simulation (parallel relay query):
  Algorithm                        |     TTFE |      p50 |      p80 |      Max |   TO |   TO Tax |   Relays |   Events
  ---------------------------------+----------+----------+----------+----------+------+----------+----------+---------
  Greedy Set-Cover                 |     1.1s |     2.6s |     4.5s |    16.5s |    1 |    15.0s | 18/19/20 |   22,145
  Weighted Stochastic (seed=0, single run) |    844ms |     2.6s |     4.3s |     7.0s |    0 |      0ms | 19/19/20 |   24,851
  Welshman+Thompson (seed=0, single run) |     1.1s |     2.6s |     4.3s |     7.0s |    0 |      0ms | 19/19/20 |   24,851
  (Relays: with-events/connected/total | TO Tax: ceil(timeouts/concurrency) × EOSE timeout)

  Progressive completeness (% of recall achieved by time):
  Algorithm                        |      @1s |      @2s |      @5s |     @10s |     @15s
  ---------------------------------+----------+----------+----------+----------+---------
  Greedy Set-Cover                 |     0.0% |     1.5% |    32.7% |   100.0% |   100.0%
  Weighted Stochastic (seed=0, single run) |     0.0% |     8.0% |    59.6% |   100.0% |   100.0%
  Welshman+Thompson (seed=0, single run) |     0.0% |     3.6% |    41.6% |   100.0% |   100.0%

  EOSE-race simulation (stop after first EOSE + grace period):
  Algorithm                        |     +0ms |   +200ms |   +500ms |      +1s |      +2s
  ---------------------------------+----------+----------+----------+----------+---------
  Greedy Set-Cover                 |     0.0% |     0.0% |     1.0% |     2.9% |    28.0%
  Weighted Stochastic (seed=0, single run) |     3.1% |     3.1% |     5.5% |     8.0% |    34.2%
  Welshman+Thompson (seed=0, single run) |     0.2% |     0.2% |     3.6% |     6.8% |    28.4%
  (First EOSE: Greedy Set-Cover=1.4s, Weighted Stochastic (seed=0, single run)=1.1s, Welshman+Thompson (seed=0, single run)=1.4s)

  Profile-view latency (per-author outbox query, top 3 write relays):
    Authors simulated: 258 | Hit rate: 99.6%
    TTFE: 1.7s median, 1.6s mean, 2.0s p95
    Relays/profile: 2.7 queried, 2.1 with events, 0.03 timeouts

  Feed vs profile-view TTFE comparison:
  Algorithm                        |  Feed TTFE |  Profile TTFE |    Delta
  ---------------------------------+------------+---------------+---------
  Greedy Set-Cover                 |       1.1s |          1.7s |   +561ms
  Weighted Stochastic (seed=0, single run) |      844ms |          1.7s |   +846ms
  Welshman+Thompson (seed=0, single run) |       1.1s |          1.7s |   +561ms

  Including partial-baseline authors (258 testable authors, 57,479 baseline events):

  Algorithm                        |   Evt Recall |   Auth Recall
  ---------------------------------+--------------+--------------
  Greedy Set-Cover                 |        15.2% |         77.5%
  Weighted Stochastic (seed=0, single run) |        25.5% |         88.0%
  Welshman+Thompson (seed=0, single run) |        21.4% |         89.9%

=== NIP-66 RTT vs Measured Latency (139 relays, data age: 4min) ===
                             N   Spearman r      MAE    Bias    Top5   Top10   Top20
------------------------  ----  -----------  -------  ------  ------  ------  ------
rttOpen vs connect         139         0.39    418ms    1.0x   20.0%   10.0%   30.0%
rttRead vs query           121         0.21     2.0s    8.0x    0.0%   30.0%   40.0%
(Bias = measured/nip66, >1 = NIP-66 underestimates. TopK = overlap of K fastest relays.)
Monitor: 9ba0ce3dcc28..., 9ba6484003e8..., 9b85d54cc4bc..., 9ba046db56b8..., b2c949c0fb79..., 9bbbb845e5b6..., 0b01aa38c2cc..., http-api...
[relay-scores] Updated scores for welshman-thompson: 29 relays, session 5
[relay-scores] Degrading relays (3): wss://nostr.bitcoiner.social, wss://relay.ditto.pub, wss://nostr.land
[relay-scores] Saved to .cache/relay_scores_b3e43e8cc7e6dff2_94608000_liveness_welshman-thompson.json

Thompson Sampling [welshman-thompson] learning state:
  Session: 5
  Relays with observations: 29
  Mean prior α: 40.7, β: 63.5
  Relays with strong preference (α>5): 14
  Relays learned to avoid (β>5): 24

JSON results written to: results/b3e43e8cc7e6dff2_1773189524532.json
