[0m[32mTask[0m [0m[36mbench[0m deno run --allow-net --allow-read --allow-write main.ts "b3e43e8cc7e6dff23a33d9213a3e912d895b1c3e4250240e0c99dbefe3068b5f" "--algorithms" "greedy,welshman,welshman-thompson" "--verify" "--verify-window" "94608000" "--verify-concurrency" "10" "--nip66-filter" "liveness" "--no-phase2-cache" "--fast" "--output" "both"
Target: b3e43e8cc7e6dff2...
Seed: 0 | Filter: strict | Runs: 3
Using cached data (fetched 2026-03-08T11:23:20.396Z)

=== Fetch Quality ===
Indexers: wss://purplepag.es (1016 events, 1333ms), wss://relay.damus.io (366 events, 285ms), wss://nos.lol (597 events, 1585ms)
Follows: 1017 | With relay list: 594 (58.4%) | Missing: 423 (41.6%) | Filtered-to-empty: 7
Filter profile: strict | Filtered URLs: 54 (5 localhost, 5 insecure ws, 5 IP-only, 39 known-bad)
Unique valid write relays: 366 | Seed: 0
[nip66] Using cached monitor data (1145 relays)

=== NIP-66 Liveness Filter (liveness) ===
Monitor data: 1145 relays
Candidate relays: 366
  Known alive: 165
  Unknown (removed): 201
  .onion preserved: 5
  Parse-failed preserved: 0
  Authors filtered to empty: 14
Relays after filter: 165
[relay-scores] Loaded 27 relay priors (session 5, from 2026-03-07T21:35:04.795Z)

Thompson Sampling [welshman-thompson]: loaded 27 relay priors (session 5)

=== Regime A: Fixed 20 Connections ===
  Algorithm                      |  Relays |   Assign% |  Orphans |  Alg.Orph |  Avg/pk |   Gini |    HHI
  -------------------------------+---------+-----------+----------+-----------+---------+--------+-------
  Greedy Set-Cover               |      20 |     56.7% |      440 |        17 |     1.9 |   0.80 |  0.294
  Weighted Stochastic (cap@20)   |      20 |     56.5% (0.0sd) | 442.3333333333333 | 19.333333333333332 |     2.5 |   0.60 |  0.146
  Welshman+Thompson (cap@20)     |      20 |     56.7% (0.0sd) |      440 |        17 |     2.5 |   0.68 |  0.176

=== Phase 2: Event Verification ===
Window: 94608000s | Kinds: 1 | Concurrency: 10
[baseline] Querying 165 relays for 580 authors (window: 94608000s)
[baseline] Progress: 50/165 relays queried
[pool] CLOSED from wss://bostr.erechorse.com: auth-required: authentication is required to perform this action.
[pool] CLOSED from wss://sendit.nosflare.com: restricted: this relay does not accept REQs
[pool] CLOSED from wss://hole.v0l.io: error: queries not allowed
[baseline] Progress: 100/165 relays queried
[pool] CLOSED from wss://relay.nosflare.com: auth-required: authentication required to subscribe
[pool] CLOSED from wss://groups.0xchat.com: blocked: invalid query, must have 'h', 'e' or 'a' tag
[pool] CLOSED from wss://relay.danieldaquino.me/chat: blocked: you must be in the web of trust to chat with the relay owner
[pool] CLOSED from wss://relay.danieldaquino.me/private: auth-required: this query requires you to be authenticated
[pool] CLOSED from wss://auth.nostr1.com: auth-required: you must auth
[pool] CLOSED from wss://relay29.notoshi.win: blocked: invalid query, must have 'h', 'e' or 'a' tag
[pool] CLOSED from wss://nostr-relay.moctane.net: auth-required: authentication required to subscribe
[pool] CLOSED from wss://groups.yugoatobe.com: blocked: invalid query, must have 'h', 'e' or 'a' tag
[baseline] Progress: 150/165 relays queried
[baseline] Progress: 165/165 relays queried
[phase2] Subscription timeouts (no EOSE): 10
[phase2] CLOSED messages received: 11
  wss://bostr.erechorse.com: auth-required: authentication is required to perform this action.
  wss://sendit.nosflare.com: restricted: this relay does not accept REQs
  wss://hole.v0l.io: error: queries not allowed
  wss://relay.nosflare.com: auth-required: authentication required to subscribe
  wss://groups.0xchat.com: blocked: invalid query, must have 'h', 'e' or 'a' tag
  wss://relay.danieldaquino.me/chat: blocked: you must be in the web of trust to chat with the relay owner
  wss://relay.danieldaquino.me/private: auth-required: this query requires you to be authenticated
  wss://auth.nostr1.com: auth-required: you must auth
  wss://relay29.notoshi.win: blocked: invalid query, must have 'h', 'e' or 'a' tag
  wss://nostr-relay.moctane.net: auth-required: authentication required to subscribe

=== Phase 2: Event Verification (1095d window) ===
Baseline: 165 relays queried (64.8% success), 42s
  Timing: connect 713ms median (1.6s p95) | query 1.3s median (15.6s p95) | 10 timeouts (10 relays)
  Authors: 580 with relay data
    Testable (reliable): 255 | Testable (partial): 4 | Zero events: 318 | Unreliable: 3
  Baseline events: 45,417 (mean 175.4/author, median 38)
  Events per (relay,pubkey) capped at: 10000

  Headline metrics (255 testable-reliable authors, 45,246 baseline events):

  Algorithm                        |   Evt Recall |   Auth Recall |  Relay OK% |     TTFE |      p50 |      p80 | Timeouts
  ---------------------------------+--------------+---------------+------------+----------+----------+----------+---------
  Greedy Set-Cover                 |        23.3% |         81.6% |      85.0% |    733ms |     2.6s |     3.9s |        1
  Weighted Stochastic (seed=0, single run) |        32.6% |         88.2% |      90.0% |    641ms |     2.6s |     3.9s |        0
  Welshman+Thompson (seed=0, single run) |        35.7% |         89.4% |      90.0% |    733ms |     2.6s |     3.9s |        0

  Per-author recall distribution:
  Algorithm                        |   Median |  % at 0% |      p25 |      p75
  ---------------------------------+----------+----------+----------+---------
  Greedy Set-Cover                 |    64.4% |    18.4% |     3.5% |   100.0%
  Weighted Stochastic (seed=0, single run) |   100.0% |    11.8% |    20.0% |   100.0%
  Welshman+Thompson (seed=0, single run) |   100.0% |    10.6% |    24.1% |   100.0%

  Latency simulation (parallel relay query):
  Algorithm                        |     TTFE |      p50 |      p80 |      Max |   TO |   TO Tax |   Relays |   Events
  ---------------------------------+----------+----------+----------+----------+------+----------+----------+---------
  Greedy Set-Cover                 |    733ms |     2.6s |     3.9s |    16.6s |    1 |    15.0s | 17/18/20 |   26,024
  Weighted Stochastic (seed=0, single run) |    641ms |     2.6s |     3.9s |     7.5s |    0 |      0ms | 18/18/20 |   32,711
  Welshman+Thompson (seed=0, single run) |    733ms |     2.6s |     3.9s |     7.5s |    0 |      0ms | 18/18/20 |   32,711
  (Relays: with-events/connected/total | TO Tax: ceil(timeouts/concurrency) × EOSE timeout)

  Progressive completeness (% of recall achieved by time):
  Algorithm                        |      @1s |      @2s |      @5s |     @10s |     @15s
  ---------------------------------+----------+----------+----------+----------+---------
  Greedy Set-Cover                 |     0.0% |    38.9% |    66.3% |   100.0% |   100.0%
  Weighted Stochastic (seed=0, single run) |     0.3% |    29.4% |    75.4% |   100.0% |   100.0%
  Welshman+Thompson (seed=0, single run) |     0.0% |    24.7% |    75.7% |   100.0% |   100.0%

  EOSE-race simulation (stop after first EOSE + grace period):
  Algorithm                        |     +0ms |   +200ms |   +500ms |      +1s |      +2s
  ---------------------------------+----------+----------+----------+----------+---------
  Greedy Set-Cover                 |     0.0% |     1.3% |     1.4% |    38.9% |    59.2%
  Weighted Stochastic (seed=0, single run) |     0.3% |     0.3% |     1.9% |     4.6% |    52.8%
  Welshman+Thompson (seed=0, single run) |     2.4% |     2.4% |     3.0% |    25.1% |    53.0%
  (First EOSE: Greedy Set-Cover=1.3s, Weighted Stochastic (seed=0, single run)=787ms, Welshman+Thompson (seed=0, single run)=1.3s)

  Profile-view latency (per-author outbox query, top 3 write relays):
    Authors simulated: 259 | Hit rate: 100.0%
    TTFE: 734ms median, 1.2s mean, 1.8s p95
    Relays/profile: 2.8 queried, 2.6 with events, 0.01 timeouts

  Feed vs profile-view TTFE comparison:
  Algorithm                        |  Feed TTFE |  Profile TTFE |    Delta
  ---------------------------------+------------+---------------+---------
  Greedy Set-Cover                 |      733ms |         734ms |     +1ms
  Weighted Stochastic (seed=0, single run) |      641ms |         734ms |    +93ms
  Welshman+Thompson (seed=0, single run) |      733ms |         734ms |     +1ms

  Including partial-baseline authors (259 testable authors, 45,417 baseline events):

  Algorithm                        |   Evt Recall |   Auth Recall
  ---------------------------------+--------------+--------------
  Greedy Set-Cover                 |        23.6% |         81.9%
  Weighted Stochastic (seed=0, single run) |        32.6% |         87.6%
  Welshman+Thompson (seed=0, single run) |        35.9% |         89.6%

=== NIP-66 RTT vs Measured Latency (127 relays, data age: 39min) ===
                             N   Spearman r      MAE    Bias    Top5   Top10   Top20
------------------------  ----  -----------  -------  ------  ------  ------  ------
rttOpen vs connect         127         0.19    596ms    0.7x   20.0%   40.0%   50.0%
rttRead vs query            69         0.25     1.6s    8.1x   60.0%   50.0%   45.0%
(Bias = measured/nip66, >1 = NIP-66 underestimates. TopK = overlap of K fastest relays.)
Monitor: 9ba1d7892cd0..., 45df0580711f..., 9ba0ce3dcc28..., 0b01aa38c2cc..., 9bb7cd94d7b6..., b2c949c0fb79..., 58faef87b342..., http-api..., 9bbbb845e5b6..., 9b85d54cc4bc...
[relay-scores] Updated scores for welshman-thompson: 29 relays, session 6
[relay-scores] Saved to .cache/relay_scores_b3e43e8cc7e6dff2_94608000_liveness_welshman-thompson.json

Thompson Sampling [welshman-thompson] learning state:
  Session: 6
  Relays with observations: 29
  Mean prior α: 49.0, β: 75.1
  Relays with strong preference (α>5): 19
  Relays learned to avoid (β>5): 26

JSON results written to: results/b3e43e8cc7e6dff2_1772969812306.json
