[0m[32mTask[0m [0m[36mbench[0m deno run --allow-net --allow-read --allow-write main.ts "b3e43e8cc7e6dff23a33d9213a3e912d895b1c3e4250240e0c99dbefe3068b5f" "--algorithms" "greedy,welshman,welshman-thompson" "--verify" "--verify-window" "94608000" "--verify-concurrency" "10" "--nip66-filter" "liveness" "--no-phase2-cache" "--fast" "--output" "both"
Target: b3e43e8cc7e6dff2...
Seed: 0 | Filter: strict | Runs: 3
Using cached data (fetched 2026-03-10T23:46:32.177Z)

=== Fetch Quality ===
Indexers: wss://purplepag.es (1016 events, 997ms), wss://relay.damus.io (367 events, 1205ms), wss://nos.lol (597 events, 762ms)
Follows: 1017 | With relay list: 594 (58.4%) | Missing: 423 (41.6%) | Filtered-to-empty: 7
Filter profile: strict | Filtered URLs: 54 (5 localhost, 5 insecure ws, 5 IP-only, 39 known-bad)
Unique valid write relays: 367 | Seed: 0
[nip66] Using cached monitor data (1152 relays)

=== NIP-66 Liveness Filter (liveness) ===
Monitor data: 1152 relays
Candidate relays: 367
  Known alive: 154
  Unknown (removed): 213
  .onion preserved: 6
  Parse-failed preserved: 0
  Authors filtered to empty: 14
Relays after filter: 154
[relay-scores] Loaded 20 relay priors (session 1, from 2026-03-10T23:47:14.715Z)

Thompson Sampling [welshman-thompson]: loaded 20 relay priors (session 1)

=== Regime A: Fixed 20 Connections ===
  Algorithm                      |  Relays |   Assign% |  Orphans |  Alg.Orph |  Avg/pk |   Gini |    HHI
  -------------------------------+---------+-----------+----------+-----------+---------+--------+-------
  Greedy Set-Cover               |      20 |     56.7% |      440 |        17 |     1.9 |   0.80 |  0.294
  Weighted Stochastic (cap@20)   |      20 |     56.6% (0.0sd) | 441.6666666666667 | 18.666666666666668 |     2.5 |   0.60 |  0.147
  Welshman+Thompson (cap@20)     |      20 |     56.6% (0.0sd) | 441.3333333333333 | 18.333333333333332 |     2.5 |   0.69 |  0.182

=== Phase 2: Event Verification ===
Window: 94608000s | Kinds: 1 | Concurrency: 10
[baseline] Querying 154 relays for 580 authors (window: 94608000s)
[pool] CLOSED from wss://bostr.erechorse.com: auth-required: authentication is required to perform this action.
[pool] CLOSED from wss://aggr.nostr.land: auth-required: auth required for aggregator
[baseline] Progress: 50/154 relays queried
[pool] CLOSED from wss://inbox.nostr.wine: blocked: this relay does not store any of the kinds in this request
[pool] CLOSED from wss://creatr.nostr.wine: auth-required: please authenticate before sending REQs
[pool] CLOSED from wss://relay.getalby.com/v1: blocked: Request rejected
[pool] CLOSED from wss://sendit.nosflare.com: restricted: this relay does not accept REQs
[pool] CLOSED from wss://hole.v0l.io: error: queries not allowed
[baseline] Progress: 100/154 relays queried
[pool] CLOSED from wss://relay.nosflare.com: auth-required: authentication required to subscribe
[pool] CLOSED from wss://groups.0xchat.com: blocked: invalid query, must have 'h', 'e' or 'a' tag
[pool] CLOSED from wss://relay.danieldaquino.me/private: auth-required: this query requires you to be authenticated
[pool] CLOSED from wss://auth.nostr1.com: auth-required: you must auth
[pool] CLOSED from wss://relay29.notoshi.win: blocked: invalid query, must have 'h', 'e' or 'a' tag
[pool] CLOSED from wss://nostr-relay.moctane.net: auth-required: authentication required to subscribe
[pool] CLOSED from wss://groups.yugoatobe.com: blocked: invalid query, must have 'h', 'e' or 'a' tag
[baseline] Progress: 150/154 relays queried
[baseline] Progress: 154/154 relays queried
[phase2] Subscription timeouts (no EOSE): 8
[phase2] CLOSED messages received: 14
  wss://bostr.erechorse.com: auth-required: authentication is required to perform this action.
  wss://aggr.nostr.land: auth-required: auth required for aggregator
  wss://inbox.nostr.wine: blocked: this relay does not store any of the kinds in this request
  wss://creatr.nostr.wine: auth-required: please authenticate before sending REQs
  wss://relay.getalby.com/v1: blocked: Request rejected
  wss://sendit.nosflare.com: restricted: this relay does not accept REQs
  wss://hole.v0l.io: error: queries not allowed
  wss://relay.nosflare.com: auth-required: authentication required to subscribe
  wss://groups.0xchat.com: blocked: invalid query, must have 'h', 'e' or 'a' tag
  wss://relay.danieldaquino.me/private: auth-required: this query requires you to be authenticated

=== Phase 2: Event Verification (1095d window) ===
Baseline: 154 relays queried (79.2% success), 48s
  Timing: connect 773ms median (1.4s p95) | query 1.6s median (14.7s p95) | 8 timeouts (8 relays)
  Authors: 580 with relay data
    Testable (reliable): 260 | Testable (partial): 0 | Zero events: 318 | Unreliable: 2
  Baseline events: 58,506 (mean 225.0/author, median 37)
  Events per (relay,pubkey) capped at: 10000

  Headline metrics (260 testable-reliable authors, 58,506 baseline events):

  Algorithm                        |   Evt Recall |   Auth Recall |  Relay OK% |     TTFE |      p50 |      p80 | Timeouts
  ---------------------------------+--------------+---------------+------------+----------+----------+----------+---------
  Greedy Set-Cover                 |        18.1% |         81.2% |      90.0% |    797ms |     3.4s |     6.3s |        1
  Weighted Stochastic (seed=0, single run) |        25.2% |         87.7% |      90.0% |    797ms |     3.4s |     5.5s |        0
  Welshman+Thompson (seed=0, single run) |        22.6% |         88.8% |      90.0% |    797ms |     3.2s |     4.3s |        0

  Per-author recall distribution:
  Algorithm                        |   Median |  % at 0% |      p25 |      p75
  ---------------------------------+----------+----------+----------+---------
  Greedy Set-Cover                 |    57.4% |    18.8% |     2.2% |   100.0%
  Weighted Stochastic (seed=0, single run) |   100.0% |    12.3% |    13.1% |   100.0%
  Welshman+Thompson (seed=0, single run) |   100.0% |    11.2% |    21.1% |   100.0%

  Latency simulation (parallel relay query):
  Algorithm                        |     TTFE |      p50 |      p80 |      Max |   TO |   TO Tax |   Relays |   Events
  ---------------------------------+----------+----------+----------+----------+------+----------+----------+---------
  Greedy Set-Cover                 |    797ms |     3.4s |     6.3s |    16.7s |    1 |    15.0s | 18/19/20 |   26,156
  Weighted Stochastic (seed=0, single run) |    797ms |     3.4s |     5.5s |    14.8s |    0 |      0ms | 18/18/20 |   28,303
  Welshman+Thompson (seed=0, single run) |    797ms |     3.2s |     4.3s |    14.8s |    0 |      0ms | 18/18/20 |   27,353
  (Relays: with-events/connected/total | TO Tax: ceil(timeouts/concurrency) × EOSE timeout)

  Progressive completeness (% of recall achieved by time):
  Algorithm                        |      @1s |      @2s |      @5s |     @10s |     @15s
  ---------------------------------+----------+----------+----------+----------+---------
  Greedy Set-Cover                 |     0.0% |    16.3% |    62.8% |   100.0% |   100.0%
  Weighted Stochastic (seed=0, single run) |     0.0% |    16.6% |    59.2% |    98.8% |   100.0%
  Welshman+Thompson (seed=0, single run) |     0.0% |    13.2% |    58.9% |    99.1% |   100.0%

  EOSE-race simulation (stop after first EOSE + grace period):
  Algorithm                        |     +0ms |   +200ms |   +500ms |      +1s |      +2s
  ---------------------------------+----------+----------+----------+----------+---------
  Greedy Set-Cover                 |     0.0% |     0.0% |     0.1% |    54.5% |    61.9%
  Weighted Stochastic (seed=0, single run) |     1.5% |     1.5% |     1.5% |    36.0% |    47.0%
  Welshman+Thompson (seed=0, single run) |     0.7% |     0.7% |     1.5% |    37.0% |    56.7%
  (First EOSE: Greedy Set-Cover=1.5s, Weighted Stochastic (seed=0, single run)=1.5s, Welshman+Thompson (seed=0, single run)=1.5s)

  Profile-view latency (per-author outbox query, top 3 write relays):
    Authors simulated: 260 | Hit rate: 100.0%
    TTFE: 1.0s median, 1.2s mean, 1.7s p95
    Relays/profile: 2.8 queried, 2.6 with events, 0.02 timeouts

  Feed vs profile-view TTFE comparison:
  Algorithm                        |  Feed TTFE |  Profile TTFE |    Delta
  ---------------------------------+------------+---------------+---------
  Greedy Set-Cover                 |      797ms |          1.0s |   +243ms
  Weighted Stochastic (seed=0, single run) |      797ms |          1.0s |   +243ms
  Welshman+Thompson (seed=0, single run) |      797ms |          1.0s |   +243ms

=== NIP-66 RTT vs Measured Latency (140 relays, data age: 31min) ===
                             N   Spearman r      MAE    Bias    Top5   Top10   Top20
------------------------  ----  -----------  -------  ------  ------  ------  ------
rttOpen vs connect         140        -0.01    527ms    1.5x    0.0%    0.0%   10.0%
rttRead vs query           121        -0.00     2.1s   10.6x    0.0%   10.0%   15.0%
(Bias = measured/nip66, >1 = NIP-66 underestimates. TopK = overlap of K fastest relays.)
Monitor: 9ba1d7892cd0..., 9bbbb845e5b6..., 9bac3d58ef5a..., 0b01aa38c2cc..., 58faef87b342..., 9ba046db56b8..., 45df0580711f..., b2c949c0fb79..., http-api..., 9ba6484003e8..., 9b85d54cc4bc...
[relay-scores] Updated scores for welshman-thompson: 23 relays, session 2
[relay-scores] Saved to .cache/relay_scores_b3e43e8cc7e6dff2_94608000_liveness_welshman-thompson.json

Thompson Sampling [welshman-thompson] learning state:
  Session: 2
  Relays with observations: 23
  Mean prior α: 22.1, β: 35.2
  Relays with strong preference (α>5): 13
  Relays learned to avoid (β>5): 20

JSON results written to: results/b3e43e8cc7e6dff2_1773187271542.json
