[0m[32mTask[0m [0m[36mbench[0m deno run --allow-net --allow-read --allow-write main.ts "b3e43e8cc7e6dff23a33d9213a3e912d895b1c3e4250240e0c99dbefe3068b5f" "--algorithms" "greedy,welshman,welshman-thompson" "--verify" "--verify-window" "94608000" "--verify-concurrency" "10" "--nip66-filter" "liveness" "--no-phase2-cache" "--fast" "--output" "both"
Target: b3e43e8cc7e6dff2...
Seed: 0 | Filter: strict | Runs: 3
Using cached data (fetched 2026-03-08T11:23:20.396Z)

=== Fetch Quality ===
Indexers: wss://purplepag.es (1016 events, 1333ms), wss://relay.damus.io (366 events, 285ms), wss://nos.lol (597 events, 1585ms)
Follows: 1017 | With relay list: 594 (58.4%) | Missing: 423 (41.6%) | Filtered-to-empty: 7
Filter profile: strict | Filtered URLs: 54 (5 localhost, 5 insecure ws, 5 IP-only, 39 known-bad)
Unique valid write relays: 366 | Seed: 0
[nip66] Using cached monitor data (1145 relays)

=== NIP-66 Liveness Filter (liveness) ===
Monitor data: 1145 relays
Candidate relays: 366
  Known alive: 165
  Unknown (removed): 201
  .onion preserved: 5
  Parse-failed preserved: 0
  Authors filtered to empty: 14
Relays after filter: 165
[relay-scores] Loaded 29 relay priors (session 8, from 2026-03-08T12:01:22.650Z)

Thompson Sampling [welshman-thompson]: loaded 29 relay priors (session 8)

=== Regime A: Fixed 20 Connections ===
  Algorithm                      |  Relays |   Assign% |  Orphans |  Alg.Orph |  Avg/pk |   Gini |    HHI
  -------------------------------+---------+-----------+----------+-----------+---------+--------+-------
  Greedy Set-Cover               |      20 |     56.7% |      440 |        17 |     1.9 |   0.80 |  0.294
  Weighted Stochastic (cap@20)   |      20 |     56.5% (0.0sd) | 442.3333333333333 | 19.333333333333332 |     2.5 |   0.60 |  0.146
  Welshman+Thompson (cap@20)     |      20 |     56.8% (0.0sd) | 439.6666666666667 | 16.666666666666668 |     2.5 |   0.69 |  0.182

=== Phase 2: Event Verification ===
Window: 94608000s | Kinds: 1 | Concurrency: 10
[baseline] Querying 165 relays for 580 authors (window: 94608000s)
[pool] CLOSED from wss://bostr.erechorse.com: auth-required: authentication is required to perform this action.
[pool] CLOSED from wss://aggr.nostr.land: auth-required: auth required for aggregator
[baseline] Progress: 50/165 relays queried
[pool] CLOSED from wss://inbox.nostr.wine: blocked: this relay does not store any of the kinds in this request
[pool] CLOSED from wss://creatr.nostr.wine: auth-required: please authenticate before sending REQs
[pool] CLOSED from wss://relay.getalby.com/v1: blocked: Request rejected
[pool] CLOSED from wss://sendit.nosflare.com: restricted: this relay does not accept REQs
[pool] CLOSED from wss://hole.v0l.io: error: queries not allowed
[baseline] Progress: 100/165 relays queried
[pool] CLOSED from wss://relay.nosflare.com: auth-required: authentication required to subscribe
[pool] CLOSED from wss://groups.0xchat.com: blocked: invalid query, must have 'h', 'e' or 'a' tag
[pool] CLOSED from wss://relay.danieldaquino.me/chat: blocked: you must be in the web of trust to chat with the relay owner
[pool] CLOSED from wss://relay.danieldaquino.me/private: auth-required: this query requires you to be authenticated
[pool] CLOSED from wss://auth.nostr1.com: auth-required: you must auth
[pool] CLOSED from wss://relay29.notoshi.win: blocked: invalid query, must have 'h', 'e' or 'a' tag
[pool] CLOSED from wss://nostr-relay.moctane.net: auth-required: authentication required to subscribe
[baseline] Progress: 150/165 relays queried
[pool] CLOSED from wss://groups.yugoatobe.com: blocked: invalid query, must have 'h', 'e' or 'a' tag
[baseline] Progress: 165/165 relays queried
[phase2] Subscription timeouts (no EOSE): 9
[phase2] CLOSED messages received: 15
  wss://bostr.erechorse.com: auth-required: authentication is required to perform this action.
  wss://aggr.nostr.land: auth-required: auth required for aggregator
  wss://inbox.nostr.wine: blocked: this relay does not store any of the kinds in this request
  wss://creatr.nostr.wine: auth-required: please authenticate before sending REQs
  wss://relay.getalby.com/v1: blocked: Request rejected
  wss://sendit.nosflare.com: restricted: this relay does not accept REQs
  wss://hole.v0l.io: error: queries not allowed
  wss://relay.nosflare.com: auth-required: authentication required to subscribe
  wss://groups.0xchat.com: blocked: invalid query, must have 'h', 'e' or 'a' tag
  wss://relay.danieldaquino.me/chat: blocked: you must be in the web of trust to chat with the relay owner

=== Phase 2: Event Verification (1095d window) ===
Baseline: 165 relays queried (77.0% success), 45s
  Timing: connect 742ms median (1.7s p95) | query 1.3s median (15.4s p95) | 9 timeouts (9 relays)
  Authors: 580 with relay data
    Testable (reliable): 264 | Testable (partial): 0 | Zero events: 314 | Unreliable: 2
  Baseline events: 61,774 (mean 234.0/author, median 40)
  Events per (relay,pubkey) capped at: 10000

  Headline metrics (264 testable-reliable authors, 61,774 baseline events):

  Algorithm                        |   Evt Recall |   Auth Recall |  Relay OK% |     TTFE |      p50 |      p80 | Timeouts
  ---------------------------------+--------------+---------------+------------+----------+----------+----------+---------
  Greedy Set-Cover                 |        17.3% |         79.9% |      90.0% |    823ms |     2.4s |     3.8s |        1
  Weighted Stochastic (seed=0, single run) |        24.0% |         86.0% |      90.0% |    729ms |     2.5s |     3.5s |        0
  Welshman+Thompson (seed=0, single run) |        25.5% |         88.3% |      90.0% |    823ms |     2.7s |     3.5s |        0

  Per-author recall distribution:
  Algorithm                        |   Median |  % at 0% |      p25 |      p75
  ---------------------------------+----------+----------+----------+---------
  Greedy Set-Cover                 |    61.4% |    20.1% |     2.6% |   100.0%
  Weighted Stochastic (seed=0, single run) |   100.0% |    14.0% |     9.8% |   100.0%
  Welshman+Thompson (seed=0, single run) |   100.0% |    11.7% |    15.8% |   100.0%

  Latency simulation (parallel relay query):
  Algorithm                        |     TTFE |      p50 |      p80 |      Max |   TO |   TO Tax |   Relays |   Events
  ---------------------------------+----------+----------+----------+----------+------+----------+----------+---------
  Greedy Set-Cover                 |    823ms |     2.4s |     3.8s |    16.6s |    1 |    15.0s | 18/19/20 |   26,124
  Weighted Stochastic (seed=0, single run) |    729ms |     2.5s |     3.5s |     6.1s |    0 |      0ms | 18/18/20 |   32,711
  Welshman+Thompson (seed=0, single run) |    823ms |     2.7s |     3.5s |     6.1s |    0 |      0ms | 18/18/20 |   32,711
  (Relays: with-events/connected/total | TO Tax: ceil(timeouts/concurrency) × EOSE timeout)

  Progressive completeness (% of recall achieved by time):
  Algorithm                        |      @1s |      @2s |      @5s |     @10s |     @15s
  ---------------------------------+----------+----------+----------+----------+---------
  Greedy Set-Cover                 |     0.0% |    17.5% |    78.9% |   100.0% |   100.0%
  Weighted Stochastic (seed=0, single run) |     0.3% |    21.2% |    87.5% |   100.0% |   100.0%
  Welshman+Thompson (seed=0, single run) |     0.0% |    12.4% |    86.7% |   100.0% |   100.0%

  EOSE-race simulation (stop after first EOSE + grace period):
  Algorithm                        |     +0ms |   +200ms |   +500ms |      +1s |      +2s
  ---------------------------------+----------+----------+----------+----------+---------
  Greedy Set-Cover                 |     0.0% |     1.3% |     1.4% |    21.1% |    59.3%
  Weighted Stochastic (seed=0, single run) |     0.3% |     0.3% |     0.3% |     4.6% |    52.7%
  Welshman+Thompson (seed=0, single run) |     2.5% |     2.5% |    11.3% |    29.9% |    54.2%
  (First EOSE: Greedy Set-Cover=1.4s, Weighted Stochastic (seed=0, single run)=851ms, Welshman+Thompson (seed=0, single run)=1.4s)

  Profile-view latency (per-author outbox query, top 3 write relays):
    Authors simulated: 264 | Hit rate: 100.0%
    TTFE: 876ms median, 1.1s mean, 1.7s p95
    Relays/profile: 2.8 queried, 2.6 with events, 0.02 timeouts

  Feed vs profile-view TTFE comparison:
  Algorithm                        |  Feed TTFE |  Profile TTFE |    Delta
  ---------------------------------+------------+---------------+---------
  Greedy Set-Cover                 |      823ms |         876ms |    +53ms
  Weighted Stochastic (seed=0, single run) |      729ms |         876ms |   +147ms
  Welshman+Thompson (seed=0, single run) |      823ms |         876ms |    +53ms

=== NIP-66 RTT vs Measured Latency (150 relays, data age: 76min) ===
                             N   Spearman r      MAE    Bias    Top5   Top10   Top20
------------------------  ----  -----------  -------  ------  ------  ------  ------
rttOpen vs connect         150         0.23    639ms    0.7x   20.0%   20.0%   40.0%
rttRead vs query            78         0.24     1.7s    7.3x   40.0%   40.0%   50.0%
(Bias = measured/nip66, >1 = NIP-66 underestimates. TopK = overlap of K fastest relays.)
Monitor: 9ba1d7892cd0..., 45df0580711f..., 9ba0ce3dcc28..., 0b01aa38c2cc..., 9bb7cd94d7b6..., b2c949c0fb79..., 58faef87b342..., http-api..., 9bbbb845e5b6...
[relay-scores] Updated scores for welshman-thompson: 29 relays, session 9
[relay-scores] Saved to .cache/relay_scores_b3e43e8cc7e6dff2_94608000_liveness_welshman-thompson.json

Thompson Sampling [welshman-thompson] learning state:
  Session: 9
  Relays with observations: 29
  Mean prior α: 59.5, β: 95.9
  Relays with strong preference (α>5): 19
  Relays learned to avoid (β>5): 25

JSON results written to: results/b3e43e8cc7e6dff2_1772972018658.json
