[0m[32mTask[0m [0m[36mbench[0m deno run --allow-net --allow-read --allow-write main.ts "ec42c765418b3db9c85abff3a88f4a3bbe57535eebbdc54522041fa5328c0600" "--algorithms" "greedy,welshman,welshman-thompson" "--verify" "--verify-window" "94608000" "--verify-concurrency" "10" "--nip66-filter" "liveness" "--no-phase2-cache" "--fast" "--output" "both"
Target: ec42c765418b3db9...
Seed: 0 | Filter: strict | Runs: 3
[fetch] Connecting to 3 indexer relays...
[fetch] wss://purplepag.es: connected (974ms)
[fetch] wss://relay.damus.io: connected (356ms)
[fetch] wss://nos.lol: connected (747ms)
[fetch] Fetching kind 3 (contact list) for ec42c765...
[fetch] 898 follows to fetch relay lists for
[fetch] Fetched relay lists: 200/898
[fetch] Fetched relay lists: 400/898
[fetch] Fetched relay lists: 600/898
[fetch] Fetched relay lists: 800/898
[fetch] Received 632 relay list events

=== Fetch Quality ===
Indexers: wss://purplepag.es (0 events, 974ms), wss://relay.damus.io (381 events, 356ms), wss://nos.lol (628 events, 747ms)
Follows: 898 | With relay list: 628 (69.9%) | Missing: 270 (30.1%) | Filtered-to-empty: 4
Filter profile: strict | Filtered URLs: 46 (2 localhost, 4 insecure ws, 5 IP-only, 35 known-bad)
Unique valid write relays: 346 | Seed: 0
[nip66] Using cached monitor data (1145 relays)

=== NIP-66 Liveness Filter (liveness) ===
Monitor data: 1145 relays
Candidate relays: 346
  Known alive: 154
  Unknown (removed): 192
  .onion preserved: 5
  Parse-failed preserved: 0
  Authors filtered to empty: 11
Relays after filter: 154
[relay-scores] Loaded 28 relay priors (session 9, from 2026-03-08T12:10:15.353Z)

Thompson Sampling [welshman-thompson]: loaded 28 relay priors (session 9)

=== Regime A: Fixed 20 Connections ===
  Algorithm                      |  Relays |   Assign% |  Orphans |  Alg.Orph |  Avg/pk |   Gini |    HHI
  -------------------------------+---------+-----------+----------+-----------+---------+--------+-------
  Greedy Set-Cover               |      20 |     68.0% |      287 |        17 |     1.9 |   0.81 |  0.312
  Weighted Stochastic (cap@20)   |      20 |     68.1% (0.0sd) | 286.6666666666667 | 16.666666666666668 |     2.5 |   0.63 |  0.161
  Welshman+Thompson (cap@20)     |      20 |     68.0% (0.0sd) |      287 |        17 |     2.5 |   0.72 |  0.214

=== Phase 2: Event Verification ===
Window: 94608000s | Kinds: 1 | Concurrency: 10
[baseline] Querying 154 relays for 617 authors (window: 94608000s)
[baseline] Progress: 50/154 relays queried
[pool] CLOSED from wss://nostr-relay.moctane.net: auth-required: authentication required to subscribe
[pool] CLOSED from wss://relay.nosflare.com: auth-required: authentication required to subscribe
[baseline] Progress: 100/154 relays queried
[pool] CLOSED from wss://groups.0xchat.com: blocked: invalid query, must have 'h', 'e' or 'a' tag
[pool] CLOSED from wss://relay.groups.nip29.com: blocked: invalid query, must have 'h', 'e' or 'a' tag
[pool] CLOSED from wss://auth.nostr1.com: auth-required: you must auth
[pool] CLOSED from wss://anchor.coracle.social: auth-required: alerts are protected
[pool] CLOSED from wss://wheat.happytavern.co: rate-limited: REQ rate limit exceeded
[pool] CLOSED from wss://groups.yugoatobe.com: blocked: invalid query, must have 'h', 'e' or 'a' tag
[baseline] Progress: 150/154 relays queried
[baseline] Progress: 154/154 relays queried
[phase2] Subscription timeouts (no EOSE): 5
[phase2] CLOSED messages received: 8
  wss://nostr-relay.moctane.net: auth-required: authentication required to subscribe
  wss://relay.nosflare.com: auth-required: authentication required to subscribe
  wss://groups.0xchat.com: blocked: invalid query, must have 'h', 'e' or 'a' tag
  wss://relay.groups.nip29.com: blocked: invalid query, must have 'h', 'e' or 'a' tag
  wss://auth.nostr1.com: auth-required: you must auth
  wss://anchor.coracle.social: auth-required: alerts are protected
  wss://wheat.happytavern.co: rate-limited: REQ rate limit exceeded
  wss://groups.yugoatobe.com: blocked: invalid query, must have 'h', 'e' or 'a' tag

=== Phase 2: Event Verification (1095d window) ===
Baseline: 154 relays queried (31.8% success), 25s
  Timing: connect 714ms median (1.8s p95) | query 1.1s median (15.6s p95) | 5 timeouts (5 relays)
  Authors: 617 with relay data
    Testable (reliable): 7 | Testable (partial): 26 | Zero events: 2 | Unreliable: 582
  Baseline events: 17,188 (mean 520.8/author, median 108)
  Events per (relay,pubkey) capped at: 10000

  Headline metrics (7 testable-reliable authors, 1,392 baseline events):

  Algorithm                        |   Evt Recall |   Auth Recall |  Relay OK% |     TTFE |      p50 |      p80 | Timeouts
  ---------------------------------+--------------+---------------+------------+----------+----------+----------+---------
  Greedy Set-Cover                 |         0.0% |          0.0% |       0.0% |      N/A |      N/A |      N/A |        0
  Weighted Stochastic (seed=0, single run) |         0.0% |          0.0% |       5.0% |     1.6s |     2.1s |     2.1s |        0
  Welshman+Thompson (seed=0, single run) |         0.0% |          0.0% |       5.0% |     1.6s |     2.1s |     2.1s |        0

  Per-author recall distribution:
  Algorithm                        |   Median |  % at 0% |      p25 |      p75
  ---------------------------------+----------+----------+----------+---------
  Greedy Set-Cover                 |     0.0% |   100.0% |     0.0% |     0.0%
  Weighted Stochastic (seed=0, single run) |     0.0% |   100.0% |     0.0% |     0.0%
  Welshman+Thompson (seed=0, single run) |     0.0% |   100.0% |     0.0% |     0.0%

  Latency simulation (parallel relay query):
  Algorithm                        |     TTFE |      p50 |      p80 |      Max |   TO |   TO Tax |   Relays |   Events
  ---------------------------------+----------+----------+----------+----------+------+----------+----------+---------
  Greedy Set-Cover                 |      N/A |      N/A |      N/A |      N/A |    0 |      0ms |   0/0/20 |        0
  Weighted Stochastic (seed=0, single run) |     1.6s |     2.1s |     2.1s |     2.1s |    0 |      0ms |   1/1/20 |      500
  Welshman+Thompson (seed=0, single run) |     1.6s |     2.1s |     2.1s |     2.1s |    0 |      0ms |   1/1/20 |      500
  (Relays: with-events/connected/total | TO Tax: ceil(timeouts/concurrency) × EOSE timeout)

  Progressive completeness (% of recall achieved by time):
  Algorithm                        |      @1s |      @2s |      @5s |     @10s |     @15s
  ---------------------------------+----------+----------+----------+----------+---------
  Weighted Stochastic (seed=0, single run) |     0.0% |     0.0% |   100.0% |   100.0% |   100.0%
  Welshman+Thompson (seed=0, single run) |     0.0% |     0.0% |   100.0% |   100.0% |   100.0%

  EOSE-race simulation (stop after first EOSE + grace period):
  Algorithm                        |     +0ms |   +200ms |   +500ms |      +1s |      +2s
  ---------------------------------+----------+----------+----------+----------+---------
  Weighted Stochastic (seed=0, single run) |   100.0% |   100.0% |   100.0% |   100.0% |   100.0%
  Welshman+Thompson (seed=0, single run) |   100.0% |   100.0% |   100.0% |   100.0% |   100.0%
  (First EOSE: Weighted Stochastic (seed=0, single run)=2.1s, Welshman+Thompson (seed=0, single run)=2.1s)

  Profile-view latency (per-author outbox query, top 3 write relays):
    Authors simulated: 33 | Hit rate: 60.6%
    TTFE: 1.7s median, 2.0s mean, 3.0s p95
    Relays/profile: 2.9 queried, 0.7 with events, 0.03 timeouts

  Feed vs profile-view TTFE comparison:
  Algorithm                        |  Feed TTFE |  Profile TTFE |    Delta
  ---------------------------------+------------+---------------+---------
  Greedy Set-Cover                 |        N/A |          1.7s |      N/A
  Weighted Stochastic (seed=0, single run) |       1.6s |          1.7s |   +130ms
  Welshman+Thompson (seed=0, single run) |       1.6s |          1.7s |   +130ms

  Including partial-baseline authors (33 testable authors, 17,188 baseline events):

  Algorithm                        |   Evt Recall |   Auth Recall
  ---------------------------------+--------------+--------------
  Greedy Set-Cover                 |         0.0% |          0.0%
  Weighted Stochastic (seed=0, single run) |         1.3% |         12.1%
  Welshman+Thompson (seed=0, single run) |         1.3% |         12.1%

=== NIP-66 RTT vs Measured Latency (62 relays, data age: 89min) ===
                             N   Spearman r      MAE    Bias    Top5   Top10   Top20
------------------------  ----  -----------  -------  ------  ------  ------  ------
rttOpen vs connect          62         0.02    638ms    0.9x   40.0%   30.0%   35.0%
rttRead vs query            33         0.34     1.1s    6.6x   40.0%   70.0%   60.0%
(Bias = measured/nip66, >1 = NIP-66 underestimates. TopK = overlap of K fastest relays.)
Monitor: 45df0580711f..., 9ba0ce3dcc28..., 9ba1d7892cd0..., b2c949c0fb79..., 9bbbb845e5b6...
[relay-scores] Updated scores for welshman-thompson: 28 relays, session 10
[relay-scores] Degrading relays (2): wss://eden.nostr.land, wss://x.kojira.io
[relay-scores] Saved to .cache/relay_scores_ec42c765418b3db9_94608000_liveness_welshman-thompson.json

Thompson Sampling [welshman-thompson] learning state:
  Session: 10
  Relays with observations: 28
  Mean prior α: 70.4, β: 102.1
  Relays with strong preference (α>5): 16
  Relays learned to avoid (β>5): 21

JSON results written to: results/ec42c765418b3db9_1772972807048.json
