[0m[32mTask[0m [0m[36mbench[0m deno run --allow-net --allow-read --allow-write main.ts "ec42c765418b3db9c85abff3a88f4a3bbe57535eebbdc54522041fa5328c0600" "--algorithms" "greedy,welshman,welshman-thompson" "--verify" "--verify-window" "94608000" "--verify-concurrency" "10" "--nip66-filter" "liveness" "--no-phase2-cache" "--fast" "--output" "both"
Target: ec42c765418b3db9...
Seed: 0 | Filter: strict | Runs: 3
[fetch] Connecting to 3 indexer relays...
[fetch] wss://purplepag.es: connected (942ms)
[fetch] wss://relay.damus.io: connected (426ms)
[fetch] wss://nos.lol: connected (756ms)
[fetch] Fetching kind 3 (contact list) for ec42c765...
[fetch] 898 follows to fetch relay lists for
[fetch] Fetched relay lists: 200/898
[fetch] Fetched relay lists: 400/898
[fetch] Fetched relay lists: 600/898
[fetch] Fetched relay lists: 800/898
[fetch] Received 634 relay list events

=== Fetch Quality ===
Indexers: wss://purplepag.es (899 events, 942ms), wss://relay.damus.io (382 events, 426ms), wss://nos.lol (628 events, 756ms)
Follows: 898 | With relay list: 630 (70.2%) | Missing: 268 (29.8%) | Filtered-to-empty: 4
Filter profile: strict | Filtered URLs: 46 (2 localhost, 4 insecure ws, 5 IP-only, 35 known-bad)
Unique valid write relays: 347 | Seed: 0
[nip66] Using cached monitor data (1152 relays)

=== NIP-66 Liveness Filter (liveness) ===
Monitor data: 1152 relays
Candidate relays: 347
  Known alive: 146
  Unknown (removed): 201
  .onion preserved: 6
  Parse-failed preserved: 0
  Authors filtered to empty: 11
Relays after filter: 146

=== Regime A: Fixed 20 Connections ===
  Algorithm                      |  Relays |   Assign% |  Orphans |  Alg.Orph |  Avg/pk |   Gini |    HHI
  -------------------------------+---------+-----------+----------+-----------+---------+--------+-------
  Greedy Set-Cover               |      20 |     68.3% |      285 |        17 |     1.9 |   0.81 |  0.312
  Weighted Stochastic (cap@20)   |      20 |     68.3% (0.0sd) |      285 |        17 |     2.5 |   0.63 |  0.163
  Welshman+Thompson (cap@20)     |      20 |     68.3% (0.0sd) |      285 |        17 |     2.5 |   0.63 |  0.163

=== Phase 2: Event Verification ===
Window: 94608000s | Kinds: 1 | Concurrency: 10
[baseline] Querying 146 relays for 619 authors (window: 94608000s)
[pool] CLOSED from wss://relay.getalby.com/v1: blocked: Request rejected
[pool] CLOSED from wss://greensoul.space: auth-required: only authenticated users can read from this relay
[baseline] Progress: 50/146 relays queried
[pool] CLOSED from wss://bostr.erechorse.com: auth-required: authentication is required to perform this action.
[pool] CLOSED from wss://aggr.nostr.land: auth-required: auth required for aggregator
[pool] CLOSED from wss://inbox.nostr.wine: blocked: this relay does not store any of the kinds in this request
[pool] CLOSED from wss://creatr.nostr.wine: auth-required: please authenticate before sending REQs
[pool] CLOSED from wss://sendit.nosflare.com: restricted: this relay does not accept REQs
[pool] CLOSED from wss://nostr-relay.moctane.net: auth-required: authentication required to subscribe
[pool] CLOSED from wss://groups.0xchat.com: blocked: invalid query, must have 'h', 'e' or 'a' tag
[pool] CLOSED from wss://relay.nosflare.com: auth-required: authentication required to subscribe
[pool] CLOSED from wss://relay.groups.nip29.com: blocked: invalid query, must have 'h', 'e' or 'a' tag
[baseline] Progress: 100/146 relays queried
[pool] CLOSED from wss://auth.nostr1.com: auth-required: you must auth
[pool] CLOSED from wss://anchor.coracle.social: auth-required: alerts are protected
[pool] CLOSED from wss://groups.yugoatobe.com: blocked: invalid query, must have 'h', 'e' or 'a' tag
[baseline] Progress: 146/146 relays queried
[phase2] Subscription timeouts (no EOSE): 9
[phase2] CLOSED messages received: 14
  wss://relay.getalby.com/v1: blocked: Request rejected
  wss://greensoul.space: auth-required: only authenticated users can read from this relay
  wss://bostr.erechorse.com: auth-required: authentication is required to perform this action.
  wss://aggr.nostr.land: auth-required: auth required for aggregator
  wss://inbox.nostr.wine: blocked: this relay does not store any of the kinds in this request
  wss://creatr.nostr.wine: auth-required: please authenticate before sending REQs
  wss://sendit.nosflare.com: restricted: this relay does not accept REQs
  wss://nostr-relay.moctane.net: auth-required: authentication required to subscribe
  wss://groups.0xchat.com: blocked: invalid query, must have 'h', 'e' or 'a' tag
  wss://relay.nosflare.com: auth-required: authentication required to subscribe

=== Phase 2: Event Verification (1095d window) ===
Baseline: 146 relays queried (75.3% success), 44s
  Timing: connect 704ms median (1.1s p95) | query 1.3s median (15.5s p95) | 9 timeouts (9 relays)
  Authors: 619 with relay data
    Testable (reliable): 258 | Testable (partial): 1 | Zero events: 356 | Unreliable: 4
  Baseline events: 49,675 (mean 191.8/author, median 33)
  Events per (relay,pubkey) capped at: 10000

  Headline metrics (258 testable-reliable authors, 49,674 baseline events):

  Algorithm                        |   Evt Recall |   Auth Recall |  Relay OK% |     TTFE |      p50 |      p80 | Timeouts
  ---------------------------------+--------------+---------------+------------+----------+----------+----------+---------
  Greedy Set-Cover                 |        24.1% |         85.3% |      90.0% |    762ms |     3.4s |     5.9s |        1
  Weighted Stochastic (seed=0, single run) |        26.3% |         87.2% |      90.0% |    762ms |     3.4s |     5.7s |        0
  Welshman+Thompson (seed=0, single run) |        26.3% |         87.2% |      90.0% |    762ms |     3.4s |     5.7s |        0

  Per-author recall distribution:
  Algorithm                        |   Median |  % at 0% |      p25 |      p75
  ---------------------------------+----------+----------+----------+---------
  Greedy Set-Cover                 |    84.8% |    14.7% |     9.1% |   100.0%
  Weighted Stochastic (seed=0, single run) |   100.0% |    12.8% |    22.3% |   100.0%
  Welshman+Thompson (seed=0, single run) |   100.0% |    12.8% |    22.3% |   100.0%

  Latency simulation (parallel relay query):
  Algorithm                        |     TTFE |      p50 |      p80 |      Max |   TO |   TO Tax |   Relays |   Events
  ---------------------------------+----------+----------+----------+----------+------+----------+----------+---------
  Greedy Set-Cover                 |    762ms |     3.4s |     5.9s |    16.5s |    1 |    15.0s | 17/19/20 |   25,909
  Weighted Stochastic (seed=0, single run) |    762ms |     3.4s |     5.7s |     7.2s |    0 |      0ms | 18/18/20 |   26,409
  Welshman+Thompson (seed=0, single run) |    762ms |     3.4s |     5.7s |     7.2s |    0 |      0ms | 18/18/20 |   26,409
  (Relays: with-events/connected/total | TO Tax: ceil(timeouts/concurrency) × EOSE timeout)

  Progressive completeness (% of recall achieved by time):
  Algorithm                        |      @1s |      @2s |      @5s |     @10s |     @15s
  ---------------------------------+----------+----------+----------+----------+---------
  Greedy Set-Cover                 |     0.0% |     8.5% |    68.0% |   100.0% |   100.0%
  Weighted Stochastic (seed=0, single run) |     0.0% |     3.8% |    59.3% |   100.0% |   100.0%
  Welshman+Thompson (seed=0, single run) |     0.0% |     3.8% |    59.3% |   100.0% |   100.0%

  EOSE-race simulation (stop after first EOSE + grace period):
  Algorithm                        |     +0ms |   +200ms |   +500ms |      +1s |      +2s
  ---------------------------------+----------+----------+----------+----------+---------
  Greedy Set-Cover                 |     8.3% |     8.3% |     8.5% |     9.8% |    29.4%
  Weighted Stochastic (seed=0, single run) |     1.7% |     1.9% |     3.1% |     3.8% |    24.0%
  Welshman+Thompson (seed=0, single run) |     1.7% |     1.9% |     3.1% |     3.8% |    24.0%
  (First EOSE: Greedy Set-Cover=1.4s, Weighted Stochastic (seed=0, single run)=1.3s, Welshman+Thompson (seed=0, single run)=1.3s)

  Profile-view latency (per-author outbox query, top 3 write relays):
    Authors simulated: 259 | Hit rate: 100.0%
    TTFE: 1.1s median, 1.2s mean, 1.9s p95
    Relays/profile: 2.7 queried, 2.6 with events, 0.02 timeouts

  Feed vs profile-view TTFE comparison:
  Algorithm                        |  Feed TTFE |  Profile TTFE |    Delta
  ---------------------------------+------------+---------------+---------
  Greedy Set-Cover                 |      762ms |          1.1s |   +310ms
  Weighted Stochastic (seed=0, single run) |      762ms |          1.1s |   +310ms
  Welshman+Thompson (seed=0, single run) |      762ms |          1.1s |   +310ms

  Including partial-baseline authors (259 testable authors, 49,675 baseline events):

  Algorithm                        |   Evt Recall |   Auth Recall
  ---------------------------------+--------------+--------------
  Greedy Set-Cover                 |        24.1% |         85.3%
  Weighted Stochastic (seed=0, single run) |        26.3% |         86.9%
  Welshman+Thompson (seed=0, single run) |        26.3% |         86.9%

=== NIP-66 RTT vs Measured Latency (131 relays, data age: 14min) ===
                             N   Spearman r      MAE    Bias    Top5   Top10   Top20
------------------------  ----  -----------  -------  ------  ------  ------  ------
rttOpen vs connect         131         0.01    458ms    1.1x    0.0%    0.0%   10.0%
rttRead vs query           108         0.03     1.5s    8.6x   20.0%   20.0%   10.0%
(Bias = measured/nip66, >1 = NIP-66 underestimates. TopK = overlap of K fastest relays.)
Monitor: 9bbbb845e5b6..., http-api..., 9bac3d58ef5a..., 0b01aa38c2cc..., 9ba6484003e8..., 58faef87b342..., 9ba046db56b8..., 9ba1d7892cd0..., 45df0580711f..., 9b85d54cc4bc..., b2c949c0fb79...
[relay-scores] Updated scores for welshman-thompson: 20 relays, session 1
[relay-scores] Saved to .cache/relay_scores_ec42c765418b3db9_94608000_liveness_welshman-thompson.json

Thompson Sampling [welshman-thompson] learning state:
  Session: 1
  Relays with observations: 20
  Mean prior α: 14.4, β: 20.0
  Relays with strong preference (α>5): 10
  Relays learned to avoid (β>5): 17

JSON results written to: results/ec42c765418b3db9_1773186221185.json
