[0m[32mTask[0m [0m[36mbench[0m deno run --allow-net --allow-read --allow-write main.ts "ec42c765418b3db9c85abff3a88f4a3bbe57535eebbdc54522041fa5328c0600" "--algorithms" "greedy,welshman,welshman-thompson" "--verify" "--verify-window" "94608000" "--verify-concurrency" "10" "--nip66-filter" "liveness" "--no-phase2-cache" "--fast" "--output" "both"
Target: ec42c765418b3db9...
Seed: 0 | Filter: strict | Runs: 3
Using cached data (fetched 2026-03-10T23:42:56.875Z)

=== Fetch Quality ===
Indexers: wss://purplepag.es (899 events, 942ms), wss://relay.damus.io (382 events, 426ms), wss://nos.lol (628 events, 756ms)
Follows: 898 | With relay list: 630 (70.2%) | Missing: 268 (29.8%) | Filtered-to-empty: 4
Filter profile: strict | Filtered URLs: 46 (2 localhost, 4 insecure ws, 5 IP-only, 35 known-bad)
Unique valid write relays: 347 | Seed: 0
[nip66] Using cached monitor data (1152 relays)

=== NIP-66 Liveness Filter (liveness) ===
Monitor data: 1152 relays
Candidate relays: 347
  Known alive: 146
  Unknown (removed): 201
  .onion preserved: 6
  Parse-failed preserved: 0
  Authors filtered to empty: 11
Relays after filter: 146
[relay-scores] Loaded 20 relay priors (session 1, from 2026-03-10T23:43:41.181Z)

Thompson Sampling [welshman-thompson]: loaded 20 relay priors (session 1)

=== Regime A: Fixed 20 Connections ===
  Algorithm                      |  Relays |   Assign% |  Orphans |  Alg.Orph |  Avg/pk |   Gini |    HHI
  -------------------------------+---------+-----------+----------+-----------+---------+--------+-------
  Greedy Set-Cover               |      20 |     68.3% |      285 |        17 |     1.9 |   0.81 |  0.312
  Weighted Stochastic (cap@20)   |      20 |     68.3% (0.0sd) |      285 |        17 |     2.5 |   0.63 |  0.163
  Welshman+Thompson (cap@20)     |      20 |     68.4% (0.0sd) |      284 |        16 |     2.5 |   0.73 |  0.211

=== Phase 2: Event Verification ===
Window: 94608000s | Kinds: 1 | Concurrency: 10
[baseline] Querying 146 relays for 619 authors (window: 94608000s)
[pool] CLOSED from wss://relay.getalby.com/v1: blocked: Request rejected
[pool] CLOSED from wss://greensoul.space: auth-required: only authenticated users can read from this relay
[baseline] Progress: 50/146 relays queried
[pool] CLOSED from wss://bostr.erechorse.com: auth-required: authentication is required to perform this action.
[pool] CLOSED from wss://aggr.nostr.land: auth-required: auth required for aggregator
[pool] CLOSED from wss://inbox.nostr.wine: blocked: this relay does not store any of the kinds in this request
[pool] CLOSED from wss://creatr.nostr.wine: auth-required: please authenticate before sending REQs
[pool] CLOSED from wss://sendit.nosflare.com: restricted: this relay does not accept REQs
[pool] CLOSED from wss://nostr-relay.moctane.net: auth-required: authentication required to subscribe
[pool] CLOSED from wss://groups.0xchat.com: blocked: invalid query, must have 'h', 'e' or 'a' tag
[pool] CLOSED from wss://relay.nosflare.com: auth-required: authentication required to subscribe
[pool] CLOSED from wss://relay.groups.nip29.com: blocked: invalid query, must have 'h', 'e' or 'a' tag
[baseline] Progress: 100/146 relays queried
[pool] CLOSED from wss://auth.nostr1.com: auth-required: you must auth
[pool] CLOSED from wss://anchor.coracle.social: auth-required: alerts are protected
[pool] CLOSED from wss://groups.yugoatobe.com: blocked: invalid query, must have 'h', 'e' or 'a' tag
[baseline] Progress: 146/146 relays queried
[phase2] Subscription timeouts (no EOSE): 11
[phase2] CLOSED messages received: 14
  wss://relay.getalby.com/v1: blocked: Request rejected
  wss://greensoul.space: auth-required: only authenticated users can read from this relay
  wss://bostr.erechorse.com: auth-required: authentication is required to perform this action.
  wss://aggr.nostr.land: auth-required: auth required for aggregator
  wss://inbox.nostr.wine: blocked: this relay does not store any of the kinds in this request
  wss://creatr.nostr.wine: auth-required: please authenticate before sending REQs
  wss://sendit.nosflare.com: restricted: this relay does not accept REQs
  wss://nostr-relay.moctane.net: auth-required: authentication required to subscribe
  wss://groups.0xchat.com: blocked: invalid query, must have 'h', 'e' or 'a' tag
  wss://relay.nosflare.com: auth-required: authentication required to subscribe

=== Phase 2: Event Verification (1095d window) ===
Baseline: 146 relays queried (76.7% success), 1.1min
  Timing: connect 758ms median (1.6s p95) | query 1.4s median (16.2s p95) | 11 timeouts (11 relays)
  Authors: 619 with relay data
    Testable (reliable): 257 | Testable (partial): 2 | Zero events: 357 | Unreliable: 3
  Baseline events: 49,358 (mean 190.6/author, median 30)
  Events per (relay,pubkey) capped at: 10000

  Headline metrics (257 testable-reliable authors, 49,356 baseline events):

  Algorithm                        |   Evt Recall |   Auth Recall |  Relay OK% |     TTFE |      p50 |      p80 | Timeouts
  ---------------------------------+--------------+---------------+------------+----------+----------+----------+---------
  Greedy Set-Cover                 |        24.2% |         84.4% |      80.0% |     1.2s |    14.9s |    24.9s |        3
  Weighted Stochastic (seed=0, single run) |        25.6% |         86.0% |      80.0% |     1.3s |    16.6s |    26.4s |        3
  Welshman+Thompson (seed=0, single run) |        26.5% |         87.2% |      80.0% |     1.3s |    14.9s |    24.9s |        3

  Per-author recall distribution:
  Algorithm                        |   Median |  % at 0% |      p25 |      p75
  ---------------------------------+----------+----------+----------+---------
  Greedy Set-Cover                 |    86.4% |    15.6% |     9.1% |   100.0%
  Weighted Stochastic (seed=0, single run) |   100.0% |    14.0% |    17.9% |   100.0%
  Welshman+Thompson (seed=0, single run) |   100.0% |    12.8% |    30.0% |   100.0%

  Latency simulation (parallel relay query):
  Algorithm                        |     TTFE |      p50 |      p80 |      Max |   TO |   TO Tax |   Relays |   Events
  ---------------------------------+----------+----------+----------+----------+------+----------+----------+---------
  Greedy Set-Cover                 |     1.2s |    14.9s |    24.9s |    33.4s |    3 |    15.0s | 16/18/20 |   24,930
  Weighted Stochastic (seed=0, single run) |     1.3s |    16.6s |    26.4s |    33.4s |    3 |    15.0s | 17/17/20 |   24,568
  Welshman+Thompson (seed=0, single run) |     1.3s |    14.9s |    24.9s |    33.4s |    3 |    15.0s | 17/18/20 |   25,330
  (Relays: with-events/connected/total | TO Tax: ceil(timeouts/concurrency) × EOSE timeout)

  Progressive completeness (% of recall achieved by time):
  Algorithm                        |      @1s |      @2s |      @5s |     @10s |     @15s
  ---------------------------------+----------+----------+----------+----------+---------
  Greedy Set-Cover                 |     0.0% |     8.4% |    13.1% |    13.1% |    13.9%
  Weighted Stochastic (seed=0, single run) |     0.0% |     2.4% |    11.0% |    13.5% |    19.3%
  Welshman+Thompson (seed=0, single run) |     0.0% |     3.4% |     6.6% |     7.9% |    11.6%

  EOSE-race simulation (stop after first EOSE + grace period):
  Algorithm                        |     +0ms |   +200ms |   +500ms |      +1s |      +2s
  ---------------------------------+----------+----------+----------+----------+---------
  Greedy Set-Cover                 |     8.4% |     8.4% |     8.4% |     9.7% |    12.3%
  Weighted Stochastic (seed=0, single run) |     1.7% |     2.4% |     2.4% |     3.0% |     3.7%
  Welshman+Thompson (seed=0, single run) |     0.2% |     0.2% |     3.4% |     3.4% |     3.6%
  (First EOSE: Greedy Set-Cover=1.6s, Weighted Stochastic (seed=0, single run)=1.8s, Welshman+Thompson (seed=0, single run)=1.5s)

  Profile-view latency (per-author outbox query, top 3 write relays):
    Authors simulated: 259 | Hit rate: 100.0%
    TTFE: 1.6s median, 1.9s mean, 2.4s p95
    Relays/profile: 2.7 queried, 2.5 with events, 0.14 timeouts

  Feed vs profile-view TTFE comparison:
  Algorithm                        |  Feed TTFE |  Profile TTFE |    Delta
  ---------------------------------+------------+---------------+---------
  Greedy Set-Cover                 |       1.2s |          1.6s |   +412ms
  Weighted Stochastic (seed=0, single run) |       1.3s |          1.6s |   +267ms
  Welshman+Thompson (seed=0, single run) |       1.3s |          1.6s |   +267ms

  Including partial-baseline authors (259 testable authors, 49,358 baseline events):

  Algorithm                        |   Evt Recall |   Auth Recall
  ---------------------------------+--------------+--------------
  Greedy Set-Cover                 |        24.2% |         84.6%
  Weighted Stochastic (seed=0, single run) |        25.6% |         85.7%
  Welshman+Thompson (seed=0, single run) |        26.5% |         86.9%

=== NIP-66 RTT vs Measured Latency (132 relays, data age: 29min) ===
                             N   Spearman r      MAE    Bias    Top5   Top10   Top20
------------------------  ----  -----------  -------  ------  ------  ------  ------
rttOpen vs connect         132         0.01    648ms    1.3x    0.0%    0.0%    5.0%
rttRead vs query           109         0.09     3.3s    9.6x    0.0%    0.0%   15.0%
(Bias = measured/nip66, >1 = NIP-66 underestimates. TopK = overlap of K fastest relays.)
Monitor: 9bbbb845e5b6..., http-api..., 9bac3d58ef5a..., 58faef87b342..., 9ba6484003e8..., 9ba1d7892cd0..., 9ba046db56b8..., 0b01aa38c2cc..., 45df0580711f..., 9b85d54cc4bc..., b2c949c0fb79...
[relay-scores] Updated scores for welshman-thompson: 23 relays, session 2
[relay-scores] Saved to .cache/relay_scores_ec42c765418b3db9_94608000_liveness_welshman-thompson.json

Thompson Sampling [welshman-thompson] learning state:
  Session: 2
  Relays with observations: 23
  Mean prior α: 24.5, β: 32.4
  Relays with strong preference (α>5): 12
  Relays learned to avoid (β>5): 18

JSON results written to: results/ec42c765418b3db9_1773187064655.json
