[0m[32mTask[0m [0m[36mbench[0m deno run --allow-net --allow-read --allow-write main.ts "ec42c765418b3db9c85abff3a88f4a3bbe57535eebbdc54522041fa5328c0600" "--algorithms" "greedy,welshman,welshman-thompson" "--verify" "--verify-window" "94608000" "--verify-concurrency" "10" "--nip66-filter" "liveness" "--no-phase2-cache" "--fast" "--output" "both"
Target: ec42c765418b3db9...
Seed: 0 | Filter: strict | Runs: 3
Using cached data (fetched 2026-03-08T11:19:48.043Z)

=== Fetch Quality ===
Indexers: wss://purplepag.es (899 events, 881ms), wss://relay.damus.io (381 events, 273ms), wss://nos.lol (628 events, 617ms)
Follows: 898 | With relay list: 630 (70.2%) | Missing: 268 (29.8%) | Filtered-to-empty: 4
Filter profile: strict | Filtered URLs: 46 (2 localhost, 4 insecure ws, 5 IP-only, 35 known-bad)
Unique valid write relays: 346 | Seed: 0
[nip66] Using cached monitor data (1145 relays)

=== NIP-66 Liveness Filter (liveness) ===
Monitor data: 1145 relays
Candidate relays: 346
  Known alive: 154
  Unknown (removed): 192
  .onion preserved: 5
  Parse-failed preserved: 0
  Authors filtered to empty: 11
Relays after filter: 154
[relay-scores] Loaded 28 relay priors (session 8, from 2026-03-08T11:58:06.933Z)

Thompson Sampling [welshman-thompson]: loaded 28 relay priors (session 8)

=== Regime A: Fixed 20 Connections ===
  Algorithm                      |  Relays |   Assign% |  Orphans |  Alg.Orph |  Avg/pk |   Gini |    HHI
  -------------------------------+---------+-----------+----------+-----------+---------+--------+-------
  Greedy Set-Cover               |      20 |     68.3% |      285 |        17 |     1.9 |   0.81 |  0.312
  Weighted Stochastic (cap@20)   |      20 |     68.3% (0.0sd) | 284.6666666666667 | 16.666666666666668 |     2.5 |   0.63 |  0.164
  Welshman+Thompson (cap@20)     |      20 |     68.3% (0.0sd) | 284.6666666666667 | 16.666666666666668 |     2.5 |   0.72 |  0.214

=== Phase 2: Event Verification ===
Window: 94608000s | Kinds: 1 | Concurrency: 10
[baseline] Querying 154 relays for 619 authors (window: 94608000s)
[pool] CLOSED from wss://relay.getalby.com/v1: blocked: Request rejected
[pool] CLOSED from wss://greensoul.space: auth-required: only authenticated users can read from this relay
[baseline] Progress: 50/154 relays queried
[pool] CLOSED from wss://bostr.erechorse.com: auth-required: authentication is required to perform this action.
[pool] CLOSED from wss://aggr.nostr.land: auth-required: auth required for aggregator
[pool] CLOSED from wss://inbox.nostr.wine: blocked: this relay does not store any of the kinds in this request
[pool] CLOSED from wss://creatr.nostr.wine: auth-required: please authenticate before sending REQs
[pool] CLOSED from wss://sendit.nosflare.com: restricted: this relay does not accept REQs
[pool] CLOSED from wss://nostr-relay.moctane.net: auth-required: authentication required to subscribe
[pool] CLOSED from wss://groups.0xchat.com: blocked: invalid query, must have 'h', 'e' or 'a' tag
[pool] CLOSED from wss://relay.nosflare.com: auth-required: authentication required to subscribe
[baseline] Progress: 100/154 relays queried
[pool] CLOSED from wss://relay.groups.nip29.com: blocked: invalid query, must have 'h', 'e' or 'a' tag
[pool] CLOSED from wss://auth.nostr1.com: auth-required: you must auth
[pool] CLOSED from wss://anchor.coracle.social: auth-required: alerts are protected
[pool] CLOSED from wss://groups.yugoatobe.com: blocked: invalid query, must have 'h', 'e' or 'a' tag
[baseline] Progress: 150/154 relays queried
[baseline] Progress: 154/154 relays queried
[phase2] Subscription timeouts (no EOSE): 10
[phase2] CLOSED messages received: 14
  wss://relay.getalby.com/v1: blocked: Request rejected
  wss://greensoul.space: auth-required: only authenticated users can read from this relay
  wss://bostr.erechorse.com: auth-required: authentication is required to perform this action.
  wss://aggr.nostr.land: auth-required: auth required for aggregator
  wss://inbox.nostr.wine: blocked: this relay does not store any of the kinds in this request
  wss://creatr.nostr.wine: auth-required: please authenticate before sending REQs
  wss://sendit.nosflare.com: restricted: this relay does not accept REQs
  wss://nostr-relay.moctane.net: auth-required: authentication required to subscribe
  wss://groups.0xchat.com: blocked: invalid query, must have 'h', 'e' or 'a' tag
  wss://relay.nosflare.com: auth-required: authentication required to subscribe

=== Phase 2: Event Verification (1095d window) ===
Baseline: 154 relays queried (76.0% success), 45s
  Timing: connect 712ms median (1.4s p95) | query 1.2s median (15.7s p95) | 10 timeouts (10 relays)
  Authors: 619 with relay data
    Testable (reliable): 260 | Testable (partial): 0 | Zero events: 356 | Unreliable: 3
  Baseline events: 52,586 (mean 202.3/author, median 30)
  Events per (relay,pubkey) capped at: 10000

  Headline metrics (260 testable-reliable authors, 52,586 baseline events):

  Algorithm                        |   Evt Recall |   Auth Recall |  Relay OK% |     TTFE |      p50 |      p80 | Timeouts
  ---------------------------------+--------------+---------------+------------+----------+----------+----------+---------
  Greedy Set-Cover                 |        22.6% |         83.1% |      90.0% |    855ms |     2.2s |     4.1s |        1
  Weighted Stochastic (seed=0, single run) |        29.9% |         84.2% |      85.0% |    856ms |     2.3s |     3.9s |        1
  Welshman+Thompson (seed=0, single run) |        28.4% |         85.4% |      85.0% |    856ms |     2.3s |     3.9s |        1

  Per-author recall distribution:
  Algorithm                        |   Median |  % at 0% |      p25 |      p75
  ---------------------------------+----------+----------+----------+---------
  Greedy Set-Cover                 |    84.1% |    16.9% |     4.8% |   100.0%
  Weighted Stochastic (seed=0, single run) |   100.0% |    15.8% |    21.3% |   100.0%
  Welshman+Thompson (seed=0, single run) |   100.0% |    14.6% |    21.3% |   100.0%

  Latency simulation (parallel relay query):
  Algorithm                        |     TTFE |      p50 |      p80 |      Max |   TO |   TO Tax |   Relays |   Events
  ---------------------------------+----------+----------+----------+----------+------+----------+----------+---------
  Greedy Set-Cover                 |    855ms |     2.2s |     4.1s |    16.4s |    1 |    15.0s | 17/19/20 |   25,904
  Weighted Stochastic (seed=0, single run) |    856ms |     2.3s |     3.9s |    16.4s |    1 |    15.0s | 17/18/20 |   29,386
  Welshman+Thompson (seed=0, single run) |    856ms |     2.3s |     3.9s |    16.4s |    1 |    15.0s | 17/18/20 |   29,386
  (Relays: with-events/connected/total | TO Tax: ceil(timeouts/concurrency) × EOSE timeout)

  Progressive completeness (% of recall achieved by time):
  Algorithm                        |      @1s |      @2s |      @5s |     @10s |     @15s
  ---------------------------------+----------+----------+----------+----------+---------
  Greedy Set-Cover                 |     0.0% |    61.1% |    68.0% |   100.0% |   100.0%
  Weighted Stochastic (seed=0, single run) |     0.0% |    54.6% |    72.1% |   100.0% |   100.0%
  Welshman+Thompson (seed=0, single run) |     0.0% |    61.8% |    70.4% |   100.0% |   100.0%

  EOSE-race simulation (stop after first EOSE + grace period):
  Algorithm                        |     +0ms |   +200ms |   +500ms |      +1s |      +2s
  ---------------------------------+----------+----------+----------+----------+---------
  Greedy Set-Cover                 |     8.4% |     8.4% |     8.4% |    62.1% |    64.6%
  Weighted Stochastic (seed=0, single run) |     0.2% |     4.6% |    21.8% |    56.8% |    65.3%
  Welshman+Thompson (seed=0, single run) |     0.2% |     0.8% |    22.1% |    63.1% |    70.0%
  (First EOSE: Greedy Set-Cover=1.1s, Weighted Stochastic (seed=0, single run)=1.3s, Welshman+Thompson (seed=0, single run)=1.3s)

  Profile-view latency (per-author outbox query, top 3 write relays):
    Authors simulated: 260 | Hit rate: 100.0%
    TTFE: 893ms median, 1.3s mean, 2.0s p95
    Relays/profile: 2.8 queried, 2.6 with events, 0.02 timeouts

  Feed vs profile-view TTFE comparison:
  Algorithm                        |  Feed TTFE |  Profile TTFE |    Delta
  ---------------------------------+------------+---------------+---------
  Greedy Set-Cover                 |      855ms |         893ms |    +38ms
  Weighted Stochastic (seed=0, single run) |      856ms |         893ms |    +38ms
  Welshman+Thompson (seed=0, single run) |      856ms |         893ms |    +38ms

=== NIP-66 RTT vs Measured Latency (141 relays, data age: 73min) ===
                             N   Spearman r      MAE    Bias    Top5   Top10   Top20
------------------------  ----  -----------  -------  ------  ------  ------  ------
rttOpen vs connect         141         0.19    634ms    0.7x   40.0%   40.0%   50.0%
rttRead vs query            66         0.29     1.3s    7.6x   60.0%   60.0%   55.0%
(Bias = measured/nip66, >1 = NIP-66 underestimates. TopK = overlap of K fastest relays.)
Monitor: 9ba0ce3dcc28..., 45df0580711f..., 0b01aa38c2cc..., 9bb7cd94d7b6..., 9b85d54cc4bc..., b2c949c0fb79..., 9ba1d7892cd0..., 9bbbb845e5b6...
[relay-scores] Updated scores for welshman-thompson: 28 relays, session 9
[relay-scores] Degrading relays (2): wss://eden.nostr.land, wss://relay.mostr.pub
[relay-scores] Saved to .cache/relay_scores_ec42c765418b3db9_94608000_liveness_welshman-thompson.json

Thompson Sampling [welshman-thompson] learning state:
  Session: 9
  Relays with observations: 28
  Mean prior α: 73.9, β: 104.6
  Relays with strong preference (α>5): 16
  Relays learned to avoid (β>5): 21

JSON results written to: results/ec42c765418b3db9_1772971815384.json
