[0m[32mTask[0m [0m[36mbench[0m deno run --allow-net --allow-read --allow-write main.ts "0c9b1e9fef76c88b63f86645dc33bb7777f0259ec41e674b61f4fc553f6db0e0" "--algorithms" "greedy,welshman,welshman-thompson" "--verify" "--verify-window" "94608000" "--verify-concurrency" "10" "--nip66-filter" "liveness" "--no-phase2-cache" "--fast" "--output" "both"
Target: 0c9b1e9fef76c88b...
Seed: 0 | Filter: strict | Runs: 3
Using cached data (fetched 2026-03-10T23:54:54.102Z)

=== Fetch Quality ===
Indexers: wss://purplepag.es (1673 events, 2805ms), wss://relay.damus.io (412 events, 397ms), wss://nos.lol (952 events, 906ms)
Follows: 1746 | With relay list: 948 (54.3%) | Missing: 798 (45.7%) | Filtered-to-empty: 11
Filter profile: strict | Filtered URLs: 75 (6 localhost, 16 insecure ws, 3 IP-only, 50 known-bad)
Unique valid write relays: 413 | Seed: 0
[nip66] Using cached monitor data (1152 relays)

=== NIP-66 Liveness Filter (liveness) ===
Monitor data: 1152 relays
Candidate relays: 413
  Known alive: 162
  Unknown (removed): 251
  .onion preserved: 4
  Parse-failed preserved: 0
  Authors filtered to empty: 22
Relays after filter: 162
[relay-scores] Loaded 27 relay priors (session 4, from 2026-03-11T00:21:10.897Z)

Thompson Sampling [welshman-thompson]: loaded 27 relay priors (session 4)

=== Regime A: Fixed 20 Connections ===
  Algorithm                      |  Relays |   Assign% |  Orphans |  Alg.Orph |  Avg/pk |   Gini |    HHI
  -------------------------------+---------+-----------+----------+-----------+---------+--------+-------
  Greedy Set-Cover               |      20 |     53.0% |      821 |        23 |     1.9 |   0.82 |  0.320
  Weighted Stochastic (cap@20)   |      20 |     52.8% (0.0sd) | 824.3333333333334 | 26.333333333333332 |     2.6 |   0.66 |  0.173
  Welshman+Thompson (cap@20)     |      20 |     52.9% (0.0sd) | 822.6666666666666 | 24.666666666666668 |     2.6 |   0.75 |  0.224

=== Phase 2: Event Verification ===
Window: 94608000s | Kinds: 1 | Concurrency: 10
[baseline] Querying 162 relays for 926 authors (window: 94608000s)
[pool] CLOSED from wss://aggr.nostr.land: auth-required: auth required for aggregator
[pool] CLOSED from wss://relay.getalby.com/v1: blocked: Request rejected
[pool] CLOSED from wss://greensoul.space: auth-required: only authenticated users can read from this relay
[baseline] Progress: 50/162 relays queried
[pool] CLOSED from wss://sendit.nosflare.com: restricted: this relay does not accept REQs
[pool] CLOSED from wss://inbox.nostr.wine: blocked: this relay does not store any of the kinds in this request
[pool] CLOSED from wss://creatr.nostr.wine: auth-required: please authenticate before sending REQs
[baseline] Progress: 100/162 relays queried
[pool] CLOSED from wss://nostr-relay.moctane.net: auth-required: authentication required to subscribe
[pool] CLOSED from wss://groups.0xchat.com: blocked: invalid query, must have 'h', 'e' or 'a' tag
[pool] CLOSED from wss://relay.groups.nip29.com: blocked: invalid query, must have 'h', 'e' or 'a' tag
[pool] CLOSED from wss://relay29.notoshi.win: blocked: invalid query, must have 'h', 'e' or 'a' tag
[pool] CLOSED from wss://relay.nosflare.com: auth-required: authentication required to subscribe
[pool] CLOSED from wss://bostr.erechorse.com: auth-required: authentication is required to perform this action.
[pool] CLOSED from wss://auth.nostr1.com: auth-required: you must auth
[baseline] Progress: 150/162 relays queried
[baseline] Progress: 162/162 relays queried
[phase2] Subscription timeouts (no EOSE): 7
[phase2] CLOSED messages received: 13
  wss://aggr.nostr.land: auth-required: auth required for aggregator
  wss://relay.getalby.com/v1: blocked: Request rejected
  wss://greensoul.space: auth-required: only authenticated users can read from this relay
  wss://sendit.nosflare.com: restricted: this relay does not accept REQs
  wss://inbox.nostr.wine: blocked: this relay does not store any of the kinds in this request
  wss://creatr.nostr.wine: auth-required: please authenticate before sending REQs
  wss://nostr-relay.moctane.net: auth-required: authentication required to subscribe
  wss://groups.0xchat.com: blocked: invalid query, must have 'h', 'e' or 'a' tag
  wss://relay.groups.nip29.com: blocked: invalid query, must have 'h', 'e' or 'a' tag
  wss://relay29.notoshi.win: blocked: invalid query, must have 'h', 'e' or 'a' tag

=== Phase 2: Event Verification (1095d window) ===
Baseline: 162 relays queried (80.9% success), 48s
  Timing: connect 781ms median (1.5s p95) | query 1.5s median (7.5s p95) | 7 timeouts (7 relays)
  Authors: 926 with relay data
    Testable (reliable): 318 | Testable (partial): 0 | Zero events: 605 | Unreliable: 3
  Baseline events: 68,659 (mean 215.9/author, median 31)
  Events per (relay,pubkey) capped at: 10000

  Headline metrics (318 testable-reliable authors, 68,659 baseline events):

  Algorithm                        |   Evt Recall |   Auth Recall |  Relay OK% |     TTFE |      p50 |      p80 | Timeouts
  ---------------------------------+--------------+---------------+------------+----------+----------+----------+---------
  Greedy Set-Cover                 |        21.9% |         78.6% |      95.0% |    914ms |     2.9s |     8.1s |        1
  Weighted Stochastic (seed=0, single run) |        28.7% |         86.8% |      85.0% |    914ms |     3.0s |     8.3s |        2
  Welshman+Thompson (seed=0, single run) |        25.5% |         87.1% |      85.0% |    914ms |     3.0s |     8.1s |        2

  Per-author recall distribution:
  Algorithm                        |   Median |  % at 0% |      p25 |      p75
  ---------------------------------+----------+----------+----------+---------
  Greedy Set-Cover                 |    68.2% |    21.4% |     2.1% |   100.0%
  Weighted Stochastic (seed=0, single run) |   100.0% |    13.2% |    22.8% |   100.0%
  Welshman+Thompson (seed=0, single run) |   100.0% |    12.9% |    29.0% |   100.0%

  Latency simulation (parallel relay query):
  Algorithm                        |     TTFE |      p50 |      p80 |      Max |   TO |   TO Tax |   Relays |   Events
  ---------------------------------+----------+----------+----------+----------+------+----------+----------+---------
  Greedy Set-Cover                 |    914ms |     2.9s |     8.1s |    16.5s |    1 |    15.0s | 19/20/20 |   38,592
  Weighted Stochastic (seed=0, single run) |    914ms |     3.0s |     8.3s |    17.9s |    2 |    15.0s | 17/19/20 |   37,992
  Welshman+Thompson (seed=0, single run) |    914ms |     3.0s |     8.1s |    17.9s |    2 |    15.0s | 17/19/20 |   36,092
  (Relays: with-events/connected/total | TO Tax: ceil(timeouts/concurrency) × EOSE timeout)

  Progressive completeness (% of recall achieved by time):
  Algorithm                        |      @1s |      @2s |      @5s |     @10s |     @15s
  ---------------------------------+----------+----------+----------+----------+---------
  Greedy Set-Cover                 |     0.0% |     0.4% |    69.8% |   100.0% |   100.0%
  Weighted Stochastic (seed=0, single run) |     0.0% |     4.6% |    66.1% |   100.0% |   100.0%
  Welshman+Thompson (seed=0, single run) |     0.0% |     0.6% |    66.2% |   100.0% |   100.0%

  EOSE-race simulation (stop after first EOSE + grace period):
  Algorithm                        |     +0ms |   +200ms |   +500ms |      +1s |      +2s
  ---------------------------------+----------+----------+----------+----------+---------
  Greedy Set-Cover                 |     0.4% |     0.4% |     0.4% |     3.4% |    66.9%
  Weighted Stochastic (seed=0, single run) |     0.5% |     2.3% |     4.6% |     9.5% |    57.9%
  Welshman+Thompson (seed=0, single run) |     0.4% |     0.4% |     0.6% |     4.4% |    56.8%
  (First EOSE: Greedy Set-Cover=1.6s, Weighted Stochastic (seed=0, single run)=1.6s, Welshman+Thompson (seed=0, single run)=1.6s)

  Profile-view latency (per-author outbox query, top 3 write relays):
    Authors simulated: 318 | Hit rate: 100.0%
    TTFE: 914ms median, 1.3s mean, 1.9s p95
    Relays/profile: 2.7 queried, 2.6 with events, 0.04 timeouts

  Feed vs profile-view TTFE comparison:
  Algorithm                        |  Feed TTFE |  Profile TTFE |    Delta
  ---------------------------------+------------+---------------+---------
  Greedy Set-Cover                 |      914ms |         914ms |     +0ms
  Weighted Stochastic (seed=0, single run) |      914ms |         914ms |     +0ms
  Welshman+Thompson (seed=0, single run) |      914ms |         914ms |     +0ms

=== NIP-66 RTT vs Measured Latency (147 relays, data age: 64min) ===
                             N   Spearman r      MAE    Bias    Top5   Top10   Top20
------------------------  ----  -----------  -------  ------  ------  ------  ------
rttOpen vs connect         147        -0.09    527ms    1.5x    0.0%    0.0%    5.0%
rttRead vs query           128        -0.02     1.7s    8.7x    0.0%   10.0%    5.0%
(Bias = measured/nip66, >1 = NIP-66 underestimates. TopK = overlap of K fastest relays.)
Monitor: 9bbbb845e5b6..., 0b01aa38c2cc..., 9ba1d7892cd0..., http-api..., 9bac3d58ef5a..., 58faef87b342..., 9b85d54cc4bc..., 9ba046db56b8..., 9ba6484003e8..., 45df0580711f..., b2c949c0fb79...
[relay-scores] Updated scores for welshman-thompson: 28 relays, session 5
[relay-scores] Degrading relays (2): wss://relay.momostr.pink, wss://nostr.land
[relay-scores] Saved to .cache/relay_scores_0c9b1e9fef76c88b_94608000_liveness_welshman-thompson.json

Thompson Sampling [welshman-thompson] learning state:
  Session: 5
  Relays with observations: 28
  Mean prior α: 57.0, β: 74.5
  Relays with strong preference (α>5): 14
  Relays learned to avoid (β>5): 26

JSON results written to: results/0c9b1e9fef76c88b_1773189205929.json
