[0m[32mTask[0m [0m[36mbench[0m deno run --allow-net --allow-read --allow-write main.ts "0c9b1e9fef76c88b63f86645dc33bb7777f0259ec41e674b61f4fc553f6db0e0" "--algorithms" "greedy,welshman,welshman-thompson" "--verify" "--verify-window" "94608000" "--verify-concurrency" "10" "--nip66-filter" "liveness" "--no-phase2-cache" "--fast" "--output" "both"
Target: 0c9b1e9fef76c88b...
Seed: 0 | Filter: strict | Runs: 3
Using cached data (fetched 2026-03-10T23:54:54.102Z)

=== Fetch Quality ===
Indexers: wss://purplepag.es (1673 events, 2805ms), wss://relay.damus.io (412 events, 397ms), wss://nos.lol (952 events, 906ms)
Follows: 1746 | With relay list: 948 (54.3%) | Missing: 798 (45.7%) | Filtered-to-empty: 11
Filter profile: strict | Filtered URLs: 75 (6 localhost, 16 insecure ws, 3 IP-only, 50 known-bad)
Unique valid write relays: 413 | Seed: 0
[nip66] Using cached monitor data (1152 relays)

=== NIP-66 Liveness Filter (liveness) ===
Monitor data: 1152 relays
Candidate relays: 413
  Known alive: 162
  Unknown (removed): 251
  .onion preserved: 4
  Parse-failed preserved: 0
  Authors filtered to empty: 22
Relays after filter: 162
[relay-scores] Loaded 23 relay priors (session 2, from 2026-03-10T23:55:40.016Z)

Thompson Sampling [welshman-thompson]: loaded 23 relay priors (session 2)

=== Regime A: Fixed 20 Connections ===
  Algorithm                      |  Relays |   Assign% |  Orphans |  Alg.Orph |  Avg/pk |   Gini |    HHI
  -------------------------------+---------+-----------+----------+-----------+---------+--------+-------
  Greedy Set-Cover               |      20 |     53.0% |      821 |        23 |     1.9 |   0.82 |  0.320
  Weighted Stochastic (cap@20)   |      20 |     52.8% (0.0sd) | 824.3333333333334 | 26.333333333333332 |     2.6 |   0.66 |  0.173
  Welshman+Thompson (cap@20)     |      20 |     52.8% (0.0sd) | 823.3333333333334 | 25.333333333333332 |     2.6 |   0.75 |  0.224

=== Phase 2: Event Verification ===
Window: 94608000s | Kinds: 1 | Concurrency: 10
[baseline] Querying 162 relays for 926 authors (window: 94608000s)
[pool] CLOSED from wss://aggr.nostr.land: auth-required: auth required for aggregator
[pool] CLOSED from wss://relay.getalby.com/v1: blocked: Request rejected
[pool] CLOSED from wss://greensoul.space: auth-required: only authenticated users can read from this relay
[baseline] Progress: 50/162 relays queried
[pool] CLOSED from wss://sendit.nosflare.com: restricted: this relay does not accept REQs
[pool] CLOSED from wss://creatr.nostr.wine: auth-required: please authenticate before sending REQs
[pool] CLOSED from wss://inbox.nostr.wine: blocked: this relay does not store any of the kinds in this request
[baseline] Progress: 100/162 relays queried
[pool] CLOSED from wss://nostr-relay.moctane.net: auth-required: authentication required to subscribe
[pool] CLOSED from wss://groups.0xchat.com: blocked: invalid query, must have 'h', 'e' or 'a' tag
[pool] CLOSED from wss://relay.groups.nip29.com: blocked: invalid query, must have 'h', 'e' or 'a' tag
[pool] CLOSED from wss://relay29.notoshi.win: blocked: invalid query, must have 'h', 'e' or 'a' tag
[pool] CLOSED from wss://relay.nosflare.com: auth-required: authentication required to subscribe
[pool] CLOSED from wss://bostr.erechorse.com: auth-required: authentication is required to perform this action.
[pool] CLOSED from wss://auth.nostr1.com: auth-required: you must auth
[baseline] Progress: 150/162 relays queried
[baseline] Progress: 162/162 relays queried
[phase2] Subscription timeouts (no EOSE): 7
[phase2] CLOSED messages received: 13
  wss://aggr.nostr.land: auth-required: auth required for aggregator
  wss://relay.getalby.com/v1: blocked: Request rejected
  wss://greensoul.space: auth-required: only authenticated users can read from this relay
  wss://sendit.nosflare.com: restricted: this relay does not accept REQs
  wss://creatr.nostr.wine: auth-required: please authenticate before sending REQs
  wss://inbox.nostr.wine: blocked: this relay does not store any of the kinds in this request
  wss://nostr-relay.moctane.net: auth-required: authentication required to subscribe
  wss://groups.0xchat.com: blocked: invalid query, must have 'h', 'e' or 'a' tag
  wss://relay.groups.nip29.com: blocked: invalid query, must have 'h', 'e' or 'a' tag
  wss://relay29.notoshi.win: blocked: invalid query, must have 'h', 'e' or 'a' tag

=== Phase 2: Event Verification (1095d window) ===
Baseline: 162 relays queried (82.7% success), 43s
  Timing: connect 726ms median (1.2s p95) | query 1.3s median (7.0s p95) | 7 timeouts (7 relays)
  Authors: 926 with relay data
    Testable (reliable): 317 | Testable (partial): 0 | Zero events: 606 | Unreliable: 3
  Baseline events: 68,231 (mean 215.2/author, median 30)
  Events per (relay,pubkey) capped at: 10000

  Headline metrics (317 testable-reliable authors, 68,231 baseline events):

  Algorithm                        |   Evt Recall |   Auth Recall |  Relay OK% |     TTFE |      p50 |      p80 | Timeouts
  ---------------------------------+--------------+---------------+------------+----------+----------+----------+---------
  Greedy Set-Cover                 |        22.0% |         78.9% |      95.0% |    873ms |     2.7s |     4.7s |        1
  Weighted Stochastic (seed=0, single run) |        28.8% |         87.1% |      90.0% |    626ms |     2.5s |     4.7s |        1
  Welshman+Thompson (seed=0, single run) |        26.1% |         88.6% |      90.0% |    873ms |     2.5s |     4.7s |        1

  Per-author recall distribution:
  Algorithm                        |   Median |  % at 0% |      p25 |      p75
  ---------------------------------+----------+----------+----------+---------
  Greedy Set-Cover                 |    69.6% |    21.1% |     2.6% |   100.0%
  Weighted Stochastic (seed=0, single run) |   100.0% |    12.9% |    24.0% |   100.0%
  Welshman+Thompson (seed=0, single run) |   100.0% |    11.4% |    28.8% |   100.0%

  Latency simulation (parallel relay query):
  Algorithm                        |     TTFE |      p50 |      p80 |      Max |   TO |   TO Tax |   Relays |   Events
  ---------------------------------+----------+----------+----------+----------+------+----------+----------+---------
  Greedy Set-Cover                 |    873ms |     2.7s |     4.7s |    16.5s |    1 |    15.0s | 19/20/20 |   38,592
  Weighted Stochastic (seed=0, single run) |    626ms |     2.5s |     4.7s |    16.5s |    1 |    15.0s | 18/19/20 |   38,042
  Welshman+Thompson (seed=0, single run) |    873ms |     2.5s |     4.7s |    16.5s |    1 |    15.0s | 18/19/20 |   38,992
  (Relays: with-events/connected/total | TO Tax: ceil(timeouts/concurrency) × EOSE timeout)

  Progressive completeness (% of recall achieved by time):
  Algorithm                        |      @1s |      @2s |      @5s |     @10s |     @15s
  ---------------------------------+----------+----------+----------+----------+---------
  Greedy Set-Cover                 |     0.0% |     2.5% |    69.7% |   100.0% |   100.0%
  Weighted Stochastic (seed=0, single run) |     1.9% |     8.8% |    72.9% |   100.0% |   100.0%
  Welshman+Thompson (seed=0, single run) |     0.0% |     3.8% |    68.0% |   100.0% |   100.0%

  EOSE-race simulation (stop after first EOSE + grace period):
  Algorithm                        |     +0ms |   +200ms |   +500ms |      +1s |      +2s
  ---------------------------------+----------+----------+----------+----------+---------
  Greedy Set-Cover                 |     0.4% |     2.5% |     2.5% |    16.2% |    69.7%
  Weighted Stochastic (seed=0, single run) |     1.9% |     1.9% |     1.9% |     2.5% |    28.0%
  Welshman+Thompson (seed=0, single run) |     0.2% |     0.2% |     0.6% |    17.5% |    67.9%
  (First EOSE: Greedy Set-Cover=1.7s, Weighted Stochastic (seed=0, single run)=757ms, Welshman+Thompson (seed=0, single run)=1.2s)

  Profile-view latency (per-author outbox query, top 3 write relays):
    Authors simulated: 317 | Hit rate: 100.0%
    TTFE: 873ms median, 1.2s mean, 2.1s p95
    Relays/profile: 2.7 queried, 2.6 with events, 0.02 timeouts

  Feed vs profile-view TTFE comparison:
  Algorithm                        |  Feed TTFE |  Profile TTFE |    Delta
  ---------------------------------+------------+---------------+---------
  Greedy Set-Cover                 |      873ms |         873ms |     +0ms
  Weighted Stochastic (seed=0, single run) |      626ms |         873ms |   +247ms
  Welshman+Thompson (seed=0, single run) |      873ms |         873ms |     +0ms

=== NIP-66 RTT vs Measured Latency (150 relays, data age: 40min) ===
                             N   Spearman r      MAE    Bias    Top5   Top10   Top20
------------------------  ----  -----------  -------  ------  ------  ------  ------
rttOpen vs connect         150        -0.04    485ms    1.1x    0.0%    0.0%   10.0%
rttRead vs query           130        -0.13     1.4s    7.6x    0.0%    0.0%   10.0%
(Bias = measured/nip66, >1 = NIP-66 underestimates. TopK = overlap of K fastest relays.)
Monitor: 9bbbb845e5b6..., 9ba1d7892cd0..., 0b01aa38c2cc..., http-api..., 9bac3d58ef5a..., 58faef87b342..., 9ba046db56b8..., 9b85d54cc4bc..., 45df0580711f..., 9ba6484003e8..., b2c949c0fb79...
[relay-scores] Updated scores for welshman-thompson: 25 relays, session 3
[relay-scores] Degrading relays (2): wss://yabu.me, wss://nostr.land
[relay-scores] Saved to .cache/relay_scores_0c9b1e9fef76c88b_94608000_liveness_welshman-thompson.json

Thompson Sampling [welshman-thompson] learning state:
  Session: 3
  Relays with observations: 25
  Mean prior α: 40.1, β: 52.7
  Relays with strong preference (α>5): 14
  Relays learned to avoid (β>5): 23

JSON results written to: results/0c9b1e9fef76c88b_1773187748649.json
