[0m[32mTask[0m [0m[36mbench[0m deno run --allow-net --allow-read --allow-write main.ts "0c9b1e9fef76c88b63f86645dc33bb7777f0259ec41e674b61f4fc553f6db0e0" "--algorithms" "greedy,welshman,welshman-thompson" "--verify" "--verify-window" "94608000" "--verify-concurrency" "10" "--nip66-filter" "liveness" "--no-phase2-cache" "--fast" "--output" "both"
Target: 0c9b1e9fef76c88b...
Seed: 0 | Filter: strict | Runs: 3
Using cached data (fetched 2026-03-08T11:17:58.426Z)

=== Fetch Quality ===
Indexers: wss://purplepag.es (1673 events, 996ms), wss://relay.damus.io (411 events, 405ms), wss://nos.lol (952 events, 710ms)
Follows: 1746 | With relay list: 948 (54.3%) | Missing: 798 (45.7%) | Filtered-to-empty: 11
Filter profile: strict | Filtered URLs: 75 (6 localhost, 16 insecure ws, 3 IP-only, 50 known-bad)
Unique valid write relays: 413 | Seed: 0
[nip66] Using cached monitor data (1145 relays)

=== NIP-66 Liveness Filter (liveness) ===
Monitor data: 1145 relays
Candidate relays: 413
  Known alive: 171
  Unknown (removed): 242
  .onion preserved: 4
  Parse-failed preserved: 0
  Authors filtered to empty: 22
Relays after filter: 171
[relay-scores] Loaded 30 relay priors (session 6, from 2026-03-08T11:31:49.337Z)

Thompson Sampling [welshman-thompson]: loaded 30 relay priors (session 6)

=== Regime A: Fixed 20 Connections ===
  Algorithm                      |  Relays |   Assign% |  Orphans |  Alg.Orph |  Avg/pk |   Gini |    HHI
  -------------------------------+---------+-----------+----------+-----------+---------+--------+-------
  Greedy Set-Cover               |      20 |     53.0% |      821 |        23 |     1.9 |   0.82 |  0.320
  Weighted Stochastic (cap@20)   |      20 |     52.8% (0.0sd) | 824.3333333333334 | 26.333333333333332 |     2.6 |   0.65 |  0.172
  Welshman+Thompson (cap@20)     |      20 |     52.8% (0.0sd) | 823.6666666666666 | 25.666666666666668 |     2.6 |   0.75 |  0.222

=== Phase 2: Event Verification ===
Window: 94608000s | Kinds: 1 | Concurrency: 10
[baseline] Querying 171 relays for 926 authors (window: 94608000s)
[pool] CLOSED from wss://aggr.nostr.land: auth-required: auth required for aggregator
[pool] CLOSED from wss://relay.getalby.com/v1: blocked: Request rejected
[pool] CLOSED from wss://greensoul.space: auth-required: only authenticated users can read from this relay
[baseline] Progress: 50/171 relays queried
[pool] CLOSED from wss://sendit.nosflare.com: restricted: this relay does not accept REQs
[pool] CLOSED from wss://creatr.nostr.wine: auth-required: please authenticate before sending REQs
[pool] CLOSED from wss://inbox.nostr.wine: blocked: this relay does not store any of the kinds in this request
[baseline] Progress: 100/171 relays queried
[pool] CLOSED from wss://nostr-relay.moctane.net: auth-required: authentication required to subscribe
[pool] CLOSED from wss://groups.0xchat.com: blocked: invalid query, must have 'h', 'e' or 'a' tag
[pool] CLOSED from wss://relay.groups.nip29.com: blocked: invalid query, must have 'h', 'e' or 'a' tag
[pool] CLOSED from wss://relay29.notoshi.win: blocked: invalid query, must have 'h', 'e' or 'a' tag
[pool] CLOSED from wss://bostr.erechorse.com: auth-required: authentication is required to perform this action.
[pool] CLOSED from wss://relay.nosflare.com: auth-required: authentication required to subscribe
[pool] CLOSED from wss://auth.nostr1.com: auth-required: you must auth
[baseline] Progress: 150/171 relays queried
[baseline] Progress: 171/171 relays queried
[phase2] Subscription timeouts (no EOSE): 8
[phase2] CLOSED messages received: 13
  wss://aggr.nostr.land: auth-required: auth required for aggregator
  wss://relay.getalby.com/v1: blocked: Request rejected
  wss://greensoul.space: auth-required: only authenticated users can read from this relay
  wss://sendit.nosflare.com: restricted: this relay does not accept REQs
  wss://creatr.nostr.wine: auth-required: please authenticate before sending REQs
  wss://inbox.nostr.wine: blocked: this relay does not store any of the kinds in this request
  wss://nostr-relay.moctane.net: auth-required: authentication required to subscribe
  wss://groups.0xchat.com: blocked: invalid query, must have 'h', 'e' or 'a' tag
  wss://relay.groups.nip29.com: blocked: invalid query, must have 'h', 'e' or 'a' tag
  wss://relay29.notoshi.win: blocked: invalid query, must have 'h', 'e' or 'a' tag

=== Phase 2: Event Verification (1095d window) ===
Baseline: 171 relays queried (81.9% success), 47s
  Timing: connect 735ms median (1.3s p95) | query 1.3s median (14.5s p95) | 8 timeouts (8 relays)
  Authors: 926 with relay data
    Testable (reliable): 311 | Testable (partial): 0 | Zero events: 612 | Unreliable: 3
  Baseline events: 71,484 (mean 229.9/author, median 32)
  Events per (relay,pubkey) capped at: 10000

  Headline metrics (311 testable-reliable authors, 71,484 baseline events):

  Algorithm                        |   Evt Recall |   Auth Recall |  Relay OK% |     TTFE |      p50 |      p80 | Timeouts
  ---------------------------------+--------------+---------------+------------+----------+----------+----------+---------
  Greedy Set-Cover                 |        21.5% |         79.7% |      95.0% |    752ms |     2.9s |     4.1s |        1
  Weighted Stochastic (seed=0, single run) |        32.2% |         87.8% |      90.0% |    620ms |     2.8s |     4.1s |        1
  Welshman+Thompson (seed=0, single run) |        28.9% |         87.1% |      90.0% |    752ms |     2.9s |     4.1s |        1

  Per-author recall distribution:
  Algorithm                        |   Median |  % at 0% |      p25 |      p75
  ---------------------------------+----------+----------+----------+---------
  Greedy Set-Cover                 |    75.2% |    20.3% |     3.0% |   100.0%
  Weighted Stochastic (seed=0, single run) |   100.0% |    12.2% |    24.4% |   100.0%
  Welshman+Thompson (seed=0, single run) |   100.0% |    12.9% |    20.1% |   100.0%

  Latency simulation (parallel relay query):
  Algorithm                        |     TTFE |      p50 |      p80 |      Max |   TO |   TO Tax |   Relays |   Events
  ---------------------------------+----------+----------+----------+----------+------+----------+----------+---------
  Greedy Set-Cover                 |    752ms |     2.9s |     4.1s |    16.8s |    1 |    15.0s | 19/20/20 |   38,383
  Weighted Stochastic (seed=0, single run) |    620ms |     2.8s |     4.1s |    16.8s |    1 |    15.0s | 18/19/20 |   41,140
  Welshman+Thompson (seed=0, single run) |    752ms |     2.9s |     4.1s |    16.8s |    1 |    15.0s | 18/19/20 |   41,540
  (Relays: with-events/connected/total | TO Tax: ceil(timeouts/concurrency) × EOSE timeout)

  Progressive completeness (% of recall achieved by time):
  Algorithm                        |      @1s |      @2s |      @5s |     @10s |     @15s
  ---------------------------------+----------+----------+----------+----------+---------
  Greedy Set-Cover                 |     0.0% |     0.6% |    66.7% |    83.9% |   100.0%
  Weighted Stochastic (seed=0, single run) |     0.1% |     1.9% |    74.7% |    89.2% |   100.0%
  Welshman+Thompson (seed=0, single run) |     0.0% |     1.2% |    71.8% |    88.9% |   100.0%

  EOSE-race simulation (stop after first EOSE + grace period):
  Algorithm                        |     +0ms |   +200ms |   +500ms |      +1s |      +2s
  ---------------------------------+----------+----------+----------+----------+---------
  Greedy Set-Cover                 |     0.6% |     0.6% |     0.6% |    14.6% |    62.8%
  Weighted Stochastic (seed=0, single run) |     0.1% |     0.1% |     0.1% |     1.4% |    60.7%
  Welshman+Thompson (seed=0, single run) |     0.5% |     0.5% |     0.5% |    28.9% |    63.4%
  (First EOSE: Greedy Set-Cover=1.4s, Weighted Stochastic (seed=0, single run)=752ms, Welshman+Thompson (seed=0, single run)=1.4s)

  Profile-view latency (per-author outbox query, top 3 write relays):
    Authors simulated: 311 | Hit rate: 100.0%
    TTFE: 752ms median, 1.1s mean, 1.7s p95
    Relays/profile: 2.8 queried, 2.6 with events, 0.01 timeouts

  Feed vs profile-view TTFE comparison:
  Algorithm                        |  Feed TTFE |  Profile TTFE |    Delta
  ---------------------------------+------------+---------------+---------
  Greedy Set-Cover                 |      752ms |         752ms |     +0ms
  Weighted Stochastic (seed=0, single run) |      620ms |         752ms |   +132ms
  Welshman+Thompson (seed=0, single run) |      752ms |         752ms |     +0ms

=== NIP-66 RTT vs Measured Latency (161 relays, data age: 46min) ===
                             N   Spearman r      MAE    Bias    Top5   Top10   Top20
------------------------  ----  -----------  -------  ------  ------  ------  ------
rttOpen vs connect         161         0.14    621ms    0.7x   20.0%   20.0%   25.0%
rttRead vs query            86         0.26     1.6s    8.0x   20.0%   50.0%   55.0%
(Bias = measured/nip66, >1 = NIP-66 underestimates. TopK = overlap of K fastest relays.)
Monitor: 45df0580711f..., 9ba0ce3dcc28..., 0b01aa38c2cc..., 9ba1d7892cd0..., 9bb7cd94d7b6..., b2c949c0fb79..., 9b85d54cc4bc..., 58faef87b342..., 9bbbb845e5b6...
[relay-scores] Updated scores for welshman-thompson: 31 relays, session 7
[relay-scores] Saved to .cache/relay_scores_0c9b1e9fef76c88b_94608000_liveness_welshman-thompson.json

Thompson Sampling [welshman-thompson] learning state:
  Session: 7
  Relays with observations: 31
  Mean prior α: 58.0, β: 80.3
  Relays with strong preference (α>5): 17
  Relays learned to avoid (β>5): 24

JSON results written to: results/0c9b1e9fef76c88b_1772970240573.json
