[0m[32mTask[0m [0m[36mbench[0m deno run --allow-net --allow-read --allow-write main.ts "78b3c1ed0a53b072fcfb8cc2e2e09cad31c9bfec869d1c8745c343d55033eea9" "--algorithms" "greedy,welshman,welshman-thompson" "--verify" "--verify-window" "94608000" "--verify-concurrency" "10" "--nip66-filter" "liveness" "--no-phase2-cache" "--fast" "--output" "both"
Target: 78b3c1ed0a53b072...
Seed: 0 | Filter: strict | Runs: 3
[fetch] Connecting to 3 indexer relays...
[fetch] wss://purplepag.es: connected (945ms)
[fetch] wss://relay.damus.io: connected (293ms)
[fetch] wss://nos.lol: connected (764ms)
[fetch] Fetching kind 3 (contact list) for 78b3c1ed...
[fetch] 84 follows to fetch relay lists for
[fetch] Received 54 relay list events

=== Fetch Quality ===
Indexers: wss://purplepag.es (0 events, 945ms), wss://relay.damus.io (37 events, 293ms), wss://nos.lol (54 events, 764ms)
Follows: 84 | With relay list: 54 (64.3%) | Missing: 30 (35.7%)
Filter profile: strict | Filtered URLs: 10 (10 known-bad)
Unique valid write relays: 108 | Seed: 0
[nip66] Connecting to 3 relays for kind 30166 events...
[nip66] wss://relaypag.es: connected (967ms)
[nip66] wss://relaypag.es: received 993 kind 30166 + 7 kind 1066 events
[nip66] wss://relay.nostr.watch: connected (443ms)
[nip66] wss://relay.nostr.watch: received 3491 kind 30166 + 1509 kind 1066 events
[nip66] wss://monitorlizard.nostr1.com: connected (462ms)
[nip66] wss://monitorlizard.nostr1.com: received 5000 kind 30166 + 0 kind 1066 events
[nip66] Trying nostr.watch HTTP API fallback...
[nip66] HTTP API returned 958 online relays
[nip66] Fetched NIP-66 data for 1129 relays via Nostr + 16 via HTTP API (1145 total)

=== NIP-66 Liveness Filter (liveness) ===
Monitor data: 1145 relays
Candidate relays: 108
  Known alive: 51
  Unknown (removed): 57
  .onion preserved: 1
  Parse-failed preserved: 0
  Authors filtered to empty: 1
Relays after filter: 51
[relay-scores] Loaded 26 relay priors (session 5, from 2026-03-07T16:23:53.510Z)

Thompson Sampling [welshman-thompson]: loaded 26 relay priors (session 5)

=== Regime A: Fixed 20 Connections ===
  Algorithm                      |  Relays |   Assign% |  Orphans |  Alg.Orph |  Avg/pk |   Gini |    HHI
  -------------------------------+---------+-----------+----------+-----------+---------+--------+-------
  Greedy Set-Cover               |      12 |     63.1% |       31 |         1 |     1.9 |   0.67 |  0.267
  Weighted Stochastic (cap@20)   |      20 |     63.1% (0.0sd) |       31 |         1 |     2.7 |   0.58 |  0.119
  Welshman+Thompson (cap@20)     |      20 |     63.1% (0.0sd) |       31 |         1 |     2.6 |   0.54 |  0.108

=== Phase 2: Event Verification ===
Window: 94608000s | Kinds: 1 | Concurrency: 10
[baseline] Querying 51 relays for 53 authors (window: 94608000s)
[pool] CLOSED from wss://relay.getalby.com/v1: blocked: Request rejected
[pool] CLOSED from wss://auth.nostr1.com: auth-required: you must auth
[baseline] Progress: 50/51 relays queried
[baseline] Progress: 51/51 relays queried
[phase2] Subscription timeouts (no EOSE): 3
[phase2] CLOSED messages received: 2
  wss://relay.getalby.com/v1: blocked: Request rejected
  wss://auth.nostr1.com: auth-required: you must auth

=== Phase 2: Event Verification (1095d window) ===
Baseline: 51 relays queried (80.4% success), 18s
  Timing: connect 656ms median (1.0s p95) | query 955ms median (4.1s p95) | 3 timeouts (3 relays)
  Authors: 53 with relay data
    Testable (reliable): 30 | Testable (partial): 1 | Zero events: 20 | Unreliable: 2
  Baseline events: 5,030 (mean 162.3/author, median 87)
  Events per (relay,pubkey) capped at: 10000

  Headline metrics (30 testable-reliable authors, 4,928 baseline events):

  Algorithm                        |   Evt Recall |   Auth Recall |  Relay OK% |     TTFE |      p50 |      p80 | Timeouts
  ---------------------------------+--------------+---------------+------------+----------+----------+----------+---------
  Greedy Set-Cover                 |        17.0% |         76.7% |      58.3% |    930ms |     2.2s |     2.7s |        2
  Weighted Stochastic (seed=0, single run) |        54.2% |         83.3% |      70.0% |    930ms |     2.1s |     2.4s |        2
  Welshman+Thompson (seed=0, single run) |        69.2% |         90.0% |      70.0% |    567ms |     2.0s |     2.4s |        1

  Per-author recall distribution:
  Algorithm                        |   Median |  % at 0% |      p25 |      p75
  ---------------------------------+----------+----------+----------+---------
  Greedy Set-Cover                 |    16.0% |    23.3% |     0.4% |    50.0%
  Weighted Stochastic (seed=0, single run) |    90.1% |    16.7% |     1.7% |   100.0%
  Welshman+Thompson (seed=0, single run) |   100.0% |    10.0% |    31.3% |   100.0%

  Latency simulation (parallel relay query):
  Algorithm                        |     TTFE |      p50 |      p80 |      Max |   TO |   TO Tax |   Relays |   Events
  ---------------------------------+----------+----------+----------+----------+------+----------+----------+---------
  Greedy Set-Cover                 |    930ms |     2.2s |     2.7s |    17.0s |    2 |    15.0s |   6/9/12 |    3,006
  Weighted Stochastic (seed=0, single run) |    930ms |     2.1s |     2.4s |    17.0s |    2 |    15.0s | 13/17/20 |    5,308
  Welshman+Thompson (seed=0, single run) |    567ms |     2.0s |     2.4s |    15.5s |    1 |    15.0s | 14/16/20 |    5,037
  (Relays: with-events/connected/total | TO Tax: ceil(timeouts/concurrency) × EOSE timeout)

  Progressive completeness (% of recall achieved by time):
  Algorithm                        |      @1s |      @2s |      @5s |     @10s |     @15s
  ---------------------------------+----------+----------+----------+----------+---------
  Greedy Set-Cover                 |     0.6% |     1.1% |   100.0% |   100.0% |   100.0%
  Weighted Stochastic (seed=0, single run) |     0.2% |    47.5% |   100.0% |   100.0% |   100.0%
  Welshman+Thompson (seed=0, single run) |     4.4% |    54.5% |   100.0% |   100.0% |   100.0%

  EOSE-race simulation (stop after first EOSE + grace period):
  Algorithm                        |     +0ms |   +200ms |   +500ms |      +1s |      +2s
  ---------------------------------+----------+----------+----------+----------+---------
  Greedy Set-Cover                 |     0.6% |     0.6% |     1.1% |     1.1% |   100.0%
  Weighted Stochastic (seed=0, single run) |     0.2% |     0.2% |    47.5% |    47.5% |   100.0%
  Welshman+Thompson (seed=0, single run) |     4.2% |     4.2% |     4.4% |    50.2% |    97.2%
  (First EOSE: Greedy Set-Cover=930ms, Weighted Stochastic (seed=0, single run)=930ms, Welshman+Thompson (seed=0, single run)=670ms)

  Profile-view latency (per-author outbox query, top 3 write relays):
    Authors simulated: 31 | Hit rate: 96.8%
    TTFE: 1.5s median, 1.4s mean, 1.8s p95
    Relays/profile: 2.8 queried, 2.1 with events, 0.03 timeouts

  Feed vs profile-view TTFE comparison:
  Algorithm                        |  Feed TTFE |  Profile TTFE |    Delta
  ---------------------------------+------------+---------------+---------
  Greedy Set-Cover                 |      930ms |          1.5s |   +575ms
  Weighted Stochastic (seed=0, single run) |      930ms |          1.5s |   +575ms
  Welshman+Thompson (seed=0, single run) |      567ms |          1.5s |   +937ms

  Including partial-baseline authors (31 testable authors, 5,030 baseline events):

  Algorithm                        |   Evt Recall |   Auth Recall
  ---------------------------------+--------------+--------------
  Greedy Set-Cover                 |        18.7% |         77.4%
  Weighted Stochastic (seed=0, single run) |        55.1% |         83.9%
  Welshman+Thompson (seed=0, single run) |        68.4% |         90.3%

=== NIP-66 RTT vs Measured Latency (46 relays, data age: 30min) ===
                             N   Spearman r      MAE    Bias    Top5   Top10   Top20
------------------------  ----  -----------  -------  ------  ------  ------  ------
rttOpen vs connect          46         0.01    727ms    0.6x    0.0%   10.0%   40.0%
rttRead vs query            23         0.08    917ms    4.8x   40.0%   40.0%   85.0%
(Bias = measured/nip66, >1 = NIP-66 underestimates. TopK = overlap of K fastest relays.)
Monitor: 45df0580711f..., 9ba0ce3dcc28..., 0b01aa38c2cc..., 9bb7cd94d7b6..., 9ba1d7892cd0..., b2c949c0fb79...
[relay-scores] Updated scores for welshman-thompson: 28 relays, session 6
[relay-scores] Degrading relays (7): wss://nostr.wine, wss://nostr.bitcoiner.social, wss://nrelay.c-stellar.net, wss://nostr.oxtr.dev, wss://r.bitcoinhold.net (+2 more)
[relay-scores] Saved to .cache/relay_scores_78b3c1ed0a53b072_94608000_liveness_welshman-thompson.json

Thompson Sampling [welshman-thompson] learning state:
  Session: 6
  Relays with observations: 28
  Mean prior α: 5.3, β: 9.8
  Relays with strong preference (α>5): 10
  Relays learned to avoid (β>5): 11

JSON results written to: results/78b3c1ed0a53b072_1772969280135.json
