[0m[32mTask[0m [0m[36mbench[0m deno run --allow-net --allow-read --allow-write main.ts "78b3c1ed0a53b072fcfb8cc2e2e09cad31c9bfec869d1c8745c343d55033eea9" "--algorithms" "greedy,welshman,welshman-thompson" "--verify" "--verify-window" "94608000" "--verify-concurrency" "10" "--nip66-filter" "liveness" "--no-phase2-cache" "--fast" "--output" "both"
Target: 78b3c1ed0a53b072...
Seed: 0 | Filter: strict | Runs: 3
Using cached data (fetched 2026-03-10T23:37:34.409Z)

=== Fetch Quality ===
Indexers: wss://purplepag.es (85 events, 1655ms), wss://relay.damus.io (38 events, 288ms), wss://nos.lol (54 events, 663ms)
Follows: 84 | With relay list: 54 (64.3%) | Missing: 30 (35.7%)
Filter profile: strict | Filtered URLs: 10 (10 known-bad)
Unique valid write relays: 112 | Seed: 0
[nip66] Using cached monitor data (1152 relays)

=== NIP-66 Liveness Filter (liveness) ===
Monitor data: 1152 relays
Candidate relays: 112
  Known alive: 54
  Unknown (removed): 58
  .onion preserved: 1
  Parse-failed preserved: 0
  Authors filtered to empty: 1
Relays after filter: 54
[relay-scores] Loaded 24 relay priors (session 2, from 2026-03-10T23:50:33.950Z)

Thompson Sampling [welshman-thompson]: loaded 24 relay priors (session 2)

=== Regime A: Fixed 20 Connections ===
  Algorithm                      |  Relays |   Assign% |  Orphans |  Alg.Orph |  Avg/pk |   Gini |    HHI
  -------------------------------+---------+-----------+----------+-----------+---------+--------+-------
  Greedy Set-Cover               |      12 |     63.1% |       31 |         1 |     1.9 |   0.67 |  0.268
  Weighted Stochastic (cap@20)   |      20 |     63.1% (0.0sd) |       31 |         1 |     2.7 |   0.57 |  0.118
  Welshman+Thompson (cap@20)     |      20 |     63.1% (0.0sd) |       31 |         1 |     2.6 |   0.54 |  0.112

=== Phase 2: Event Verification ===
Window: 94608000s | Kinds: 1 | Concurrency: 10
[baseline] Querying 54 relays for 53 authors (window: 94608000s)
[pool] CLOSED from wss://relay.getalby.com/v1: blocked: Request rejected
[pool] CLOSED from wss://auth.nostr1.com: auth-required: you must auth
[baseline] Progress: 50/54 relays queried
[baseline] Progress: 54/54 relays queried
[phase2] Subscription timeouts (no EOSE): 2
[phase2] CLOSED messages received: 2
  wss://relay.getalby.com/v1: blocked: Request rejected
  wss://auth.nostr1.com: auth-required: you must auth

=== Phase 2: Event Verification (1095d window) ===
Baseline: 54 relays queried (85.2% success), 19s
  Timing: connect 723ms median (1.1s p95) | query 1.0s median (2.1s p95) | 2 timeouts (2 relays)
  Authors: 53 with relay data
    Testable (reliable): 32 | Testable (partial): 0 | Zero events: 19 | Unreliable: 2
  Baseline events: 5,070 (mean 158.4/author, median 83)
  Events per (relay,pubkey) capped at: 10000

  Headline metrics (32 testable-reliable authors, 5,070 baseline events):

  Algorithm                        |   Evt Recall |   Auth Recall |  Relay OK% |     TTFE |      p50 |      p80 | Timeouts
  ---------------------------------+--------------+---------------+------------+----------+----------+----------+---------
  Greedy Set-Cover                 |        20.7% |         75.0% |      66.7% |    739ms |     2.3s |     3.0s |        2
  Weighted Stochastic (seed=0, single run) |        40.5% |         90.6% |      80.0% |    739ms |     2.1s |     2.3s |        1
  Welshman+Thompson (seed=0, single run) |        65.2% |         90.6% |      80.0% |    722ms |     2.2s |     2.4s |        2

  Per-author recall distribution:
  Algorithm                        |   Median |  % at 0% |      p25 |      p75
  ---------------------------------+----------+----------+----------+---------
  Greedy Set-Cover                 |    12.9% |    25.0% |     0.0% |    66.7%
  Weighted Stochastic (seed=0, single run) |    97.9% |     9.4% |     3.3% |   100.0%
  Welshman+Thompson (seed=0, single run) |    98.4% |     9.4% |    45.7% |   100.0%

  Latency simulation (parallel relay query):
  Algorithm                        |     TTFE |      p50 |      p80 |      Max |   TO |   TO Tax |   Relays |   Events
  ---------------------------------+----------+----------+----------+----------+------+----------+----------+---------
  Greedy Set-Cover                 |    739ms |     2.3s |     3.0s |    16.6s |    2 |    15.0s |  7/10/12 |    3,506
  Weighted Stochastic (seed=0, single run) |    739ms |     2.1s |     2.3s |    15.5s |    1 |    15.0s | 15/18/20 |    5,144
  Welshman+Thompson (seed=0, single run) |    722ms |     2.2s |     2.4s |    16.6s |    2 |    15.0s | 15/18/20 |    5,686
  (Relays: with-events/connected/total | TO Tax: ceil(timeouts/concurrency) × EOSE timeout)

  Progressive completeness (% of recall achieved by time):
  Algorithm                        |      @1s |      @2s |      @5s |     @10s |     @15s
  ---------------------------------+----------+----------+----------+----------+---------
  Greedy Set-Cover                 |    47.5% |    48.5% |   100.0% |   100.0% |   100.0%
  Weighted Stochastic (seed=0, single run) |    10.0% |    28.5% |   100.0% |   100.0% |   100.0%
  Welshman+Thompson (seed=0, single run) |    11.7% |    58.5% |   100.0% |   100.0% |   100.0%

  EOSE-race simulation (stop after first EOSE + grace period):
  Algorithm                        |     +0ms |   +200ms |   +500ms |      +1s |      +2s
  ---------------------------------+----------+----------+----------+----------+---------
  Greedy Set-Cover                 |    47.5% |    48.1% |    48.1% |    48.5% |    92.0%
  Weighted Stochastic (seed=0, single run) |     0.1% |    10.3% |    10.3% |    21.9% |    95.0%
  Welshman+Thompson (seed=0, single run) |     4.4% |    11.9% |    11.9% |    57.5% |    96.9%
  (First EOSE: Greedy Set-Cover=988ms, Weighted Stochastic (seed=0, single run)=928ms, Welshman+Thompson (seed=0, single run)=943ms)

  Profile-view latency (per-author outbox query, top 3 write relays):
    Authors simulated: 32 | Hit rate: 100.0%
    TTFE: 1.2s median, 1.2s mean, 1.8s p95
    Relays/profile: 2.8 queried, 2.5 with events, 0.03 timeouts

  Feed vs profile-view TTFE comparison:
  Algorithm                        |  Feed TTFE |  Profile TTFE |    Delta
  ---------------------------------+------------+---------------+---------
  Greedy Set-Cover                 |      739ms |          1.2s |   +414ms
  Weighted Stochastic (seed=0, single run) |      739ms |          1.2s |   +414ms
  Welshman+Thompson (seed=0, single run) |      722ms |          1.2s |   +432ms

=== NIP-66 RTT vs Measured Latency (48 relays, data age: 41min) ===
                             N   Spearman r      MAE    Bias    Top5   Top10   Top20
------------------------  ----  -----------  -------  ------  ------  ------  ------
rttOpen vs connect          48         0.06    456ms    1.0x    0.0%   10.0%   50.0%
rttRead vs query            44         0.14    888ms    6.3x   20.0%   20.0%   60.0%
(Bias = measured/nip66, >1 = NIP-66 underestimates. TopK = overlap of K fastest relays.)
Monitor: 9bbbb845e5b6..., 9bac3d58ef5a..., http-api..., 0b01aa38c2cc..., 9ba1d7892cd0..., 9b85d54cc4bc..., 9ba046db56b8..., b2c949c0fb79..., 9ba6484003e8...
[relay-scores] Updated scores for welshman-thompson: 25 relays, session 3
[relay-scores] Degrading relays (6): wss://nos.lol, wss://nostr.bitcoiner.social, wss://nrelay.c-stellar.net, wss://relay.primal.net, wss://nostr.mom (+1 more)
[relay-scores] Saved to .cache/relay_scores_78b3c1ed0a53b072_94608000_liveness_welshman-thompson.json

Thompson Sampling [welshman-thompson] learning state:
  Session: 3
  Relays with observations: 25
  Mean prior α: 4.1, β: 7.9
  Relays with strong preference (α>5): 7
  Relays learned to avoid (β>5): 11

JSON results written to: results/78b3c1ed0a53b072_1773187470544.json
