[0m[32mTask[0m [0m[36mbench[0m deno run --allow-net --allow-read --allow-write main.ts "78b3c1ed0a53b072fcfb8cc2e2e09cad31c9bfec869d1c8745c343d55033eea9" "--algorithms" "greedy,welshman,welshman-thompson" "--verify" "--verify-window" "94608000" "--verify-concurrency" "10" "--nip66-filter" "liveness" "--no-phase2-cache" "--fast" "--output" "both"
Target: 78b3c1ed0a53b072...
Seed: 0 | Filter: strict | Runs: 3
Using cached data (fetched 2026-03-10T23:37:34.409Z)

=== Fetch Quality ===
Indexers: wss://purplepag.es (85 events, 1655ms), wss://relay.damus.io (38 events, 288ms), wss://nos.lol (54 events, 663ms)
Follows: 84 | With relay list: 54 (64.3%) | Missing: 30 (35.7%)
Filter profile: strict | Filtered URLs: 10 (10 known-bad)
Unique valid write relays: 112 | Seed: 0
[nip66] Using cached monitor data (1152 relays)

=== NIP-66 Liveness Filter (liveness) ===
Monitor data: 1152 relays
Candidate relays: 112
  Known alive: 54
  Unknown (removed): 58
  .onion preserved: 1
  Parse-failed preserved: 0
  Authors filtered to empty: 1
Relays after filter: 54
[relay-scores] Loaded 20 relay priors (session 1, from 2026-03-10T23:38:00.512Z)

Thompson Sampling [welshman-thompson]: loaded 20 relay priors (session 1)

=== Regime A: Fixed 20 Connections ===
  Algorithm                      |  Relays |   Assign% |  Orphans |  Alg.Orph |  Avg/pk |   Gini |    HHI
  -------------------------------+---------+-----------+----------+-----------+---------+--------+-------
  Greedy Set-Cover               |      12 |     63.1% |       31 |         1 |     1.9 |   0.67 |  0.268
  Weighted Stochastic (cap@20)   |      20 |     63.1% (0.0sd) |       31 |         1 |     2.7 |   0.57 |  0.118
  Welshman+Thompson (cap@20)     |      20 |     62.7% (0.0sd) | 31.333333333333332 | 1.3333333333333333 |     2.6 |   0.53 |  0.111

=== Phase 2: Event Verification ===
Window: 94608000s | Kinds: 1 | Concurrency: 10
[baseline] Querying 54 relays for 53 authors (window: 94608000s)
[pool] CLOSED from wss://relay.getalby.com/v1: blocked: Request rejected
[pool] CLOSED from wss://auth.nostr1.com: auth-required: you must auth
[baseline] Progress: 50/54 relays queried
[baseline] Progress: 54/54 relays queried
[phase2] Subscription timeouts (no EOSE): 2
[phase2] CLOSED messages received: 2
  wss://relay.getalby.com/v1: blocked: Request rejected
  wss://auth.nostr1.com: auth-required: you must auth

=== Phase 2: Event Verification (1095d window) ===
Baseline: 54 relays queried (87.0% success), 19s
  Timing: connect 720ms median (1.1s p95) | query 1.0s median (2.8s p95) | 2 timeouts (2 relays)
  Authors: 53 with relay data
    Testable (reliable): 32 | Testable (partial): 0 | Zero events: 19 | Unreliable: 2
  Baseline events: 5,070 (mean 158.4/author, median 83)
  Events per (relay,pubkey) capped at: 10000

  Headline metrics (32 testable-reliable authors, 5,070 baseline events):

  Algorithm                        |   Evt Recall |   Auth Recall |  Relay OK% |     TTFE |      p50 |      p80 | Timeouts
  ---------------------------------+--------------+---------------+------------+----------+----------+----------+---------
  Greedy Set-Cover                 |        20.7% |         75.0% |      66.7% |    923ms |     2.4s |     4.4s |        2
  Weighted Stochastic (seed=0, single run) |        40.5% |         90.6% |      80.0% |    923ms |     2.2s |     2.5s |        1
  Welshman+Thompson (seed=0, single run) |        67.1% |         93.8% |      80.0% |    711ms |     2.2s |     2.5s |        1

  Per-author recall distribution:
  Algorithm                        |   Median |  % at 0% |      p25 |      p75
  ---------------------------------+----------+----------+----------+---------
  Greedy Set-Cover                 |    12.9% |    25.0% |     0.0% |    66.7%
  Weighted Stochastic (seed=0, single run) |    97.9% |     9.4% |     3.3% |   100.0%
  Welshman+Thompson (seed=0, single run) |   100.0% |     6.3% |    66.7% |   100.0%

  Latency simulation (parallel relay query):
  Algorithm                        |     TTFE |      p50 |      p80 |      Max |   TO |   TO Tax |   Relays |   Events
  ---------------------------------+----------+----------+----------+----------+------+----------+----------+---------
  Greedy Set-Cover                 |    923ms |     2.4s |     4.4s |    16.5s |    2 |    15.0s |  7/10/12 |    3,506
  Weighted Stochastic (seed=0, single run) |    923ms |     2.2s |     2.5s |    15.6s |    1 |    15.0s | 15/18/20 |    5,144
  Welshman+Thompson (seed=0, single run) |    711ms |     2.2s |     2.5s |    16.5s |    1 |    15.0s | 15/18/20 |    5,686
  (Relays: with-events/connected/total | TO Tax: ceil(timeouts/concurrency) × EOSE timeout)

  Progressive completeness (% of recall achieved by time):
  Algorithm                        |      @1s |      @2s |      @5s |     @10s |     @15s
  ---------------------------------+----------+----------+----------+----------+---------
  Greedy Set-Cover                 |     0.0% |    48.5% |   100.0% |   100.0% |   100.0%
  Weighted Stochastic (seed=0, single run) |     0.0% |    26.8% |   100.0% |   100.0% |   100.0%
  Welshman+Thompson (seed=0, single run) |     4.2% |    52.6% |   100.0% |   100.0% |   100.0%

  EOSE-race simulation (stop after first EOSE + grace period):
  Algorithm                        |     +0ms |   +200ms |   +500ms |      +1s |      +2s
  ---------------------------------+----------+----------+----------+----------+---------
  Greedy Set-Cover                 |    47.5% |    48.1% |    48.1% |    48.5% |    92.0%
  Weighted Stochastic (seed=0, single run) |     9.9% |    10.3% |    10.3% |    26.8% |    95.0%
  Welshman+Thompson (seed=0, single run) |     4.2% |     4.2% |     9.2% |    52.6% |    96.2%
  (First EOSE: Greedy Set-Cover=1.0s, Weighted Stochastic (seed=0, single run)=1.0s, Welshman+Thompson (seed=0, single run)=801ms)

  Profile-view latency (per-author outbox query, top 3 write relays):
    Authors simulated: 32 | Hit rate: 100.0%
    TTFE: 1.2s median, 1.3s mean, 1.9s p95
    Relays/profile: 2.8 queried, 2.5 with events, 0.03 timeouts

  Feed vs profile-view TTFE comparison:
  Algorithm                        |  Feed TTFE |  Profile TTFE |    Delta
  ---------------------------------+------------+---------------+---------
  Greedy Set-Cover                 |      923ms |          1.2s |   +240ms
  Weighted Stochastic (seed=0, single run) |      923ms |          1.2s |   +240ms
  Welshman+Thompson (seed=0, single run) |      711ms |          1.2s |   +451ms

=== NIP-66 RTT vs Measured Latency (49 relays, data age: 27min) ===
                             N   Spearman r      MAE    Bias    Top5   Top10   Top20
------------------------  ----  -----------  -------  ------  ------  ------  ------
rttOpen vs connect          49         0.04    449ms    1.0x    0.0%   10.0%   40.0%
rttRead vs query            45         0.21    910ms    6.0x   20.0%   20.0%   55.0%
(Bias = measured/nip66, >1 = NIP-66 underestimates. TopK = overlap of K fastest relays.)
Monitor: 9bbbb845e5b6..., http-api..., 9bac3d58ef5a..., 0b01aa38c2cc..., 9ba1d7892cd0..., 9ba046db56b8..., 9b85d54cc4bc..., b2c949c0fb79..., 9ba6484003e8...
[relay-scores] Updated scores for welshman-thompson: 24 relays, session 2
[relay-scores] Saved to .cache/relay_scores_78b3c1ed0a53b072_94608000_liveness_welshman-thompson.json

Thompson Sampling [welshman-thompson] learning state:
  Session: 2
  Relays with observations: 24
  Mean prior α: 3.2, β: 5.9
  Relays with strong preference (α>5): 5
  Relays learned to avoid (β>5): 9

JSON results written to: results/78b3c1ed0a53b072_1773186633968.json
