[0m[32mTask[0m [0m[36mbench[0m deno run --allow-net --allow-read --allow-write main.ts "75f457569d7027f819de92e8bb13795c0febe9750dc3fb1b5c42aeb502d0841d" "--algorithms" "greedy,welshman,welshman-thompson" "--verify" "--verify-window" "94608000" "--verify-concurrency" "10" "--nip66-filter" "liveness" "--no-phase2-cache" "--fast" "--output" "both"
Target: 75f457569d7027f8...
Seed: 0 | Filter: strict | Runs: 3
[fetch] Connecting to 3 indexer relays...
[fetch] wss://purplepag.es: connected (985ms)
[fetch] wss://relay.damus.io: connected (747ms)
[fetch] wss://nos.lol: connected (1941ms)
[fetch] Fetching kind 3 (contact list) for 75f45756...
[fetch] 240 follows to fetch relay lists for
[fetch] Fetched relay lists: 200/240
[fetch] Received 191 relay list events

=== Fetch Quality ===
Indexers: wss://purplepag.es (0 events, 985ms), wss://relay.damus.io (143 events, 747ms), wss://nos.lol (192 events, 1941ms)
Follows: 240 | With relay list: 188 (78.3%) | Missing: 52 (21.7%) | Filtered-to-empty: 3
Filter profile: strict | Filtered URLs: 77 (3 localhost, 11 insecure ws, 1 IP-only, 61 known-bad, 1 malformed)
Unique valid write relays: 339 | Seed: 0
[nip66] Using cached monitor data (1145 relays)

=== NIP-66 Liveness Filter (liveness) ===
Monitor data: 1145 relays
Candidate relays: 339
  Known alive: 155
  Unknown (removed): 184
  .onion preserved: 1
  Parse-failed preserved: 0
  Authors filtered to empty: 1
Relays after filter: 155
[relay-scores] Loaded 39 relay priors (session 9, from 2026-03-08T12:06:42.474Z)

Thompson Sampling [welshman-thompson]: loaded 39 relay priors (session 9)

=== Regime A: Fixed 20 Connections ===
  Algorithm                      |  Relays |   Assign% |  Orphans |  Alg.Orph |  Avg/pk |   Gini |    HHI
  -------------------------------+---------+-----------+----------+-----------+---------+--------+-------
  Greedy Set-Cover               |      20 |     77.9% |       53 |         1 |     2.0 |   0.81 |  0.331
  Weighted Stochastic (cap@20)   |      20 |     76.7% (0.0sd) |       56 |         4 |     2.7 |   0.51 |  0.111
  Welshman+Thompson (cap@20)     |      20 |     76.8% (0.0sd) | 55.666666666666664 | 3.6666666666666665 |     2.6 |   0.54 |  0.110

=== Phase 2: Event Verification ===
Window: 94608000s | Kinds: 1 | Concurrency: 10
[baseline] Querying 155 relays for 187 authors (window: 94608000s)
[pool] CLOSED from wss://bostr.erechorse.com: auth-required: authentication is required to perform this action.
[pool] CLOSED from wss://creatr.nostr.wine: auth-required: please authenticate before sending REQs
[pool] CLOSED from wss://inbox.nostr.wine: blocked: this relay does not store any of the kinds in this request
[pool] CLOSED from wss://aggr.nostr.land: auth-required: auth required for aggregator
[baseline] Progress: 50/155 relays queried
[pool] CLOSED from wss://relay.getalby.com/v1: blocked: Request rejected
[pool] CLOSED from wss://sendit.nosflare.com: restricted: this relay does not accept REQs
[pool] CLOSED from wss://nostr.dbtc.link: auth-required: NIP-42 auth required
[pool] CLOSED from wss://greensoul.space: auth-required: only authenticated users can read from this relay
[pool] CLOSED from wss://pantry.zap.cooking: auth-required: please authenticate
[pool] CLOSED from wss://auth.nostr1.com: auth-required: you must auth
[baseline] Progress: 100/155 relays queried
[pool] CLOSED from wss://relay.nosflare.com: auth-required: authentication required to subscribe
[pool] CLOSED from wss://hole.v0l.io: error: queries not allowed
[pool] CLOSED from wss://relay.shawnyeager.com/chat: auth-required: all requests must be authenticated
[baseline] Progress: 150/155 relays queried
[baseline] Progress: 155/155 relays queried
[phase2] Subscription timeouts (no EOSE): 9
[phase2] CLOSED messages received: 13
  wss://bostr.erechorse.com: auth-required: authentication is required to perform this action.
  wss://creatr.nostr.wine: auth-required: please authenticate before sending REQs
  wss://inbox.nostr.wine: blocked: this relay does not store any of the kinds in this request
  wss://aggr.nostr.land: auth-required: auth required for aggregator
  wss://relay.getalby.com/v1: blocked: Request rejected
  wss://sendit.nosflare.com: restricted: this relay does not accept REQs
  wss://nostr.dbtc.link: auth-required: NIP-42 auth required
  wss://greensoul.space: auth-required: only authenticated users can read from this relay
  wss://pantry.zap.cooking: auth-required: please authenticate
  wss://auth.nostr1.com: auth-required: you must auth

=== Phase 2: Event Verification (1095d window) ===
Baseline: 155 relays queried (81.9% success), 38s
  Timing: connect 695ms median (1.2s p95) | query 1.2s median (15.6s p95) | 9 timeouts (9 relays)
  Authors: 187 with relay data
    Testable (reliable): 136 | Testable (partial): 0 | Zero events: 51 | Unreliable: 0
  Baseline events: 76,297 (mean 561.0/author, median 85)
  Events per (relay,pubkey) capped at: 10000

  Headline metrics (136 testable-reliable authors, 76,297 baseline events):

  Algorithm                        |   Evt Recall |   Auth Recall |  Relay OK% |     TTFE |      p50 |      p80 | Timeouts
  ---------------------------------+--------------+---------------+------------+----------+----------+----------+---------
  Greedy Set-Cover                 |         9.0% |         79.4% |      90.0% |    535ms |     2.1s |     2.5s |        0
  Weighted Stochastic (seed=0, single run) |        13.0% |         83.8% |      95.0% |    562ms |     2.4s |     2.8s |        1
  Welshman+Thompson (seed=0, single run) |        25.7% |         85.3% |     100.0% |    634ms |     2.4s |     2.8s |        0

  Per-author recall distribution:
  Algorithm                        |   Median |  % at 0% |      p25 |      p75
  ---------------------------------+----------+----------+----------+---------
  Greedy Set-Cover                 |     8.3% |    20.6% |     0.6% |    48.6%
  Weighted Stochastic (seed=0, single run) |    26.0% |    16.2% |     2.2% |   100.0%
  Welshman+Thompson (seed=0, single run) |    56.2% |    14.7% |     4.3% |   100.0%

  Latency simulation (parallel relay query):
  Algorithm                        |     TTFE |      p50 |      p80 |      Max |   TO |   TO Tax |   Relays |   Events
  ---------------------------------+----------+----------+----------+----------+------+----------+----------+---------
  Greedy Set-Cover                 |    535ms |     2.1s |     2.5s |     3.6s |    0 |      0ms | 18/19/20 |   13,216
  Weighted Stochastic (seed=0, single run) |    562ms |     2.4s |     2.8s |    21.3s |    1 |    15.0s | 18/20/20 |   19,217
  Welshman+Thompson (seed=0, single run) |    634ms |     2.4s |     2.8s |     5.4s |    0 |      0ms | 20/20/20 |   28,808
  (Relays: with-events/connected/total | TO Tax: ceil(timeouts/concurrency) × EOSE timeout)

  Progressive completeness (% of recall achieved by time):
  Algorithm                        |      @1s |      @2s |      @5s |     @10s |     @15s
  ---------------------------------+----------+----------+----------+----------+---------
  Greedy Set-Cover                 |     1.1% |    50.0% |   100.0% |   100.0% |   100.0%
  Weighted Stochastic (seed=0, single run) |     3.8% |    48.4% |   100.0% |   100.0% |   100.0%
  Welshman+Thompson (seed=0, single run) |     0.5% |    24.0% |    99.9% |   100.0% |   100.0%

  EOSE-race simulation (stop after first EOSE + grace period):
  Algorithm                        |     +0ms |   +200ms |   +500ms |      +1s |      +2s
  ---------------------------------+----------+----------+----------+----------+---------
  Greedy Set-Cover                 |     1.1% |     1.1% |    15.8% |    48.0% |    86.1%
  Weighted Stochastic (seed=0, single run) |     3.8% |     3.8% |     3.8% |    48.4% |    75.2%
  Welshman+Thompson (seed=0, single run) |     0.5% |     0.5% |     5.4% |    24.0% |    97.2%
  (First EOSE: Greedy Set-Cover=617ms, Weighted Stochastic (seed=0, single run)=722ms, Welshman+Thompson (seed=0, single run)=978ms)

  Profile-view latency (per-author outbox query, top 3 write relays):
    Authors simulated: 136 | Hit rate: 100.0%
    TTFE: 634ms median, 914ms mean, 1.6s p95
    Relays/profile: 2.9 queried, 2.7 with events, 0.04 timeouts

  Feed vs profile-view TTFE comparison:
  Algorithm                        |  Feed TTFE |  Profile TTFE |    Delta
  ---------------------------------+------------+---------------+---------
  Greedy Set-Cover                 |      535ms |         634ms |    +99ms
  Weighted Stochastic (seed=0, single run) |      562ms |         634ms |    +72ms
  Welshman+Thompson (seed=0, single run) |      634ms |         634ms |     +0ms

=== NIP-66 RTT vs Measured Latency (148 relays, data age: 81min) ===
                             N   Spearman r      MAE    Bias    Top5   Top10   Top20
------------------------  ----  -----------  -------  ------  ------  ------  ------
rttOpen vs connect         148         0.25    606ms    0.7x    0.0%   20.0%   20.0%
rttRead vs query            80         0.31     1.2s    9.6x    0.0%   20.0%   55.0%
(Bias = measured/nip66, >1 = NIP-66 underestimates. TopK = overlap of K fastest relays.)
Monitor: 45df0580711f..., 9ba0ce3dcc28..., 0b01aa38c2cc..., 9ba1d7892cd0..., 9bb7cd94d7b6..., b2c949c0fb79..., 9bbbb845e5b6..., 58faef87b342..., http-api...
[relay-scores] Updated scores for welshman-thompson: 40 relays, session 10
[relay-scores] Degrading relays (1): wss://relay.fountain.fm
[relay-scores] Saved to .cache/relay_scores_75f457569d7027f8_94608000_liveness_welshman-thompson.json

Thompson Sampling [welshman-thompson] learning state:
  Session: 10
  Relays with observations: 40
  Mean prior α: 28.5, β: 61.2
  Relays with strong preference (α>5): 19
  Relays learned to avoid (β>5): 27

JSON results written to: results/75f457569d7027f8_1772972369063.json
