[0m[32mTask[0m [0m[36mbench[0m deno run --allow-net --allow-read --allow-write main.ts "75f457569d7027f819de92e8bb13795c0febe9750dc3fb1b5c42aeb502d0841d" "--algorithms" "greedy,welshman,welshman-thompson" "--verify" "--verify-window" "94608000" "--verify-concurrency" "10" "--nip66-filter" "liveness" "--no-phase2-cache" "--fast" "--output" "both"
Target: 75f457569d7027f8...
Seed: 0 | Filter: strict | Runs: 3
Using cached data (fetched 2026-03-10T23:39:04.841Z)

=== Fetch Quality ===
Indexers: wss://purplepag.es (456 events, 911ms), wss://relay.damus.io (262 events, 268ms), wss://nos.lol (374 events, 797ms)
Follows: 455 | With relay list: 366 (80.4%) | Missing: 89 (19.6%) | Filtered-to-empty: 7
Filter profile: strict | Filtered URLs: 135 (5 localhost, 21 insecure ws, 5 IP-only, 103 known-bad, 1 malformed)
Unique valid write relays: 477 | Seed: 0
[nip66] Using cached monitor data (1152 relays)

=== NIP-66 Liveness Filter (liveness) ===
Monitor data: 1152 relays
Candidate relays: 477
  Known alive: 203
  Unknown (removed): 274
  .onion preserved: 5
  Parse-failed preserved: 0
  Authors filtered to empty: 3
Relays after filter: 203
[relay-scores] Loaded 20 relay priors (session 1, from 2026-03-10T23:40:01.264Z)

Thompson Sampling [welshman-thompson]: loaded 20 relay priors (session 1)

=== Regime A: Fixed 20 Connections ===
  Algorithm                      |  Relays |   Assign% |  Orphans |  Alg.Orph |  Avg/pk |   Gini |    HHI
  -------------------------------+---------+-----------+----------+-----------+---------+--------+-------
  Greedy Set-Cover               |      20 |     78.2% |       99 |        10 |     2.0 |   0.81 |  0.314
  Weighted Stochastic (cap@20)   |      20 |     78.3% (0.0sd) | 98.66666666666667 | 9.666666666666666 |     2.6 |   0.54 |  0.114
  Welshman+Thompson (cap@20)     |      20 |     77.6% (0.0sd) |      102 |        13 |     2.4 |   0.51 |  0.111

=== Phase 2: Event Verification ===
Window: 94608000s | Kinds: 1 | Concurrency: 10
[baseline] Querying 203 relays for 363 authors (window: 94608000s)
[pool] CLOSED from wss://relay.getalby.com/v1: blocked: Request rejected
[pool] CLOSED from wss://bitstack.app: auth-required: authentication required to subscribe
[pool] CLOSED from wss://greensoul.space: auth-required: only authenticated users can read from this relay
[pool] CLOSED from wss://jingle.nostrver.se: auth-required: take a selfie and send it to the CIA
[pool] CLOSED from wss://impromptu.relays.land: auth-required: all requests must be authenticated
[baseline] Progress: 50/203 relays queried
[pool] CLOSED from wss://creatr.nostr.wine: auth-required: please authenticate before sending REQs
[pool] CLOSED from wss://sendit.nosflare.com: restricted: this relay does not accept REQs
[pool] CLOSED from wss://relay.nosflare.com: auth-required: authentication required to subscribe
[baseline] Progress: 100/203 relays queried
[pool] CLOSED from wss://aggr.nostr.land: auth-required: auth required for aggregator
[pool] CLOSED from wss://inbox.nostr.wine: blocked: this relay does not store any of the kinds in this request
[pool] CLOSED from wss://groups.fiatjaf.com: blocked: invalid query, must have 'h', 'e' or 'a' tag
[pool] CLOSED from wss://auth.nostr1.com: auth-required: you must auth
[pool] CLOSED from wss://bostr.erechorse.com: auth-required: authentication is required to perform this action.
[baseline] Progress: 150/203 relays queried
[pool] CLOSED from wss://hole.v0l.io: error: queries not allowed
[pool] CLOSED from wss://nostr.dbtc.link: auth-required: NIP-42 auth required
[pool] CLOSED from wss://relay29.notoshi.win: blocked: invalid query, must have 'h', 'e' or 'a' tag
[pool] CLOSED from wss://relay.shawnyeager.com/chat: auth-required: all requests must be authenticated
[pool] CLOSED from wss://pantry.zap.cooking: auth-required: please authenticate
[pool] CLOSED from wss://wot.azzamo.net: rate-limited: there is a bug in the client, no one should be making so many requests
[baseline] Progress: 200/203 relays queried
[baseline] Progress: 203/203 relays queried
[phase2] Subscription timeouts (no EOSE): 15
[phase2] CLOSED messages received: 19
  wss://relay.getalby.com/v1: blocked: Request rejected
  wss://bitstack.app: auth-required: authentication required to subscribe
  wss://greensoul.space: auth-required: only authenticated users can read from this relay
  wss://jingle.nostrver.se: auth-required: take a selfie and send it to the CIA
  wss://impromptu.relays.land: auth-required: all requests must be authenticated
  wss://creatr.nostr.wine: auth-required: please authenticate before sending REQs
  wss://sendit.nosflare.com: restricted: this relay does not accept REQs
  wss://relay.nosflare.com: auth-required: authentication required to subscribe
  wss://aggr.nostr.land: auth-required: auth required for aggregator
  wss://inbox.nostr.wine: blocked: this relay does not store any of the kinds in this request

=== Phase 2: Event Verification (1095d window) ===
Baseline: 203 relays queried (78.8% success), 60s
  Timing: connect 728ms median (1.4s p95) | query 1.3s median (15.7s p95) | 15 timeouts (15 relays)
  Authors: 363 with relay data
    Testable (reliable): 233 | Testable (partial): 1 | Zero events: 128 | Unreliable: 1
  Baseline events: 83,437 (mean 356.6/author, median 53)
  Events per (relay,pubkey) capped at: 10000

  Headline metrics (233 testable-reliable authors, 83,422 baseline events):

  Algorithm                        |   Evt Recall |   Auth Recall |  Relay OK% |     TTFE |      p50 |      p80 | Timeouts
  ---------------------------------+--------------+---------------+------------+----------+----------+----------+---------
  Greedy Set-Cover                 |        10.9% |         81.1% |     100.0% |    830ms |     4.6s |     7.6s |        0
  Weighted Stochastic (seed=0, single run) |        13.1% |         85.8% |     100.0% |    683ms |     3.8s |     7.4s |        0
  Welshman+Thompson (seed=0, single run) |        12.5% |         86.3% |     100.0% |     1.0s |     3.9s |     7.4s |        0

  Per-author recall distribution:
  Algorithm                        |   Median |  % at 0% |      p25 |      p75
  ---------------------------------+----------+----------+----------+---------
  Greedy Set-Cover                 |    23.3% |    18.9% |     1.0% |    93.5%
  Weighted Stochastic (seed=0, single run) |    45.8% |    14.2% |     3.4% |   100.0%
  Welshman+Thompson (seed=0, single run) |    60.0% |    13.7% |     3.7% |   100.0%

  Latency simulation (parallel relay query):
  Algorithm                        |     TTFE |      p50 |      p80 |      Max |   TO |   TO Tax |   Relays |   Events
  ---------------------------------+----------+----------+----------+----------+------+----------+----------+---------
  Greedy Set-Cover                 |    830ms |     4.6s |     7.6s |    16.1s |    0 |      0ms | 19/20/20 |   22,282
  Weighted Stochastic (seed=0, single run) |    683ms |     3.8s |     7.4s |     9.0s |    0 |      0ms | 20/20/20 |   24,651
  Welshman+Thompson (seed=0, single run) |     1.0s |     3.9s |     7.4s |     9.0s |    0 |      0ms | 20/20/20 |   25,401
  (Relays: with-events/connected/total | TO Tax: ceil(timeouts/concurrency) × EOSE timeout)

  Progressive completeness (% of recall achieved by time):
  Algorithm                        |      @1s |      @2s |      @5s |     @10s |     @15s
  ---------------------------------+----------+----------+----------+----------+---------
  Greedy Set-Cover                 |     0.7% |    12.2% |    48.8% |   100.0% |   100.0%
  Weighted Stochastic (seed=0, single run) |     0.4% |     2.9% |    54.2% |   100.0% |   100.0%
  Welshman+Thompson (seed=0, single run) |     0.0% |     3.0% |    60.3% |   100.0% |   100.0%

  EOSE-race simulation (stop after first EOSE + grace period):
  Algorithm                        |     +0ms |   +200ms |   +500ms |      +1s |      +2s
  ---------------------------------+----------+----------+----------+----------+---------
  Greedy Set-Cover                 |     0.7% |     0.7% |     0.8% |    12.2% |    45.7%
  Weighted Stochastic (seed=0, single run) |     0.4% |     0.4% |     2.9% |     2.9% |    38.3%
  Welshman+Thompson (seed=0, single run) |     3.0% |     3.0% |     3.0% |     9.4% |    44.9%
  (First EOSE: Greedy Set-Cover=904ms, Weighted Stochastic (seed=0, single run)=823ms, Welshman+Thompson (seed=0, single run)=1.3s)

  Profile-view latency (per-author outbox query, top 3 write relays):
    Authors simulated: 234 | Hit rate: 100.0%
    TTFE: 1.7s median, 2.4s mean, 5.2s p95
    Relays/profile: 2.9 queried, 2.7 with events, 0.04 timeouts

  Feed vs profile-view TTFE comparison:
  Algorithm                        |  Feed TTFE |  Profile TTFE |    Delta
  ---------------------------------+------------+---------------+---------
  Greedy Set-Cover                 |      830ms |          1.7s |   +850ms
  Weighted Stochastic (seed=0, single run) |      683ms |          1.7s |   +997ms
  Welshman+Thompson (seed=0, single run) |       1.0s |          1.7s |   +668ms

  Including partial-baseline authors (234 testable authors, 83,437 baseline events):

  Algorithm                        |   Evt Recall |   Auth Recall
  ---------------------------------+--------------+--------------
  Greedy Set-Cover                 |        11.0% |         81.2%
  Weighted Stochastic (seed=0, single run) |        13.1% |         85.9%
  Welshman+Thompson (seed=0, single run) |        12.5% |         86.3%

=== NIP-66 RTT vs Measured Latency (189 relays, data age: 23min) ===
                             N   Spearman r      MAE    Bias    Top5   Top10   Top20
------------------------  ----  -----------  -------  ------  ------  ------  ------
rttOpen vs connect         189        -0.15    582ms    1.3x    0.0%    0.0%    0.0%
rttRead vs query           157        -0.07     1.9s    8.7x    0.0%    0.0%    0.0%
(Bias = measured/nip66, >1 = NIP-66 underestimates. TopK = overlap of K fastest relays.)
Monitor: 9bbbb845e5b6..., 9bac3d58ef5a..., 0b01aa38c2cc..., http-api..., 9ba1d7892cd0..., 58faef87b342..., 9ba6484003e8..., 9ba046db56b8..., 9b85d54cc4bc..., b2c949c0fb79..., 45df0580711f...
[relay-scores] Updated scores for welshman-thompson: 24 relays, session 2
[relay-scores] Saved to .cache/relay_scores_75f457569d7027f8_94608000_liveness_welshman-thompson.json

Thompson Sampling [welshman-thompson] learning state:
  Session: 2
  Relays with observations: 24
  Mean prior α: 14.4, β: 31.6
  Relays with strong preference (α>5): 16
  Relays learned to avoid (β>5): 22

JSON results written to: results/75f457569d7027f8_1773186754095.json
