[0m[32mTask[0m [0m[36mbench[0m deno run --allow-net --allow-read --allow-write main.ts "75f457569d7027f819de92e8bb13795c0febe9750dc3fb1b5c42aeb502d0841d" "--algorithms" "greedy,welshman,welshman-thompson" "--verify" "--verify-window" "94608000" "--verify-concurrency" "10" "--nip66-filter" "liveness" "--no-phase2-cache" "--fast" "--output" "both"
Target: 75f457569d7027f8...
Seed: 0 | Filter: strict | Runs: 3
Using cached data (fetched 2026-03-10T23:39:04.841Z)

=== Fetch Quality ===
Indexers: wss://purplepag.es (456 events, 911ms), wss://relay.damus.io (262 events, 268ms), wss://nos.lol (374 events, 797ms)
Follows: 455 | With relay list: 366 (80.4%) | Missing: 89 (19.6%) | Filtered-to-empty: 7
Filter profile: strict | Filtered URLs: 135 (5 localhost, 21 insecure ws, 5 IP-only, 103 known-bad, 1 malformed)
Unique valid write relays: 477 | Seed: 0
[nip66] Using cached monitor data (1152 relays)

=== NIP-66 Liveness Filter (liveness) ===
Monitor data: 1152 relays
Candidate relays: 477
  Known alive: 203
  Unknown (removed): 274
  .onion preserved: 5
  Parse-failed preserved: 0
  Authors filtered to empty: 3
Relays after filter: 203
[relay-scores] Loaded 24 relay priors (session 2, from 2026-03-10T23:52:34.091Z)

Thompson Sampling [welshman-thompson]: loaded 24 relay priors (session 2)

=== Regime A: Fixed 20 Connections ===
  Algorithm                      |  Relays |   Assign% |  Orphans |  Alg.Orph |  Avg/pk |   Gini |    HHI
  -------------------------------+---------+-----------+----------+-----------+---------+--------+-------
  Greedy Set-Cover               |      20 |     78.2% |       99 |        10 |     2.0 |   0.81 |  0.314
  Weighted Stochastic (cap@20)   |      20 |     78.3% (0.0sd) | 98.66666666666667 | 9.666666666666666 |     2.6 |   0.54 |  0.114
  Welshman+Thompson (cap@20)     |      20 |     77.8% (0.0sd) |      101 |        12 |     2.4 |   0.53 |  0.114

=== Phase 2: Event Verification ===
Window: 94608000s | Kinds: 1 | Concurrency: 10
[baseline] Querying 203 relays for 363 authors (window: 94608000s)
[pool] CLOSED from wss://relay.getalby.com/v1: blocked: Request rejected
[pool] CLOSED from wss://bitstack.app: auth-required: authentication required to subscribe
[pool] CLOSED from wss://jingle.nostrver.se: auth-required: take a selfie and send it to the CIA
[pool] CLOSED from wss://impromptu.relays.land: auth-required: all requests must be authenticated
[pool] CLOSED from wss://greensoul.space: auth-required: only authenticated users can read from this relay
[baseline] Progress: 50/203 relays queried
[pool] CLOSED from wss://creatr.nostr.wine: auth-required: please authenticate before sending REQs
[pool] CLOSED from wss://sendit.nosflare.com: restricted: this relay does not accept REQs
[pool] CLOSED from wss://relay.nosflare.com: auth-required: authentication required to subscribe
[baseline] Progress: 100/203 relays queried
[pool] CLOSED from wss://aggr.nostr.land: auth-required: auth required for aggregator
[pool] CLOSED from wss://inbox.nostr.wine: blocked: this relay does not store any of the kinds in this request
[pool] CLOSED from wss://groups.fiatjaf.com: blocked: invalid query, must have 'h', 'e' or 'a' tag
[pool] CLOSED from wss://auth.nostr1.com: auth-required: you must auth
[pool] CLOSED from wss://bostr.erechorse.com: auth-required: authentication is required to perform this action.
[baseline] Progress: 150/203 relays queried
[pool] CLOSED from wss://hole.v0l.io: error: queries not allowed
[pool] CLOSED from wss://nostr.dbtc.link: auth-required: NIP-42 auth required
[pool] CLOSED from wss://relay29.notoshi.win: blocked: invalid query, must have 'h', 'e' or 'a' tag
[pool] CLOSED from wss://wot.azzamo.net: rate-limited: there is a bug in the client, no one should be making so many requests
[pool] CLOSED from wss://pantry.zap.cooking: auth-required: please authenticate
[baseline] Progress: 200/203 relays queried
[baseline] Progress: 203/203 relays queried
[phase2] Subscription timeouts (no EOSE): 10
[phase2] CLOSED messages received: 18
  wss://relay.getalby.com/v1: blocked: Request rejected
  wss://bitstack.app: auth-required: authentication required to subscribe
  wss://jingle.nostrver.se: auth-required: take a selfie and send it to the CIA
  wss://impromptu.relays.land: auth-required: all requests must be authenticated
  wss://greensoul.space: auth-required: only authenticated users can read from this relay
  wss://creatr.nostr.wine: auth-required: please authenticate before sending REQs
  wss://sendit.nosflare.com: restricted: this relay does not accept REQs
  wss://relay.nosflare.com: auth-required: authentication required to subscribe
  wss://aggr.nostr.land: auth-required: auth required for aggregator
  wss://inbox.nostr.wine: blocked: this relay does not store any of the kinds in this request

=== Phase 2: Event Verification (1095d window) ===
Baseline: 203 relays queried (75.4% success), 55s
  Timing: connect 727ms median (1.6s p95) | query 1.4s median (15.6s p95) | 10 timeouts (10 relays)
  Authors: 363 with relay data
    Testable (reliable): 231 | Testable (partial): 1 | Zero events: 129 | Unreliable: 2
  Baseline events: 84,234 (mean 363.1/author, median 47)
  Events per (relay,pubkey) capped at: 10000

  Headline metrics (231 testable-reliable authors, 84,218 baseline events):

  Algorithm                        |   Evt Recall |   Auth Recall |  Relay OK% |     TTFE |      p50 |      p80 | Timeouts
  ---------------------------------+--------------+---------------+------------+----------+----------+----------+---------
  Greedy Set-Cover                 |        10.8% |         81.8% |     100.0% |    659ms |     3.4s |     5.8s |        0
  Weighted Stochastic (seed=0, single run) |        13.0% |         86.6% |     100.0% |    915ms |     3.6s |     5.8s |        0
  Welshman+Thompson (seed=0, single run) |        11.9% |         86.6% |     100.0% |    915ms |     3.1s |     5.6s |        0

  Per-author recall distribution:
  Algorithm                        |   Median |  % at 0% |      p25 |      p75
  ---------------------------------+----------+----------+----------+---------
  Greedy Set-Cover                 |    24.3% |    18.2% |     1.3% |    95.5%
  Weighted Stochastic (seed=0, single run) |    50.0% |    13.4% |     4.3% |   100.0%
  Welshman+Thompson (seed=0, single run) |    63.6% |    13.4% |     5.4% |   100.0%

  Latency simulation (parallel relay query):
  Algorithm                        |     TTFE |      p50 |      p80 |      Max |   TO |   TO Tax |   Relays |   Events
  ---------------------------------+----------+----------+----------+----------+------+----------+----------+---------
  Greedy Set-Cover                 |    659ms |     3.4s |     5.8s |     8.5s |    0 |      0ms | 19/20/20 |   22,282
  Weighted Stochastic (seed=0, single run) |    915ms |     3.6s |     5.8s |     8.5s |    0 |      0ms | 20/20/20 |   24,651
  Welshman+Thompson (seed=0, single run) |    915ms |     3.1s |     5.6s |     8.5s |    0 |      0ms | 19/20/20 |   24,151
  (Relays: with-events/connected/total | TO Tax: ceil(timeouts/concurrency) × EOSE timeout)

  Progressive completeness (% of recall achieved by time):
  Algorithm                        |      @1s |      @2s |      @5s |     @10s |     @15s
  ---------------------------------+----------+----------+----------+----------+---------
  Greedy Set-Cover                 |     0.7% |    12.4% |    86.8% |   100.0% |   100.0%
  Weighted Stochastic (seed=0, single run) |     0.0% |     5.8% |    75.4% |   100.0% |   100.0%
  Welshman+Thompson (seed=0, single run) |     0.0% |     7.0% |    70.2% |   100.0% |   100.0%

  EOSE-race simulation (stop after first EOSE + grace period):
  Algorithm                        |     +0ms |   +200ms |   +500ms |      +1s |      +2s
  ---------------------------------+----------+----------+----------+----------+---------
  Greedy Set-Cover                 |     0.7% |     0.7% |    11.6% |    12.2% |    77.1%
  Weighted Stochastic (seed=0, single run) |     0.4% |     0.4% |     3.0% |     6.8% |    58.6%
  Welshman+Thompson (seed=0, single run) |     0.2% |     0.2% |     0.2% |    10.3% |    54.4%
  (First EOSE: Greedy Set-Cover=747ms, Weighted Stochastic (seed=0, single run)=1.1s, Welshman+Thompson (seed=0, single run)=1.1s)

  Profile-view latency (per-author outbox query, top 3 write relays):
    Authors simulated: 232 | Hit rate: 100.0%
    TTFE: 1.0s median, 1.3s mean, 1.8s p95
    Relays/profile: 2.9 queried, 2.7 with events, 0.02 timeouts

  Feed vs profile-view TTFE comparison:
  Algorithm                        |  Feed TTFE |  Profile TTFE |    Delta
  ---------------------------------+------------+---------------+---------
  Greedy Set-Cover                 |      659ms |          1.0s |   +372ms
  Weighted Stochastic (seed=0, single run) |      915ms |          1.0s |   +117ms
  Welshman+Thompson (seed=0, single run) |      915ms |          1.0s |   +117ms

  Including partial-baseline authors (232 testable authors, 84,234 baseline events):

  Algorithm                        |   Evt Recall |   Auth Recall
  ---------------------------------+--------------+--------------
  Greedy Set-Cover                 |        10.9% |         81.9%
  Weighted Stochastic (seed=0, single run) |        13.0% |         86.6%
  Welshman+Thompson (seed=0, single run) |        11.9% |         86.6%

=== NIP-66 RTT vs Measured Latency (176 relays, data age: 37min) ===
                             N   Spearman r      MAE    Bias    Top5   Top10   Top20
------------------------  ----  -----------  -------  ------  ------  ------  ------
rttOpen vs connect         176        -0.08    532ms    1.4x    0.0%    0.0%    0.0%
rttRead vs query           147        -0.15     1.7s    8.0x    0.0%    0.0%    5.0%
(Bias = measured/nip66, >1 = NIP-66 underestimates. TopK = overlap of K fastest relays.)
Monitor: 9bbbb845e5b6..., 9bac3d58ef5a..., 9ba1d7892cd0..., 0b01aa38c2cc..., http-api..., 58faef87b342..., 9ba6484003e8..., 9ba046db56b8..., 9b85d54cc4bc..., b2c949c0fb79..., 45df0580711f...
[relay-scores] Updated scores for welshman-thompson: 26 relays, session 3
[relay-scores] Degrading relays (1): wss://relay.nostr.wirednet.jp
[relay-scores] Saved to .cache/relay_scores_75f457569d7027f8_94608000_liveness_welshman-thompson.json

Thompson Sampling [welshman-thompson] learning state:
  Session: 3
  Relays with observations: 26
  Mean prior α: 19.9, β: 41.0
  Relays with strong preference (α>5): 16
  Relays learned to avoid (β>5): 24

JSON results written to: results/75f457569d7027f8_1773187585804.json
