[0m[32mTask[0m [0m[36mbench[0m deno run --allow-net --allow-read --allow-write main.ts "07804b786c6a3b400b7b20d9bfc945035f3ad213da797b0c50954767c375c543" "--algorithms" "rust-nostr,fd-thompson,ndk,ndk-thompson" "--verify" "--verify-window" "94608000" "--verify-concurrency" "10" "--no-phase2-cache" "--fast" "--output" "both"
Target: 07804b786c6a3b40...
Seed: 0 | Filter: strict | Runs: 3
Using cached data (fetched 2026-03-08T09:03:25.293Z)

=== Fetch Quality ===
Indexers: wss://purplepag.es (354 events, 1088ms), wss://relay.damus.io (198 events, 442ms), wss://nos.lol (285 events, 852ms)
Follows: 353 | With relay list: 283 (80.2%) | Missing: 70 (19.8%) | Filtered-to-empty: 2
Filter profile: strict | Filtered URLs: 32 (2 localhost, 4 insecure ws, 2 IP-only, 24 known-bad)
Unique valid write relays: 304 | Seed: 0

=== Regime A: Fixed 20 Connections ===
  Algorithm                      |  Relays |   Assign% |  Orphans |  Alg.Orph |  Avg/pk |   Gini |    HHI
  -------------------------------+---------+-----------+----------+-----------+---------+--------+-------
  Filter Decomposition (cap@20)  |      20 |     75.6% |       86 |        16 |     2.2 |   0.39 |  0.096
  FD+Thompson (cap@20)           |      20 |     75.0% (0.0sd) | 88.33333333333333 | 18.333333333333332 |     2.2 |   0.41 |  0.084
  Priority-Based (NDK)           |      20 |     79.6% |       72 |         2 |     2.0 |   0.78 |  0.246
  NDK+Thompson (Priority)        |      20 |     79.2% (0.0sd) | 73.33333333333333 | 3.3333333333333335 |     2.0 |   0.62 |  0.128

=== Phase 2: Event Verification ===
Window: 94608000s | Kinds: 1 | Concurrency: 10
[baseline] Querying 304 relays for 283 authors (window: 94608000s)
[pool] CLOSED from wss://aggr.nostr.land: auth-required: auth required for aggregator
[pool] CLOSED from wss://sendit.nosflare.com: restricted: this relay does not accept REQs
[baseline] Progress: 50/304 relays queried
[pool] CLOSED from wss://relay.getalby.com/v1: blocked: Request rejected
[pool] CLOSED from wss://filter.nostr.wine/npub1ca32j9f2fl5n7d0rs6mxsjva69qzqrfc0j05x85c436l6ehtpt2snvu0tt: auth-required: please authenticate before sending REQs
[pool] CLOSED from wss://bostr.erechorse.com: auth-required: authentication is required to perform this action.
[pool] CLOSED from wss://filter.nostr.wine/npub12y8qp9hyuc3wnu580tm70tuhntp0mag8q2uu6aczzevrgng6dqkq5zt26q: auth-required: please authenticate before sending REQs
[pool] CLOSED from wss://creatr.nostr.wine: auth-required: please authenticate before sending REQs
[baseline] Progress: 100/304 relays queried
[pool] CLOSED from wss://nostr-relay.moctane.net: auth-required: authentication required to subscribe
[pool] CLOSED from wss://filter.nostr.wine/npub12ftld459xqw7s7fqnxstzu7r74l5yagxztwcwmaqj4d24jgpj2csee3mx0: auth-required: please authenticate before sending REQs
[baseline] Progress: 150/304 relays queried
[pool] CLOSED from wss://filter.nostr.wine/npub14sw26a7wvglnywzurts9nl09g93hs6xvhqdexjppp66ykyd6f7ws80gdjg: auth-required: please authenticate before sending REQs
[pool] CLOSED from wss://relay.danieldaquino.me/chat: blocked: you must be in the web of trust to chat with the relay owner
[pool] CLOSED from wss://relay.danieldaquino.me/private: auth-required: this query requires you to be authenticated
[pool] CLOSED from wss://greensoul.space: auth-required: only authenticated users can read from this relay
[baseline] Progress: 200/304 relays queried
[pool] CLOSED from wss://filter.nostr.wine/npub1dwp9e3qye2sstflgesg7zxra2znqlrgq604nf0q07e9sezu8ujls3mtmtf: auth-required: please authenticate before sending REQs
[pool] CLOSED from wss://filter.nostr.wine/npub1cmwzh936xyjmqmwyqpl6yyr4gp048w72l57346vdw7azus60d9rs9q7cf2: auth-required: please authenticate before sending REQs
[pool] CLOSED from wss://hole.v0l.io: error: queries not allowed
[pool] CLOSED from wss://inbox.nostr.wine: blocked: this relay does not store any of the kinds in this request
[pool] CLOSED from wss://filter.nostr.wine/npub1jw4e8qh6vmyq0n2tkupv7wlfu5h59luk98dcfedf03anh5ek5jkq936u57: auth-required: please authenticate before sending REQs
[pool] CLOSED from wss://filter.nostr.wine/npub1k0jrarx8um0lyw3nmysn50539ky4k8p7gfgzgrsvn8d7lccx3d0s38dczd: auth-required: please authenticate before sending REQs
[baseline] Progress: 250/304 relays queried
[pool] CLOSED from wss://wheat.happytavern.co: rate-limited: REQ rate limit exceeded
[pool] CLOSED from wss://filter.nostr.wine/npub1zpq2gsz25wsgun2e4gtks9p63j7fvyfd46weyjzp5tv6yys89zcsjdflcv: auth-required: please authenticate before sending REQs
[pool] CLOSED from wss://filter.nostr.wine/npub14twsqzjpsvvk4tu06w9gedt4jctwqxt74jwutm4f3qhhf3rznmzqfufqc5: auth-required: please authenticate before sending REQs
[pool] CLOSED from wss://relay.nosflare.com: auth-required: authentication required to subscribe
[baseline] Progress: 300/304 relays queried
[baseline] Progress: 304/304 relays queried
[phase2] Subscription timeouts (no EOSE): 10
[phase2] CLOSED messages received: 23
  wss://aggr.nostr.land: auth-required: auth required for aggregator
  wss://sendit.nosflare.com: restricted: this relay does not accept REQs
  wss://relay.getalby.com/v1: blocked: Request rejected
  wss://filter.nostr.wine/npub1ca32j9f2fl5n7d0rs6mxsjva69qzqrfc0j05x85c436l6ehtpt2snvu0tt: auth-required: please authenticate before sending REQs
  wss://bostr.erechorse.com: auth-required: authentication is required to perform this action.
  wss://filter.nostr.wine/npub12y8qp9hyuc3wnu580tm70tuhntp0mag8q2uu6aczzevrgng6dqkq5zt26q: auth-required: please authenticate before sending REQs
  wss://creatr.nostr.wine: auth-required: please authenticate before sending REQs
  wss://nostr-relay.moctane.net: auth-required: authentication required to subscribe
  wss://filter.nostr.wine/npub12ftld459xqw7s7fqnxstzu7r74l5yagxztwcwmaqj4d24jgpj2csee3mx0: auth-required: please authenticate before sending REQs
  wss://filter.nostr.wine/npub14sw26a7wvglnywzurts9nl09g93hs6xvhqdexjppp66ykyd6f7ws80gdjg: auth-required: please authenticate before sending REQs

=== Phase 2: Event Verification (1095d window) ===
Baseline: 304 relays queried (35.2% success), 1.2min
  Timing: connect 703ms median (1.1s p95) | query 1.2s median (15.7s p95) | 10 timeouts (10 relays)
  Authors: 283 with relay data
    Testable (reliable): 111 | Testable (partial): 46 | Zero events: 71 | Unreliable: 55
  Baseline events: 53,258 (mean 339.2/author, median 63)
  Events per (relay,pubkey) capped at: 10000

  Headline metrics (111 testable-reliable authors, 47,777 baseline events):

  Algorithm                        |   Evt Recall |   Auth Recall |  Relay OK% |     TTFE |      p50 |      p80 | Timeouts
  ---------------------------------+--------------+---------------+------------+----------+----------+----------+---------
  Filter Decomposition (cap@20)    |        16.5% |         68.5% |      55.0% |    856ms |     2.4s |     3.2s |        0
  FD+Thompson (seed=0, single run) |         8.2% |         70.3% |      55.0% |    856ms |     2.9s |     3.2s |        0
  Priority-Based (NDK)             |         7.4% |         78.4% |      65.0% |    856ms |     2.3s |     3.0s |        1
  NDK+Thompson (Priority) (seed=0, single run) |        11.6% |         75.7% |      70.0% |    856ms |     2.3s |     2.9s |        0

  Per-author recall distribution:
  Algorithm                        |   Median |  % at 0% |      p25 |      p75
  ---------------------------------+----------+----------+----------+---------
  Filter Decomposition (cap@20)    |    11.8% |    31.5% |     0.0% |    95.1%
  FD+Thompson (seed=0, single run) |     6.6% |    29.7% |     0.0% |    92.3%
  Priority-Based (NDK)             |    12.3% |    21.6% |     0.6% |    85.7%
  NDK+Thompson (Priority) (seed=0, single run) |    14.2% |    24.3% |     0.2% |    89.1%

  Latency simulation (parallel relay query):
  Algorithm                        |     TTFE |      p50 |      p80 |      Max |   TO |   TO Tax |   Relays |   Events
  ---------------------------------+----------+----------+----------+----------+------+----------+----------+---------
  Filter Decomposition (cap@20)    |    856ms |     2.4s |     3.2s |     4.0s |    0 |      0ms | 11/11/20 |   16,227
  FD+Thompson (seed=0, single run) |    856ms |     2.9s |     3.2s |     4.0s |    0 |      0ms | 11/11/20 |   13,500
  Priority-Based (NDK)             |    856ms |     2.3s |     3.0s |    16.4s |    1 |    15.0s | 13/15/20 |   13,020
  NDK+Thompson (Priority) (seed=0, single run) |    856ms |     2.3s |     2.9s |     4.0s |    0 |      0ms | 13/14/20 |   14,846
  (Relays: with-events/connected/total | TO Tax: ceil(timeouts/concurrency) × EOSE timeout)

  Progressive completeness (% of recall achieved by time):
  Algorithm                        |      @1s |      @2s |      @5s |     @10s |     @15s
  ---------------------------------+----------+----------+----------+----------+---------
  Filter Decomposition (cap@20)    |     0.0% |    58.2% |   100.0% |   100.0% |   100.0%
  FD+Thompson (seed=0, single run) |     0.0% |    49.5% |   100.0% |   100.0% |   100.0%
  Priority-Based (NDK)             |     0.3% |    64.5% |   100.0% |   100.0% |   100.0%
  NDK+Thompson (Priority) (seed=0, single run) |     0.3% |    60.5% |   100.0% |   100.0% |   100.0%

  EOSE-race simulation (stop after first EOSE + grace period):
  Algorithm                        |     +0ms |   +200ms |   +500ms |      +1s |      +2s
  ---------------------------------+----------+----------+----------+----------+---------
  Filter Decomposition (cap@20)    |     5.4% |    41.7% |    58.2% |    64.5% |    82.4%
  FD+Thompson (seed=0, single run) |    18.0% |    21.3% |    49.5% |    57.6% |    79.5%
  Priority-Based (NDK)             |     0.3% |     0.3% |    42.9% |    64.5% |    67.5%
  NDK+Thompson (Priority) (seed=0, single run) |     0.3% |     0.3% |    19.4% |    60.5% |    79.0%
  (First EOSE: Filter Decomposition (cap@20)=1.4s, FD+Thompson (seed=0, single run)=1.4s, Priority-Based (NDK)=938ms, NDK+Thompson (Priority) (seed=0, single run)=938ms)

  Profile-view latency (per-author outbox query, top 3 write relays):
    Authors simulated: 157 | Hit rate: 96.2%
    TTFE: 1.3s median, 1.3s mean, 1.8s p95
    Relays/profile: 3.0 queried, 2.0 with events, 0.03 timeouts

  Feed vs profile-view TTFE comparison:
  Algorithm                        |  Feed TTFE |  Profile TTFE |    Delta
  ---------------------------------+------------+---------------+---------
  Filter Decomposition (cap@20)    |      856ms |          1.3s |   +412ms
  FD+Thompson (seed=0, single run) |      856ms |          1.3s |   +412ms
  Priority-Based (NDK)             |      856ms |          1.3s |   +412ms
  NDK+Thompson (Priority) (seed=0, single run) |      856ms |          1.3s |   +412ms

  Including partial-baseline authors (157 testable authors, 53,258 baseline events):

  Algorithm                        |   Evt Recall |   Auth Recall
  ---------------------------------+--------------+--------------
  Filter Decomposition (cap@20)    |        16.5% |         60.5%
  FD+Thompson (seed=0, single run) |         8.2% |         62.4%
  Priority-Based (NDK)             |         8.8% |         79.6%
  NDK+Thompson (Priority) (seed=0, single run) |        12.9% |         73.9%
[relay-scores] Updated scores for fd-thompson: 20 relays, session 1
[relay-scores] Saved to .cache/relay_scores_07804b786c6a3b40_94608000_fd-thompson.json

Thompson Sampling [fd-thompson] learning state:
  Session: 1
  Relays with observations: 20
  Mean prior α: 4.3, β: 13.0
  Relays with strong preference (α>5): 7
  Relays learned to avoid (β>5): 17
[relay-scores] Updated scores for ndk-thompson: 20 relays, session 1
[relay-scores] Saved to .cache/relay_scores_07804b786c6a3b40_94608000_ndk-thompson.json

Thompson Sampling [ndk-thompson] learning state:
  Session: 1
  Relays with observations: 20
  Mean prior α: 4.7, β: 12.5
  Relays with strong preference (α>5): 7
  Relays learned to avoid (β>5): 9

JSON results written to: results/07804b786c6a3b40_1772961519638.json
