[0m[32mTask[0m [0m[36mbench[0m deno run --allow-net --allow-read --allow-write main.ts "07804b786c6a3b400b7b20d9bfc945035f3ad213da797b0c50954767c375c543" "--algorithms" "rust-nostr,fd-thompson,ndk,ndk-thompson" "--verify" "--verify-window" "94608000" "--verify-concurrency" "10" "--no-phase2-cache" "--fast" "--output" "both"
Target: 07804b786c6a3b40...
Seed: 0 | Filter: strict | Runs: 3
Using cached data (fetched 2026-03-08T09:03:25.293Z)

=== Fetch Quality ===
Indexers: wss://purplepag.es (354 events, 1088ms), wss://relay.damus.io (198 events, 442ms), wss://nos.lol (285 events, 852ms)
Follows: 353 | With relay list: 283 (80.2%) | Missing: 70 (19.8%) | Filtered-to-empty: 2
Filter profile: strict | Filtered URLs: 32 (2 localhost, 4 insecure ws, 2 IP-only, 24 known-bad)
Unique valid write relays: 304 | Seed: 0
[relay-scores] Loaded 20 relay priors (session 1, from 2026-03-08T09:18:39.612Z)

Thompson Sampling [fd-thompson]: loaded 20 relay priors (session 1)
[relay-scores] Loaded 20 relay priors (session 1, from 2026-03-08T09:18:39.628Z)

Thompson Sampling [ndk-thompson]: loaded 20 relay priors (session 1)

=== Regime A: Fixed 20 Connections ===
  Algorithm                      |  Relays |   Assign% |  Orphans |  Alg.Orph |  Avg/pk |   Gini |    HHI
  -------------------------------+---------+-----------+----------+-----------+---------+--------+-------
  Filter Decomposition (cap@20)  |      20 |     75.6% |       86 |        16 |     2.2 |   0.39 |  0.096
  FD+Thompson (cap@20)           |      20 |     72.0% (0.0sd) | 98.66666666666667 | 28.666666666666668 |     2.0 |   0.45 |  0.106
  Priority-Based (NDK)           |      20 |     79.6% |       72 |         2 |     2.0 |   0.78 |  0.246
  NDK+Thompson (Priority)        |      20 |     78.7% (0.0sd) | 75.33333333333333 | 5.333333333333333 |     1.9 |   0.59 |  0.142

=== Phase 2: Event Verification ===
Window: 94608000s | Kinds: 1 | Concurrency: 10
[baseline] Querying 304 relays for 283 authors (window: 94608000s)
[pool] CLOSED from wss://aggr.nostr.land: auth-required: auth required for aggregator
[pool] CLOSED from wss://sendit.nosflare.com: restricted: this relay does not accept REQs
[baseline] Progress: 50/304 relays queried
[pool] CLOSED from wss://relay.getalby.com/v1: blocked: Request rejected
[pool] CLOSED from wss://filter.nostr.wine/npub1ca32j9f2fl5n7d0rs6mxsjva69qzqrfc0j05x85c436l6ehtpt2snvu0tt: auth-required: please authenticate before sending REQs
[baseline] Progress: 100/304 relays queried
[pool] CLOSED from wss://filter.nostr.wine/npub12ftld459xqw7s7fqnxstzu7r74l5yagxztwcwmaqj4d24jgpj2csee3mx0: auth-required: please authenticate before sending REQs
[baseline] Progress: 150/304 relays queried
[pool] CLOSED from wss://filter.nostr.wine/npub14sw26a7wvglnywzurts9nl09g93hs6xvhqdexjppp66ykyd6f7ws80gdjg: auth-required: please authenticate before sending REQs
[pool] CLOSED from wss://relay.danieldaquino.me/chat: blocked: you must be in the web of trust to chat with the relay owner
[pool] CLOSED from wss://relay.danieldaquino.me/private: auth-required: this query requires you to be authenticated
[pool] CLOSED from wss://greensoul.space: auth-required: only authenticated users can read from this relay
[baseline] Progress: 200/304 relays queried
[pool] CLOSED from wss://filter.nostr.wine/npub1dwp9e3qye2sstflgesg7zxra2znqlrgq604nf0q07e9sezu8ujls3mtmtf: auth-required: please authenticate before sending REQs
[pool] CLOSED from wss://filter.nostr.wine/npub1cmwzh936xyjmqmwyqpl6yyr4gp048w72l57346vdw7azus60d9rs9q7cf2: auth-required: please authenticate before sending REQs
[pool] CLOSED from wss://inbox.nostr.wine: blocked: this relay does not store any of the kinds in this request
[pool] CLOSED from wss://hole.v0l.io: error: queries not allowed
[pool] CLOSED from wss://filter.nostr.wine/npub1jw4e8qh6vmyq0n2tkupv7wlfu5h59luk98dcfedf03anh5ek5jkq936u57: auth-required: please authenticate before sending REQs
[baseline] Progress: 250/304 relays queried
[pool] CLOSED from wss://filter.nostr.wine/npub14twsqzjpsvvk4tu06w9gedt4jctwqxt74jwutm4f3qhhf3rznmzqfufqc5: auth-required: please authenticate before sending REQs
[pool] CLOSED from wss://relay.nosflare.com: auth-required: authentication required to subscribe
[baseline] Progress: 300/304 relays queried
[baseline] Progress: 304/304 relays queried
[phase2] Subscription timeouts (no EOSE): 7
[phase2] CLOSED messages received: 16
  wss://aggr.nostr.land: auth-required: auth required for aggregator
  wss://sendit.nosflare.com: restricted: this relay does not accept REQs
  wss://relay.getalby.com/v1: blocked: Request rejected
  wss://filter.nostr.wine/npub1ca32j9f2fl5n7d0rs6mxsjva69qzqrfc0j05x85c436l6ehtpt2snvu0tt: auth-required: please authenticate before sending REQs
  wss://filter.nostr.wine/npub12ftld459xqw7s7fqnxstzu7r74l5yagxztwcwmaqj4d24jgpj2csee3mx0: auth-required: please authenticate before sending REQs
  wss://filter.nostr.wine/npub14sw26a7wvglnywzurts9nl09g93hs6xvhqdexjppp66ykyd6f7ws80gdjg: auth-required: please authenticate before sending REQs
  wss://relay.danieldaquino.me/chat: blocked: you must be in the web of trust to chat with the relay owner
  wss://relay.danieldaquino.me/private: auth-required: this query requires you to be authenticated
  wss://greensoul.space: auth-required: only authenticated users can read from this relay
  wss://filter.nostr.wine/npub1dwp9e3qye2sstflgesg7zxra2znqlrgq604nf0q07e9sezu8ujls3mtmtf: auth-required: please authenticate before sending REQs

=== Phase 2: Event Verification (1095d window) ===
Baseline: 304 relays queried (30.6% success), 1.0min
  Timing: connect 694ms median (1.4s p95) | query 1.2s median (15.4s p95) | 7 timeouts (7 relays)
  Authors: 283 with relay data
    Testable (reliable): 98 | Testable (partial): 56 | Zero events: 65 | Unreliable: 64
  Baseline events: 44,577 (mean 289.5/author, median 56)
  Events per (relay,pubkey) capped at: 10000

  Headline metrics (98 testable-reliable authors, 33,017 baseline events):

  Algorithm                        |   Evt Recall |   Auth Recall |  Relay OK% |     TTFE |      p50 |      p80 | Timeouts
  ---------------------------------+--------------+---------------+------------+----------+----------+----------+---------
  Filter Decomposition (cap@20)    |        21.0% |         70.4% |      55.0% |    871ms |     2.4s |     3.2s |        0
  FD+Thompson (seed=0, single run) |        16.8% |         67.3% |      65.0% |    871ms |     2.4s |     2.8s |        0
  Priority-Based (NDK)             |         9.0% |         76.5% |      45.0% |    871ms |     2.8s |     3.6s |        0
  NDK+Thompson (Priority) (seed=0, single run) |        19.0% |         77.6% |      60.0% |    871ms |     2.7s |     3.2s |        0

  Per-author recall distribution:
  Algorithm                        |   Median |  % at 0% |      p25 |      p75
  ---------------------------------+----------+----------+----------+---------
  Filter Decomposition (cap@20)    |    19.7% |    29.6% |     0.0% |   100.0%
  FD+Thompson (seed=0, single run) |    18.1% |    32.7% |     0.0% |   100.0%
  Priority-Based (NDK)             |    19.7% |    23.5% |     0.4% |    97.9%
  NDK+Thompson (Priority) (seed=0, single run) |    28.3% |    22.4% |     0.6% |   100.0%

  Latency simulation (parallel relay query):
  Algorithm                        |     TTFE |      p50 |      p80 |      Max |   TO |   TO Tax |   Relays |   Events
  ---------------------------------+----------+----------+----------+----------+------+----------+----------+---------
  Filter Decomposition (cap@20)    |    871ms |     2.4s |     3.2s |     4.4s |    0 |      0ms | 11/11/20 |   16,227
  FD+Thompson (seed=0, single run) |    871ms |     2.4s |     2.8s |     4.4s |    0 |      0ms | 13/13/20 |   16,777
  Priority-Based (NDK)             |    871ms |     2.8s |     3.6s |     4.4s |    0 |      0ms |   9/9/20 |   11,500
  NDK+Thompson (Priority) (seed=0, single run) |    871ms |     2.7s |     3.2s |     4.4s |    0 |      0ms | 12/12/20 |   16,727
  (Relays: with-events/connected/total | TO Tax: ceil(timeouts/concurrency) × EOSE timeout)

  Progressive completeness (% of recall achieved by time):
  Algorithm                        |      @1s |      @2s |      @5s |     @10s |     @15s
  ---------------------------------+----------+----------+----------+----------+---------
  Filter Decomposition (cap@20)    |     0.0% |    58.2% |   100.0% |   100.0% |   100.0%
  FD+Thompson (seed=0, single run) |     0.0% |    61.6% |   100.0% |   100.0% |   100.0%
  Priority-Based (NDK)             |     0.0% |    66.0% |   100.0% |   100.0% |   100.0%
  NDK+Thompson (Priority) (seed=0, single run) |     0.0% |    59.9% |   100.0% |   100.0% |   100.0%

  EOSE-race simulation (stop after first EOSE + grace period):
  Algorithm                        |     +0ms |   +200ms |   +500ms |      +1s |      +2s
  ---------------------------------+----------+----------+----------+----------+---------
  Filter Decomposition (cap@20)    |     5.4% |     7.1% |    58.2% |    63.6% |    82.4%
  FD+Thompson (seed=0, single run) |    12.4% |    16.8% |    61.6% |    65.2% |    87.8%
  Priority-Based (NDK)             |    43.9% |    45.5% |    66.0% |    66.0% |    66.5%
  NDK+Thompson (Priority) (seed=0, single run) |    11.0% |    12.2% |    59.9% |    60.6% |    82.3%
  (First EOSE: Filter Decomposition (cap@20)=1.3s, FD+Thompson (seed=0, single run)=1.3s, Priority-Based (NDK)=1.3s, NDK+Thompson (Priority) (seed=0, single run)=1.3s)

  Profile-view latency (per-author outbox query, top 3 write relays):
    Authors simulated: 154 | Hit rate: 96.1%
    TTFE: 1.2s median, 1.4s mean, 2.0s p95
    Relays/profile: 3.0 queried, 1.9 with events, 0.01 timeouts

  Feed vs profile-view TTFE comparison:
  Algorithm                        |  Feed TTFE |  Profile TTFE |    Delta
  ---------------------------------+------------+---------------+---------
  Filter Decomposition (cap@20)    |      871ms |          1.2s |   +294ms
  FD+Thompson (seed=0, single run) |      871ms |          1.2s |   +294ms
  Priority-Based (NDK)             |      871ms |          1.2s |   +294ms
  NDK+Thompson (Priority) (seed=0, single run) |      871ms |          1.2s |   +294ms

  Including partial-baseline authors (154 testable authors, 44,577 baseline events):

  Algorithm                        |   Evt Recall |   Auth Recall
  ---------------------------------+--------------+--------------
  Filter Decomposition (cap@20)    |        19.8% |         61.7%
  FD+Thompson (seed=0, single run) |        14.4% |         66.2%
  Priority-Based (NDK)             |        10.2% |         79.9%
  NDK+Thompson (Priority) (seed=0, single run) |        18.8% |         78.6%
[relay-scores] Updated scores for fd-thompson: 30 relays, session 2
[relay-scores] Saved to .cache/relay_scores_07804b786c6a3b40_94608000_fd-thompson.json

Thompson Sampling [fd-thompson] learning state:
  Session: 2
  Relays with observations: 30
  Mean prior α: 6.2, β: 14.1
  Relays with strong preference (α>5): 8
  Relays learned to avoid (β>5): 24
[relay-scores] Updated scores for ndk-thompson: 28 relays, session 2
[relay-scores] Saved to .cache/relay_scores_07804b786c6a3b40_94608000_ndk-thompson.json

Thompson Sampling [ndk-thompson] learning state:
  Session: 2
  Relays with observations: 28
  Mean prior α: 7.2, β: 15.8
  Relays with strong preference (α>5): 10
  Relays learned to avoid (β>5): 15

JSON results written to: results/07804b786c6a3b40_1772962350678.json
