[0m[32mTask[0m [0m[36mbench[0m deno run --allow-net --allow-read --allow-write main.ts "07804b786c6a3b400b7b20d9bfc945035f3ad213da797b0c50954767c375c543" "--algorithms" "rust-nostr,fd-thompson,ndk,ndk-thompson" "--verify" "--verify-window" "94608000" "--verify-concurrency" "10" "--no-phase2-cache" "--fast" "--output" "both"
Target: 07804b786c6a3b40...
Seed: 0 | Filter: strict | Runs: 3
Using cached data (fetched 2026-03-08T09:03:25.293Z)

=== Fetch Quality ===
Indexers: wss://purplepag.es (354 events, 1088ms), wss://relay.damus.io (198 events, 442ms), wss://nos.lol (285 events, 852ms)
Follows: 353 | With relay list: 283 (80.2%) | Missing: 70 (19.8%) | Filtered-to-empty: 2
Filter profile: strict | Filtered URLs: 32 (2 localhost, 4 insecure ws, 2 IP-only, 24 known-bad)
Unique valid write relays: 304 | Seed: 0
[relay-scores] Loaded 30 relay priors (session 2, from 2026-03-08T09:32:30.638Z)

Thompson Sampling [fd-thompson]: loaded 30 relay priors (session 2)
[relay-scores] Loaded 28 relay priors (session 2, from 2026-03-08T09:32:30.664Z)

Thompson Sampling [ndk-thompson]: loaded 28 relay priors (session 2)

=== Regime A: Fixed 20 Connections ===
  Algorithm                      |  Relays |   Assign% |  Orphans |  Alg.Orph |  Avg/pk |   Gini |    HHI
  -------------------------------+---------+-----------+----------+-----------+---------+--------+-------
  Filter Decomposition (cap@20)  |      20 |     75.6% |       86 |        16 |     2.2 |   0.39 |  0.096
  FD+Thompson (cap@20)           |      20 |     72.0% (0.0sd) | 98.66666666666667 | 28.666666666666668 |     2.1 |   0.56 |  0.137
  Priority-Based (NDK)           |      20 |     79.6% |       72 |         2 |     2.0 |   0.78 |  0.246
  NDK+Thompson (Priority)        |      20 |     78.5% (0.0sd) |       76 |         6 |     1.9 |   0.64 |  0.161

=== Phase 2: Event Verification ===
Window: 94608000s | Kinds: 1 | Concurrency: 10
[baseline] Querying 304 relays for 283 authors (window: 94608000s)
[pool] CLOSED from wss://aggr.nostr.land: auth-required: auth required for aggregator
[pool] CLOSED from wss://sendit.nosflare.com: restricted: this relay does not accept REQs
[baseline] Progress: 50/304 relays queried
[pool] CLOSED from wss://relay.getalby.com/v1: blocked: Request rejected
[pool] CLOSED from wss://filter.nostr.wine/npub1ca32j9f2fl5n7d0rs6mxsjva69qzqrfc0j05x85c436l6ehtpt2snvu0tt: auth-required: please authenticate before sending REQs
[pool] CLOSED from wss://bostr.erechorse.com: auth-required: authentication is required to perform this action.
[pool] CLOSED from wss://filter.nostr.wine/npub12y8qp9hyuc3wnu580tm70tuhntp0mag8q2uu6aczzevrgng6dqkq5zt26q: auth-required: please authenticate before sending REQs
[pool] CLOSED from wss://creatr.nostr.wine: auth-required: please authenticate before sending REQs
[baseline] Progress: 100/304 relays queried
[pool] CLOSED from wss://nostr-relay.moctane.net: auth-required: authentication required to subscribe
[pool] CLOSED from wss://filter.nostr.wine/npub12ftld459xqw7s7fqnxstzu7r74l5yagxztwcwmaqj4d24jgpj2csee3mx0: auth-required: please authenticate before sending REQs
[baseline] Progress: 150/304 relays queried
[pool] CLOSED from wss://filter.nostr.wine/npub14sw26a7wvglnywzurts9nl09g93hs6xvhqdexjppp66ykyd6f7ws80gdjg: auth-required: please authenticate before sending REQs
[pool] CLOSED from wss://relay.danieldaquino.me/chat: blocked: you must be in the web of trust to chat with the relay owner
[pool] CLOSED from wss://relay.danieldaquino.me/private: auth-required: this query requires you to be authenticated
[baseline] Progress: 200/304 relays queried
[pool] CLOSED from wss://filter.nostr.wine/npub1dwp9e3qye2sstflgesg7zxra2znqlrgq604nf0q07e9sezu8ujls3mtmtf: auth-required: please authenticate before sending REQs
[pool] CLOSED from wss://filter.nostr.wine/npub1cmwzh936xyjmqmwyqpl6yyr4gp048w72l57346vdw7azus60d9rs9q7cf2: auth-required: please authenticate before sending REQs
[pool] CLOSED from wss://inbox.nostr.wine: blocked: this relay does not store any of the kinds in this request
[pool] CLOSED from wss://hole.v0l.io: error: queries not allowed
[pool] CLOSED from wss://filter.nostr.wine/npub1jw4e8qh6vmyq0n2tkupv7wlfu5h59luk98dcfedf03anh5ek5jkq936u57: auth-required: please authenticate before sending REQs
[pool] CLOSED from wss://filter.nostr.wine/npub1k0jrarx8um0lyw3nmysn50539ky4k8p7gfgzgrsvn8d7lccx3d0s38dczd: auth-required: please authenticate before sending REQs
[baseline] Progress: 250/304 relays queried
[pool] CLOSED from wss://wheat.happytavern.co: rate-limited: REQ rate limit exceeded
[pool] CLOSED from wss://filter.nostr.wine/npub1zpq2gsz25wsgun2e4gtks9p63j7fvyfd46weyjzp5tv6yys89zcsjdflcv: auth-required: please authenticate before sending REQs
[pool] CLOSED from wss://filter.nostr.wine/npub14twsqzjpsvvk4tu06w9gedt4jctwqxt74jwutm4f3qhhf3rznmzqfufqc5: auth-required: please authenticate before sending REQs
[pool] CLOSED from wss://relay.nosflare.com: auth-required: authentication required to subscribe
[baseline] Progress: 300/304 relays queried
[baseline] Progress: 304/304 relays queried
[phase2] Subscription timeouts (no EOSE): 10
[phase2] CLOSED messages received: 22
  wss://aggr.nostr.land: auth-required: auth required for aggregator
  wss://sendit.nosflare.com: restricted: this relay does not accept REQs
  wss://relay.getalby.com/v1: blocked: Request rejected
  wss://filter.nostr.wine/npub1ca32j9f2fl5n7d0rs6mxsjva69qzqrfc0j05x85c436l6ehtpt2snvu0tt: auth-required: please authenticate before sending REQs
  wss://bostr.erechorse.com: auth-required: authentication is required to perform this action.
  wss://filter.nostr.wine/npub12y8qp9hyuc3wnu580tm70tuhntp0mag8q2uu6aczzevrgng6dqkq5zt26q: auth-required: please authenticate before sending REQs
  wss://creatr.nostr.wine: auth-required: please authenticate before sending REQs
  wss://nostr-relay.moctane.net: auth-required: authentication required to subscribe
  wss://filter.nostr.wine/npub12ftld459xqw7s7fqnxstzu7r74l5yagxztwcwmaqj4d24jgpj2csee3mx0: auth-required: please authenticate before sending REQs
  wss://filter.nostr.wine/npub14sw26a7wvglnywzurts9nl09g93hs6xvhqdexjppp66ykyd6f7ws80gdjg: auth-required: please authenticate before sending REQs

=== Phase 2: Event Verification (1095d window) ===
Baseline: 304 relays queried (32.2% success), 1.2min
  Timing: connect 686ms median (1.4s p95) | query 1.2s median (15.7s p95) | 10 timeouts (10 relays)
  Authors: 283 with relay data
    Testable (reliable): 110 | Testable (partial): 46 | Zero events: 70 | Unreliable: 57
  Baseline events: 46,008 (mean 294.9/author, median 62)
  Events per (relay,pubkey) capped at: 10000

  Headline metrics (110 testable-reliable authors, 40,520 baseline events):

  Algorithm                        |   Evt Recall |   Auth Recall |  Relay OK% |     TTFE |      p50 |      p80 | Timeouts
  ---------------------------------+--------------+---------------+------------+----------+----------+----------+---------
  Filter Decomposition (cap@20)    |        19.4% |         69.1% |      55.0% |    783ms |     2.2s |     3.3s |        0
  FD+Thompson (seed=0, single run) |        10.6% |         74.5% |      70.0% |    771ms |     2.3s |     2.8s |        0
  Priority-Based (NDK)             |         8.7% |         79.1% |      65.0% |    652ms |     2.4s |     3.1s |        1
  NDK+Thompson (Priority) (seed=0, single run) |         9.7% |         80.9% |      60.0% |    783ms |     2.8s |     3.7s |        1

  Per-author recall distribution:
  Algorithm                        |   Median |  % at 0% |      p25 |      p75
  ---------------------------------+----------+----------+----------+---------
  Filter Decomposition (cap@20)    |    15.1% |    30.9% |     0.0% |    95.1%
  FD+Thompson (seed=0, single run) |    24.4% |    25.5% |     0.0% |   100.0%
  Priority-Based (NDK)             |    13.4% |    20.9% |     1.0% |    85.7%
  NDK+Thompson (Priority) (seed=0, single run) |    20.7% |    19.1% |     2.1% |    97.9%

  Latency simulation (parallel relay query):
  Algorithm                        |     TTFE |      p50 |      p80 |      Max |   TO |   TO Tax |   Relays |   Events
  ---------------------------------+----------+----------+----------+----------+------+----------+----------+---------
  Filter Decomposition (cap@20)    |    783ms |     2.2s |     3.3s |     4.2s |    0 |      0ms | 11/11/20 |   16,227
  FD+Thompson (seed=0, single run) |    771ms |     2.3s |     2.8s |     4.2s |    0 |      0ms | 14/14/20 |   17,727
  Priority-Based (NDK)             |    652ms |     2.4s |     3.1s |    16.4s |    1 |    15.0s | 13/15/20 |   13,020
  NDK+Thompson (Priority) (seed=0, single run) |    783ms |     2.8s |     3.7s |    16.4s |    1 |    15.0s | 12/13/20 |   11,684
  (Relays: with-events/connected/total | TO Tax: ceil(timeouts/concurrency) × EOSE timeout)

  Progressive completeness (% of recall achieved by time):
  Algorithm                        |      @1s |      @2s |      @5s |     @10s |     @15s
  ---------------------------------+----------+----------+----------+----------+---------
  Filter Decomposition (cap@20)    |     0.0% |    58.2% |   100.0% |   100.0% |   100.0%
  FD+Thompson (seed=0, single run) |     7.6% |    49.1% |   100.0% |   100.0% |   100.0%
  Priority-Based (NDK)             |     0.3% |    64.4% |   100.0% |   100.0% |   100.0%
  NDK+Thompson (Priority) (seed=0, single run) |     0.0% |    30.1% |    99.8% |   100.0% |   100.0%

  EOSE-race simulation (stop after first EOSE + grace period):
  Algorithm                        |     +0ms |   +200ms |   +500ms |      +1s |      +2s
  ---------------------------------+----------+----------+----------+----------+---------
  Filter Decomposition (cap@20)    |     5.4% |     7.1% |    58.2% |    64.5% |    71.1%
  FD+Thompson (seed=0, single run) |     7.6% |     7.6% |    26.0% |    49.1% |    73.3%
  Priority-Based (NDK)             |     0.3% |     0.3% |     0.3% |    64.4% |    67.4%
  NDK+Thompson (Priority) (seed=0, single run) |    30.1% |    30.1% |    30.1% |    38.2% |    64.9%
  (First EOSE: Filter Decomposition (cap@20)=1.3s, FD+Thompson (seed=0, single run)=898ms, Priority-Based (NDK)=706ms, NDK+Thompson (Priority) (seed=0, single run)=1.3s)

  Profile-view latency (per-author outbox query, top 3 write relays):
    Authors simulated: 156 | Hit rate: 96.2%
    TTFE: 1.2s median, 1.3s mean, 1.9s p95
    Relays/profile: 3.0 queried, 2.0 with events, 0.03 timeouts

  Feed vs profile-view TTFE comparison:
  Algorithm                        |  Feed TTFE |  Profile TTFE |    Delta
  ---------------------------------+------------+---------------+---------
  Filter Decomposition (cap@20)    |      783ms |          1.2s |   +409ms
  FD+Thompson (seed=0, single run) |      771ms |          1.2s |   +421ms
  Priority-Based (NDK)             |      652ms |          1.2s |   +540ms
  NDK+Thompson (Priority) (seed=0, single run) |      783ms |          1.2s |   +409ms

  Including partial-baseline authors (156 testable authors, 46,008 baseline events):

  Algorithm                        |   Evt Recall |   Auth Recall
  ---------------------------------+--------------+--------------
  Filter Decomposition (cap@20)    |        19.2% |         60.9%
  FD+Thompson (seed=0, single run) |        12.5% |         73.1%
  Priority-Based (NDK)             |        10.2% |         80.1%
  NDK+Thompson (Priority) (seed=0, single run) |        11.5% |         81.4%
[relay-scores] Updated scores for fd-thompson: 35 relays, session 3
[relay-scores] Degrading relays (1): wss://relay.snort.social
[relay-scores] Saved to .cache/relay_scores_07804b786c6a3b40_94608000_fd-thompson.json

Thompson Sampling [fd-thompson] learning state:
  Session: 3
  Relays with observations: 35
  Mean prior α: 8.3, β: 16.2
  Relays with strong preference (α>5): 9
  Relays learned to avoid (β>5): 26
[relay-scores] Updated scores for ndk-thompson: 32 relays, session 3
[relay-scores] Degrading relays (3): wss://nostr.oxtr.dev, wss://nrelay.c-stellar.net, wss://nostr.land
[relay-scores] Saved to .cache/relay_scores_07804b786c6a3b40_94608000_ndk-thompson.json

Thompson Sampling [ndk-thompson] learning state:
  Session: 3
  Relays with observations: 32
  Mean prior α: 9.4, β: 19.3
  Relays with strong preference (α>5): 10
  Relays learned to avoid (β>5): 19

JSON results written to: results/07804b786c6a3b40_1772963185559.json
