[0m[32mTask[0m [0m[36mbench[0m deno run --allow-net --allow-read --allow-write main.ts "07804b786c6a3b400b7b20d9bfc945035f3ad213da797b0c50954767c375c543" "--algorithms" "rust-nostr,fd-thompson,ndk,ndk-thompson" "--verify" "--verify-window" "94608000" "--verify-concurrency" "10" "--no-phase2-cache" "--fast" "--output" "both"
Target: 07804b786c6a3b40...
Seed: 0 | Filter: strict | Runs: 3
[fetch] Connecting to 3 indexer relays...
[fetch] wss://purplepag.es: connected (988ms)
[fetch] wss://relay.damus.io: WebSocket error: NetworkError: failed to connect to WebSocket: Invalid status code 400 Bad Request
[fetch] wss://nos.lol: connected (681ms)
[fetch] Fetching kind 3 (contact list) for 07804b78...
[fetch] 353 follows to fetch relay lists for
[fetch] Fetched relay lists: 200/353
[fetch] Received 284 relay list events

=== Fetch Quality ===
Indexers: wss://purplepag.es (354 events, 988ms), wss://relay.damus.io (0 events, 1464ms, errors: WebSocket error: NetworkError: failed to connect to WebSocket: Invalid status code 400 Bad Request), wss://nos.lol (285 events, 681ms)
Follows: 353 | With relay list: 282 (79.9%) | Missing: 71 (20.1%) | Filtered-to-empty: 2
Filter profile: strict | Filtered URLs: 32 (2 localhost, 4 insecure ws, 2 IP-only, 24 known-bad)
Unique valid write relays: 304 | Seed: 0
[relay-scores] Loaded 40 relay priors (session 4, from 2026-03-08T10:00:05.048Z)

Thompson Sampling [fd-thompson]: loaded 40 relay priors (session 4)
[relay-scores] Loaded 36 relay priors (session 4, from 2026-03-08T10:00:05.063Z)

Thompson Sampling [ndk-thompson]: loaded 36 relay priors (session 4)

=== Regime A: Fixed 20 Connections ===
  Algorithm                      |  Relays |   Assign% |  Orphans |  Alg.Orph |  Avg/pk |   Gini |    HHI
  -------------------------------+---------+-----------+----------+-----------+---------+--------+-------
  Filter Decomposition (cap@20)  |      20 |     75.4% |       87 |        16 |     2.2 |   0.40 |  0.096
  FD+Thompson (cap@20)           |      20 |     72.1% (0.0sd) | 98.33333333333333 | 27.333333333333332 |     2.1 |   0.58 |  0.137
  Priority-Based (NDK)           |      20 |     79.3% |       73 |         2 |     2.0 |   0.79 |  0.249
  NDK+Thompson (Priority)        |      20 |     77.7% (0.0sd) | 78.66666666666667 | 7.666666666666667 |     1.9 |   0.69 |  0.179

=== Phase 2: Event Verification ===
Window: 94608000s | Kinds: 1 | Concurrency: 10
[baseline] Querying 304 relays for 282 authors (window: 94608000s)
[pool] CLOSED from wss://aggr.nostr.land: auth-required: auth required for aggregator
[pool] CLOSED from wss://sendit.nosflare.com: restricted: this relay does not accept REQs
[baseline] Progress: 50/304 relays queried
[pool] CLOSED from wss://bostr.erechorse.com: auth-required: authentication is required to perform this action.
[baseline] Progress: 100/304 relays queried
[pool] CLOSED from wss://nostr-relay.moctane.net: auth-required: authentication required to subscribe
[pool] CLOSED from wss://filter.nostr.wine/npub12ftld459xqw7s7fqnxstzu7r74l5yagxztwcwmaqj4d24jgpj2csee3mx0: auth-required: please authenticate before sending REQs
[baseline] Progress: 150/304 relays queried
[pool] CLOSED from wss://filter.nostr.wine/npub14sw26a7wvglnywzurts9nl09g93hs6xvhqdexjppp66ykyd6f7ws80gdjg: auth-required: please authenticate before sending REQs
[pool] CLOSED from wss://relay.danieldaquino.me/chat: blocked: you must be in the web of trust to chat with the relay owner
[pool] CLOSED from wss://relay.danieldaquino.me/private: auth-required: this query requires you to be authenticated
[baseline] Progress: 200/304 relays queried
[pool] CLOSED from wss://filter.nostr.wine/npub1dwp9e3qye2sstflgesg7zxra2znqlrgq604nf0q07e9sezu8ujls3mtmtf: auth-required: please authenticate before sending REQs
[pool] CLOSED from wss://filter.nostr.wine/npub1cmwzh936xyjmqmwyqpl6yyr4gp048w72l57346vdw7azus60d9rs9q7cf2: auth-required: please authenticate before sending REQs
[pool] CLOSED from wss://inbox.nostr.wine: blocked: this relay does not store any of the kinds in this request
[pool] CLOSED from wss://filter.nostr.wine/npub1jw4e8qh6vmyq0n2tkupv7wlfu5h59luk98dcfedf03anh5ek5jkq936u57: auth-required: please authenticate before sending REQs
[pool] CLOSED from wss://hole.v0l.io: error: queries not allowed
[pool] CLOSED from wss://filter.nostr.wine/npub1k0jrarx8um0lyw3nmysn50539ky4k8p7gfgzgrsvn8d7lccx3d0s38dczd: auth-required: please authenticate before sending REQs
[baseline] Progress: 250/304 relays queried
[pool] CLOSED from wss://filter.nostr.wine/npub1zpq2gsz25wsgun2e4gtks9p63j7fvyfd46weyjzp5tv6yys89zcsjdflcv: auth-required: please authenticate before sending REQs
[pool] CLOSED from wss://filter.nostr.wine/npub14twsqzjpsvvk4tu06w9gedt4jctwqxt74jwutm4f3qhhf3rznmzqfufqc5: auth-required: please authenticate before sending REQs
[pool] CLOSED from wss://relay.nosflare.com: auth-required: authentication required to subscribe
[baseline] Progress: 300/304 relays queried
[baseline] Progress: 304/304 relays queried
[phase2] Subscription timeouts (no EOSE): 8
[phase2] CLOSED messages received: 17
  wss://aggr.nostr.land: auth-required: auth required for aggregator
  wss://sendit.nosflare.com: restricted: this relay does not accept REQs
  wss://bostr.erechorse.com: auth-required: authentication is required to perform this action.
  wss://nostr-relay.moctane.net: auth-required: authentication required to subscribe
  wss://filter.nostr.wine/npub12ftld459xqw7s7fqnxstzu7r74l5yagxztwcwmaqj4d24jgpj2csee3mx0: auth-required: please authenticate before sending REQs
  wss://filter.nostr.wine/npub14sw26a7wvglnywzurts9nl09g93hs6xvhqdexjppp66ykyd6f7ws80gdjg: auth-required: please authenticate before sending REQs
  wss://relay.danieldaquino.me/chat: blocked: you must be in the web of trust to chat with the relay owner
  wss://relay.danieldaquino.me/private: auth-required: this query requires you to be authenticated
  wss://filter.nostr.wine/npub1dwp9e3qye2sstflgesg7zxra2znqlrgq604nf0q07e9sezu8ujls3mtmtf: auth-required: please authenticate before sending REQs
  wss://filter.nostr.wine/npub1cmwzh936xyjmqmwyqpl6yyr4gp048w72l57346vdw7azus60d9rs9q7cf2: auth-required: please authenticate before sending REQs

=== Phase 2: Event Verification (1095d window) ===
Baseline: 304 relays queried (28.3% success), 1.1min
  Timing: connect 697ms median (1.5s p95) | query 1.3s median (15.7s p95) | 8 timeouts (9 relays)
  Authors: 282 with relay data
    Testable (reliable): 94 | Testable (partial): 59 | Zero events: 65 | Unreliable: 64
  Baseline events: 44,055 (mean 287.9/author, median 57)
  Events per (relay,pubkey) capped at: 10000

  Headline metrics (94 testable-reliable authors, 33,996 baseline events):

  Algorithm                        |   Evt Recall |   Auth Recall |  Relay OK% |     TTFE |      p50 |      p80 | Timeouts
  ---------------------------------+--------------+---------------+------------+----------+----------+----------+---------
  Filter Decomposition (cap@20)    |        13.0% |         69.1% |      45.0% |    511ms |     2.9s |     3.6s |        0
  FD+Thompson (seed=0, single run) |        13.4% |         76.6% |      60.0% |    511ms |     2.9s |     3.6s |        0
  Priority-Based (NDK)             |         8.6% |         78.7% |      55.0% |    511ms |     2.6s |     3.6s |        0
  NDK+Thompson (Priority) (seed=0, single run) |         8.8% |         81.9% |      40.0% |    511ms |     2.9s |     3.6s |        0

  Per-author recall distribution:
  Algorithm                        |   Median |  % at 0% |      p25 |      p75
  ---------------------------------+----------+----------+----------+---------
  Filter Decomposition (cap@20)    |    28.7% |    30.9% |     0.0% |   100.0%
  FD+Thompson (seed=0, single run) |    95.2% |    23.4% |     0.6% |   100.0%
  Priority-Based (NDK)             |    31.8% |    21.3% |     1.0% |   100.0%
  NDK+Thompson (Priority) (seed=0, single run) |    57.7% |    18.1% |     3.8% |   100.0%

  Latency simulation (parallel relay query):
  Algorithm                        |     TTFE |      p50 |      p80 |      Max |   TO |   TO Tax |   Relays |   Events
  ---------------------------------+----------+----------+----------+----------+------+----------+----------+---------
  Filter Decomposition (cap@20)    |    511ms |     2.9s |     3.6s |     3.9s |    0 |      0ms |   9/9/20 |   15,227
  FD+Thompson (seed=0, single run) |    511ms |     2.9s |     3.6s |     3.9s |    0 |      0ms | 12/12/20 |   16,727
  Priority-Based (NDK)             |    511ms |     2.6s |     3.6s |     3.9s |    0 |      0ms | 11/11/20 |   12,020
  NDK+Thompson (Priority) (seed=0, single run) |    511ms |     2.9s |     3.6s |     3.9s |    0 |      0ms |   8/8/20 |    9,050
  (Relays: with-events/connected/total | TO Tax: ceil(timeouts/concurrency) × EOSE timeout)

  Progressive completeness (% of recall achieved by time):
  Algorithm                        |      @1s |      @2s |      @5s |     @10s |     @15s
  ---------------------------------+----------+----------+----------+----------+---------
  Filter Decomposition (cap@20)    |     0.0% |    24.5% |   100.0% |   100.0% |   100.0%
  FD+Thompson (seed=0, single run) |     0.0% |    32.1% |   100.0% |   100.0% |   100.0%
  Priority-Based (NDK)             |     0.3% |    63.7% |   100.0% |   100.0% |   100.0%
  NDK+Thompson (Priority) (seed=0, single run) |     0.0% |    29.8% |   100.0% |   100.0% |   100.0%

  EOSE-race simulation (stop after first EOSE + grace period):
  Algorithm                        |     +0ms |   +200ms |   +500ms |      +1s |      +2s
  ---------------------------------+----------+----------+----------+----------+---------
  Filter Decomposition (cap@20)    |    17.1% |    24.5% |    24.5% |    24.5% |    43.4%
  FD+Thompson (seed=0, single run) |    14.9% |    32.1% |    34.6% |    34.6% |    47.7%
  Priority-Based (NDK)             |     0.3% |     0.3% |     0.3% |    63.7% |    66.5%
  NDK+Thompson (Priority) (seed=0, single run) |    29.8% |    29.8% |    29.8% |    46.5% |    60.9%
  (First EOSE: Filter Decomposition (cap@20)=1.6s, FD+Thompson (seed=0, single run)=1.6s, Priority-Based (NDK)=982ms, NDK+Thompson (Priority) (seed=0, single run)=1.6s)

  Profile-view latency (per-author outbox query, top 3 write relays):
    Authors simulated: 153 | Hit rate: 96.1%
    TTFE: 1.0s median, 1.2s mean, 1.7s p95
    Relays/profile: 3.0 queried, 1.9 with events, 0.01 timeouts

  Feed vs profile-view TTFE comparison:
  Algorithm                        |  Feed TTFE |  Profile TTFE |    Delta
  ---------------------------------+------------+---------------+---------
  Filter Decomposition (cap@20)    |      511ms |          1.0s |   +503ms
  FD+Thompson (seed=0, single run) |      511ms |          1.0s |   +503ms
  Priority-Based (NDK)             |      511ms |          1.0s |   +503ms
  NDK+Thompson (Priority) (seed=0, single run) |      511ms |          1.0s |   +503ms

  Including partial-baseline authors (153 testable authors, 44,055 baseline events):

  Algorithm                        |   Evt Recall |   Auth Recall
  ---------------------------------+--------------+--------------
  Filter Decomposition (cap@20)    |        19.2% |         59.5%
  FD+Thompson (seed=0, single run) |        21.0% |         74.5%
  Priority-Based (NDK)             |        10.5% |         81.0%
  NDK+Thompson (Priority) (seed=0, single run) |        11.8% |         83.0%
[relay-scores] Updated scores for fd-thompson: 45 relays, session 5
[relay-scores] Saved to .cache/relay_scores_07804b786c6a3b40_94608000_fd-thompson.json

Thompson Sampling [fd-thompson] learning state:
  Session: 5
  Relays with observations: 45
  Mean prior α: 11.2, β: 18.9
  Relays with strong preference (α>5): 11
  Relays learned to avoid (β>5): 31
[relay-scores] Updated scores for ndk-thompson: 39 relays, session 5
[relay-scores] Degrading relays (2): wss://relay.nostrcheck.me, wss://nostr.oxtr.dev
[relay-scores] Saved to .cache/relay_scores_07804b786c6a3b40_94608000_ndk-thompson.json

Thompson Sampling [ndk-thompson] learning state:
  Session: 5
  Relays with observations: 39
  Mean prior α: 12.6, β: 23.5
  Relays with strong preference (α>5): 10
  Relays learned to avoid (β>5): 22

JSON results written to: results/07804b786c6a3b40_1772964928208.json
