[0m[32mTask[0m [0m[36mbench[0m deno run --allow-net --allow-read --allow-write main.ts "07804b786c6a3b400b7b20d9bfc945035f3ad213da797b0c50954767c375c543" "--algorithms" "rust-nostr,fd-thompson,ndk,ndk-thompson" "--verify" "--verify-window" "94608000" "--verify-concurrency" "10" "--no-phase2-cache" "--fast" "--output" "both"
Target: 07804b786c6a3b40...
Seed: 0 | Filter: strict | Runs: 3
Using cached data (fetched 2026-03-08T09:03:25.293Z)

=== Fetch Quality ===
Indexers: wss://purplepag.es (354 events, 1088ms), wss://relay.damus.io (198 events, 442ms), wss://nos.lol (285 events, 852ms)
Follows: 353 | With relay list: 283 (80.2%) | Missing: 70 (19.8%) | Filtered-to-empty: 2
Filter profile: strict | Filtered URLs: 32 (2 localhost, 4 insecure ws, 2 IP-only, 24 known-bad)
Unique valid write relays: 304 | Seed: 0
[relay-scores] Loaded 35 relay priors (session 3, from 2026-03-08T09:46:25.546Z)

Thompson Sampling [fd-thompson]: loaded 35 relay priors (session 3)
[relay-scores] Loaded 32 relay priors (session 3, from 2026-03-08T09:46:25.550Z)

Thompson Sampling [ndk-thompson]: loaded 32 relay priors (session 3)

=== Regime A: Fixed 20 Connections ===
  Algorithm                      |  Relays |   Assign% |  Orphans |  Alg.Orph |  Avg/pk |   Gini |    HHI
  -------------------------------+---------+-----------+----------+-----------+---------+--------+-------
  Filter Decomposition (cap@20)  |      20 |     75.6% |       86 |        16 |     2.2 |   0.39 |  0.096
  FD+Thompson (cap@20)           |      20 |     71.3% (0.0sd) | 101.33333333333333 | 31.333333333333332 |     2.2 |   0.57 |  0.134
  Priority-Based (NDK)           |      20 |     79.6% |       72 |         2 |     2.0 |   0.78 |  0.246
  NDK+Thompson (Priority)        |      20 |     78.3% (0.0sd) | 76.66666666666667 | 6.666666666666667 |     1.9 |   0.67 |  0.174

=== Phase 2: Event Verification ===
Window: 94608000s | Kinds: 1 | Concurrency: 10
[baseline] Querying 304 relays for 283 authors (window: 94608000s)
[pool] CLOSED from wss://aggr.nostr.land: auth-required: auth required for aggregator
[pool] CLOSED from wss://sendit.nosflare.com: restricted: this relay does not accept REQs
[baseline] Progress: 50/304 relays queried
[pool] CLOSED from wss://relay.getalby.com/v1: blocked: Request rejected
[pool] CLOSED from wss://filter.nostr.wine/npub1ca32j9f2fl5n7d0rs6mxsjva69qzqrfc0j05x85c436l6ehtpt2snvu0tt: auth-required: please authenticate before sending REQs
[pool] CLOSED from wss://filter.nostr.wine/npub12y8qp9hyuc3wnu580tm70tuhntp0mag8q2uu6aczzevrgng6dqkq5zt26q: auth-required: please authenticate before sending REQs
[baseline] Progress: 100/304 relays queried
[pool] CLOSED from wss://creatr.nostr.wine: auth-required: please authenticate before sending REQs
[pool] CLOSED from wss://nostr-relay.moctane.net: auth-required: authentication required to subscribe
[pool] CLOSED from wss://filter.nostr.wine/npub12ftld459xqw7s7fqnxstzu7r74l5yagxztwcwmaqj4d24jgpj2csee3mx0: auth-required: please authenticate before sending REQs
[baseline] Progress: 150/304 relays queried
[pool] CLOSED from wss://filter.nostr.wine/npub14sw26a7wvglnywzurts9nl09g93hs6xvhqdexjppp66ykyd6f7ws80gdjg: auth-required: please authenticate before sending REQs
[pool] CLOSED from wss://relay.danieldaquino.me/chat: blocked: you must be in the web of trust to chat with the relay owner
[pool] CLOSED from wss://relay.danieldaquino.me/private: auth-required: this query requires you to be authenticated
[pool] CLOSED from wss://greensoul.space: auth-required: only authenticated users can read from this relay
[baseline] Progress: 200/304 relays queried
[pool] CLOSED from wss://filter.nostr.wine/npub1dwp9e3qye2sstflgesg7zxra2znqlrgq604nf0q07e9sezu8ujls3mtmtf: auth-required: please authenticate before sending REQs
[pool] CLOSED from wss://filter.nostr.wine/npub1cmwzh936xyjmqmwyqpl6yyr4gp048w72l57346vdw7azus60d9rs9q7cf2: auth-required: please authenticate before sending REQs
[pool] CLOSED from wss://inbox.nostr.wine: blocked: this relay does not store any of the kinds in this request
[pool] CLOSED from wss://hole.v0l.io: error: queries not allowed
[pool] CLOSED from wss://filter.nostr.wine/npub1jw4e8qh6vmyq0n2tkupv7wlfu5h59luk98dcfedf03anh5ek5jkq936u57: auth-required: please authenticate before sending REQs
[baseline] Progress: 250/304 relays queried
[pool] CLOSED from wss://relay.nosflare.com: auth-required: authentication required to subscribe
[baseline] Progress: 300/304 relays queried
[baseline] Progress: 304/304 relays queried
[phase2] Subscription timeouts (no EOSE): 9
[phase2] CLOSED messages received: 18
  wss://aggr.nostr.land: auth-required: auth required for aggregator
  wss://sendit.nosflare.com: restricted: this relay does not accept REQs
  wss://relay.getalby.com/v1: blocked: Request rejected
  wss://filter.nostr.wine/npub1ca32j9f2fl5n7d0rs6mxsjva69qzqrfc0j05x85c436l6ehtpt2snvu0tt: auth-required: please authenticate before sending REQs
  wss://filter.nostr.wine/npub12y8qp9hyuc3wnu580tm70tuhntp0mag8q2uu6aczzevrgng6dqkq5zt26q: auth-required: please authenticate before sending REQs
  wss://creatr.nostr.wine: auth-required: please authenticate before sending REQs
  wss://nostr-relay.moctane.net: auth-required: authentication required to subscribe
  wss://filter.nostr.wine/npub12ftld459xqw7s7fqnxstzu7r74l5yagxztwcwmaqj4d24jgpj2csee3mx0: auth-required: please authenticate before sending REQs
  wss://filter.nostr.wine/npub14sw26a7wvglnywzurts9nl09g93hs6xvhqdexjppp66ykyd6f7ws80gdjg: auth-required: please authenticate before sending REQs
  wss://relay.danieldaquino.me/chat: blocked: you must be in the web of trust to chat with the relay owner

=== Phase 2: Event Verification (1095d window) ===
Baseline: 304 relays queried (30.9% success), 1.1min
  Timing: connect 705ms median (1.3s p95) | query 1.3s median (15.6s p95) | 9 timeouts (9 relays)
  Authors: 283 with relay data
    Testable (reliable): 102 | Testable (partial): 50 | Zero events: 75 | Unreliable: 56
  Baseline events: 48,011 (mean 315.9/author, median 61)
  Events per (relay,pubkey) capped at: 10000

  Headline metrics (102 testable-reliable authors, 42,923 baseline events):

  Algorithm                        |   Evt Recall |   Auth Recall |  Relay OK% |     TTFE |      p50 |      p80 | Timeouts
  ---------------------------------+--------------+---------------+------------+----------+----------+----------+---------
  Filter Decomposition (cap@20)    |        18.1% |         71.6% |      55.0% |     1.1s |     2.2s |     3.3s |        0
  FD+Thompson (seed=0, single run) |        16.7% |         77.5% |      55.0% |     1.1s |     2.7s |     3.1s |        1
  Priority-Based (NDK)             |         8.2% |         81.4% |      60.0% |     1.1s |     2.8s |     3.5s |        1
  NDK+Thompson (Priority) (seed=0, single run) |        10.7% |         81.4% |      65.0% |     1.1s |     2.7s |     3.1s |        0

  Per-author recall distribution:
  Algorithm                        |   Median |  % at 0% |      p25 |      p75
  ---------------------------------+----------+----------+----------+---------
  Filter Decomposition (cap@20)    |    17.4% |    28.4% |     0.0% |    99.4%
  FD+Thompson (seed=0, single run) |    50.7% |    22.5% |     1.0% |   100.0%
  Priority-Based (NDK)             |    19.4% |    18.6% |     1.3% |    98.1%
  NDK+Thompson (Priority) (seed=0, single run) |    25.0% |    18.6% |     2.1% |   100.0%

  Latency simulation (parallel relay query):
  Algorithm                        |     TTFE |      p50 |      p80 |      Max |   TO |   TO Tax |   Relays |   Events
  ---------------------------------+----------+----------+----------+----------+------+----------+----------+---------
  Filter Decomposition (cap@20)    |     1.1s |     2.2s |     3.3s |     3.9s |    0 |      0ms | 11/11/20 |   16,227
  FD+Thompson (seed=0, single run) |     1.1s |     2.7s |     3.1s |    16.7s |    1 |    15.0s | 11/12/20 |   16,227
  Priority-Based (NDK)             |     1.1s |     2.8s |     3.5s |    16.7s |    1 |    15.0s | 12/14/20 |   12,520
  NDK+Thompson (Priority) (seed=0, single run) |     1.1s |     2.7s |     3.1s |     3.9s |    0 |      0ms | 13/13/20 |   13,684
  (Relays: with-events/connected/total | TO Tax: ceil(timeouts/concurrency) × EOSE timeout)

  Progressive completeness (% of recall achieved by time):
  Algorithm                        |      @1s |      @2s |      @5s |     @10s |     @15s
  ---------------------------------+----------+----------+----------+----------+---------
  Filter Decomposition (cap@20)    |     0.0% |    52.8% |   100.0% |   100.0% |   100.0%
  FD+Thompson (seed=0, single run) |     0.0% |    51.3% |   100.0% |   100.0% |   100.0%
  Priority-Based (NDK)             |     0.0% |    21.9% |   100.0% |   100.0% |   100.0%
  NDK+Thompson (Priority) (seed=0, single run) |     0.0% |    21.2% |   100.0% |   100.0% |   100.0%

  EOSE-race simulation (stop after first EOSE + grace period):
  Algorithm                        |     +0ms |   +200ms |   +500ms |      +1s |      +2s
  ---------------------------------+----------+----------+----------+----------+---------
  Filter Decomposition (cap@20)    |     1.7% |    52.8% |    52.8% |    60.8% |    99.5%
  FD+Thompson (seed=0, single run) |     0.9% |    47.7% |    51.3% |    52.0% |    95.2%
  Priority-Based (NDK)             |     1.6% |    21.9% |    21.9% |    22.1% |    74.7%
  NDK+Thompson (Priority) (seed=0, single run) |     2.7% |    21.2% |    21.2% |    34.3% |    90.0%
  (First EOSE: Filter Decomposition (cap@20)=1.5s, FD+Thompson (seed=0, single run)=1.5s, Priority-Based (NDK)=1.5s, NDK+Thompson (Priority) (seed=0, single run)=1.5s)

  Profile-view latency (per-author outbox query, top 3 write relays):
    Authors simulated: 152 | Hit rate: 96.1%
    TTFE: 1.6s median, 1.5s mean, 2.0s p95
    Relays/profile: 3.0 queried, 2.0 with events, 0.03 timeouts

  Feed vs profile-view TTFE comparison:
  Algorithm                        |  Feed TTFE |  Profile TTFE |    Delta
  ---------------------------------+------------+---------------+---------
  Filter Decomposition (cap@20)    |       1.1s |          1.6s |   +478ms
  FD+Thompson (seed=0, single run) |       1.1s |          1.6s |   +478ms
  Priority-Based (NDK)             |       1.1s |          1.6s |   +478ms
  NDK+Thompson (Priority) (seed=0, single run) |       1.1s |          1.6s |   +478ms

  Including partial-baseline authors (152 testable authors, 48,011 baseline events):

  Algorithm                        |   Evt Recall |   Auth Recall
  ---------------------------------+--------------+--------------
  Filter Decomposition (cap@20)    |        18.3% |         62.5%
  FD+Thompson (seed=0, single run) |        17.5% |         75.0%
  Priority-Based (NDK)             |         9.8% |         81.6%
  NDK+Thompson (Priority) (seed=0, single run) |        12.8% |         82.9%
[relay-scores] Updated scores for fd-thompson: 40 relays, session 4
[relay-scores] Degrading relays (1): wss://relay.snort.social
[relay-scores] Saved to .cache/relay_scores_07804b786c6a3b40_94608000_fd-thompson.json

Thompson Sampling [fd-thompson] learning state:
  Session: 4
  Relays with observations: 40
  Mean prior α: 9.9, β: 18.1
  Relays with strong preference (α>5): 11
  Relays learned to avoid (β>5): 29
[relay-scores] Updated scores for ndk-thompson: 36 relays, session 4
[relay-scores] Degrading relays (3): wss://nrelay.c-stellar.net, wss://nostr.oxtr.dev, wss://lang.relays.land/ja
[relay-scores] Saved to .cache/relay_scores_07804b786c6a3b40_94608000_ndk-thompson.json

Thompson Sampling [ndk-thompson] learning state:
  Session: 4
  Relays with observations: 36
  Mean prior α: 11.0, β: 21.5
  Relays with strong preference (α>5): 10
  Relays learned to avoid (β>5): 20

JSON results written to: results/07804b786c6a3b40_1772964005090.json
