[0m[32mTask[0m [0m[36mbench[0m deno run --allow-net --allow-read --allow-write main.ts "b3e43e8cc7e6dff23a33d9213a3e912d895b1c3e4250240e0c99dbefe3068b5f" "--algorithms" "rust-nostr,fd-thompson,ndk,ndk-thompson" "--verify" "--verify-window" "94608000" "--verify-concurrency" "10" "--no-phase2-cache" "--fast" "--output" "both"
Target: b3e43e8cc7e6dff2...
Seed: 0 | Filter: strict | Runs: 3
Using cached data (fetched 2026-03-08T09:05:45.755Z)

=== Fetch Quality ===
Indexers: wss://purplepag.es (1016 events, 1178ms), wss://relay.damus.io (366 events, 253ms), wss://nos.lol (597 events, 840ms)
Follows: 1017 | With relay list: 594 (58.4%) | Missing: 423 (41.6%) | Filtered-to-empty: 7
Filter profile: strict | Filtered URLs: 54 (5 localhost, 5 insecure ws, 5 IP-only, 39 known-bad)
Unique valid write relays: 366 | Seed: 0
[relay-scores] Loaded 20 relay priors (session 1, from 2026-03-08T09:20:51.607Z)

Thompson Sampling [fd-thompson]: loaded 20 relay priors (session 1)
[relay-scores] Loaded 20 relay priors (session 1, from 2026-03-08T09:20:51.614Z)

Thompson Sampling [ndk-thompson]: loaded 20 relay priors (session 1)

=== Regime A: Fixed 20 Connections ===
  Algorithm                      |  Relays |   Assign% |  Orphans |  Alg.Orph |  Avg/pk |   Gini |    HHI
  -------------------------------+---------+-----------+----------+-----------+---------+--------+-------
  Filter Decomposition (cap@20)  |      20 |     55.5% |      453 |        30 |     2.4 |   0.43 |  0.104
  FD+Thompson (cap@20)           |      20 |     53.3% (0.0sd) |      475 |        52 |     2.2 |   0.57 |  0.139
  Priority-Based (NDK)           |      20 |     58.0% |      427 |         4 |     1.9 |   0.79 |  0.270
  NDK+Thompson (Priority)        |      20 |     56.4% (0.0sd) | 443.6666666666667 | 20.666666666666668 |     1.9 |   0.72 |  0.199

=== Phase 2: Event Verification ===
Window: 94608000s | Kinds: 1 | Concurrency: 10
[baseline] Querying 366 relays for 594 authors (window: 94608000s)
[pool] CLOSED from wss://filter.nostr.wine/npub1zpq2gsz25wsgun2e4gtks9p63j7fvyfd46weyjzp5tv6yys89zcsjdflcv: auth-required: please authenticate before sending REQs
[pool] CLOSED from wss://filter.nostr.wine/npub1guchl0q0hduptnfvyqm7tk9uttq0u52ynequnf20rr9xs7k2ujyqvdpnug: auth-required: please authenticate before sending REQs
[pool] CLOSED from wss://filter.nostr.wine/npub1k0jrarx8um0lyw3nmysn50539ky4k8p7gfgzgrsvn8d7lccx3d0s38dczd: auth-required: please authenticate before sending REQs
[baseline] Progress: 50/366 relays queried
[baseline] Progress: 100/366 relays queried
[pool] CLOSED from wss://filter.nostr.wine/npub1cmwzh936xyjmqmwyqpl6yyr4gp048w72l57346vdw7azus60d9rs9q7cf2: auth-required: please authenticate before sending REQs
[pool] CLOSED from wss://filter.nostr.wine/npub1jw4e8qh6vmyq0n2tkupv7wlfu5h59luk98dcfedf03anh5ek5jkq936u57: auth-required: please authenticate before sending REQs
[pool] CLOSED from wss://filter.nostr.wine/npub14sw26a7wvglnywzurts9nl09g93hs6xvhqdexjppp66ykyd6f7ws80gdjg: auth-required: please authenticate before sending REQs
[pool] CLOSED from wss://filter.nostr.wine/npub1aj8h9lefxlqe0jcdqvk6ufa6upe6u6jwr0f23ch0z4uxx6e4jh9sqwxcwg: auth-required: please authenticate before sending REQs
[pool] CLOSED from wss://bostr.erechorse.com: auth-required: authentication is required to perform this action.
[pool] CLOSED from wss://filter.nostr.wine/npub12y8qp9hyuc3wnu580tm70tuhntp0mag8q2uu6aczzevrgng6dqkq5zt26q: auth-required: please authenticate before sending REQs
[pool] CLOSED from wss://aggr.nostr.land: auth-required: auth required for aggregator
[pool] CLOSED from wss://filter.nostr.wine/npub12ftld459xqw7s7fqnxstzu7r74l5yagxztwcwmaqj4d24jgpj2csee3mx0: auth-required: please authenticate before sending REQs
[baseline] Progress: 150/366 relays queried
[pool] CLOSED from wss://inbox.nostr.wine: blocked: this relay does not store any of the kinds in this request
[pool] CLOSED from wss://creatr.nostr.wine: auth-required: please authenticate before sending REQs
[pool] CLOSED from wss://filter.nostr.wine/npub14twsqzjpsvvk4tu06w9gedt4jctwqxt74jwutm4f3qhhf3rznmzqfufqc5: auth-required: please authenticate before sending REQs
[pool] CLOSED from wss://relay.getalby.com/v1: blocked: Request rejected
[pool] CLOSED from wss://filter.nostr.wine/npub1yutankwnk66swhk0qdy4w35tmrxxdpe4d5gw6m2m9xs0tfr5me5sfxeaaq: auth-required: please authenticate before sending REQs
[pool] CLOSED from wss://filter.nostr.wine/YOUR_NPUB: auth-required: please authenticate before sending REQs
[pool] CLOSED from wss://sendit.nosflare.com: restricted: this relay does not accept REQs
[pool] CLOSED from wss://filter.nostr.wine/npub1lelkh3hhxw9hdwlcpk6q9t0xt9f7yze0y0nxazvzqjmre3p98x3sthkvyz: auth-required: please authenticate before sending REQs
[baseline] Progress: 200/366 relays queried
[pool] CLOSED from wss://filter.nostr.wine/npub1s5yq6wadwrxde4lhfs56gn64hwzuhnfa6r9mj476r5s4hkunzgzqrs6q7z: auth-required: please authenticate before sending REQs
[pool] CLOSED from wss://hole.v0l.io: error: queries not allowed
[pool] CLOSED from wss://filter.nostr.wine/npub1a3pvwe2p3v7mnjz6hle63r628wl9w567aw7u23fzqs062v5vqcqqu3sgh3: auth-required: please authenticate before sending REQs
[pool] CLOSED from wss://filter.nostr.wine/npub19mun7qwdyjf7qs3456u8kyxncjn5u2n7klpu4utgy68k4aenzj6synjnft: auth-required: please authenticate before sending REQs
[pool] CLOSED from wss://filter.nostr.wine/npub1t5wc8h37uhkau9tsw82sjxndq04d3n8p634utpdfvs4tm5xmt2sqgk6dke: auth-required: please authenticate before sending REQs
[baseline] Progress: 250/366 relays queried
[pool] CLOSED from wss://relay.nosflare.com: auth-required: authentication required to subscribe
[pool] CLOSED from wss://groups.0xchat.com: blocked: invalid query, must have 'h', 'e' or 'a' tag
[pool] CLOSED from wss://relay.danieldaquino.me/chat: blocked: you must be in the web of trust to chat with the relay owner
[pool] CLOSED from wss://relay.danieldaquino.me/private: auth-required: this query requires you to be authenticated
[baseline] Progress: 300/366 relays queried
[pool] CLOSED from wss://relay29.notoshi.win: blocked: invalid query, must have 'h', 'e' or 'a' tag
[pool] CLOSED from wss://auth.nostr1.com: auth-required: you must auth
[pool] CLOSED from wss://nostr-relay.moctane.net: auth-required: authentication required to subscribe
[pool] CLOSED from wss://groups.yugoatobe.com: blocked: invalid query, must have 'h', 'e' or 'a' tag
[baseline] Progress: 350/366 relays queried
[baseline] Progress: 366/366 relays queried
[phase2] Subscription timeouts (no EOSE): 11
[phase2] CLOSED messages received: 32
  wss://filter.nostr.wine/npub1zpq2gsz25wsgun2e4gtks9p63j7fvyfd46weyjzp5tv6yys89zcsjdflcv: auth-required: please authenticate before sending REQs
  wss://filter.nostr.wine/npub1guchl0q0hduptnfvyqm7tk9uttq0u52ynequnf20rr9xs7k2ujyqvdpnug: auth-required: please authenticate before sending REQs
  wss://filter.nostr.wine/npub1k0jrarx8um0lyw3nmysn50539ky4k8p7gfgzgrsvn8d7lccx3d0s38dczd: auth-required: please authenticate before sending REQs
  wss://filter.nostr.wine/npub1cmwzh936xyjmqmwyqpl6yyr4gp048w72l57346vdw7azus60d9rs9q7cf2: auth-required: please authenticate before sending REQs
  wss://filter.nostr.wine/npub1jw4e8qh6vmyq0n2tkupv7wlfu5h59luk98dcfedf03anh5ek5jkq936u57: auth-required: please authenticate before sending REQs
  wss://filter.nostr.wine/npub14sw26a7wvglnywzurts9nl09g93hs6xvhqdexjppp66ykyd6f7ws80gdjg: auth-required: please authenticate before sending REQs
  wss://filter.nostr.wine/npub1aj8h9lefxlqe0jcdqvk6ufa6upe6u6jwr0f23ch0z4uxx6e4jh9sqwxcwg: auth-required: please authenticate before sending REQs
  wss://bostr.erechorse.com: auth-required: authentication is required to perform this action.
  wss://filter.nostr.wine/npub12y8qp9hyuc3wnu580tm70tuhntp0mag8q2uu6aczzevrgng6dqkq5zt26q: auth-required: please authenticate before sending REQs
  wss://aggr.nostr.land: auth-required: auth required for aggregator

=== Phase 2: Event Verification (1095d window) ===
Baseline: 366 relays queried (35.0% success), 1.3min
  Timing: connect 677ms median (1.3s p95) | query 1.2s median (15.6s p95) | 11 timeouts (12 relays)
  Authors: 594 with relay data
    Testable (reliable): 193 | Testable (partial): 72 | Zero events: 188 | Unreliable: 141
  Baseline events: 61,914 (mean 233.6/author, median 39)
  Events per (relay,pubkey) capped at: 10000

  Headline metrics (193 testable-reliable authors, 54,448 baseline events):

  Algorithm                        |   Evt Recall |   Auth Recall |  Relay OK% |     TTFE |      p50 |      p80 | Timeouts
  ---------------------------------+--------------+---------------+------------+----------+----------+----------+---------
  Filter Decomposition (cap@20)    |        21.6% |         67.4% |      50.0% |    657ms |     2.8s |     3.4s |        0
  FD+Thompson (seed=0, single run) |        13.5% |         73.6% |      70.0% |    657ms |     2.5s |     3.4s |        0
  Priority-Based (NDK)             |        10.8% |         78.8% |      70.0% |    657ms |     2.4s |     3.4s |        0
  NDK+Thompson (Priority) (seed=0, single run) |        14.6% |         80.3% |      65.0% |    657ms |     2.5s |     3.1s |        0

  Per-author recall distribution:
  Algorithm                        |   Median |  % at 0% |      p25 |      p75
  ---------------------------------+----------+----------+----------+---------
  Filter Decomposition (cap@20)    |    28.6% |    32.6% |     0.0% |   100.0%
  FD+Thompson (seed=0, single run) |    82.2% |    26.4% |     0.0% |   100.0%
  Priority-Based (NDK)             |    31.6% |    21.2% |     0.5% |   100.0%
  NDK+Thompson (Priority) (seed=0, single run) |    63.0% |    19.7% |     2.0% |   100.0%

  Latency simulation (parallel relay query):
  Algorithm                        |     TTFE |      p50 |      p80 |      Max |   TO |   TO Tax |   Relays |   Events
  ---------------------------------+----------+----------+----------+----------+------+----------+----------+---------
  Filter Decomposition (cap@20)    |    657ms |     2.8s |     3.4s |     6.6s |    0 |      0ms | 10/10/20 |   26,708
  FD+Thompson (seed=0, single run) |    657ms |     2.5s |     3.4s |     6.6s |    0 |      0ms | 14/14/20 |   29,208
  Priority-Based (NDK)             |    657ms |     2.4s |     3.4s |     6.6s |    0 |      0ms | 14/14/20 |   23,859
  NDK+Thompson (Priority) (seed=0, single run) |    657ms |     2.5s |     3.1s |     6.6s |    0 |      0ms | 13/13/20 |   19,859
  (Relays: with-events/connected/total | TO Tax: ceil(timeouts/concurrency) × EOSE timeout)

  Progressive completeness (% of recall achieved by time):
  Algorithm                        |      @1s |      @2s |      @5s |     @10s |     @15s
  ---------------------------------+----------+----------+----------+----------+---------
  Filter Decomposition (cap@20)    |     0.0% |    16.4% |    97.7% |   100.0% |   100.0%
  FD+Thompson (seed=0, single run) |     0.0% |     6.0% |    83.5% |   100.0% |   100.0%
  Priority-Based (NDK)             |     0.4% |     5.9% |    66.0% |   100.0% |   100.0%
  NDK+Thompson (Priority) (seed=0, single run) |     0.3% |     2.7% |    78.3% |   100.0% |   100.0%

  EOSE-race simulation (stop after first EOSE + grace period):
  Algorithm                        |     +0ms |   +200ms |   +500ms |      +1s |      +2s
  ---------------------------------+----------+----------+----------+----------+---------
  Filter Decomposition (cap@20)    |     1.5% |    16.4% |    16.4% |    40.3% |    73.2%
  FD+Thompson (seed=0, single run) |     1.9% |     4.1% |     6.0% |    25.3% |    58.1%
  Priority-Based (NDK)             |     0.4% |     0.4% |     1.2% |     5.9% |    56.3%
  NDK+Thompson (Priority) (seed=0, single run) |     0.3% |     0.3% |     2.7% |     2.7% |    24.5%
  (First EOSE: Filter Decomposition (cap@20)=1.5s, FD+Thompson (seed=0, single run)=1.5s, Priority-Based (NDK)=972ms, NDK+Thompson (Priority) (seed=0, single run)=972ms)

  Profile-view latency (per-author outbox query, top 3 write relays):
    Authors simulated: 265 | Hit rate: 97.0%
    TTFE: 1.0s median, 1.2s mean, 2.0s p95
    Relays/profile: 2.9 queried, 2.0 with events, 0.02 timeouts

  Feed vs profile-view TTFE comparison:
  Algorithm                        |  Feed TTFE |  Profile TTFE |    Delta
  ---------------------------------+------------+---------------+---------
  Filter Decomposition (cap@20)    |      657ms |          1.0s |   +379ms
  FD+Thompson (seed=0, single run) |      657ms |          1.0s |   +379ms
  Priority-Based (NDK)             |      657ms |          1.0s |   +379ms
  NDK+Thompson (Priority) (seed=0, single run) |      657ms |          1.0s |   +379ms

  Including partial-baseline authors (265 testable authors, 61,914 baseline events):

  Algorithm                        |   Evt Recall |   Auth Recall
  ---------------------------------+--------------+--------------
  Filter Decomposition (cap@20)    |        21.7% |         60.0%
  FD+Thompson (seed=0, single run) |        16.0% |         74.3%
  Priority-Based (NDK)             |        13.7% |         79.2%
  NDK+Thompson (Priority) (seed=0, single run) |        18.3% |         83.0%
[relay-scores] Updated scores for fd-thompson: 28 relays, session 2
[relay-scores] Saved to .cache/relay_scores_b3e43e8cc7e6dff2_94608000_fd-thompson.json

Thompson Sampling [fd-thompson] learning state:
  Session: 2
  Relays with observations: 28
  Mean prior α: 13.4, β: 25.9
  Relays with strong preference (α>5): 9
  Relays learned to avoid (β>5): 26
[relay-scores] Updated scores for ndk-thompson: 27 relays, session 2
[relay-scores] Saved to .cache/relay_scores_b3e43e8cc7e6dff2_94608000_ndk-thompson.json

Thompson Sampling [ndk-thompson] learning state:
  Session: 2
  Relays with observations: 27
  Mean prior α: 13.0, β: 25.3
  Relays with strong preference (α>5): 9
  Relays learned to avoid (β>5): 17

JSON results written to: results/b3e43e8cc7e6dff2_1772962487783.json
