[0m[32mTask[0m [0m[36mbench[0m deno run --allow-net --allow-read --allow-write main.ts "b3e43e8cc7e6dff23a33d9213a3e912d895b1c3e4250240e0c99dbefe3068b5f" "--algorithms" "rust-nostr,fd-thompson,ndk,ndk-thompson" "--verify" "--verify-window" "94608000" "--verify-concurrency" "10" "--no-phase2-cache" "--fast" "--output" "both"
Target: b3e43e8cc7e6dff2...
Seed: 0 | Filter: strict | Runs: 3
Using cached data (fetched 2026-03-08T09:05:45.755Z)

=== Fetch Quality ===
Indexers: wss://purplepag.es (1016 events, 1178ms), wss://relay.damus.io (366 events, 253ms), wss://nos.lol (597 events, 840ms)
Follows: 1017 | With relay list: 594 (58.4%) | Missing: 423 (41.6%) | Filtered-to-empty: 7
Filter profile: strict | Filtered URLs: 54 (5 localhost, 5 insecure ws, 5 IP-only, 39 known-bad)
Unique valid write relays: 366 | Seed: 0
[relay-scores] Loaded 28 relay priors (session 2, from 2026-03-08T09:34:47.738Z)

Thompson Sampling [fd-thompson]: loaded 28 relay priors (session 2)
[relay-scores] Loaded 27 relay priors (session 2, from 2026-03-08T09:34:47.766Z)

Thompson Sampling [ndk-thompson]: loaded 27 relay priors (session 2)

=== Regime A: Fixed 20 Connections ===
  Algorithm                      |  Relays |   Assign% |  Orphans |  Alg.Orph |  Avg/pk |   Gini |    HHI
  -------------------------------+---------+-----------+----------+-----------+---------+--------+-------
  Filter Decomposition (cap@20)  |      20 |     55.5% |      453 |        30 |     2.4 |   0.43 |  0.104
  FD+Thompson (cap@20)           |      20 |     52.8% (0.0sd) | 479.6666666666667 | 56.666666666666664 |     2.3 |   0.62 |  0.157
  Priority-Based (NDK)           |      20 |     58.0% |      427 |         4 |     1.9 |   0.79 |  0.270
  NDK+Thompson (Priority)        |      20 |     56.9% (0.0sd) |      438 |        15 |     1.9 |   0.74 |  0.217

=== Phase 2: Event Verification ===
Window: 94608000s | Kinds: 1 | Concurrency: 10
[baseline] Querying 366 relays for 594 authors (window: 94608000s)
[pool] CLOSED from wss://filter.nostr.wine/npub1zpq2gsz25wsgun2e4gtks9p63j7fvyfd46weyjzp5tv6yys89zcsjdflcv: auth-required: please authenticate before sending REQs
[pool] CLOSED from wss://filter.nostr.wine/npub1guchl0q0hduptnfvyqm7tk9uttq0u52ynequnf20rr9xs7k2ujyqvdpnug: auth-required: please authenticate before sending REQs
[pool] CLOSED from wss://filter.nostr.wine/npub1k0jrarx8um0lyw3nmysn50539ky4k8p7gfgzgrsvn8d7lccx3d0s38dczd: auth-required: please authenticate before sending REQs
[baseline] Progress: 50/366 relays queried
[baseline] Progress: 100/366 relays queried
[pool] CLOSED from wss://filter.nostr.wine/npub1cmwzh936xyjmqmwyqpl6yyr4gp048w72l57346vdw7azus60d9rs9q7cf2: auth-required: please authenticate before sending REQs
[pool] CLOSED from wss://filter.nostr.wine/npub1jw4e8qh6vmyq0n2tkupv7wlfu5h59luk98dcfedf03anh5ek5jkq936u57: auth-required: please authenticate before sending REQs
[pool] CLOSED from wss://filter.nostr.wine/npub14sw26a7wvglnywzurts9nl09g93hs6xvhqdexjppp66ykyd6f7ws80gdjg: auth-required: please authenticate before sending REQs
[pool] CLOSED from wss://bostr.erechorse.com: auth-required: authentication is required to perform this action.
[pool] CLOSED from wss://filter.nostr.wine/npub1aj8h9lefxlqe0jcdqvk6ufa6upe6u6jwr0f23ch0z4uxx6e4jh9sqwxcwg: auth-required: please authenticate before sending REQs
[pool] CLOSED from wss://filter.nostr.wine/npub12y8qp9hyuc3wnu580tm70tuhntp0mag8q2uu6aczzevrgng6dqkq5zt26q: auth-required: please authenticate before sending REQs
[pool] CLOSED from wss://aggr.nostr.land: auth-required: auth required for aggregator
[pool] CLOSED from wss://filter.nostr.wine/npub12ftld459xqw7s7fqnxstzu7r74l5yagxztwcwmaqj4d24jgpj2csee3mx0: auth-required: please authenticate before sending REQs
[baseline] Progress: 150/366 relays queried
[pool] CLOSED from wss://inbox.nostr.wine: blocked: this relay does not store any of the kinds in this request
[pool] CLOSED from wss://filter.nostr.wine/npub14twsqzjpsvvk4tu06w9gedt4jctwqxt74jwutm4f3qhhf3rznmzqfufqc5: auth-required: please authenticate before sending REQs
[pool] CLOSED from wss://creatr.nostr.wine: auth-required: please authenticate before sending REQs
[pool] CLOSED from wss://filter.nostr.wine/YOUR_NPUB: auth-required: please authenticate before sending REQs
[pool] CLOSED from wss://sendit.nosflare.com: restricted: this relay does not accept REQs
[pool] CLOSED from wss://filter.nostr.wine/npub1lelkh3hhxw9hdwlcpk6q9t0xt9f7yze0y0nxazvzqjmre3p98x3sthkvyz: auth-required: please authenticate before sending REQs
[baseline] Progress: 200/366 relays queried
[pool] CLOSED from wss://filter.nostr.wine/npub1s5yq6wadwrxde4lhfs56gn64hwzuhnfa6r9mj476r5s4hkunzgzqrs6q7z: auth-required: please authenticate before sending REQs
[baseline] Progress: 250/366 relays queried
[pool] CLOSED from wss://relay.nosflare.com: auth-required: authentication required to subscribe
[pool] CLOSED from wss://groups.0xchat.com: blocked: invalid query, must have 'h', 'e' or 'a' tag
[pool] CLOSED from wss://relay.danieldaquino.me/chat: blocked: you must be in the web of trust to chat with the relay owner
[pool] CLOSED from wss://relay.danieldaquino.me/private: auth-required: this query requires you to be authenticated
[baseline] Progress: 300/366 relays queried
[pool] CLOSED from wss://relay29.notoshi.win: blocked: invalid query, must have 'h', 'e' or 'a' tag
[pool] CLOSED from wss://auth.nostr1.com: auth-required: you must auth
[pool] CLOSED from wss://nostr-relay.moctane.net: auth-required: authentication required to subscribe
[pool] CLOSED from wss://groups.yugoatobe.com: blocked: invalid query, must have 'h', 'e' or 'a' tag
[baseline] Progress: 350/366 relays queried
[baseline] Progress: 366/366 relays queried
[phase2] Subscription timeouts (no EOSE): 6
[phase2] CLOSED messages received: 26
  wss://filter.nostr.wine/npub1zpq2gsz25wsgun2e4gtks9p63j7fvyfd46weyjzp5tv6yys89zcsjdflcv: auth-required: please authenticate before sending REQs
  wss://filter.nostr.wine/npub1guchl0q0hduptnfvyqm7tk9uttq0u52ynequnf20rr9xs7k2ujyqvdpnug: auth-required: please authenticate before sending REQs
  wss://filter.nostr.wine/npub1k0jrarx8um0lyw3nmysn50539ky4k8p7gfgzgrsvn8d7lccx3d0s38dczd: auth-required: please authenticate before sending REQs
  wss://filter.nostr.wine/npub1cmwzh936xyjmqmwyqpl6yyr4gp048w72l57346vdw7azus60d9rs9q7cf2: auth-required: please authenticate before sending REQs
  wss://filter.nostr.wine/npub1jw4e8qh6vmyq0n2tkupv7wlfu5h59luk98dcfedf03anh5ek5jkq936u57: auth-required: please authenticate before sending REQs
  wss://filter.nostr.wine/npub14sw26a7wvglnywzurts9nl09g93hs6xvhqdexjppp66ykyd6f7ws80gdjg: auth-required: please authenticate before sending REQs
  wss://bostr.erechorse.com: auth-required: authentication is required to perform this action.
  wss://filter.nostr.wine/npub1aj8h9lefxlqe0jcdqvk6ufa6upe6u6jwr0f23ch0z4uxx6e4jh9sqwxcwg: auth-required: please authenticate before sending REQs
  wss://filter.nostr.wine/npub12y8qp9hyuc3wnu580tm70tuhntp0mag8q2uu6aczzevrgng6dqkq5zt26q: auth-required: please authenticate before sending REQs
  wss://aggr.nostr.land: auth-required: auth required for aggregator

=== Phase 2: Event Verification (1095d window) ===
Baseline: 366 relays queried (33.1% success), 1.2min
  Timing: connect 695ms median (1.6s p95) | query 1.3s median (4.4s p95) | 6 timeouts (7 relays)
  Authors: 594 with relay data
    Testable (reliable): 189 | Testable (partial): 76 | Zero events: 185 | Unreliable: 144
  Baseline events: 61,248 (mean 231.1/author, median 38)
  Events per (relay,pubkey) capped at: 10000

  Headline metrics (189 testable-reliable authors, 53,693 baseline events):

  Algorithm                        |   Evt Recall |   Auth Recall |  Relay OK% |     TTFE |      p50 |      p80 | Timeouts
  ---------------------------------+--------------+---------------+------------+----------+----------+----------+---------
  Filter Decomposition (cap@20)    |        21.8% |         67.2% |      50.0% |    667ms |     3.0s |     4.3s |        0
  FD+Thompson (seed=0, single run) |        14.9% |         77.2% |      75.0% |    667ms |     2.4s |     3.6s |        0
  Priority-Based (NDK)             |        10.8% |         78.3% |      70.0% |    667ms |     2.6s |     4.3s |        0
  NDK+Thompson (Priority) (seed=0, single run) |        14.4% |         79.9% |      65.0% |    667ms |     2.6s |     3.0s |        0

  Per-author recall distribution:
  Algorithm                        |   Median |  % at 0% |      p25 |      p75
  ---------------------------------+----------+----------+----------+---------
  Filter Decomposition (cap@20)    |    30.0% |    32.8% |     0.0% |   100.0%
  FD+Thompson (seed=0, single run) |   100.0% |    22.8% |     2.1% |   100.0%
  Priority-Based (NDK)             |    31.2% |    21.7% |     0.5% |   100.0%
  NDK+Thompson (Priority) (seed=0, single run) |    50.0% |    20.1% |     2.1% |   100.0%

  Latency simulation (parallel relay query):
  Algorithm                        |     TTFE |      p50 |      p80 |      Max |   TO |   TO Tax |   Relays |   Events
  ---------------------------------+----------+----------+----------+----------+------+----------+----------+---------
  Filter Decomposition (cap@20)    |    667ms |     3.0s |     4.3s |     7.0s |    0 |      0ms | 10/10/20 |   26,708
  FD+Thompson (seed=0, single run) |    667ms |     2.4s |     3.6s |     7.0s |    0 |      0ms | 15/15/20 |   29,258
  Priority-Based (NDK)             |    667ms |     2.6s |     4.3s |     7.0s |    0 |      0ms | 14/14/20 |   23,859
  NDK+Thompson (Priority) (seed=0, single run) |    667ms |     2.6s |     3.0s |     7.0s |    0 |      0ms | 12/13/20 |   19,183
  (Relays: with-events/connected/total | TO Tax: ceil(timeouts/concurrency) × EOSE timeout)

  Progressive completeness (% of recall achieved by time):
  Algorithm                        |      @1s |      @2s |      @5s |     @10s |     @15s
  ---------------------------------+----------+----------+----------+----------+---------
  Filter Decomposition (cap@20)    |     0.0% |    38.9% |    73.2% |   100.0% |   100.0%
  FD+Thompson (seed=0, single run) |     0.0% |    18.5% |    68.0% |   100.0% |   100.0%
  Priority-Based (NDK)             |     0.4% |     5.9% |    58.3% |   100.0% |   100.0%
  NDK+Thompson (Priority) (seed=0, single run) |     0.3% |     3.4% |    45.5% |   100.0% |   100.0%

  EOSE-race simulation (stop after first EOSE + grace period):
  Algorithm                        |     +0ms |   +200ms |   +500ms |      +1s |      +2s
  ---------------------------------+----------+----------+----------+----------+---------
  Filter Decomposition (cap@20)    |     1.5% |    38.9% |    38.9% |    49.2% |    58.3%
  FD+Thompson (seed=0, single run) |     0.5% |     0.5% |     0.5% |    18.5% |    56.6%
  Priority-Based (NDK)             |     0.4% |     0.4% |     0.4% |     2.3% |    56.1%
  NDK+Thompson (Priority) (seed=0, single run) |     0.3% |     0.3% |     0.3% |     3.4% |    27.7%
  (First EOSE: Filter Decomposition (cap@20)=1.8s, FD+Thompson (seed=0, single run)=1.1s, Priority-Based (NDK)=813ms, NDK+Thompson (Priority) (seed=0, single run)=813ms)

  Profile-view latency (per-author outbox query, top 3 write relays):
    Authors simulated: 265 | Hit rate: 97.0%
    TTFE: 1.1s median, 1.2s mean, 2.2s p95
    Relays/profile: 2.9 queried, 2.0 with events, 0.01 timeouts

  Feed vs profile-view TTFE comparison:
  Algorithm                        |  Feed TTFE |  Profile TTFE |    Delta
  ---------------------------------+------------+---------------+---------
  Filter Decomposition (cap@20)    |      667ms |          1.1s |   +387ms
  FD+Thompson (seed=0, single run) |      667ms |          1.1s |   +387ms
  Priority-Based (NDK)             |      667ms |          1.1s |   +387ms
  NDK+Thompson (Priority) (seed=0, single run) |      667ms |          1.1s |   +387ms

  Including partial-baseline authors (265 testable authors, 61,248 baseline events):

  Algorithm                        |   Evt Recall |   Auth Recall
  ---------------------------------+--------------+--------------
  Filter Decomposition (cap@20)    |        22.0% |         59.6%
  FD+Thompson (seed=0, single run) |        17.9% |         75.8%
  Priority-Based (NDK)             |        13.8% |         79.2%
  NDK+Thompson (Priority) (seed=0, single run) |        18.0% |         81.5%
[relay-scores] Updated scores for fd-thompson: 33 relays, session 3
[relay-scores] Degrading relays (2): wss://relay.snort.social, wss://nrelay.c-stellar.net
[relay-scores] Saved to .cache/relay_scores_b3e43e8cc7e6dff2_94608000_fd-thompson.json

Thompson Sampling [fd-thompson] learning state:
  Session: 3
  Relays with observations: 33
  Mean prior α: 17.9, β: 29.7
  Relays with strong preference (α>5): 11
  Relays learned to avoid (β>5): 29
[relay-scores] Updated scores for ndk-thompson: 30 relays, session 3
[relay-scores] Degrading relays (1): wss://relay.primal.net
[relay-scores] Saved to .cache/relay_scores_b3e43e8cc7e6dff2_94608000_ndk-thompson.json

Thompson Sampling [ndk-thompson] learning state:
  Session: 3
  Relays with observations: 30
  Mean prior α: 17.6, β: 32.2
  Relays with strong preference (α>5): 10
  Relays learned to avoid (β>5): 19

JSON results written to: results/b3e43e8cc7e6dff2_1772963315178.json
