[0m[32mTask[0m [0m[36mbench[0m deno run --allow-net --allow-read --allow-write main.ts "ec42c765418b3db9c85abff3a88f4a3bbe57535eebbdc54522041fa5328c0600" "--algorithms" "rust-nostr,fd-thompson,ndk,ndk-thompson" "--verify" "--verify-window" "94608000" "--verify-concurrency" "10" "--no-phase2-cache" "--fast" "--output" "both"
Target: ec42c765418b3db9...
Seed: 0 | Filter: strict | Runs: 3
[fetch] Connecting to 3 indexer relays...
[fetch] wss://purplepag.es: connected (1066ms)
[fetch] wss://relay.damus.io: connected (318ms)
[fetch] wss://nos.lol: connected (837ms)
[fetch] Fetching kind 3 (contact list) for ec42c765...
[fetch] 898 follows to fetch relay lists for
[fetch] Fetched relay lists: 200/898
[fetch] Fetched relay lists: 400/898
[fetch] Fetched relay lists: 600/898
[fetch] Fetched relay lists: 800/898
[fetch] Received 634 relay list events

=== Fetch Quality ===
Indexers: wss://purplepag.es (899 events, 1066ms), wss://relay.damus.io (381 events, 318ms), wss://nos.lol (628 events, 837ms)
Follows: 898 | With relay list: 630 (70.2%) | Missing: 268 (29.8%) | Filtered-to-empty: 4
Filter profile: strict | Filtered URLs: 46 (2 localhost, 4 insecure ws, 5 IP-only, 35 known-bad)
Unique valid write relays: 346 | Seed: 0
[relay-scores] Loaded 36 relay priors (session 4, from 2026-03-08T09:57:58.945Z)

Thompson Sampling [fd-thompson]: loaded 36 relay priors (session 4)
[relay-scores] Loaded 44 relay priors (session 4, from 2026-03-08T09:57:58.974Z)

Thompson Sampling [ndk-thompson]: loaded 44 relay priors (session 4)

=== Regime A: Fixed 20 Connections ===
  Algorithm                      |  Relays |   Assign% |  Orphans |  Alg.Orph |  Avg/pk |   Gini |    HHI
  -------------------------------+---------+-----------+----------+-----------+---------+--------+-------
  Filter Decomposition (cap@20)  |      20 |     67.4% |      293 |        25 |     2.4 |   0.46 |  0.107
  FD+Thompson (cap@20)           |      20 |     65.5% (0.0sd) | 309.6666666666667 | 41.666666666666664 |     2.4 |   0.66 |  0.173
  Priority-Based (NDK)           |      20 |     69.6% |      273 |         5 |     1.9 |   0.81 |  0.289
  NDK+Thompson (Priority)        |      20 |     68.7% (0.0sd) | 281.3333333333333 | 13.333333333333334 |     1.9 |   0.78 |  0.238

=== Phase 2: Event Verification ===
Window: 94608000s | Kinds: 1 | Concurrency: 10
[baseline] Querying 346 relays for 630 authors (window: 94608000s)
[pool] CLOSED from wss://relay.getalby.com/v1: blocked: Request rejected
[baseline] Progress: 50/346 relays queried
[pool] CLOSED from wss://greensoul.space: auth-required: only authenticated users can read from this relay
[baseline] Progress: 100/346 relays queried
[pool] CLOSED from wss://filter.nostr.wine/npub12ftld459xqw7s7fqnxstzu7r74l5yagxztwcwmaqj4d24jgpj2csee3mx0: auth-required: please authenticate before sending REQs
[pool] CLOSED from wss://bostr.erechorse.com: auth-required: authentication is required to perform this action.
[pool] CLOSED from wss://filter.nostr.wine/npub12y8qp9hyuc3wnu580tm70tuhntp0mag8q2uu6aczzevrgng6dqkq5zt26q: auth-required: please authenticate before sending REQs
[pool] CLOSED from wss://filter.nostr.wine/npub1jw4e8qh6vmyq0n2tkupv7wlfu5h59luk98dcfedf03anh5ek5jkq936u57: auth-required: please authenticate before sending REQs
[pool] CLOSED from wss://aggr.nostr.land: auth-required: auth required for aggregator
[baseline] Progress: 150/346 relays queried
[pool] CLOSED from wss://filter.nostr.wine/npub1aj8h9lefxlqe0jcdqvk6ufa6upe6u6jwr0f23ch0z4uxx6e4jh9sqwxcwg: auth-required: please authenticate before sending REQs
[pool] CLOSED from wss://filter.nostr.wine/npub1k0jrarx8um0lyw3nmysn50539ky4k8p7gfgzgrsvn8d7lccx3d0s38dczd: auth-required: please authenticate before sending REQs
[pool] CLOSED from wss://filter.nostr.wine/npub1dwp9e3qye2sstflgesg7zxra2znqlrgq604nf0q07e9sezu8ujls3mtmtf: auth-required: please authenticate before sending REQs
[pool] CLOSED from wss://inbox.nostr.wine: blocked: this relay does not store any of the kinds in this request
[pool] CLOSED from wss://creatr.nostr.wine: auth-required: please authenticate before sending REQs
[pool] CLOSED from wss://sendit.nosflare.com: restricted: this relay does not accept REQs
[pool] CLOSED from wss://filter.nostr.wine/YOUR_NPUB: auth-required: please authenticate before sending REQs
[baseline] Progress: 200/346 relays queried
[pool] CLOSED from wss://filter.nostr.wine/npub1s5yq6wadwrxde4lhfs56gn64hwzuhnfa6r9mj476r5s4hkunzgzqrs6q7z: auth-required: please authenticate before sending REQs
[pool] CLOSED from wss://nostr-relay.moctane.net: auth-required: authentication required to subscribe
[pool] CLOSED from wss://filter.nostr.wine/npub1a3pvwe2p3v7mnjz6hle63r628wl9w567aw7u23fzqs062v5vqcqqu3sgh3: auth-required: please authenticate before sending REQs
[baseline] Progress: 250/346 relays queried
[pool] CLOSED from wss://auth.nostr1.com: auth-required: you must auth
[pool] CLOSED from wss://anchor.coracle.social: auth-required: alerts are protected
[baseline] Progress: 300/346 relays queried
[pool] CLOSED from wss://groups.yugoatobe.com: blocked: invalid query, must have 'h', 'e' or 'a' tag
[baseline] Progress: 346/346 relays queried
[phase2] Subscription timeouts (no EOSE): 8
[phase2] CLOSED messages received: 20
  wss://relay.getalby.com/v1: blocked: Request rejected
  wss://greensoul.space: auth-required: only authenticated users can read from this relay
  wss://filter.nostr.wine/npub12ftld459xqw7s7fqnxstzu7r74l5yagxztwcwmaqj4d24jgpj2csee3mx0: auth-required: please authenticate before sending REQs
  wss://bostr.erechorse.com: auth-required: authentication is required to perform this action.
  wss://filter.nostr.wine/npub12y8qp9hyuc3wnu580tm70tuhntp0mag8q2uu6aczzevrgng6dqkq5zt26q: auth-required: please authenticate before sending REQs
  wss://filter.nostr.wine/npub1jw4e8qh6vmyq0n2tkupv7wlfu5h59luk98dcfedf03anh5ek5jkq936u57: auth-required: please authenticate before sending REQs
  wss://aggr.nostr.land: auth-required: auth required for aggregator
  wss://filter.nostr.wine/npub1aj8h9lefxlqe0jcdqvk6ufa6upe6u6jwr0f23ch0z4uxx6e4jh9sqwxcwg: auth-required: please authenticate before sending REQs
  wss://filter.nostr.wine/npub1k0jrarx8um0lyw3nmysn50539ky4k8p7gfgzgrsvn8d7lccx3d0s38dczd: auth-required: please authenticate before sending REQs
  wss://filter.nostr.wine/npub1dwp9e3qye2sstflgesg7zxra2znqlrgq604nf0q07e9sezu8ujls3mtmtf: auth-required: please authenticate before sending REQs

=== Phase 2: Event Verification (1095d window) ===
Baseline: 346 relays queried (34.1% success), 1.1min
  Timing: connect 686ms median (1.2s p95) | query 1.1s median (6.9s p95) | 8 timeouts (9 relays)
  Authors: 630 with relay data
    Testable (reliable): 183 | Testable (partial): 80 | Zero events: 208 | Unreliable: 159
  Baseline events: 52,458 (mean 199.5/author, median 27)
  Events per (relay,pubkey) capped at: 10000

  Headline metrics (183 testable-reliable authors, 44,727 baseline events):

  Algorithm                        |   Evt Recall |   Auth Recall |  Relay OK% |     TTFE |      p50 |      p80 | Timeouts
  ---------------------------------+--------------+---------------+------------+----------+----------+----------+---------
  Filter Decomposition (cap@20)    |        23.7% |         63.9% |      50.0% |    506ms |     2.8s |     3.7s |        0
  FD+Thompson (seed=0, single run) |        26.2% |         76.0% |      70.0% |    506ms |     2.7s |     3.7s |        0
  Priority-Based (NDK)             |        12.1% |         71.0% |      70.0% |    506ms |     2.3s |     3.3s |        0
  NDK+Thompson (Priority) (seed=0, single run) |        13.6% |         76.0% |      55.0% |    506ms |     3.0s |     4.8s |        0

  Per-author recall distribution:
  Algorithm                        |   Median |  % at 0% |      p25 |      p75
  ---------------------------------+----------+----------+----------+---------
  Filter Decomposition (cap@20)    |    44.4% |    36.1% |     0.0% |   100.0%
  FD+Thompson (seed=0, single run) |   100.0% |    24.0% |     0.6% |   100.0%
  Priority-Based (NDK)             |    20.6% |    29.0% |     0.0% |    87.5%
  NDK+Thompson (Priority) (seed=0, single run) |    50.0% |    24.0% |     0.1% |   100.0%

  Latency simulation (parallel relay query):
  Algorithm                        |     TTFE |      p50 |      p80 |      Max |   TO |   TO Tax |   Relays |   Events
  ---------------------------------+----------+----------+----------+----------+------+----------+----------+---------
  Filter Decomposition (cap@20)    |    506ms |     2.8s |     3.7s |     7.7s |    0 |      0ms | 10/10/20 |   24,701
  FD+Thompson (seed=0, single run) |    506ms |     2.7s |     3.7s |     7.7s |    0 |      0ms | 14/14/20 |   27,835
  Priority-Based (NDK)             |    506ms |     2.3s |     3.3s |     7.7s |    0 |      0ms | 14/14/20 |   21,774
  NDK+Thompson (Priority) (seed=0, single run) |    506ms |     3.0s |     4.8s |     7.7s |    0 |      0ms | 11/11/20 |   18,654
  (Relays: with-events/connected/total | TO Tax: ceil(timeouts/concurrency) × EOSE timeout)

  Progressive completeness (% of recall achieved by time):
  Algorithm                        |      @1s |      @2s |      @5s |     @10s |     @15s
  ---------------------------------+----------+----------+----------+----------+---------
  Filter Decomposition (cap@20)    |     0.0% |    26.5% |    68.9% |   100.0% |   100.0%
  FD+Thompson (seed=0, single run) |     0.0% |    24.1% |    76.6% |   100.0% |   100.0%
  Priority-Based (NDK)             |     1.5% |     2.6% |    39.1% |   100.0% |   100.0%
  NDK+Thompson (Priority) (seed=0, single run) |     0.2% |     3.9% |    57.7% |   100.0% |   100.0%

  EOSE-race simulation (stop after first EOSE + grace period):
  Algorithm                        |     +0ms |   +200ms |   +500ms |      +1s |      +2s
  ---------------------------------+----------+----------+----------+----------+---------
  Filter Decomposition (cap@20)    |     1.5% |     1.5% |    26.5% |    48.3% |    59.5%
  FD+Thompson (seed=0, single run) |     3.2% |     3.8% |    22.3% |    47.5% |    64.2%
  Priority-Based (NDK)             |     0.2% |     1.5% |     1.5% |     2.6% |    37.8%
  NDK+Thompson (Priority) (seed=0, single run) |     0.2% |     0.2% |     0.2% |     3.0% |    47.1%
  (First EOSE: Filter Decomposition (cap@20)=1.3s, FD+Thompson (seed=0, single run)=1.3s, Priority-Based (NDK)=766ms, NDK+Thompson (Priority) (seed=0, single run)=766ms)

  Profile-view latency (per-author outbox query, top 3 write relays):
    Authors simulated: 263 | Hit rate: 97.7%
    TTFE: 1.2s median, 1.2s mean, 1.9s p95
    Relays/profile: 2.9 queried, 1.9 with events, 0.01 timeouts

  Feed vs profile-view TTFE comparison:
  Algorithm                        |  Feed TTFE |  Profile TTFE |    Delta
  ---------------------------------+------------+---------------+---------
  Filter Decomposition (cap@20)    |      506ms |          1.2s |   +691ms
  FD+Thompson (seed=0, single run) |      506ms |          1.2s |   +691ms
  Priority-Based (NDK)             |      506ms |          1.2s |   +691ms
  NDK+Thompson (Priority) (seed=0, single run) |      506ms |          1.2s |   +691ms

  Including partial-baseline authors (263 testable authors, 52,458 baseline events):

  Algorithm                        |   Evt Recall |   Auth Recall
  ---------------------------------+--------------+--------------
  Filter Decomposition (cap@20)    |        22.9% |         57.8%
  FD+Thompson (seed=0, single run) |        29.2% |         78.7%
  Priority-Based (NDK)             |        14.8% |         73.4%
  NDK+Thompson (Priority) (seed=0, single run) |        18.1% |         79.8%
[relay-scores] Updated scores for fd-thompson: 39 relays, session 5
[relay-scores] Degrading relays (2): wss://nostr.bitcoiner.social, wss://nostr.land
[relay-scores] Saved to .cache/relay_scores_ec42c765418b3db9_94608000_fd-thompson.json

Thompson Sampling [fd-thompson] learning state:
  Session: 5
  Relays with observations: 39
  Mean prior α: 27.0, β: 37.7
  Relays with strong preference (α>5): 12
  Relays learned to avoid (β>5): 36
[relay-scores] Updated scores for ndk-thompson: 47 relays, session 5
[relay-scores] Saved to .cache/relay_scores_ec42c765418b3db9_94608000_ndk-thompson.json

Thompson Sampling [ndk-thompson] learning state:
  Session: 5
  Relays with observations: 47
  Mean prior α: 18.9, β: 31.2
  Relays with strong preference (α>5): 9
  Relays learned to avoid (β>5): 24

JSON results written to: results/ec42c765418b3db9_1772964799703.json
