[0m[32mTask[0m [0m[36mbench[0m deno run --allow-net --allow-read --allow-write main.ts "ec42c765418b3db9c85abff3a88f4a3bbe57535eebbdc54522041fa5328c0600" "--algorithms" "rust-nostr,fd-thompson,ndk,ndk-thompson" "--verify" "--verify-window" "94608000" "--verify-concurrency" "10" "--no-phase2-cache" "--fast" "--output" "both"
Target: ec42c765418b3db9...
Seed: 0 | Filter: strict | Runs: 3
Using cached data (fetched 2026-03-08T09:01:14.876Z)

=== Fetch Quality ===
Indexers: wss://purplepag.es (899 events, 987ms), wss://relay.damus.io (0 events, 439ms, errors: WebSocket error: NetworkError: failed to connect to WebSocket: Invalid status code 400 Bad Request), wss://nos.lol (628 events, 716ms)
Follows: 898 | With relay list: 626 (69.7%) | Missing: 272 (30.3%) | Filtered-to-empty: 4
Filter profile: strict | Filtered URLs: 46 (2 localhost, 4 insecure ws, 5 IP-only, 35 known-bad)
Unique valid write relays: 346 | Seed: 0

=== Regime A: Fixed 20 Connections ===
  Algorithm                      |  Relays |   Assign% |  Orphans |  Alg.Orph |  Avg/pk |   Gini |    HHI
  -------------------------------+---------+-----------+----------+-----------+---------+--------+-------
  Filter Decomposition (cap@20)  |      20 |     67.0% |      296 |        24 |     2.4 |   0.46 |  0.107
  FD+Thompson (cap@20)           |      20 |     67.0% (0.0sd) | 296.6666666666667 | 24.666666666666668 |     2.4 |   0.47 |  0.093
  Priority-Based (NDK)           |      20 |     69.2% |      277 |         5 |     1.9 |   0.81 |  0.288
  NDK+Thompson (Priority)        |      20 |     69.0% (0.0sd) |      278 |         6 |     1.9 |   0.67 |  0.147

=== Phase 2: Event Verification ===
Window: 94608000s | Kinds: 1 | Concurrency: 10
[baseline] Querying 346 relays for 626 authors (window: 94608000s)
[pool] CLOSED from wss://relay.getalby.com/v1: blocked: Request rejected
[baseline] Progress: 50/346 relays queried
[pool] CLOSED from wss://greensoul.space: auth-required: only authenticated users can read from this relay
[baseline] Progress: 100/346 relays queried
[pool] CLOSED from wss://filter.nostr.wine/npub12ftld459xqw7s7fqnxstzu7r74l5yagxztwcwmaqj4d24jgpj2csee3mx0: auth-required: please authenticate before sending REQs
[pool] CLOSED from wss://bostr.erechorse.com: auth-required: authentication is required to perform this action.
[pool] CLOSED from wss://filter.nostr.wine/npub12y8qp9hyuc3wnu580tm70tuhntp0mag8q2uu6aczzevrgng6dqkq5zt26q: auth-required: please authenticate before sending REQs
[pool] CLOSED from wss://filter.nostr.wine/npub1jw4e8qh6vmyq0n2tkupv7wlfu5h59luk98dcfedf03anh5ek5jkq936u57: auth-required: please authenticate before sending REQs
[pool] CLOSED from wss://aggr.nostr.land: auth-required: auth required for aggregator
[baseline] Progress: 150/346 relays queried
[pool] CLOSED from wss://filter.nostr.wine/npub1aj8h9lefxlqe0jcdqvk6ufa6upe6u6jwr0f23ch0z4uxx6e4jh9sqwxcwg: auth-required: please authenticate before sending REQs
[pool] CLOSED from wss://filter.nostr.wine/npub1dwp9e3qye2sstflgesg7zxra2znqlrgq604nf0q07e9sezu8ujls3mtmtf: auth-required: please authenticate before sending REQs
[pool] CLOSED from wss://filter.nostr.wine/npub1k0jrarx8um0lyw3nmysn50539ky4k8p7gfgzgrsvn8d7lccx3d0s38dczd: auth-required: please authenticate before sending REQs
[pool] CLOSED from wss://creatr.nostr.wine: auth-required: please authenticate before sending REQs
[pool] CLOSED from wss://inbox.nostr.wine: blocked: this relay does not store any of the kinds in this request
[pool] CLOSED from wss://sendit.nosflare.com: restricted: this relay does not accept REQs
[pool] CLOSED from wss://filter.nostr.wine/YOUR_NPUB: auth-required: please authenticate before sending REQs
[baseline] Progress: 200/346 relays queried
[pool] CLOSED from wss://filter.nostr.wine/npub1s5yq6wadwrxde4lhfs56gn64hwzuhnfa6r9mj476r5s4hkunzgzqrs6q7z: auth-required: please authenticate before sending REQs
[pool] CLOSED from wss://filter.nostr.wine/npub1a3pvwe2p3v7mnjz6hle63r628wl9w567aw7u23fzqs062v5vqcqqu3sgh3: auth-required: please authenticate before sending REQs
[pool] CLOSED from wss://nostr-relay.moctane.net: auth-required: authentication required to subscribe
[pool] CLOSED from wss://groups.0xchat.com: blocked: invalid query, must have 'h', 'e' or 'a' tag
[pool] CLOSED from wss://relay.nosflare.com: auth-required: authentication required to subscribe
[baseline] Progress: 250/346 relays queried
[pool] CLOSED from wss://relay.groups.nip29.com: blocked: invalid query, must have 'h', 'e' or 'a' tag
[baseline] Progress: 300/346 relays queried
[pool] CLOSED from wss://groups.yugoatobe.com: blocked: invalid query, must have 'h', 'e' or 'a' tag
[baseline] Progress: 346/346 relays queried
[phase2] Subscription timeouts (no EOSE): 9
[phase2] CLOSED messages received: 21
  wss://relay.getalby.com/v1: blocked: Request rejected
  wss://greensoul.space: auth-required: only authenticated users can read from this relay
  wss://filter.nostr.wine/npub12ftld459xqw7s7fqnxstzu7r74l5yagxztwcwmaqj4d24jgpj2csee3mx0: auth-required: please authenticate before sending REQs
  wss://bostr.erechorse.com: auth-required: authentication is required to perform this action.
  wss://filter.nostr.wine/npub12y8qp9hyuc3wnu580tm70tuhntp0mag8q2uu6aczzevrgng6dqkq5zt26q: auth-required: please authenticate before sending REQs
  wss://filter.nostr.wine/npub1jw4e8qh6vmyq0n2tkupv7wlfu5h59luk98dcfedf03anh5ek5jkq936u57: auth-required: please authenticate before sending REQs
  wss://aggr.nostr.land: auth-required: auth required for aggregator
  wss://filter.nostr.wine/npub1aj8h9lefxlqe0jcdqvk6ufa6upe6u6jwr0f23ch0z4uxx6e4jh9sqwxcwg: auth-required: please authenticate before sending REQs
  wss://filter.nostr.wine/npub1dwp9e3qye2sstflgesg7zxra2znqlrgq604nf0q07e9sezu8ujls3mtmtf: auth-required: please authenticate before sending REQs
  wss://filter.nostr.wine/npub1k0jrarx8um0lyw3nmysn50539ky4k8p7gfgzgrsvn8d7lccx3d0s38dczd: auth-required: please authenticate before sending REQs

=== Phase 2: Event Verification (1095d window) ===
Baseline: 346 relays queried (31.8% success), 1.0min
  Timing: connect 689ms median (1.7s p95) | query 1.1s median (15.6s p95) | 9 timeouts (10 relays)
  Authors: 626 with relay data
    Testable (reliable): 183 | Testable (partial): 81 | Zero events: 202 | Unreliable: 160
  Baseline events: 51,016 (mean 193.2/author, median 27)
  Events per (relay,pubkey) capped at: 10000

  Headline metrics (183 testable-reliable authors, 43,350 baseline events):

  Algorithm                        |   Evt Recall |   Auth Recall |  Relay OK% |     TTFE |      p50 |      p80 | Timeouts
  ---------------------------------+--------------+---------------+------------+----------+----------+----------+---------
  Filter Decomposition (cap@20)    |        24.4% |         64.5% |      50.0% |    599ms |     2.6s |     4.6s |        0
  FD+Thompson (seed=0, single run) |        24.0% |         72.1% |      65.0% |    599ms |     2.8s |     4.6s |        0
  Priority-Based (NDK)             |        14.7% |         71.6% |      70.0% |    599ms |     2.3s |     3.2s |        0
  NDK+Thompson (Priority) (seed=0, single run) |        15.7% |         72.1% |      70.0% |    599ms |     2.6s |     3.2s |        0

  Per-author recall distribution:
  Algorithm                        |   Median |  % at 0% |      p25 |      p75
  ---------------------------------+----------+----------+----------+---------
  Filter Decomposition (cap@20)    |    40.0% |    35.5% |     0.0% |   100.0%
  FD+Thompson (seed=0, single run) |    50.0% |    27.9% |     0.0% |   100.0%
  Priority-Based (NDK)             |    22.2% |    28.4% |     0.0% |    91.7%
  NDK+Thompson (Priority) (seed=0, single run) |    34.3% |    27.9% |     0.0% |   100.0%

  Latency simulation (parallel relay query):
  Algorithm                        |     TTFE |      p50 |      p80 |      Max |   TO |   TO Tax |   Relays |   Events
  ---------------------------------+----------+----------+----------+----------+------+----------+----------+---------
  Filter Decomposition (cap@20)    |    599ms |     2.6s |     4.6s |     7.4s |    0 |      0ms | 10/10/20 |   24,701
  FD+Thompson (seed=0, single run) |    599ms |     2.8s |     4.6s |     7.4s |    0 |      0ms | 13/13/20 |   27,835
  Priority-Based (NDK)             |    599ms |     2.3s |     3.2s |     7.4s |    0 |      0ms | 14/14/20 |   22,274
  NDK+Thompson (Priority) (seed=0, single run) |    599ms |     2.6s |     3.2s |     7.4s |    0 |      0ms | 12/14/20 |   21,754
  (Relays: with-events/connected/total | TO Tax: ceil(timeouts/concurrency) × EOSE timeout)

  Progressive completeness (% of recall achieved by time):
  Algorithm                        |      @1s |      @2s |      @5s |     @10s |     @15s
  ---------------------------------+----------+----------+----------+----------+---------
  Filter Decomposition (cap@20)    |     0.0% |    47.0% |    69.0% |   100.0% |   100.0%
  FD+Thompson (seed=0, single run) |     0.0% |    52.2% |    75.3% |   100.0% |   100.0%
  Priority-Based (NDK)             |     0.0% |    42.5% |    45.8% |   100.0% |   100.0%
  NDK+Thompson (Priority) (seed=0, single run) |     0.0% |    45.2% |    59.3% |   100.0% |   100.0%

  EOSE-race simulation (stop after first EOSE + grace period):
  Algorithm                        |     +0ms |   +200ms |   +500ms |      +1s |      +2s
  ---------------------------------+----------+----------+----------+----------+---------
  Filter Decomposition (cap@20)    |    15.9% |    41.1% |    47.0% |    50.3% |    51.2%
  FD+Thompson (seed=0, single run) |    11.1% |    33.9% |    52.2% |    57.1% |    61.8%
  Priority-Based (NDK)             |     1.1% |    12.7% |    26.8% |    42.5% |    45.4%
  NDK+Thompson (Priority) (seed=0, single run) |    10.9% |    10.9% |    19.6% |    50.3% |    54.4%
  (First EOSE: Filter Decomposition (cap@20)=1.5s, FD+Thompson (seed=0, single run)=1.5s, Priority-Based (NDK)=1.1s, NDK+Thompson (Priority) (seed=0, single run)=1.2s)

  Profile-view latency (per-author outbox query, top 3 write relays):
    Authors simulated: 264 | Hit rate: 97.7%
    TTFE: 1.4s median, 1.2s mean, 1.8s p95
    Relays/profile: 2.9 queried, 1.9 with events, 0.02 timeouts

  Feed vs profile-view TTFE comparison:
  Algorithm                        |  Feed TTFE |  Profile TTFE |    Delta
  ---------------------------------+------------+---------------+---------
  Filter Decomposition (cap@20)    |      599ms |          1.4s |   +803ms
  FD+Thompson (seed=0, single run) |      599ms |          1.4s |   +803ms
  Priority-Based (NDK)             |      599ms |          1.4s |   +803ms
  NDK+Thompson (Priority) (seed=0, single run) |      599ms |          1.4s |   +803ms

  Including partial-baseline authors (264 testable authors, 51,016 baseline events):

  Algorithm                        |   Evt Recall |   Auth Recall
  ---------------------------------+--------------+--------------
  Filter Decomposition (cap@20)    |        23.5% |         58.0%
  FD+Thompson (seed=0, single run) |        24.1% |         68.9%
  Priority-Based (NDK)             |        17.2% |         73.9%
  NDK+Thompson (Priority) (seed=0, single run) |        18.0% |         72.0%
[relay-scores] Updated scores for fd-thompson: 20 relays, session 1
[relay-scores] Saved to .cache/relay_scores_ec42c765418b3db9_94608000_fd-thompson.json

Thompson Sampling [fd-thompson] learning state:
  Session: 1
  Relays with observations: 20
  Mean prior α: 8.5, β: 22.1
  Relays with strong preference (α>5): 7
  Relays learned to avoid (β>5): 18
[relay-scores] Updated scores for ndk-thompson: 20 relays, session 1
[relay-scores] Saved to .cache/relay_scores_ec42c765418b3db9_94608000_ndk-thompson.json

Thompson Sampling [ndk-thompson] learning state:
  Session: 1
  Relays with observations: 20
  Mean prior α: 8.2, β: 19.6
  Relays with strong preference (α>5): 5
  Relays learned to avoid (β>5): 12

JSON results written to: results/ec42c765418b3db9_1772961384427.json
