[0m[32mTask[0m [0m[36mbench[0m deno run --allow-net --allow-read --allow-write main.ts "ec42c765418b3db9c85abff3a88f4a3bbe57535eebbdc54522041fa5328c0600" "--algorithms" "rust-nostr,fd-thompson,ndk,ndk-thompson" "--verify" "--verify-window" "94608000" "--verify-concurrency" "10" "--no-phase2-cache" "--fast" "--output" "both"
Target: ec42c765418b3db9...
Seed: 0 | Filter: strict | Runs: 3
Using cached data (fetched 2026-03-08T09:01:14.876Z)

=== Fetch Quality ===
Indexers: wss://purplepag.es (899 events, 987ms), wss://relay.damus.io (0 events, 439ms, errors: WebSocket error: NetworkError: failed to connect to WebSocket: Invalid status code 400 Bad Request), wss://nos.lol (628 events, 716ms)
Follows: 898 | With relay list: 626 (69.7%) | Missing: 272 (30.3%) | Filtered-to-empty: 4
Filter profile: strict | Filtered URLs: 46 (2 localhost, 4 insecure ws, 5 IP-only, 35 known-bad)
Unique valid write relays: 346 | Seed: 0
[relay-scores] Loaded 28 relay priors (session 2, from 2026-03-08T09:30:27.719Z)

Thompson Sampling [fd-thompson]: loaded 28 relay priors (session 2)
[relay-scores] Loaded 31 relay priors (session 2, from 2026-03-08T09:30:27.751Z)

Thompson Sampling [ndk-thompson]: loaded 31 relay priors (session 2)

=== Regime A: Fixed 20 Connections ===
  Algorithm                      |  Relays |   Assign% |  Orphans |  Alg.Orph |  Avg/pk |   Gini |    HHI
  -------------------------------+---------+-----------+----------+-----------+---------+--------+-------
  Filter Decomposition (cap@20)  |      20 |     67.0% |      296 |        24 |     2.4 |   0.46 |  0.107
  FD+Thompson (cap@20)           |      20 |     64.3% (0.0sd) | 320.6666666666667 | 48.666666666666664 |     2.4 |   0.64 |  0.173
  Priority-Based (NDK)           |      20 |     69.2% |      277 |         5 |     1.9 |   0.81 |  0.288
  NDK+Thompson (Priority)        |      20 |     68.1% (0.0sd) | 286.3333333333333 | 14.333333333333334 |     1.9 |   0.75 |  0.225

=== Phase 2: Event Verification ===
Window: 94608000s | Kinds: 1 | Concurrency: 10
[baseline] Querying 346 relays for 626 authors (window: 94608000s)
[pool] CLOSED from wss://relay.getalby.com/v1: blocked: Request rejected
[baseline] Progress: 50/346 relays queried
[pool] CLOSED from wss://greensoul.space: auth-required: only authenticated users can read from this relay
[baseline] Progress: 100/346 relays queried
[pool] CLOSED from wss://filter.nostr.wine/npub12ftld459xqw7s7fqnxstzu7r74l5yagxztwcwmaqj4d24jgpj2csee3mx0: auth-required: please authenticate before sending REQs
[pool] CLOSED from wss://bostr.erechorse.com: auth-required: authentication is required to perform this action.
[pool] CLOSED from wss://filter.nostr.wine/npub12y8qp9hyuc3wnu580tm70tuhntp0mag8q2uu6aczzevrgng6dqkq5zt26q: auth-required: please authenticate before sending REQs
[pool] CLOSED from wss://filter.nostr.wine/npub1jw4e8qh6vmyq0n2tkupv7wlfu5h59luk98dcfedf03anh5ek5jkq936u57: auth-required: please authenticate before sending REQs
[pool] CLOSED from wss://aggr.nostr.land: auth-required: auth required for aggregator
[baseline] Progress: 150/346 relays queried
[pool] CLOSED from wss://filter.nostr.wine/npub1aj8h9lefxlqe0jcdqvk6ufa6upe6u6jwr0f23ch0z4uxx6e4jh9sqwxcwg: auth-required: please authenticate before sending REQs
[pool] CLOSED from wss://filter.nostr.wine/npub1dwp9e3qye2sstflgesg7zxra2znqlrgq604nf0q07e9sezu8ujls3mtmtf: auth-required: please authenticate before sending REQs
[pool] CLOSED from wss://filter.nostr.wine/npub1k0jrarx8um0lyw3nmysn50539ky4k8p7gfgzgrsvn8d7lccx3d0s38dczd: auth-required: please authenticate before sending REQs
[pool] CLOSED from wss://inbox.nostr.wine: blocked: this relay does not store any of the kinds in this request
[pool] CLOSED from wss://creatr.nostr.wine: auth-required: please authenticate before sending REQs
[pool] CLOSED from wss://sendit.nosflare.com: restricted: this relay does not accept REQs
[pool] CLOSED from wss://filter.nostr.wine/YOUR_NPUB: auth-required: please authenticate before sending REQs
[baseline] Progress: 200/346 relays queried
[pool] CLOSED from wss://filter.nostr.wine/npub1s5yq6wadwrxde4lhfs56gn64hwzuhnfa6r9mj476r5s4hkunzgzqrs6q7z: auth-required: please authenticate before sending REQs
[pool] CLOSED from wss://filter.nostr.wine/npub1a3pvwe2p3v7mnjz6hle63r628wl9w567aw7u23fzqs062v5vqcqqu3sgh3: auth-required: please authenticate before sending REQs
[pool] CLOSED from wss://nostr-relay.moctane.net: auth-required: authentication required to subscribe
[pool] CLOSED from wss://groups.0xchat.com: blocked: invalid query, must have 'h', 'e' or 'a' tag
[pool] CLOSED from wss://relay.nosflare.com: auth-required: authentication required to subscribe
[baseline] Progress: 250/346 relays queried
[pool] CLOSED from wss://relay.groups.nip29.com: blocked: invalid query, must have 'h', 'e' or 'a' tag
[pool] CLOSED from wss://auth.nostr1.com: auth-required: you must auth
[pool] CLOSED from wss://anchor.coracle.social: auth-required: alerts are protected
[baseline] Progress: 300/346 relays queried
[pool] CLOSED from wss://groups.yugoatobe.com: blocked: invalid query, must have 'h', 'e' or 'a' tag
[baseline] Progress: 346/346 relays queried
[phase2] Subscription timeouts (no EOSE): 8
[phase2] CLOSED messages received: 23
  wss://relay.getalby.com/v1: blocked: Request rejected
  wss://greensoul.space: auth-required: only authenticated users can read from this relay
  wss://filter.nostr.wine/npub12ftld459xqw7s7fqnxstzu7r74l5yagxztwcwmaqj4d24jgpj2csee3mx0: auth-required: please authenticate before sending REQs
  wss://bostr.erechorse.com: auth-required: authentication is required to perform this action.
  wss://filter.nostr.wine/npub12y8qp9hyuc3wnu580tm70tuhntp0mag8q2uu6aczzevrgng6dqkq5zt26q: auth-required: please authenticate before sending REQs
  wss://filter.nostr.wine/npub1jw4e8qh6vmyq0n2tkupv7wlfu5h59luk98dcfedf03anh5ek5jkq936u57: auth-required: please authenticate before sending REQs
  wss://aggr.nostr.land: auth-required: auth required for aggregator
  wss://filter.nostr.wine/npub1aj8h9lefxlqe0jcdqvk6ufa6upe6u6jwr0f23ch0z4uxx6e4jh9sqwxcwg: auth-required: please authenticate before sending REQs
  wss://filter.nostr.wine/npub1dwp9e3qye2sstflgesg7zxra2znqlrgq604nf0q07e9sezu8ujls3mtmtf: auth-required: please authenticate before sending REQs
  wss://filter.nostr.wine/npub1k0jrarx8um0lyw3nmysn50539ky4k8p7gfgzgrsvn8d7lccx3d0s38dczd: auth-required: please authenticate before sending REQs

=== Phase 2: Event Verification (1095d window) ===
Baseline: 346 relays queried (32.9% success), 1.0min
  Timing: connect 680ms median (1.2s p95) | query 1.2s median (6.5s p95) | 8 timeouts (9 relays)
  Authors: 626 with relay data
    Testable (reliable): 182 | Testable (partial): 81 | Zero events: 204 | Unreliable: 159
  Baseline events: 52,290 (mean 198.8/author, median 27)
  Events per (relay,pubkey) capped at: 10000

  Headline metrics (182 testable-reliable authors, 44,797 baseline events):

  Algorithm                        |   Evt Recall |   Auth Recall |  Relay OK% |     TTFE |      p50 |      p80 | Timeouts
  ---------------------------------+--------------+---------------+------------+----------+----------+----------+---------
  Filter Decomposition (cap@20)    |        23.5% |         64.3% |      50.0% |    885ms |     3.1s |     4.4s |        0
  FD+Thompson (seed=0, single run) |        16.1% |         70.9% |      55.0% |    885ms |     3.0s |     5.0s |        0
  Priority-Based (NDK)             |        14.2% |         72.0% |      70.0% |    701ms |     2.1s |     4.4s |        0
  NDK+Thompson (Priority) (seed=0, single run) |        13.4% |         72.0% |      60.0% |     1.2s |     3.0s |     5.0s |        1

  Per-author recall distribution:
  Algorithm                        |   Median |  % at 0% |      p25 |      p75
  ---------------------------------+----------+----------+----------+---------
  Filter Decomposition (cap@20)    |    34.8% |    35.7% |     0.0% |   100.0%
  FD+Thompson (seed=0, single run) |    84.0% |    29.1% |     0.0% |   100.0%
  Priority-Based (NDK)             |    22.6% |    28.0% |     0.0% |    95.1%
  NDK+Thompson (Priority) (seed=0, single run) |    47.2% |    28.0% |     0.0% |   100.0%

  Latency simulation (parallel relay query):
  Algorithm                        |     TTFE |      p50 |      p80 |      Max |   TO |   TO Tax |   Relays |   Events
  ---------------------------------+----------+----------+----------+----------+------+----------+----------+---------
  Filter Decomposition (cap@20)    |    885ms |     3.1s |     4.4s |     7.3s |    0 |      0ms | 10/10/20 |   24,701
  FD+Thompson (seed=0, single run) |    885ms |     3.0s |     5.0s |     7.3s |    0 |      0ms | 11/11/20 |   24,265
  Priority-Based (NDK)             |    701ms |     2.1s |     4.4s |     7.3s |    0 |      0ms | 14/14/20 |   22,274
  NDK+Thompson (Priority) (seed=0, single run) |     1.2s |     3.0s |     5.0s |    18.4s |    1 |    15.0s | 12/13/20 |   19,234
  (Relays: with-events/connected/total | TO Tax: ceil(timeouts/concurrency) × EOSE timeout)

  Progressive completeness (% of recall achieved by time):
  Algorithm                        |      @1s |      @2s |      @5s |     @10s |     @15s
  ---------------------------------+----------+----------+----------+----------+---------
  Filter Decomposition (cap@20)    |     0.0% |    42.4% |    97.3% |   100.0% |   100.0%
  FD+Thompson (seed=0, single run) |     0.0% |     5.4% |    77.2% |   100.0% |   100.0%
  Priority-Based (NDK)             |     1.3% |    27.8% |    51.6% |   100.0% |   100.0%
  NDK+Thompson (Priority) (seed=0, single run) |     0.0% |     4.7% |    67.4% |   100.0% |   100.0%

  EOSE-race simulation (stop after first EOSE + grace period):
  Algorithm                        |     +0ms |   +200ms |   +500ms |      +1s |      +2s
  ---------------------------------+----------+----------+----------+----------+---------
  Filter Decomposition (cap@20)    |     1.5% |     1.5% |     1.5% |    42.4% |    45.3%
  FD+Thompson (seed=0, single run) |     0.9% |     1.2% |     1.2% |     5.4% |    15.9%
  Priority-Based (NDK)             |     0.1% |     1.3% |    13.7% |    27.8% |    31.9%
  NDK+Thompson (Priority) (seed=0, single run) |     4.1% |     4.2% |     7.4% |    11.3% |    14.0%
  (First EOSE: Filter Decomposition (cap@20)=1.1s, FD+Thompson (seed=0, single run)=1.1s, Priority-Based (NDK)=801ms, NDK+Thompson (Priority) (seed=0, single run)=1.7s)

  Profile-view latency (per-author outbox query, top 3 write relays):
    Authors simulated: 263 | Hit rate: 97.7%
    TTFE: 1.7s median, 1.6s mean, 2.1s p95
    Relays/profile: 2.9 queried, 1.9 with events, 0.02 timeouts

  Feed vs profile-view TTFE comparison:
  Algorithm                        |  Feed TTFE |  Profile TTFE |    Delta
  ---------------------------------+------------+---------------+---------
  Filter Decomposition (cap@20)    |      885ms |          1.7s |   +826ms
  FD+Thompson (seed=0, single run) |      885ms |          1.7s |   +826ms
  Priority-Based (NDK)             |      701ms |          1.7s |    +1.0s
  NDK+Thompson (Priority) (seed=0, single run) |       1.2s |          1.7s |   +490ms

  Including partial-baseline authors (263 testable authors, 52,290 baseline events):

  Algorithm                        |   Evt Recall |   Auth Recall
  ---------------------------------+--------------+--------------
  Filter Decomposition (cap@20)    |        22.9% |         58.2%
  FD+Thompson (seed=0, single run) |        19.1% |         73.8%
  Priority-Based (NDK)             |        16.7% |         74.1%
  NDK+Thompson (Priority) (seed=0, single run) |        18.2% |         77.6%
[relay-scores] Updated scores for fd-thompson: 32 relays, session 3
[relay-scores] Degrading relays (2): wss://nostr.land, wss://nostr-pub.wellorder.net
[relay-scores] Saved to .cache/relay_scores_ec42c765418b3db9_94608000_fd-thompson.json

Thompson Sampling [fd-thompson] learning state:
  Session: 3
  Relays with observations: 32
  Mean prior α: 18.9, β: 31.2
  Relays with strong preference (α>5): 10
  Relays learned to avoid (β>5): 32
[relay-scores] Updated scores for ndk-thompson: 37 relays, session 3
[relay-scores] Degrading relays (2): wss://relay.damus.io, wss://relay.snort.social
[relay-scores] Saved to .cache/relay_scores_ec42c765418b3db9_94608000_ndk-thompson.json

Thompson Sampling [ndk-thompson] learning state:
  Session: 3
  Relays with observations: 37
  Mean prior α: 14.6, β: 26.2
  Relays with strong preference (α>5): 8
  Relays learned to avoid (β>5): 21

JSON results written to: results/ec42c765418b3db9_1772963053860.json
