[0m[32mTask[0m [0m[36mbench[0m deno run --allow-net --allow-read --allow-write main.ts "0c9b1e9fef76c88b63f86645dc33bb7777f0259ec41e674b61f4fc553f6db0e0" "--algorithms" "rust-nostr,fd-thompson,ndk,ndk-thompson" "--verify" "--verify-window" "94608000" "--verify-concurrency" "10" "--no-phase2-cache" "--fast" "--output" "both"
Target: 0c9b1e9fef76c88b...
Seed: 0 | Filter: strict | Runs: 3
Using cached data (fetched 2026-03-08T08:59:17.090Z)

=== Fetch Quality ===
Indexers: wss://purplepag.es (0 events, 1041ms), wss://relay.damus.io (0 events, 429ms, errors: WebSocket error: NetworkError: failed to connect to WebSocket: Invalid status code 400 Bad Request), wss://nos.lol (265 events, 711ms)
Follows: 875 | With relay list: 263 (30.1%) | Missing: 612 (69.9%) | Filtered-to-empty: 1
Filter profile: strict | Filtered URLs: 23 (1 localhost, 4 insecure ws, 18 known-bad)
Note: NIP-65 adoption is low for this follow set (69.9% missing relay lists)
Unique valid write relays: 253 | Seed: 0

=== Regime A: Fixed 20 Connections ===
  Algorithm                      |  Relays |   Assign% |  Orphans |  Alg.Orph |  Avg/pk |   Gini |    HHI
  -------------------------------+---------+-----------+----------+-----------+---------+--------+-------
  Filter Decomposition (cap@20)  |      20 |     27.9% |      631 |        19 |     2.3 |   0.43 |  0.103
  FD+Thompson (cap@20)           |      20 |     28.0% (0.0sd) |      630 |        18 |     2.2 |   0.37 |  0.075
  Priority-Based (NDK)           |      20 |     29.7% |      615 |         3 |     1.9 |   0.77 |  0.246
  NDK+Thompson (Priority)        |      20 |     29.7% (0.0sd) |      615 |         3 |     1.9 |   0.57 |  0.115

=== Phase 2: Event Verification ===
Window: 94608000s | Kinds: 1 | Concurrency: 10
[baseline] Querying 253 relays for 263 authors (window: 94608000s)
[pool] CLOSED from wss://aggr.nostr.land: auth-required: auth required for aggregator
[pool] CLOSED from wss://relay.getalby.com/v1: blocked: Request rejected
[pool] CLOSED from wss://bostr.erechorse.com: auth-required: authentication is required to perform this action.
[baseline] Progress: 50/253 relays queried
[pool] CLOSED from wss://filter.nostr.wine/npub12y8qp9hyuc3wnu580tm70tuhntp0mag8q2uu6aczzevrgng6dqkq5zt26q: auth-required: please authenticate before sending REQs
[pool] CLOSED from wss://filter.nostr.wine/npub1jw4e8qh6vmyq0n2tkupv7wlfu5h59luk98dcfedf03anh5ek5jkq936u57: auth-required: please authenticate before sending REQs
[pool] CLOSED from wss://filter.nostr.wine/npub1ts7c7rvdyrd239sdtp6y9nq8dqm3jscrf0tfd38pvdjpey2sudxq74mccx: auth-required: please authenticate before sending REQs
[baseline] Progress: 100/253 relays queried
[baseline] Progress: 150/253 relays queried
[pool] CLOSED from wss://filter.nostr.wine/npub12ftld459xqw7s7fqnxstzu7r74l5yagxztwcwmaqj4d24jgpj2csee3mx0: auth-required: please authenticate before sending REQs
[pool] CLOSED from wss://filter.nostr.wine/npub1zpq2gsz25wsgun2e4gtks9p63j7fvyfd46weyjzp5tv6yys89zcsjdflcv: auth-required: please authenticate before sending REQs
[pool] CLOSED from wss://filter.nostr.wine/npub1ca32j9f2fl5n7d0rs6mxsjva69qzqrfc0j05x85c436l6ehtpt2snvu0tt: auth-required: please authenticate before sending REQs
[pool] CLOSED from wss://filter.nostr.wine/npub1dwp9e3qye2sstflgesg7zxra2znqlrgq604nf0q07e9sezu8ujls3mtmtf: auth-required: please authenticate before sending REQs
[pool] CLOSED from wss://filter.nostr.wine/npub1guchl0q0hduptnfvyqm7tk9uttq0u52ynequnf20rr9xs7k2ujyqvdpnug: auth-required: please authenticate before sending REQs
[pool] CLOSED from wss://filter.nostr.wine/npub14twsqzjpsvvk4tu06w9gedt4jctwqxt74jwutm4f3qhhf3rznmzqfufqc5: auth-required: please authenticate before sending REQs
[pool] CLOSED from wss://sendit.nosflare.com: restricted: this relay does not accept REQs
[pool] CLOSED from wss://creatr.nostr.wine: auth-required: please authenticate before sending REQs
[pool] CLOSED from wss://inbox.nostr.wine: blocked: this relay does not store any of the kinds in this request
[pool] CLOSED from wss://filter.nostr.wine/npub147ccm75um0zkn0lr9fg9wrag2g6yxfw234fpmhdwuvaqjyegrhgs46t2td: auth-required: please authenticate before sending REQs
[baseline] Progress: 200/253 relays queried
[pool] CLOSED from wss://filter.nostr.wine/npub1yutankwnk66swhk0qdy4w35tmrxxdpe4d5gw6m2m9xs0tfr5me5sfxeaaq: auth-required: please authenticate before sending REQs
[pool] CLOSED from wss://filter.nostr.wine/YOUR_NPUB: auth-required: please authenticate before sending REQs
[baseline] Progress: 250/253 relays queried
[baseline] Progress: 253/253 relays queried
[phase2] Subscription timeouts (no EOSE): 2
[phase2] CLOSED messages received: 18
  wss://aggr.nostr.land: auth-required: auth required for aggregator
  wss://relay.getalby.com/v1: blocked: Request rejected
  wss://bostr.erechorse.com: auth-required: authentication is required to perform this action.
  wss://filter.nostr.wine/npub12y8qp9hyuc3wnu580tm70tuhntp0mag8q2uu6aczzevrgng6dqkq5zt26q: auth-required: please authenticate before sending REQs
  wss://filter.nostr.wine/npub1jw4e8qh6vmyq0n2tkupv7wlfu5h59luk98dcfedf03anh5ek5jkq936u57: auth-required: please authenticate before sending REQs
  wss://filter.nostr.wine/npub1ts7c7rvdyrd239sdtp6y9nq8dqm3jscrf0tfd38pvdjpey2sudxq74mccx: auth-required: please authenticate before sending REQs
  wss://filter.nostr.wine/npub12ftld459xqw7s7fqnxstzu7r74l5yagxztwcwmaqj4d24jgpj2csee3mx0: auth-required: please authenticate before sending REQs
  wss://filter.nostr.wine/npub1zpq2gsz25wsgun2e4gtks9p63j7fvyfd46weyjzp5tv6yys89zcsjdflcv: auth-required: please authenticate before sending REQs
  wss://filter.nostr.wine/npub1ca32j9f2fl5n7d0rs6mxsjva69qzqrfc0j05x85c436l6ehtpt2snvu0tt: auth-required: please authenticate before sending REQs
  wss://filter.nostr.wine/npub1dwp9e3qye2sstflgesg7zxra2znqlrgq604nf0q07e9sezu8ujls3mtmtf: auth-required: please authenticate before sending REQs

=== Phase 2: Event Verification (1095d window) ===
Baseline: 253 relays queried (29.6% success), 42s
  Timing: connect 631ms median (1.3s p95) | query 1.2s median (3.5s p95) | 2 timeouts (2 relays)
  Authors: 263 with relay data
    Testable (reliable): 74 | Testable (partial): 46 | Zero events: 48 | Unreliable: 95
  Baseline events: 34,792 (mean 289.9/author, median 40)
  Events per (relay,pubkey) capped at: 10000

  Headline metrics (74 testable-reliable authors, 30,232 baseline events):

  Algorithm                        |   Evt Recall |   Auth Recall |  Relay OK% |     TTFE |      p50 |      p80 | Timeouts
  ---------------------------------+--------------+---------------+------------+----------+----------+----------+---------
  Filter Decomposition (cap@20)    |        24.7% |         67.6% |      50.0% |    943ms |     2.8s |     4.4s |        0
  FD+Thompson (seed=0, single run) |         6.3% |         55.4% |      45.0% |    943ms |     2.8s |     4.0s |        0
  Priority-Based (NDK)             |        11.0% |         52.7% |      60.0% |    796ms |     2.3s |     2.8s |        0
  NDK+Thompson (Priority) (seed=0, single run) |         8.4% |         62.2% |      60.0% |    809ms |     2.2s |     2.7s |        0

  Per-author recall distribution:
  Algorithm                        |   Median |  % at 0% |      p25 |      p75
  ---------------------------------+----------+----------+----------+---------
  Filter Decomposition (cap@20)    |    25.9% |    32.4% |     0.0% |   100.0%
  FD+Thompson (seed=0, single run) |     1.7% |    44.6% |     0.0% |    50.8%
  Priority-Based (NDK)             |     0.8% |    47.3% |     0.0% |    86.2%
  NDK+Thompson (Priority) (seed=0, single run) |    10.0% |    37.8% |     0.0% |    97.9%

  Latency simulation (parallel relay query):
  Algorithm                        |     TTFE |      p50 |      p80 |      Max |   TO |   TO Tax |   Relays |   Events
  ---------------------------------+----------+----------+----------+----------+------+----------+----------+---------
  Filter Decomposition (cap@20)    |    943ms |     2.8s |     4.4s |     5.7s |    0 |      0ms | 10/10/20 |   14,035
  FD+Thompson (seed=0, single run) |    943ms |     2.8s |     4.0s |     5.7s |    0 |      0ms |   9/9/20 |   10,910
  Priority-Based (NDK)             |    796ms |     2.3s |     2.8s |     5.7s |    0 |      0ms | 12/12/20 |   10,930
  NDK+Thompson (Priority) (seed=0, single run) |    809ms |     2.2s |     2.7s |     5.7s |    0 |      0ms | 11/13/20 |   11,965
  (Relays: with-events/connected/total | TO Tax: ceil(timeouts/concurrency) × EOSE timeout)

  Progressive completeness (% of recall achieved by time):
  Algorithm                        |      @1s |      @2s |      @5s |     @10s |     @15s
  ---------------------------------+----------+----------+----------+----------+---------
  Filter Decomposition (cap@20)    |     0.0% |    51.0% |    98.4% |   100.0% |   100.0%
  FD+Thompson (seed=0, single run) |     0.0% |    31.2% |    71.8% |   100.0% |   100.0%
  Priority-Based (NDK)             |    25.2% |    48.1% |    78.9% |   100.0% |   100.0%
  NDK+Thompson (Priority) (seed=0, single run) |     0.5% |    28.4% |    78.6% |   100.0% |   100.0%

  EOSE-race simulation (stop after first EOSE + grace period):
  Algorithm                        |     +0ms |   +200ms |   +500ms |      +1s |      +2s
  ---------------------------------+----------+----------+----------+----------+---------
  Filter Decomposition (cap@20)    |     1.6% |    51.0% |    51.0% |    51.7% |    54.0%
  FD+Thompson (seed=0, single run) |     0.3% |     0.3% |    31.2% |    39.4% |    43.7%
  Priority-Based (NDK)             |     0.3% |    25.2% |    25.2% |    48.1% |    50.7%
  NDK+Thompson (Priority) (seed=0, single run) |     0.5% |     0.5% |     6.0% |    28.4% |    46.1%
  (First EOSE: Filter Decomposition (cap@20)=1.4s, FD+Thompson (seed=0, single run)=1.3s, Priority-Based (NDK)=876ms, NDK+Thompson (Priority) (seed=0, single run)=876ms)

  Profile-view latency (per-author outbox query, top 3 write relays):
    Authors simulated: 120 | Hit rate: 91.7%
    TTFE: 2.0s median, 2.2s mean, 3.9s p95
    Relays/profile: 2.9 queried, 1.6 with events, 0.01 timeouts

  Feed vs profile-view TTFE comparison:
  Algorithm                        |  Feed TTFE |  Profile TTFE |    Delta
  ---------------------------------+------------+---------------+---------
  Filter Decomposition (cap@20)    |      943ms |          2.0s |    +1.1s
  FD+Thompson (seed=0, single run) |      943ms |          2.0s |    +1.1s
  Priority-Based (NDK)             |      796ms |          2.0s |    +1.2s
  NDK+Thompson (Priority) (seed=0, single run) |      809ms |          2.0s |    +1.2s

  Including partial-baseline authors (120 testable authors, 34,792 baseline events):

  Algorithm                        |   Evt Recall |   Auth Recall
  ---------------------------------+--------------+--------------
  Filter Decomposition (cap@20)    |        24.1% |         62.5%
  FD+Thompson (seed=0, single run) |         6.9% |         50.8%
  Priority-Based (NDK)             |        11.6% |         45.8%
  NDK+Thompson (Priority) (seed=0, single run) |        10.6% |         61.7%
[relay-scores] Updated scores for fd-thompson: 20 relays, session 1
[relay-scores] Saved to .cache/relay_scores_0c9b1e9fef76c88b_94608000_fd-thompson.json

Thompson Sampling [fd-thompson] learning state:
  Session: 1
  Relays with observations: 20
  Mean prior α: 2.9, β: 10.8
  Relays with strong preference (α>5): 3
  Relays learned to avoid (β>5): 15
[relay-scores] Updated scores for ndk-thompson: 20 relays, session 1
[relay-scores] Saved to .cache/relay_scores_0c9b1e9fef76c88b_94608000_ndk-thompson.json

Thompson Sampling [ndk-thompson] learning state:
  Session: 1
  Relays with observations: 20
  Mean prior α: 3.5, β: 10.3
  Relays with strong preference (α>5): 3
  Relays learned to avoid (β>5): 9

JSON results written to: results/0c9b1e9fef76c88b_1772961263667.json
