[0m[32mTask[0m [0m[36mbench[0m deno run --allow-net --allow-read --allow-write main.ts "0c9b1e9fef76c88b63f86645dc33bb7777f0259ec41e674b61f4fc553f6db0e0" "--algorithms" "rust-nostr,fd-thompson,ndk,ndk-thompson" "--verify" "--verify-window" "94608000" "--verify-concurrency" "10" "--no-phase2-cache" "--fast" "--output" "both"
Target: 0c9b1e9fef76c88b...
Seed: 0 | Filter: strict | Runs: 3
[fetch] Connecting to 3 indexer relays...
[fetch] wss://purplepag.es: connected (1137ms)
[fetch] wss://relay.damus.io: connected (245ms)
[fetch] wss://nos.lol: connected (821ms)
[fetch] Fetching kind 3 (contact list) for 0c9b1e9f...
[fetch] 1746 follows to fetch relay lists for
[fetch] Fetched relay lists: 200/1746
[fetch] Fetched relay lists: 400/1746
[fetch] Fetched relay lists: 600/1746
[fetch] Fetched relay lists: 800/1746
[fetch] Fetched relay lists: 1000/1746
[fetch] Fetched relay lists: 1200/1746
[fetch] Fetched relay lists: 1400/1746
[fetch] Fetched relay lists: 1600/1746
[fetch] Received 959 relay list events

=== Fetch Quality ===
Indexers: wss://purplepag.es (1673 events, 1137ms), wss://relay.damus.io (411 events, 245ms), wss://nos.lol (952 events, 821ms)
Follows: 1746 | With relay list: 948 (54.3%) | Missing: 798 (45.7%) | Filtered-to-empty: 11
Filter profile: strict | Filtered URLs: 75 (6 localhost, 16 insecure ws, 3 IP-only, 50 known-bad)
Unique valid write relays: 413 | Seed: 0
[relay-scores] Loaded 35 relay priors (session 4, from 2026-03-08T09:55:55.117Z)

Thompson Sampling [fd-thompson]: loaded 35 relay priors (session 4)
[relay-scores] Loaded 40 relay priors (session 4, from 2026-03-08T09:55:55.130Z)

Thompson Sampling [ndk-thompson]: loaded 40 relay priors (session 4)

=== Regime A: Fixed 20 Connections ===
  Algorithm                      |  Relays |   Assign% |  Orphans |  Alg.Orph |  Avg/pk |   Gini |    HHI
  -------------------------------+---------+-----------+----------+-----------+---------+--------+-------
  Filter Decomposition (cap@20)  |      20 |     51.6% |      845 |        47 |     2.5 |   0.50 |  0.116
  FD+Thompson (cap@20)           |      20 |     48.9% (0.0sd) | 891.3333333333334 | 93.33333333333333 |     2.4 |   0.62 |  0.167
  Priority-Based (NDK)           |      20 |     53.6% |      810 |        12 |     1.9 |   0.81 |  0.296
  NDK+Thompson (Priority)        |      20 |     53.5% (0.0sd) |      812 |        14 |     1.9 |   0.70 |  0.222

=== Phase 2: Event Verification ===
Window: 94608000s | Kinds: 1 | Concurrency: 10
[baseline] Querying 413 relays for 948 authors (window: 94608000s)
[pool] CLOSED from wss://aggr.nostr.land: auth-required: auth required for aggregator
[pool] CLOSED from wss://relay.getalby.com/v1: blocked: Request rejected
[baseline] Progress: 50/413 relays queried
[pool] CLOSED from wss://filter.nostr.wine/npub12y8qp9hyuc3wnu580tm70tuhntp0mag8q2uu6aczzevrgng6dqkq5zt26q: auth-required: please authenticate before sending REQs
[pool] CLOSED from wss://filter.nostr.wine/npub1jw4e8qh6vmyq0n2tkupv7wlfu5h59luk98dcfedf03anh5ek5jkq936u57: auth-required: please authenticate before sending REQs
[pool] CLOSED from wss://filter.nostr.wine/npub1ts7c7rvdyrd239sdtp6y9nq8dqm3jscrf0tfd38pvdjpey2sudxq74mccx: auth-required: please authenticate before sending REQs
[baseline] Progress: 100/413 relays queried
[pool] CLOSED from wss://greensoul.space: auth-required: only authenticated users can read from this relay
[pool] CLOSED from wss://filter.nostr.wine/npub14sw26a7wvglnywzurts9nl09g93hs6xvhqdexjppp66ykyd6f7ws80gdjg: auth-required: please authenticate before sending REQs
[pool] CLOSED from wss://filter.nostr.wine/npub12ftld459xqw7s7fqnxstzu7r74l5yagxztwcwmaqj4d24jgpj2csee3mx0: auth-required: please authenticate before sending REQs
[pool] CLOSED from wss://filter.nostr.wine/npub1zpq2gsz25wsgun2e4gtks9p63j7fvyfd46weyjzp5tv6yys89zcsjdflcv: auth-required: please authenticate before sending REQs
[pool] CLOSED from wss://filter.nostr.wine/npub1ca32j9f2fl5n7d0rs6mxsjva69qzqrfc0j05x85c436l6ehtpt2snvu0tt: auth-required: please authenticate before sending REQs
[baseline] Progress: 150/413 relays queried
[pool] CLOSED from wss://filter.nostr.wine/npub1dwp9e3qye2sstflgesg7zxra2znqlrgq604nf0q07e9sezu8ujls3mtmtf: auth-required: please authenticate before sending REQs
[pool] CLOSED from wss://sendit.nosflare.com: restricted: this relay does not accept REQs
[pool] CLOSED from wss://creatr.nostr.wine: auth-required: please authenticate before sending REQs
[pool] CLOSED from wss://inbox.nostr.wine: blocked: this relay does not store any of the kinds in this request
[baseline] Progress: 200/413 relays queried
[pool] CLOSED from wss://filter.nostr.wine/YOUR_NPUB: auth-required: please authenticate before sending REQs
[pool] CLOSED from wss://filter.nostr.wine/npub1lelkh3hhxw9hdwlcpk6q9t0xt9f7yze0y0nxazvzqjmre3p98x3sthkvyz: auth-required: please authenticate before sending REQs
[pool] CLOSED from wss://filter.nostr.wine/npub1k0jrarx8um0lyw3nmysn50539ky4k8p7gfgzgrsvn8d7lccx3d0s38dczd: auth-required: please authenticate before sending REQs
[baseline] Progress: 250/413 relays queried
[pool] CLOSED from wss://nostr-relay.moctane.net: auth-required: authentication required to subscribe
[pool] CLOSED from wss://filter.nostr.wine/npub1a3pvwe2p3v7mnjz6hle63r628wl9w567aw7u23fzqs062v5vqcqqu3sgh3: auth-required: please authenticate before sending REQs
[pool] CLOSED from wss://filter.nostr.wine/npub1csamkk8zu67zl9z4wkp90a462v53q775aqn5q6xzjdkxnkvcpd7srtz4x9: auth-required: please authenticate before sending REQs
[pool] CLOSED from wss://groups.0xchat.com: blocked: invalid query, must have 'h', 'e' or 'a' tag
[pool] CLOSED from wss://relay.groups.nip29.com: blocked: invalid query, must have 'h', 'e' or 'a' tag
[pool] CLOSED from wss://filter.nostr.wine/npub1aj8h9lefxlqe0jcdqvk6ufa6upe6u6jwr0f23ch0z4uxx6e4jh9sqwxcwg: auth-required: please authenticate before sending REQs
[baseline] Progress: 300/413 relays queried
[pool] CLOSED from wss://relay29.notoshi.win: blocked: invalid query, must have 'h', 'e' or 'a' tag
[pool] CLOSED from wss://bostr.erechorse.com: auth-required: authentication is required to perform this action.
[baseline] Progress: 350/413 relays queried
[pool] CLOSED from wss://relay.nosflare.com: auth-required: authentication required to subscribe
[pool] CLOSED from wss://auth.nostr1.com: auth-required: you must auth
[baseline] Progress: 400/413 relays queried
[baseline] Progress: 413/413 relays queried
[phase2] Subscription timeouts (no EOSE): 8
[phase2] CLOSED messages received: 27
  wss://aggr.nostr.land: auth-required: auth required for aggregator
  wss://relay.getalby.com/v1: blocked: Request rejected
  wss://filter.nostr.wine/npub12y8qp9hyuc3wnu580tm70tuhntp0mag8q2uu6aczzevrgng6dqkq5zt26q: auth-required: please authenticate before sending REQs
  wss://filter.nostr.wine/npub1jw4e8qh6vmyq0n2tkupv7wlfu5h59luk98dcfedf03anh5ek5jkq936u57: auth-required: please authenticate before sending REQs
  wss://filter.nostr.wine/npub1ts7c7rvdyrd239sdtp6y9nq8dqm3jscrf0tfd38pvdjpey2sudxq74mccx: auth-required: please authenticate before sending REQs
  wss://greensoul.space: auth-required: only authenticated users can read from this relay
  wss://filter.nostr.wine/npub14sw26a7wvglnywzurts9nl09g93hs6xvhqdexjppp66ykyd6f7ws80gdjg: auth-required: please authenticate before sending REQs
  wss://filter.nostr.wine/npub12ftld459xqw7s7fqnxstzu7r74l5yagxztwcwmaqj4d24jgpj2csee3mx0: auth-required: please authenticate before sending REQs
  wss://filter.nostr.wine/npub1zpq2gsz25wsgun2e4gtks9p63j7fvyfd46weyjzp5tv6yys89zcsjdflcv: auth-required: please authenticate before sending REQs
  wss://filter.nostr.wine/npub1ca32j9f2fl5n7d0rs6mxsjva69qzqrfc0j05x85c436l6ehtpt2snvu0tt: auth-required: please authenticate before sending REQs

=== Phase 2: Event Verification (1095d window) ===
Baseline: 413 relays queried (33.4% success), 1.3min
  Timing: connect 702ms median (1.2s p95) | query 1.2s median (6.2s p95) | 8 timeouts (8 relays)
  Authors: 948 with relay data
    Testable (reliable): 173 | Testable (partial): 132 | Zero events: 212 | Unreliable: 431
  Baseline events: 70,219 (mean 230.2/author, median 30)
  Events per (relay,pubkey) capped at: 10000

  Headline metrics (173 testable-reliable authors, 58,804 baseline events):

  Algorithm                        |   Evt Recall |   Auth Recall |  Relay OK% |     TTFE |      p50 |      p80 | Timeouts
  ---------------------------------+--------------+---------------+------------+----------+----------+----------+---------
  Filter Decomposition (cap@20)    |        20.4% |         65.9% |      45.0% |     1.1s |     3.5s |     4.2s |        0
  FD+Thompson (seed=0, single run) |        18.3% |         67.6% |      65.0% |    595ms |     3.5s |     4.2s |        0
  Priority-Based (NDK)             |        11.7% |         67.1% |      60.0% |     1.1s |     3.3s |     4.2s |        0
  NDK+Thompson (Priority) (seed=0, single run) |        15.5% |         81.5% |      50.0% |     1.1s |     3.8s |     6.1s |        0

  Per-author recall distribution:
  Algorithm                        |   Median |  % at 0% |      p25 |      p75
  ---------------------------------+----------+----------+----------+---------
  Filter Decomposition (cap@20)    |    50.0% |    34.1% |     0.0% |   100.0%
  FD+Thompson (seed=0, single run) |    77.8% |    32.4% |     0.0% |   100.0%
  Priority-Based (NDK)             |    11.1% |    32.9% |     0.0% |   100.0%
  NDK+Thompson (Priority) (seed=0, single run) |    74.6% |    18.5% |     3.2% |   100.0%

  Latency simulation (parallel relay query):
  Algorithm                        |     TTFE |      p50 |      p80 |      Max |   TO |   TO Tax |   Relays |   Events
  ---------------------------------+----------+----------+----------+----------+------+----------+----------+---------
  Filter Decomposition (cap@20)    |     1.1s |     3.5s |     4.2s |    18.4s |    0 |      0ms |   9/9/20 |   26,774
  FD+Thompson (seed=0, single run) |    595ms |     3.5s |     4.2s |    18.4s |    0 |      0ms | 13/13/20 |   31,740
  Priority-Based (NDK)             |     1.1s |     3.3s |     4.2s |    18.4s |    0 |      0ms | 12/12/20 |   27,278
  NDK+Thompson (Priority) (seed=0, single run) |     1.1s |     3.8s |     6.1s |    18.4s |    0 |      0ms | 10/10/20 |   22,778
  (Relays: with-events/connected/total | TO Tax: ceil(timeouts/concurrency) × EOSE timeout)

  Progressive completeness (% of recall achieved by time):
  Algorithm                        |      @1s |      @2s |      @5s |     @10s |     @15s
  ---------------------------------+----------+----------+----------+----------+---------
  Filter Decomposition (cap@20)    |     0.0% |    22.6% |    58.0% |    94.8% |    94.8%
  FD+Thompson (seed=0, single run) |     2.3% |    21.4% |    45.9% |    78.5% |    78.5%
  Priority-Based (NDK)             |     0.0% |     3.1% |    18.5% |    35.4% |    35.4%
  NDK+Thompson (Priority) (seed=0, single run) |     0.0% |     3.9% |    22.6% |    71.1% |    71.1%

  EOSE-race simulation (stop after first EOSE + grace period):
  Algorithm                        |     +0ms |   +200ms |   +500ms |      +1s |      +2s
  ---------------------------------+----------+----------+----------+----------+---------
  Filter Decomposition (cap@20)    |     1.4% |     1.4% |    22.6% |    36.6% |    36.6%
  FD+Thompson (seed=0, single run) |     2.3% |     2.3% |     2.3% |     2.9% |    33.8%
  Priority-Based (NDK)             |     2.3% |     3.1% |     3.1% |     3.1% |    18.5%
  NDK+Thompson (Priority) (seed=0, single run) |     2.7% |     3.9% |     3.9% |     3.9% |     7.7%
  (First EOSE: Filter Decomposition (cap@20)=1.5s, FD+Thompson (seed=0, single run)=753ms, Priority-Based (NDK)=1.4s, NDK+Thompson (Priority) (seed=0, single run)=1.4s)

  Profile-view latency (per-author outbox query, top 3 write relays):
    Authors simulated: 305 | Hit rate: 94.8%
    TTFE: 1.6s median, 1.7s mean, 2.8s p95
    Relays/profile: 2.9 queried, 1.6 with events, 0.02 timeouts

  Feed vs profile-view TTFE comparison:
  Algorithm                        |  Feed TTFE |  Profile TTFE |    Delta
  ---------------------------------+------------+---------------+---------
  Filter Decomposition (cap@20)    |       1.1s |          1.6s |   +450ms
  FD+Thompson (seed=0, single run) |      595ms |          1.6s |   +972ms
  Priority-Based (NDK)             |       1.1s |          1.6s |   +503ms
  NDK+Thompson (Priority) (seed=0, single run) |       1.1s |          1.6s |   +503ms

  Including partial-baseline authors (305 testable authors, 70,219 baseline events):

  Algorithm                        |   Evt Recall |   Auth Recall
  ---------------------------------+--------------+--------------
  Filter Decomposition (cap@20)    |        21.0% |         61.0%
  FD+Thompson (seed=0, single run) |        23.9% |         74.4%
  Priority-Based (NDK)             |        15.1% |         67.2%
  NDK+Thompson (Priority) (seed=0, single run) |        21.8% |         84.3%
[relay-scores] Updated scores for fd-thompson: 35 relays, session 5
[relay-scores] Degrading relays (2): wss://relay.nostr.wirednet.jp, wss://srtrelay.c-stellar.net
[relay-scores] Saved to .cache/relay_scores_0c9b1e9fef76c88b_94608000_fd-thompson.json

Thompson Sampling [fd-thompson] learning state:
  Session: 5
  Relays with observations: 35
  Mean prior α: 14.4, β: 25.0
  Relays with strong preference (α>5): 13
  Relays learned to avoid (β>5): 29
[relay-scores] Updated scores for ndk-thompson: 47 relays, session 5
[relay-scores] Saved to .cache/relay_scores_0c9b1e9fef76c88b_94608000_ndk-thompson.json

Thompson Sampling [ndk-thompson] learning state:
  Session: 5
  Relays with observations: 47
  Mean prior α: 11.4, β: 20.3
  Relays with strong preference (α>5): 9
  Relays learned to avoid (β>5): 25

JSON results written to: results/0c9b1e9fef76c88b_1772964669107.json
