[0m[32mTask[0m [0m[36mbench[0m deno run --allow-net --allow-read --allow-write main.ts "78b3c1ed0a53b072fcfb8cc2e2e09cad31c9bfec869d1c8745c343d55033eea9" "--algorithms" "rust-nostr,fd-thompson,ndk,ndk-thompson" "--verify" "--verify-window" "94608000" "--verify-concurrency" "10" "--no-phase2-cache" "--fast" "--output" "both"
Target: 78b3c1ed0a53b072...
Seed: 0 | Filter: strict | Runs: 3
Using cached data (fetched 2026-03-08T08:53:26.230Z)

=== Fetch Quality ===
Indexers: wss://purplepag.es (0 events, 1124ms), wss://relay.damus.io (37 events, 284ms), wss://nos.lol (54 events, 751ms)
Follows: 84 | With relay list: 54 (64.3%) | Missing: 30 (35.7%)
Filter profile: strict | Filtered URLs: 10 (10 known-bad)
Unique valid write relays: 108 | Seed: 0

=== Regime A: Fixed 20 Connections ===
  Algorithm                      |  Relays |   Assign% |  Orphans |  Alg.Orph |  Avg/pk |   Gini |    HHI
  -------------------------------+---------+-----------+----------+-----------+---------+--------+-------
  Filter Decomposition (cap@20)  |      20 |     61.9% |       32 |         2 |     2.3 |   0.44 |  0.116
  FD+Thompson (cap@20)           |      20 |     63.1% (0.0sd) |       31 |         1 |     2.3 |   0.44 |  0.088
  Priority-Based (NDK)           |      13 |     64.3% |       30 |         0 |     2.0 |   0.66 |  0.244
  NDK+Thompson (Priority)        |      14 |     64.3% (0.0sd) |       30 |         0 |     2.0 |   0.56 |  0.158

=== Phase 2: Event Verification ===
Window: 94608000s | Kinds: 1 | Concurrency: 10
[baseline] Querying 108 relays for 54 authors (window: 94608000s)
[pool] CLOSED from wss://relay.getalby.com/v1: blocked: Request rejected
[pool] CLOSED from wss://filter.nostr.wine/npub1s5yq6wadwrxde4lhfs56gn64hwzuhnfa6r9mj476r5s4hkunzgzqrs6q7z: auth-required: please authenticate before sending REQs
[pool] CLOSED from wss://filter.nostr.wine/npub1a3pvwe2p3v7mnjz6hle63r628wl9w567aw7u23fzqs062v5vqcqqu3sgh3: auth-required: please authenticate before sending REQs
[baseline] Progress: 50/108 relays queried
[pool] CLOSED from wss://auth.nostr1.com: auth-required: you must auth
[baseline] Progress: 100/108 relays queried
[baseline] Progress: 108/108 relays queried
[phase2] Subscription timeouts (no EOSE): 2
[phase2] CLOSED messages received: 4
  wss://relay.getalby.com/v1: blocked: Request rejected
  wss://filter.nostr.wine/npub1s5yq6wadwrxde4lhfs56gn64hwzuhnfa6r9mj476r5s4hkunzgzqrs6q7z: auth-required: please authenticate before sending REQs
  wss://filter.nostr.wine/npub1a3pvwe2p3v7mnjz6hle63r628wl9w567aw7u23fzqs062v5vqcqqu3sgh3: auth-required: please authenticate before sending REQs
  wss://auth.nostr1.com: auth-required: you must auth

=== Phase 2: Event Verification (1095d window) ===
Baseline: 108 relays queried (41.7% success), 26s
  Timing: connect 736ms median (1.5s p95) | query 1.3s median (2.5s p95) | 2 timeouts (2 relays)
  Authors: 54 with relay data
    Testable (reliable): 26 | Testable (partial): 5 | Zero events: 16 | Unreliable: 7
  Baseline events: 5,385 (mean 173.7/author, median 87)
  Events per (relay,pubkey) capped at: 10000

  Headline metrics (26 testable-reliable authors, 4,264 baseline events):

  Algorithm                        |   Evt Recall |   Auth Recall |  Relay OK% |     TTFE |      p50 |      p80 | Timeouts
  ---------------------------------+--------------+---------------+------------+----------+----------+----------+---------
  Filter Decomposition (cap@20)    |        43.1% |         76.9% |      60.0% |     1.2s |     2.3s |     2.5s |        0
  FD+Thompson (seed=0, single run) |        21.4% |         80.8% |      60.0% |     1.2s |     2.5s |     3.5s |        1
  Priority-Based (NDK)             |        12.9% |         76.9% |      53.8% |    865ms |     2.5s |     2.5s |        0
  NDK+Thompson (Priority) (seed=0, single run) |        16.7% |         88.5% |      46.2% |    865ms |     2.5s |     2.5s |        1

  Per-author recall distribution:
  Algorithm                        |   Median |  % at 0% |      p25 |      p75
  ---------------------------------+----------+----------+----------+---------
  Filter Decomposition (cap@20)    |    21.2% |    23.1% |     2.8% |    97.7%
  FD+Thompson (seed=0, single run) |    30.9% |    19.2% |     0.8% |   100.0%
  Priority-Based (NDK)             |    13.1% |    23.1% |     0.4% |    31.3%
  NDK+Thompson (Priority) (seed=0, single run) |    14.0% |    11.5% |     1.7% |    50.0%

  Latency simulation (parallel relay query):
  Algorithm                        |     TTFE |      p50 |      p80 |      Max |   TO |   TO Tax |   Relays |   Events
  ---------------------------------+----------+----------+----------+----------+------+----------+----------+---------
  Filter Decomposition (cap@20)    |     1.2s |     2.3s |     2.5s |     3.5s |    0 |      0ms | 11/12/20 |    5,152
  FD+Thompson (seed=0, single run) |     1.2s |     2.5s |     3.5s |    16.5s |    1 |    15.0s | 11/13/20 |    4,785
  Priority-Based (NDK)             |    865ms |     2.5s |     2.5s |     4.1s |    0 |      0ms |   7/7/13 |    3,139
  NDK+Thompson (Priority) (seed=0, single run) |    865ms |     2.5s |     2.5s |    15.8s |    1 |    15.0s |   6/7/13 |    3,006
  (Relays: with-events/connected/total | TO Tax: ceil(timeouts/concurrency) × EOSE timeout)

  Progressive completeness (% of recall achieved by time):
  Algorithm                        |      @1s |      @2s |      @5s |     @10s |     @15s
  ---------------------------------+----------+----------+----------+----------+---------
  Filter Decomposition (cap@20)    |     0.0% |    74.3% |   100.0% |   100.0% |   100.0%
  FD+Thompson (seed=0, single run) |     0.0% |    30.4% |   100.0% |   100.0% |   100.0%
  Priority-Based (NDK)             |     0.7% |     1.2% |   100.0% |   100.0% |   100.0%
  NDK+Thompson (Priority) (seed=0, single run) |     0.6% |    25.6% |   100.0% |   100.0% |   100.0%

  EOSE-race simulation (stop after first EOSE + grace period):
  Algorithm                        |     +0ms |   +200ms |   +500ms |      +1s |      +2s
  ---------------------------------+----------+----------+----------+----------+---------
  Filter Decomposition (cap@20)    |     1.0% |    22.1% |    74.3% |    83.6% |   100.0%
  FD+Thompson (seed=0, single run) |     0.0% |     0.0% |    30.4% |    73.1% |   100.0%
  Priority-Based (NDK)             |     0.7% |     0.7% |     0.7% |     0.7% |    98.5%
  NDK+Thompson (Priority) (seed=0, single run) |     0.6% |     0.6% |     0.6% |     0.6% |    99.8%
  (First EOSE: Filter Decomposition (cap@20)=1.6s, FD+Thompson (seed=0, single run)=1.6s, Priority-Based (NDK)=865ms, NDK+Thompson (Priority) (seed=0, single run)=865ms)

  Profile-view latency (per-author outbox query, top 3 write relays):
    Authors simulated: 31 | Hit rate: 100.0%
    TTFE: 1.6s median, 1.7s mean, 2.5s p95
    Relays/profile: 3.0 queried, 2.0 with events, 0.03 timeouts

  Feed vs profile-view TTFE comparison:
  Algorithm                        |  Feed TTFE |  Profile TTFE |    Delta
  ---------------------------------+------------+---------------+---------
  Filter Decomposition (cap@20)    |       1.2s |          1.6s |   +374ms
  FD+Thompson (seed=0, single run) |       1.2s |          1.6s |   +374ms
  Priority-Based (NDK)             |      865ms |          1.6s |   +720ms
  NDK+Thompson (Priority) (seed=0, single run) |      865ms |          1.6s |   +720ms

  Including partial-baseline authors (31 testable authors, 5,385 baseline events):

  Algorithm                        |   Evt Recall |   Auth Recall
  ---------------------------------+--------------+--------------
  Filter Decomposition (cap@20)    |        44.0% |         71.0%
  FD+Thompson (seed=0, single run) |        19.2% |         74.2%
  Priority-Based (NDK)             |        15.3% |         77.4%
  NDK+Thompson (Priority) (seed=0, single run) |        17.5% |         83.9%
[relay-scores] Updated scores for fd-thompson: 20 relays, session 1
[relay-scores] Saved to .cache/relay_scores_78b3c1ed0a53b072_94608000_fd-thompson.json

Thompson Sampling [fd-thompson] learning state:
  Session: 1
  Relays with observations: 20
  Mean prior α: 1.7, β: 3.8
  Relays with strong preference (α>5): 0
  Relays learned to avoid (β>5): 5
[relay-scores] Updated scores for ndk-thompson: 13 relays, session 1
[relay-scores] Saved to .cache/relay_scores_78b3c1ed0a53b072_94608000_ndk-thompson.json

Thompson Sampling [ndk-thompson] learning state:
  Session: 1
  Relays with observations: 13
  Mean prior α: 2.0, β: 4.8
  Relays with strong preference (α>5): 0
  Relays learned to avoid (β>5): 6

JSON results written to: results/78b3c1ed0a53b072_1772961027164.json
