[0m[32mTask[0m [0m[36mbench[0m deno run --allow-net --allow-read --allow-write main.ts "78b3c1ed0a53b072fcfb8cc2e2e09cad31c9bfec869d1c8745c343d55033eea9" "--algorithms" "rust-nostr,fd-thompson,ndk,ndk-thompson" "--verify" "--verify-window" "94608000" "--verify-concurrency" "10" "--no-phase2-cache" "--fast" "--output" "both"
Target: 78b3c1ed0a53b072...
Seed: 0 | Filter: strict | Runs: 3
[fetch] Connecting to 3 indexer relays...
[fetch] wss://purplepag.es: connected (1538ms)
[fetch] wss://relay.damus.io: connected (252ms)
[fetch] wss://nos.lol: connected (854ms)
[fetch] Fetching kind 3 (contact list) for 78b3c1ed...
[fetch] 84 follows to fetch relay lists for
[fetch] Received 54 relay list events

=== Fetch Quality ===
Indexers: wss://purplepag.es (85 events, 1538ms), wss://relay.damus.io (37 events, 252ms), wss://nos.lol (54 events, 854ms)
Follows: 84 | With relay list: 54 (64.3%) | Missing: 30 (35.7%)
Filter profile: strict | Filtered URLs: 10 (10 known-bad)
Unique valid write relays: 108 | Seed: 0
[relay-scores] Loaded 35 relay priors (session 4, from 2026-03-08T09:52:02.182Z)

Thompson Sampling [fd-thompson]: loaded 35 relay priors (session 4)
[relay-scores] Loaded 28 relay priors (session 4, from 2026-03-08T09:52:02.194Z)

Thompson Sampling [ndk-thompson]: loaded 28 relay priors (session 4)

=== Regime A: Fixed 20 Connections ===
  Algorithm                      |  Relays |   Assign% |  Orphans |  Alg.Orph |  Avg/pk |   Gini |    HHI
  -------------------------------+---------+-----------+----------+-----------+---------+--------+-------
  Filter Decomposition (cap@20)  |      20 |     61.9% |       32 |         2 |     2.3 |   0.44 |  0.116
  FD+Thompson (cap@20)           |      20 |     60.3% (0.0sd) | 33.333333333333336 | 3.3333333333333335 |     2.1 |   0.38 |  0.076
  Priority-Based (NDK)           |      13 |     64.3% |       30 |         0 |     2.0 |   0.66 |  0.244
  NDK+Thompson (Priority)        | 17.666666666666668 |     64.3% (0.0sd) |       30 |         0 |     2.0 |   0.59 |  0.143

=== Phase 2: Event Verification ===
Window: 94608000s | Kinds: 1 | Concurrency: 10
[baseline] Querying 108 relays for 54 authors (window: 94608000s)
[pool] CLOSED from wss://relay.getalby.com/v1: blocked: Request rejected
[pool] CLOSED from wss://filter.nostr.wine/npub1s5yq6wadwrxde4lhfs56gn64hwzuhnfa6r9mj476r5s4hkunzgzqrs6q7z: auth-required: please authenticate before sending REQs
[pool] CLOSED from wss://filter.nostr.wine/npub1a3pvwe2p3v7mnjz6hle63r628wl9w567aw7u23fzqs062v5vqcqqu3sgh3: auth-required: please authenticate before sending REQs
[baseline] Progress: 50/108 relays queried
[pool] CLOSED from wss://auth.nostr1.com: auth-required: you must auth
[baseline] Progress: 100/108 relays queried
[baseline] Progress: 108/108 relays queried
[phase2] Subscription timeouts (no EOSE): 2
[phase2] CLOSED messages received: 4
  wss://relay.getalby.com/v1: blocked: Request rejected
  wss://filter.nostr.wine/npub1s5yq6wadwrxde4lhfs56gn64hwzuhnfa6r9mj476r5s4hkunzgzqrs6q7z: auth-required: please authenticate before sending REQs
  wss://filter.nostr.wine/npub1a3pvwe2p3v7mnjz6hle63r628wl9w567aw7u23fzqs062v5vqcqqu3sgh3: auth-required: please authenticate before sending REQs
  wss://auth.nostr1.com: auth-required: you must auth

=== Phase 2: Event Verification (1095d window) ===
Baseline: 108 relays queried (39.8% success), 25s
  Timing: connect 629ms median (974ms p95) | query 1.0s median (1.7s p95) | 2 timeouts (2 relays)
  Authors: 54 with relay data
    Testable (reliable): 26 | Testable (partial): 5 | Zero events: 16 | Unreliable: 7
  Baseline events: 5,392 (mean 173.9/author, median 87)
  Events per (relay,pubkey) capped at: 10000

  Headline metrics (26 testable-reliable authors, 4,271 baseline events):

  Algorithm                        |   Evt Recall |   Auth Recall |  Relay OK% |     TTFE |      p50 |      p80 | Timeouts
  ---------------------------------+--------------+---------------+------------+----------+----------+----------+---------
  Filter Decomposition (cap@20)    |        43.1% |         76.9% |      60.0% |    640ms |     2.1s |     2.3s |        0
  FD+Thompson (seed=0, single run) |        45.6% |         84.6% |      70.0% |    640ms |     2.1s |     2.1s |        0
  Priority-Based (NDK)             |        12.9% |         76.9% |      53.8% |    640ms |     1.9s |     1.9s |        0
  NDK+Thompson (Priority) (seed=0, single run) |        17.2% |         80.8% |      50.0% |    640ms |     1.9s |     2.3s |        0

  Per-author recall distribution:
  Algorithm                        |   Median |  % at 0% |      p25 |      p75
  ---------------------------------+----------+----------+----------+---------
  Filter Decomposition (cap@20)    |    21.2% |    23.1% |     2.8% |    97.7%
  FD+Thompson (seed=0, single run) |    64.3% |    15.4% |     2.4% |   100.0%
  Priority-Based (NDK)             |    13.1% |    23.1% |     0.4% |    31.3%
  NDK+Thompson (Priority) (seed=0, single run) |    24.4% |    19.2% |     0.8% |   100.0%

  Latency simulation (parallel relay query):
  Algorithm                        |     TTFE |      p50 |      p80 |      Max |   TO |   TO Tax |   Relays |   Events
  ---------------------------------+----------+----------+----------+----------+------+----------+----------+---------
  Filter Decomposition (cap@20)    |    640ms |     2.1s |     2.3s |     2.5s |    0 |      0ms | 11/12/20 |    5,152
  FD+Thompson (seed=0, single run) |    640ms |     2.1s |     2.1s |     2.5s |    0 |      0ms | 13/14/20 |    5,802
  Priority-Based (NDK)             |    640ms |     1.9s |     1.9s |     2.3s |    0 |      0ms |   7/7/13 |    3,139
  NDK+Thompson (Priority) (seed=0, single run) |    640ms |     1.9s |     2.3s |     2.5s |    0 |      0ms |   9/9/18 |    3,644
  (Relays: with-events/connected/total | TO Tax: ceil(timeouts/concurrency) × EOSE timeout)

  Progressive completeness (% of recall achieved by time):
  Algorithm                        |      @1s |      @2s |      @5s |     @10s |     @15s
  ---------------------------------+----------+----------+----------+----------+---------
  Filter Decomposition (cap@20)    |     6.5% |    39.4% |   100.0% |   100.0% |   100.0%
  FD+Thompson (seed=0, single run) |     5.1% |    50.2% |   100.0% |   100.0% |   100.0%
  Priority-Based (NDK)             |    61.1% |    82.2% |   100.0% |   100.0% |   100.0%
  NDK+Thompson (Priority) (seed=0, single run) |     0.5% |    27.2% |   100.0% |   100.0% |   100.0%

  EOSE-race simulation (stop after first EOSE + grace period):
  Algorithm                        |     +0ms |   +200ms |   +500ms |      +1s |      +2s
  ---------------------------------+----------+----------+----------+----------+---------
  Filter Decomposition (cap@20)    |     6.5% |    12.6% |    12.6% |    23.3% |   100.0%
  FD+Thompson (seed=0, single run) |     5.1% |     5.1% |     5.1% |    48.7% |   100.0%
  Priority-Based (NDK)             |     0.7% |    61.1% |    61.1% |    61.6% |   100.0%
  NDK+Thompson (Priority) (seed=0, single run) |     0.5% |     0.5% |     0.5% |     0.8% |   100.0%
  (First EOSE: Filter Decomposition (cap@20)=921ms, FD+Thompson (seed=0, single run)=921ms, Priority-Based (NDK)=887ms, NDK+Thompson (Priority) (seed=0, single run)=887ms)

  Profile-view latency (per-author outbox query, top 3 write relays):
    Authors simulated: 31 | Hit rate: 100.0%
    TTFE: 1.2s median, 1.1s mean, 1.7s p95
    Relays/profile: 3.0 queried, 2.0 with events, 0.03 timeouts

  Feed vs profile-view TTFE comparison:
  Algorithm                        |  Feed TTFE |  Profile TTFE |    Delta
  ---------------------------------+------------+---------------+---------
  Filter Decomposition (cap@20)    |      640ms |          1.2s |   +568ms
  FD+Thompson (seed=0, single run) |      640ms |          1.2s |   +568ms
  Priority-Based (NDK)             |      640ms |          1.2s |   +568ms
  NDK+Thompson (Priority) (seed=0, single run) |      640ms |          1.2s |   +568ms

  Including partial-baseline authors (31 testable authors, 5,392 baseline events):

  Algorithm                        |   Evt Recall |   Auth Recall
  ---------------------------------+--------------+--------------
  Filter Decomposition (cap@20)    |        44.1% |         71.0%
  FD+Thompson (seed=0, single run) |        54.4% |         80.6%
  Priority-Based (NDK)             |        15.4% |         77.4%
  NDK+Thompson (Priority) (seed=0, single run) |        22.2% |         80.6%
[relay-scores] Updated scores for fd-thompson: 37 relays, session 5
[relay-scores] Degrading relays (3): wss://eden.nostr.land, wss://r.bitcoinhold.net, wss://lang.relays.land/ja
[relay-scores] Saved to .cache/relay_scores_78b3c1ed0a53b072_94608000_fd-thompson.json

Thompson Sampling [fd-thompson] learning state:
  Session: 5
  Relays with observations: 37
  Mean prior α: 3.3, β: 6.4
  Relays with strong preference (α>5): 7
  Relays learned to avoid (β>5): 12
[relay-scores] Updated scores for ndk-thompson: 29 relays, session 5
[relay-scores] Degrading relays (2): wss://nostr.wine, wss://eden.nostr.land
[relay-scores] Saved to .cache/relay_scores_78b3c1ed0a53b072_94608000_ndk-thompson.json

Thompson Sampling [ndk-thompson] learning state:
  Session: 5
  Relays with observations: 29
  Mean prior α: 3.4, β: 8.2
  Relays with strong preference (α>5): 6
  Relays learned to avoid (β>5): 11

JSON results written to: results/78b3c1ed0a53b072_1772964351631.json
