[0m[32mTask[0m [0m[36mbench[0m deno run --allow-net --allow-read --allow-write main.ts "78b3c1ed0a53b072fcfb8cc2e2e09cad31c9bfec869d1c8745c343d55033eea9" "--algorithms" "rust-nostr,fd-thompson,ndk,ndk-thompson" "--verify" "--verify-window" "94608000" "--verify-concurrency" "10" "--no-phase2-cache" "--fast" "--output" "both"
Target: 78b3c1ed0a53b072...
Seed: 0 | Filter: strict | Runs: 3
Using cached data (fetched 2026-03-08T08:53:26.230Z)

=== Fetch Quality ===
Indexers: wss://purplepag.es (0 events, 1124ms), wss://relay.damus.io (37 events, 284ms), wss://nos.lol (54 events, 751ms)
Follows: 84 | With relay list: 54 (64.3%) | Missing: 30 (35.7%)
Filter profile: strict | Filtered URLs: 10 (10 known-bad)
Unique valid write relays: 108 | Seed: 0
[relay-scores] Loaded 33 relay priors (session 3, from 2026-03-08T09:38:18.514Z)

Thompson Sampling [fd-thompson]: loaded 33 relay priors (session 3)
[relay-scores] Loaded 24 relay priors (session 3, from 2026-03-08T09:38:18.526Z)

Thompson Sampling [ndk-thompson]: loaded 24 relay priors (session 3)

=== Regime A: Fixed 20 Connections ===
  Algorithm                      |  Relays |   Assign% |  Orphans |  Alg.Orph |  Avg/pk |   Gini |    HHI
  -------------------------------+---------+-----------+----------+-----------+---------+--------+-------
  Filter Decomposition (cap@20)  |      20 |     61.9% |       32 |         2 |     2.3 |   0.44 |  0.116
  FD+Thompson (cap@20)           |      20 |     57.9% (0.0sd) | 35.333333333333336 | 5.333333333333333 |     2.2 |   0.37 |  0.078
  Priority-Based (NDK)           |      13 |     64.3% |       30 |         0 |     2.0 |   0.66 |  0.244
  NDK+Thompson (Priority)        | 19.333333333333332 |     64.3% (0.0sd) |       30 |         0 |     2.0 |   0.60 |  0.144

=== Phase 2: Event Verification ===
Window: 94608000s | Kinds: 1 | Concurrency: 10
[baseline] Querying 108 relays for 54 authors (window: 94608000s)
[pool] CLOSED from wss://relay.getalby.com/v1: blocked: Request rejected
[pool] CLOSED from wss://filter.nostr.wine/npub1s5yq6wadwrxde4lhfs56gn64hwzuhnfa6r9mj476r5s4hkunzgzqrs6q7z: auth-required: please authenticate before sending REQs
[baseline] Progress: 50/108 relays queried
[pool] CLOSED from wss://filter.nostr.wine/npub1a3pvwe2p3v7mnjz6hle63r628wl9w567aw7u23fzqs062v5vqcqqu3sgh3: auth-required: please authenticate before sending REQs
[pool] CLOSED from wss://auth.nostr1.com: auth-required: you must auth
[baseline] Progress: 100/108 relays queried
[baseline] Progress: 108/108 relays queried
[phase2] Subscription timeouts (no EOSE): 3
[phase2] CLOSED messages received: 4
  wss://relay.getalby.com/v1: blocked: Request rejected
  wss://filter.nostr.wine/npub1s5yq6wadwrxde4lhfs56gn64hwzuhnfa6r9mj476r5s4hkunzgzqrs6q7z: auth-required: please authenticate before sending REQs
  wss://filter.nostr.wine/npub1a3pvwe2p3v7mnjz6hle63r628wl9w567aw7u23fzqs062v5vqcqqu3sgh3: auth-required: please authenticate before sending REQs
  wss://auth.nostr1.com: auth-required: you must auth

=== Phase 2: Event Verification (1095d window) ===
Baseline: 108 relays queried (39.8% success), 26s
  Timing: connect 663ms median (1.1s p95) | query 1.0s median (1.7s p95) | 3 timeouts (3 relays)
  Authors: 54 with relay data
    Testable (reliable): 26 | Testable (partial): 5 | Zero events: 15 | Unreliable: 8
  Baseline events: 5,390 (mean 173.9/author, median 87)
  Events per (relay,pubkey) capped at: 10000

  Headline metrics (26 testable-reliable authors, 4,269 baseline events):

  Algorithm                        |   Evt Recall |   Auth Recall |  Relay OK% |     TTFE |      p50 |      p80 | Timeouts
  ---------------------------------+--------------+---------------+------------+----------+----------+----------+---------
  Filter Decomposition (cap@20)    |        43.1% |         76.9% |      60.0% |    881ms |     2.0s |     2.3s |        0
  FD+Thompson (seed=0, single run) |        63.4% |         80.8% |      60.0% |    713ms |     2.0s |     2.3s |        0
  Priority-Based (NDK)             |        12.9% |         76.9% |      53.8% |    753ms |     1.8s |     2.1s |        0
  NDK+Thompson (Priority) (seed=0, single run) |        43.4% |         80.8% |      55.0% |    713ms |     2.1s |     2.3s |        0

  Per-author recall distribution:
  Algorithm                        |   Median |  % at 0% |      p25 |      p75
  ---------------------------------+----------+----------+----------+---------
  Filter Decomposition (cap@20)    |    21.2% |    23.1% |     2.8% |    97.7%
  FD+Thompson (seed=0, single run) |    91.3% |    19.2% |     5.7% |   100.0%
  Priority-Based (NDK)             |    13.1% |    23.1% |     0.4% |    31.3%
  NDK+Thompson (Priority) (seed=0, single run) |    59.1% |    19.2% |     3.4% |   100.0%

  Latency simulation (parallel relay query):
  Algorithm                        |     TTFE |      p50 |      p80 |      Max |   TO |   TO Tax |   Relays |   Events
  ---------------------------------+----------+----------+----------+----------+------+----------+----------+---------
  Filter Decomposition (cap@20)    |    881ms |     2.0s |     2.3s |     2.6s |    0 |      0ms | 11/12/20 |    5,152
  FD+Thompson (seed=0, single run) |    713ms |     2.0s |     2.3s |     2.5s |    0 |      0ms | 12/13/20 |    5,649
  Priority-Based (NDK)             |    753ms |     1.8s |     2.1s |     2.3s |    0 |      0ms |   7/7/13 |    3,139
  NDK+Thompson (Priority) (seed=0, single run) |    713ms |     2.1s |     2.3s |     2.5s |    0 |      0ms | 11/11/20 |    3,937
  (Relays: with-events/connected/total | TO Tax: ceil(timeouts/concurrency) × EOSE timeout)

  Progressive completeness (% of recall achieved by time):
  Algorithm                        |      @1s |      @2s |      @5s |     @10s |     @15s
  ---------------------------------+----------+----------+----------+----------+---------
  Filter Decomposition (cap@20)    |     0.0% |    65.4% |   100.0% |   100.0% |   100.0%
  FD+Thompson (seed=0, single run) |     3.9% |    74.4% |   100.0% |   100.0% |   100.0%
  Priority-Based (NDK)             |     0.7% |    61.7% |   100.0% |   100.0% |   100.0%
  NDK+Thompson (Priority) (seed=0, single run) |     5.6% |    52.5% |   100.0% |   100.0% |   100.0%

  EOSE-race simulation (stop after first EOSE + grace period):
  Algorithm                        |     +0ms |   +200ms |   +500ms |      +1s |      +2s
  ---------------------------------+----------+----------+----------+----------+---------
  Filter Decomposition (cap@20)    |     6.4% |    33.6% |    44.3% |    65.4% |   100.0%
  FD+Thompson (seed=0, single run) |     3.9% |     7.8% |     7.8% |    47.6% |   100.0%
  Priority-Based (NDK)             |     0.7% |     0.7% |    61.2% |    61.7% |   100.0%
  NDK+Thompson (Priority) (seed=0, single run) |     0.3% |     5.6% |     5.6% |    52.5% |   100.0%
  (First EOSE: Filter Decomposition (cap@20)=1.0s, FD+Thompson (seed=0, single run)=826ms, Priority-Based (NDK)=753ms, NDK+Thompson (Priority) (seed=0, single run)=753ms)

  Profile-view latency (per-author outbox query, top 3 write relays):
    Authors simulated: 31 | Hit rate: 100.0%
    TTFE: 1.1s median, 1.2s mean, 1.6s p95
    Relays/profile: 3.0 queried, 2.0 with events, 0.03 timeouts

  Feed vs profile-view TTFE comparison:
  Algorithm                        |  Feed TTFE |  Profile TTFE |    Delta
  ---------------------------------+------------+---------------+---------
  Filter Decomposition (cap@20)    |      881ms |          1.1s |   +259ms
  FD+Thompson (seed=0, single run) |      713ms |          1.1s |   +427ms
  Priority-Based (NDK)             |      753ms |          1.1s |   +387ms
  NDK+Thompson (Priority) (seed=0, single run) |      713ms |          1.1s |   +427ms

  Including partial-baseline authors (31 testable authors, 5,390 baseline events):

  Algorithm                        |   Evt Recall |   Auth Recall
  ---------------------------------+--------------+--------------
  Filter Decomposition (cap@20)    |        44.0% |         71.0%
  FD+Thompson (seed=0, single run) |        69.1% |         80.6%
  Priority-Based (NDK)             |        15.3% |         77.4%
  NDK+Thompson (Priority) (seed=0, single run) |        39.6% |         80.6%
[relay-scores] Updated scores for fd-thompson: 35 relays, session 4
[relay-scores] Degrading relays (2): wss://nos.lol, wss://eden.nostr.land
[relay-scores] Saved to .cache/relay_scores_78b3c1ed0a53b072_94608000_fd-thompson.json

Thompson Sampling [fd-thompson] learning state:
  Session: 4
  Relays with observations: 35
  Mean prior α: 2.9, β: 5.7
  Relays with strong preference (α>5): 5
  Relays learned to avoid (β>5): 11
[relay-scores] Updated scores for ndk-thompson: 28 relays, session 4
[relay-scores] Degrading relays (2): wss://nostr.wine, wss://nrelay.c-stellar.net
[relay-scores] Saved to .cache/relay_scores_78b3c1ed0a53b072_94608000_ndk-thompson.json

Thompson Sampling [ndk-thompson] learning state:
  Session: 4
  Relays with observations: 28
  Mean prior α: 3.0, β: 7.0
  Relays with strong preference (α>5): 4
  Relays learned to avoid (β>5): 9

JSON results written to: results/78b3c1ed0a53b072_1772963522215.json
