[0m[32mTask[0m [0m[36mbench[0m deno run --allow-net --allow-read --allow-write main.ts "78b3c1ed0a53b072fcfb8cc2e2e09cad31c9bfec869d1c8745c343d55033eea9" "--algorithms" "rust-nostr,fd-thompson,ndk,ndk-thompson" "--verify" "--verify-window" "94608000" "--verify-concurrency" "10" "--no-phase2-cache" "--fast" "--output" "both"
Target: 78b3c1ed0a53b072...
Seed: 0 | Filter: strict | Runs: 3
Using cached data (fetched 2026-03-08T08:53:26.230Z)

=== Fetch Quality ===
Indexers: wss://purplepag.es (0 events, 1124ms), wss://relay.damus.io (37 events, 284ms), wss://nos.lol (54 events, 751ms)
Follows: 84 | With relay list: 54 (64.3%) | Missing: 30 (35.7%)
Filter profile: strict | Filtered URLs: 10 (10 known-bad)
Unique valid write relays: 108 | Seed: 0
[relay-scores] Loaded 28 relay priors (session 2, from 2026-03-08T09:24:16.737Z)

Thompson Sampling [fd-thompson]: loaded 28 relay priors (session 2)
[relay-scores] Loaded 21 relay priors (session 2, from 2026-03-08T09:24:16.750Z)

Thompson Sampling [ndk-thompson]: loaded 21 relay priors (session 2)

=== Regime A: Fixed 20 Connections ===
  Algorithm                      |  Relays |   Assign% |  Orphans |  Alg.Orph |  Avg/pk |   Gini |    HHI
  -------------------------------+---------+-----------+----------+-----------+---------+--------+-------
  Filter Decomposition (cap@20)  |      20 |     61.9% |       32 |         2 |     2.3 |   0.44 |  0.116
  FD+Thompson (cap@20)           |      20 |     56.3% (0.0sd) | 36.666666666666664 | 6.666666666666667 |     2.1 |   0.40 |  0.084
  Priority-Based (NDK)           |      13 |     64.3% |       30 |         0 |     2.0 |   0.66 |  0.244
  NDK+Thompson (Priority)        |      17 |     64.3% (0.0sd) |       30 |         0 |     2.0 |   0.54 |  0.130

=== Phase 2: Event Verification ===
Window: 94608000s | Kinds: 1 | Concurrency: 10
[baseline] Querying 108 relays for 54 authors (window: 94608000s)
[pool] CLOSED from wss://relay.getalby.com/v1: blocked: Request rejected
[baseline] Progress: 50/108 relays queried
[pool] CLOSED from wss://auth.nostr1.com: auth-required: you must auth
[baseline] Progress: 100/108 relays queried
[baseline] Progress: 108/108 relays queried
[phase2] Subscription timeouts (no EOSE): 3
[phase2] CLOSED messages received: 2
  wss://relay.getalby.com/v1: blocked: Request rejected
  wss://auth.nostr1.com: auth-required: you must auth

=== Phase 2: Event Verification (1095d window) ===
Baseline: 108 relays queried (32.4% success), 30s
  Timing: connect 661ms median (1.2s p95) | query 1.1s median (15.3s p95) | 3 timeouts (3 relays)
  Authors: 54 with relay data
    Testable (reliable): 22 | Testable (partial): 7 | Zero events: 17 | Unreliable: 8
  Baseline events: 3,871 (mean 133.5/author, median 45)
  Events per (relay,pubkey) capped at: 10000

  Headline metrics (22 testable-reliable authors, 3,039 baseline events):

  Algorithm                        |   Evt Recall |   Auth Recall |  Relay OK% |     TTFE |      p50 |      p80 | Timeouts
  ---------------------------------+--------------+---------------+------------+----------+----------+----------+---------
  Filter Decomposition (cap@20)    |        56.3% |         81.8% |      55.0% |    642ms |     2.0s |     2.7s |        0
  FD+Thompson (seed=0, single run) |        68.1% |         81.8% |      55.0% |    658ms |     2.4s |     2.7s |        0
  Priority-Based (NDK)             |        16.7% |         81.8% |      53.8% |    642ms |     2.0s |     2.2s |        0
  NDK+Thompson (Priority) (seed=0, single run) |        55.1% |         86.4% |      41.2% |    642ms |     2.1s |     2.2s |        0

  Per-author recall distribution:
  Algorithm                        |   Median |  % at 0% |      p25 |      p75
  ---------------------------------+----------+----------+----------+---------
  Filter Decomposition (cap@20)    |    32.3% |    18.2% |     9.1% |   100.0%
  FD+Thompson (seed=0, single run) |    96.8% |    18.2% |    11.3% |   100.0%
  Priority-Based (NDK)             |    15.9% |    18.2% |     0.7% |    31.3%
  NDK+Thompson (Priority) (seed=0, single run) |    23.1% |    13.6% |     9.1% |   100.0%

  Latency simulation (parallel relay query):
  Algorithm                        |     TTFE |      p50 |      p80 |      Max |   TO |   TO Tax |   Relays |   Events
  ---------------------------------+----------+----------+----------+----------+------+----------+----------+---------
  Filter Decomposition (cap@20)    |    642ms |     2.0s |     2.7s |     7.0s |    0 |      0ms | 10/11/20 |    4,652
  FD+Thompson (seed=0, single run) |    658ms |     2.4s |     2.7s |    10.7s |    0 |      0ms | 10/12/20 |    4,649
  Priority-Based (NDK)             |    642ms |     2.0s |     2.2s |    10.7s |    0 |      0ms |   7/7/13 |    3,139
  NDK+Thompson (Priority) (seed=0, single run) |    642ms |     2.1s |     2.2s |     7.0s |    0 |      0ms |   7/7/17 |    3,011
  (Relays: with-events/connected/total | TO Tax: ceil(timeouts/concurrency) × EOSE timeout)

  Progressive completeness (% of recall achieved by time):
  Algorithm                        |      @1s |      @2s |      @5s |     @10s |     @15s
  ---------------------------------+----------+----------+----------+----------+---------
  Filter Decomposition (cap@20)    |     8.2% |    70.2% |    90.5% |   100.0% |   100.0%
  FD+Thompson (seed=0, single run) |     0.0% |    19.0% |    97.6% |    97.8% |   100.0%
  Priority-Based (NDK)             |    60.5% |    61.2% |    85.5% |   100.0% |   100.0%
  NDK+Thompson (Priority) (seed=0, single run) |     7.0% |     7.4% |    93.4% |   100.0% |   100.0%

  EOSE-race simulation (stop after first EOSE + grace period):
  Algorithm                        |     +0ms |   +200ms |   +500ms |      +1s |      +2s
  ---------------------------------+----------+----------+----------+----------+---------
  Filter Decomposition (cap@20)    |     8.2% |     8.2% |    36.1% |    70.2% |    85.2%
  FD+Thompson (seed=0, single run) |     0.1% |     0.1% |     0.1% |    57.1% |    97.6%
  Priority-Based (NDK)             |    60.5% |    61.2% |    61.2% |    61.2% |    85.5%
  NDK+Thompson (Priority) (seed=0, single run) |     7.0% |     7.4% |     7.4% |     7.4% |    81.2%
  (First EOSE: Filter Decomposition (cap@20)=903ms, FD+Thompson (seed=0, single run)=1.1s, Priority-Based (NDK)=903ms, NDK+Thompson (Priority) (seed=0, single run)=903ms)

  Profile-view latency (per-author outbox query, top 3 write relays):
    Authors simulated: 29 | Hit rate: 96.6%
    TTFE: 1.4s median, 1.6s mean, 2.4s p95
    Relays/profile: 3.0 queried, 1.8 with events, 0.03 timeouts

  Feed vs profile-view TTFE comparison:
  Algorithm                        |  Feed TTFE |  Profile TTFE |    Delta
  ---------------------------------+------------+---------------+---------
  Filter Decomposition (cap@20)    |      642ms |          1.4s |   +771ms
  FD+Thompson (seed=0, single run) |      658ms |          1.4s |   +756ms
  Priority-Based (NDK)             |      642ms |          1.4s |   +771ms
  NDK+Thompson (Priority) (seed=0, single run) |      642ms |          1.4s |   +771ms

  Including partial-baseline authors (29 testable authors, 3,871 baseline events):

  Algorithm                        |   Evt Recall |   Auth Recall
  ---------------------------------+--------------+--------------
  Filter Decomposition (cap@20)    |        48.4% |         69.0%
  FD+Thompson (seed=0, single run) |        68.1% |         75.9%
  Priority-Based (NDK)             |        21.4% |         82.8%
  NDK+Thompson (Priority) (seed=0, single run) |        48.4% |         79.3%
[relay-scores] Updated scores for fd-thompson: 33 relays, session 3
[relay-scores] Degrading relays (2): wss://nos.lol, wss://eden.nostr.land
[relay-scores] Saved to .cache/relay_scores_78b3c1ed0a53b072_94608000_fd-thompson.json

Thompson Sampling [fd-thompson] learning state:
  Session: 3
  Relays with observations: 33
  Mean prior α: 2.4, β: 5.0
  Relays with strong preference (α>5): 4
  Relays learned to avoid (β>5): 10
[relay-scores] Updated scores for ndk-thompson: 24 relays, session 3
[relay-scores] Degrading relays (1): wss://nostr.wine
[relay-scores] Saved to .cache/relay_scores_78b3c1ed0a53b072_94608000_ndk-thompson.json

Thompson Sampling [ndk-thompson] learning state:
  Session: 3
  Relays with observations: 24
  Mean prior α: 2.7, β: 6.5
  Relays with strong preference (α>5): 4
  Relays learned to avoid (β>5): 9

JSON results written to: results/78b3c1ed0a53b072_1772962698541.json
