[0m[32mTask[0m [0m[36mbench[0m deno run --allow-net --allow-read --allow-write main.ts "78b3c1ed0a53b072fcfb8cc2e2e09cad31c9bfec869d1c8745c343d55033eea9" "--algorithms" "rust-nostr,fd-thompson,ndk,ndk-thompson" "--verify" "--verify-window" "94608000" "--verify-concurrency" "10" "--no-phase2-cache" "--fast" "--output" "both"
Target: 78b3c1ed0a53b072...
Seed: 0 | Filter: strict | Runs: 3
Using cached data (fetched 2026-03-08T08:53:26.230Z)

=== Fetch Quality ===
Indexers: wss://purplepag.es (0 events, 1124ms), wss://relay.damus.io (37 events, 284ms), wss://nos.lol (54 events, 751ms)
Follows: 84 | With relay list: 54 (64.3%) | Missing: 30 (35.7%)
Filter profile: strict | Filtered URLs: 10 (10 known-bad)
Unique valid write relays: 108 | Seed: 0
[relay-scores] Loaded 20 relay priors (session 1, from 2026-03-08T09:10:27.126Z)

Thompson Sampling [fd-thompson]: loaded 20 relay priors (session 1)
[relay-scores] Loaded 13 relay priors (session 1, from 2026-03-08T09:10:27.151Z)

Thompson Sampling [ndk-thompson]: loaded 13 relay priors (session 1)

=== Regime A: Fixed 20 Connections ===
  Algorithm                      |  Relays |   Assign% |  Orphans |  Alg.Orph |  Avg/pk |   Gini |    HHI
  -------------------------------+---------+-----------+----------+-----------+---------+--------+-------
  Filter Decomposition (cap@20)  |      20 |     61.9% |       32 |         2 |     2.3 |   0.44 |  0.116
  FD+Thompson (cap@20)           |      20 |     59.9% (0.0sd) | 33.666666666666664 | 3.6666666666666665 |     2.1 |   0.37 |  0.075
  Priority-Based (NDK)           |      13 |     64.3% |       30 |         0 |     2.0 |   0.66 |  0.244
  NDK+Thompson (Priority)        | 19.333333333333332 |     64.3% (0.0sd) |       30 |         0 |     2.0 |   0.54 |  0.115

=== Phase 2: Event Verification ===
Window: 94608000s | Kinds: 1 | Concurrency: 10
[baseline] Querying 108 relays for 54 authors (window: 94608000s)
[pool] CLOSED from wss://relay.getalby.com/v1: blocked: Request rejected
[pool] CLOSED from wss://filter.nostr.wine/npub1s5yq6wadwrxde4lhfs56gn64hwzuhnfa6r9mj476r5s4hkunzgzqrs6q7z: auth-required: please authenticate before sending REQs
[pool] CLOSED from wss://filter.nostr.wine/npub1a3pvwe2p3v7mnjz6hle63r628wl9w567aw7u23fzqs062v5vqcqqu3sgh3: auth-required: please authenticate before sending REQs
[baseline] Progress: 50/108 relays queried
[baseline] Progress: 100/108 relays queried
[baseline] Progress: 108/108 relays queried
[phase2] Subscription timeouts (no EOSE): 2
[phase2] CLOSED messages received: 3
  wss://relay.getalby.com/v1: blocked: Request rejected
  wss://filter.nostr.wine/npub1s5yq6wadwrxde4lhfs56gn64hwzuhnfa6r9mj476r5s4hkunzgzqrs6q7z: auth-required: please authenticate before sending REQs
  wss://filter.nostr.wine/npub1a3pvwe2p3v7mnjz6hle63r628wl9w567aw7u23fzqs062v5vqcqqu3sgh3: auth-required: please authenticate before sending REQs

=== Phase 2: Event Verification (1095d window) ===
Baseline: 108 relays queried (32.4% success), 24s
  Timing: connect 662ms median (1.1s p95) | query 958ms median (2.1s p95) | 2 timeouts (2 relays)
  Authors: 54 with relay data
    Testable (reliable): 18 | Testable (partial): 13 | Zero events: 14 | Unreliable: 9
  Baseline events: 4,990 (mean 161.0/author, median 86)
  Events per (relay,pubkey) capped at: 10000

  Headline metrics (18 testable-reliable authors, 2,672 baseline events):

  Algorithm                        |   Evt Recall |   Auth Recall |  Relay OK% |     TTFE |      p50 |      p80 | Timeouts
  ---------------------------------+--------------+---------------+------------+----------+----------+----------+---------
  Filter Decomposition (cap@20)    |        43.7% |         72.2% |      50.0% |     1.1s |     2.1s |     2.4s |        0
  FD+Thompson (seed=0, single run) |        49.7% |         77.8% |      45.0% |    658ms |     2.1s |     2.2s |        0
  Priority-Based (NDK)             |        10.5% |         77.8% |      46.2% |    885ms |     2.1s |     2.2s |        0
  NDK+Thompson (Priority) (seed=0, single run) |        50.7% |         61.1% |      45.0% |    885ms |     2.2s |     2.6s |        1

  Per-author recall distribution:
  Algorithm                        |   Median |  % at 0% |      p25 |      p75
  ---------------------------------+----------+----------+----------+---------
  Filter Decomposition (cap@20)    |    14.0% |    27.8% |     0.0% |    93.3%
  FD+Thompson (seed=0, single run) |    31.3% |    22.2% |     3.3% |    98.3%
  Priority-Based (NDK)             |     7.4% |    22.2% |     0.4% |    28.6%
  NDK+Thompson (Priority) (seed=0, single run) |     7.1% |    38.9% |     0.0% |    99.6%

  Latency simulation (parallel relay query):
  Algorithm                        |     TTFE |      p50 |      p80 |      Max |   TO |   TO Tax |   Relays |   Events
  ---------------------------------+----------+----------+----------+----------+------+----------+----------+---------
  Filter Decomposition (cap@20)    |     1.1s |     2.1s |     2.4s |     2.8s |    0 |      0ms |  9/10/20 |    4,152
  FD+Thompson (seed=0, single run) |    658ms |     2.1s |     2.2s |     2.8s |    0 |      0ms |  9/10/20 |    3,813
  Priority-Based (NDK)             |    885ms |     2.1s |     2.2s |     2.4s |    0 |      0ms |   6/6/13 |    2,639
  NDK+Thompson (Priority) (seed=0, single run) |    885ms |     2.2s |     2.6s |    15.8s |    1 |    15.0s |  8/10/20 |    3,639
  (Relays: with-events/connected/total | TO Tax: ceil(timeouts/concurrency) × EOSE timeout)

  Progressive completeness (% of recall achieved by time):
  Algorithm                        |      @1s |      @2s |      @5s |     @10s |     @15s
  ---------------------------------+----------+----------+----------+----------+---------
  Filter Decomposition (cap@20)    |     0.0% |    50.1% |   100.0% |   100.0% |   100.0%
  FD+Thompson (seed=0, single run) |     4.8% |    37.6% |   100.0% |   100.0% |   100.0%
  Priority-Based (NDK)             |     0.7% |     1.2% |   100.0% |   100.0% |   100.0%
  NDK+Thompson (Priority) (seed=0, single run) |     0.3% |    45.8% |   100.0% |   100.0% |   100.0%

  EOSE-race simulation (stop after first EOSE + grace period):
  Algorithm                        |     +0ms |   +200ms |   +500ms |      +1s |      +2s
  ---------------------------------+----------+----------+----------+----------+---------
  Filter Decomposition (cap@20)    |     8.1% |    49.2% |    50.1% |    92.4% |   100.0%
  FD+Thompson (seed=0, single run) |     4.8% |     4.8% |    37.6% |    37.6% |   100.0%
  Priority-Based (NDK)             |     0.7% |     0.7% |     1.2% |     1.2% |   100.0%
  NDK+Thompson (Priority) (seed=0, single run) |     0.3% |     0.3% |    45.8% |    45.8% |   100.0%
  (First EOSE: Filter Decomposition (cap@20)=1.2s, FD+Thompson (seed=0, single run)=914ms, Priority-Based (NDK)=885ms, NDK+Thompson (Priority) (seed=0, single run)=885ms)

  Profile-view latency (per-author outbox query, top 3 write relays):
    Authors simulated: 31 | Hit rate: 93.5%
    TTFE: 1.6s median, 1.5s mean, 1.8s p95
    Relays/profile: 3.0 queried, 1.6 with events, 0.03 timeouts

  Feed vs profile-view TTFE comparison:
  Algorithm                        |  Feed TTFE |  Profile TTFE |    Delta
  ---------------------------------+------------+---------------+---------
  Filter Decomposition (cap@20)    |       1.1s |          1.6s |   +510ms
  FD+Thompson (seed=0, single run) |      658ms |          1.6s |   +906ms
  Priority-Based (NDK)             |      885ms |          1.6s |   +679ms
  NDK+Thompson (Priority) (seed=0, single run) |      885ms |          1.6s |   +679ms

  Including partial-baseline authors (31 testable authors, 4,990 baseline events):

  Algorithm                        |   Evt Recall |   Auth Recall
  ---------------------------------+--------------+--------------
  Filter Decomposition (cap@20)    |        36.0% |         61.3%
  FD+Thompson (seed=0, single run) |        47.0% |         67.7%
  Priority-Based (NDK)             |        16.3% |         77.4%
  NDK+Thompson (Priority) (seed=0, single run) |        43.9% |         67.7%
[relay-scores] Updated scores for fd-thompson: 28 relays, session 2
[relay-scores] Saved to .cache/relay_scores_78b3c1ed0a53b072_94608000_fd-thompson.json

Thompson Sampling [fd-thompson] learning state:
  Session: 2
  Relays with observations: 28
  Mean prior α: 2.1, β: 4.5
  Relays with strong preference (α>5): 2
  Relays learned to avoid (β>5): 8
[relay-scores] Updated scores for ndk-thompson: 21 relays, session 2
[relay-scores] Saved to .cache/relay_scores_78b3c1ed0a53b072_94608000_ndk-thompson.json

Thompson Sampling [ndk-thompson] learning state:
  Session: 2
  Relays with observations: 21
  Mean prior α: 2.2, β: 5.5
  Relays with strong preference (α>5): 2
  Relays learned to avoid (β>5): 7

JSON results written to: results/78b3c1ed0a53b072_1772961856764.json
