[0m[32mTask[0m [0m[36mbench[0m deno run --allow-net --allow-read --allow-write main.ts "75f457569d7027f819de92e8bb13795c0febe9750dc3fb1b5c42aeb502d0841d" "--algorithms" "rust-nostr,fd-thompson,ndk,ndk-thompson" "--verify" "--verify-window" "94608000" "--verify-concurrency" "10" "--no-phase2-cache" "--fast" "--output" "both"
Target: 75f457569d7027f8...
Seed: 0 | Filter: strict | Runs: 3
Using cached data (fetched 2026-03-08T08:55:38.275Z)

=== Fetch Quality ===
Indexers: wss://purplepag.es (0 events, 1094ms), wss://relay.damus.io (143 events, 411ms), wss://nos.lol (192 events, 807ms)
Follows: 240 | With relay list: 188 (78.3%) | Missing: 52 (21.7%) | Filtered-to-empty: 3
Filter profile: strict | Filtered URLs: 77 (3 localhost, 11 insecure ws, 1 IP-only, 61 known-bad, 1 malformed)
Unique valid write relays: 339 | Seed: 0

=== Regime A: Fixed 20 Connections ===
  Algorithm                      |  Relays |   Assign% |  Orphans |  Alg.Orph |  Avg/pk |   Gini |    HHI
  -------------------------------+---------+-----------+----------+-----------+---------+--------+-------
  Filter Decomposition (cap@20)  |      20 |     74.6% |       61 |         9 |     2.2 |   0.49 |  0.129
  FD+Thompson (cap@20)           |      20 |     71.0% (0.0sd) | 69.66666666666667 | 17.666666666666668 |     2.1 |   0.40 |  0.086
  Priority-Based (NDK)           |      20 |     77.9% |       53 |         1 |     2.0 |   0.81 |  0.329
  NDK+Thompson (Priority)        |      20 |     77.8% (0.0sd) | 53.333333333333336 | 1.3333333333333333 |     2.0 |   0.67 |  0.162

=== Phase 2: Event Verification ===
Window: 94608000s | Kinds: 1 | Concurrency: 10
[baseline] Querying 339 relays for 188 authors (window: 94608000s)
[pool] CLOSED from wss://bostr.erechorse.com: auth-required: authentication is required to perform this action.
[pool] CLOSED from wss://creatr.nostr.wine: auth-required: please authenticate before sending REQs
[pool] CLOSED from wss://inbox.nostr.wine: blocked: this relay does not store any of the kinds in this request
[baseline] Progress: 50/339 relays queried
[pool] CLOSED from wss://filter.nostr.wine/npub1tayk4al06es6wmwlvpy7kqgup54rdk54w0l7l789mq88xzfv0nzsl3q845: auth-required: please authenticate before sending REQs
[pool] CLOSED from wss://filter.nostr.wine/npub1hycynfhz23ardfmf9kgwfw4gpyqj2fsh24r2zuehg4x7lx4kn5cqsqv4y3: auth-required: please authenticate before sending REQs
[pool] CLOSED from wss://filter.nostr.wine/npub1csamkk8zu67zl9z4wkp90a462v53q775aqn5q6xzjdkxnkvcpd7srtz4x9: auth-required: please authenticate before sending REQs
[baseline] Progress: 100/339 relays queried
[pool] CLOSED from wss://aggr.nostr.land: auth-required: auth required for aggregator
[pool] CLOSED from wss://filter.nostr.wine/npub12y8qp9hyuc3wnu580tm70tuhntp0mag8q2uu6aczzevrgng6dqkq5zt26q: auth-required: please authenticate before sending REQs
[pool] CLOSED from wss://relay.getalby.com/v1: blocked: Request rejected
[pool] CLOSED from wss://filter.nostr.wine/npub1jw4e8qh6vmyq0n2tkupv7wlfu5h59luk98dcfedf03anh5ek5jkq936u57: auth-required: please authenticate before sending REQs
[pool] CLOSED from wss://filter.nostr.wine/npub12ftld459xqw7s7fqnxstzu7r74l5yagxztwcwmaqj4d24jgpj2csee3mx0: auth-required: please authenticate before sending REQs
[pool] CLOSED from wss://filter.nostr.wine/npub1k0jrarx8um0lyw3nmysn50539ky4k8p7gfgzgrsvn8d7lccx3d0s38dczd: auth-required: please authenticate before sending REQs
[pool] CLOSED from wss://sendit.nosflare.com: restricted: this relay does not accept REQs
[pool] CLOSED from wss://filter.nostr.wine/npub1l66wvfm7dxhd6wmvpukpjpyhvwtlxzu0qqajqxjfpr4rlfa8hl5qlkfr3q: auth-required: please authenticate before sending REQs
[baseline] Progress: 150/339 relays queried
[pool] CLOSED from wss://nostr.dbtc.link: auth-required: NIP-42 auth required
[pool] CLOSED from wss://greensoul.space: auth-required: only authenticated users can read from this relay
[pool] CLOSED from wss://filter.nostr.wine/npub1xv6axulxcx6mce5mfvfzpsy89r4gee3zuknulm45cqqpmyw7680q5pxea6: auth-required: please authenticate before sending REQs
[baseline] Progress: 200/339 relays queried
[pool] CLOSED from wss://auth.nostr1.com: auth-required: you must auth
[pool] CLOSED from wss://pantry.zap.cooking: auth-required: please authenticate
[pool] CLOSED from wss://filter.nostr.wine/npub1t5wc8h37uhkau9tsw82sjxndq04d3n8p634utpdfvs4tm5xmt2sqgk6dke: auth-required: please authenticate before sending REQs
[pool] CLOSED from wss://filter.nostr.wine/npub10awzknjg5r5lajnr53438ndcyjylgqsrnrtq5grs495v42qc6awsj45ys7: auth-required: please authenticate before sending REQs
[pool] CLOSED from wss://filter.nostr.wine/npub1jz005en8k2rz0ug8wexw8s5gjhzxll73sydhg9wu4vplfrzykktsheh5z8: auth-required: please authenticate before sending REQs
[pool] CLOSED from wss://filter.nostr.wine/npub1jt3643ngake9xx0d68v8et00pvvf24la6ya3y0vz5xwk0lfpryys5vrezs: auth-required: please authenticate before sending REQs
[pool] CLOSED from wss://relay.nosflare.com: auth-required: authentication required to subscribe
[baseline] Progress: 250/339 relays queried
[pool] CLOSED from wss://filter.nostr.wine/npub1s5yq6wadwrxde4lhfs56gn64hwzuhnfa6r9mj476r5s4hkunzgzqrs6q7z: auth-required: please authenticate before sending REQs
[pool] CLOSED from wss://filter.nostr.wine/npub1t0nyg64g5vwprva52wlcmt7fkdr07v5dr7s35raq9g0xgc0k4xcsedjgqv: auth-required: please authenticate before sending REQs
[pool] CLOSED from wss://hole.v0l.io: error: queries not allowed
[pool] CLOSED from wss://filter.nostr.wine/npub1upmh82f2vy9z3k3qwj8amx9lkkhkjjcv45y9yfyqzfj4jj5czz9qhsg8fq: auth-required: please authenticate before sending REQs
[pool] CLOSED from wss://filter.nostr.wine/npub1dld9hn3gsgtkh7atl26s8gd49qfjjkpdw8ztap9mk4n7vhq60y0satfd8s: auth-required: please authenticate before sending REQs
[pool] CLOSED from wss://filter.nostr.wine/npub1lelkh3hhxw9hdwlcpk6q9t0xt9f7yze0y0nxazvzqjmre3p98x3sthkvyz: auth-required: please authenticate before sending REQs
[baseline] Progress: 300/339 relays queried
[pool] CLOSED from wss://relay.shawnyeager.com/private: auth-required: all requests must be authenticated
[pool] CLOSED from wss://relay.shawnyeager.com/chat: auth-required: all requests must be authenticated
[baseline] Progress: 339/339 relays queried
[phase2] Subscription timeouts (no EOSE): 10
[phase2] CLOSED messages received: 32
  wss://bostr.erechorse.com: auth-required: authentication is required to perform this action.
  wss://creatr.nostr.wine: auth-required: please authenticate before sending REQs
  wss://inbox.nostr.wine: blocked: this relay does not store any of the kinds in this request
  wss://filter.nostr.wine/npub1tayk4al06es6wmwlvpy7kqgup54rdk54w0l7l789mq88xzfv0nzsl3q845: auth-required: please authenticate before sending REQs
  wss://filter.nostr.wine/npub1hycynfhz23ardfmf9kgwfw4gpyqj2fsh24r2zuehg4x7lx4kn5cqsqv4y3: auth-required: please authenticate before sending REQs
  wss://filter.nostr.wine/npub1csamkk8zu67zl9z4wkp90a462v53q775aqn5q6xzjdkxnkvcpd7srtz4x9: auth-required: please authenticate before sending REQs
  wss://aggr.nostr.land: auth-required: auth required for aggregator
  wss://filter.nostr.wine/npub12y8qp9hyuc3wnu580tm70tuhntp0mag8q2uu6aczzevrgng6dqkq5zt26q: auth-required: please authenticate before sending REQs
  wss://relay.getalby.com/v1: blocked: Request rejected
  wss://filter.nostr.wine/npub1jw4e8qh6vmyq0n2tkupv7wlfu5h59luk98dcfedf03anh5ek5jkq936u57: auth-required: please authenticate before sending REQs

=== Phase 2: Event Verification (1095d window) ===
Baseline: 339 relays queried (38.9% success), 1.2min
  Timing: connect 633ms median (1.2s p95) | query 1.1s median (15.5s p95) | 10 timeouts (11 relays)
  Authors: 188 with relay data
    Testable (reliable): 128 | Testable (partial): 10 | Zero events: 40 | Unreliable: 10
  Baseline events: 77,955 (mean 564.9/author, median 77)
  Events per (relay,pubkey) capped at: 10000

  Headline metrics (128 testable-reliable authors, 73,588 baseline events):

  Algorithm                        |   Evt Recall |   Auth Recall |  Relay OK% |     TTFE |      p50 |      p80 | Timeouts
  ---------------------------------+--------------+---------------+------------+----------+----------+----------+---------
  Filter Decomposition (cap@20)    |        12.6% |         80.5% |      85.0% |    814ms |     2.4s |     2.7s |        0
  FD+Thompson (seed=0, single run) |         5.9% |         71.1% |      85.0% |    631ms |     2.4s |     2.7s |        0
  Priority-Based (NDK)             |         5.9% |         76.6% |      75.0% |    563ms |     2.3s |     2.6s |        0
  NDK+Thompson (Priority) (seed=0, single run) |         6.0% |         76.6% |      80.0% |    563ms |     2.4s |     2.7s |        0

  Per-author recall distribution:
  Algorithm                        |   Median |  % at 0% |      p25 |      p75
  ---------------------------------+----------+----------+----------+---------
  Filter Decomposition (cap@20)    |    17.2% |    19.5% |     0.7% |    96.3%
  FD+Thompson (seed=0, single run) |     6.6% |    28.9% |     0.0% |    95.0%
  Priority-Based (NDK)             |     6.9% |    23.4% |     0.1% |    47.5%
  NDK+Thompson (Priority) (seed=0, single run) |     7.1% |    23.4% |     0.1% |    60.0%

  Latency simulation (parallel relay query):
  Algorithm                        |     TTFE |      p50 |      p80 |      Max |   TO |   TO Tax |   Relays |   Events
  ---------------------------------+----------+----------+----------+----------+------+----------+----------+---------
  Filter Decomposition (cap@20)    |    814ms |     2.4s |     2.7s |     3.4s |    0 |      0ms | 16/17/20 |   17,398
  FD+Thompson (seed=0, single run) |    631ms |     2.4s |     2.7s |     3.4s |    0 |      0ms | 16/17/20 |   17,716
  Priority-Based (NDK)             |    563ms |     2.3s |     2.6s |     3.2s |    0 |      0ms | 15/17/20 |   12,486
  NDK+Thompson (Priority) (seed=0, single run) |    563ms |     2.4s |     2.7s |     3.2s |    0 |      0ms | 16/17/20 |   13,315
  (Relays: with-events/connected/total | TO Tax: ceil(timeouts/concurrency) × EOSE timeout)

  Progressive completeness (% of recall achieved by time):
  Algorithm                        |      @1s |      @2s |      @5s |     @10s |     @15s
  ---------------------------------+----------+----------+----------+----------+---------
  Filter Decomposition (cap@20)    |     0.0% |    39.6% |   100.0% |   100.0% |   100.0%
  FD+Thompson (seed=0, single run) |     8.7% |    36.9% |   100.0% |   100.0% |   100.0%
  Priority-Based (NDK)             |     1.6% |    42.8% |   100.0% |   100.0% |   100.0%
  NDK+Thompson (Priority) (seed=0, single run) |     1.6% |    32.7% |   100.0% |   100.0% |   100.0%

  EOSE-race simulation (stop after first EOSE + grace period):
  Algorithm                        |     +0ms |   +200ms |   +500ms |      +1s |      +2s
  ---------------------------------+----------+----------+----------+----------+---------
  Filter Decomposition (cap@20)    |     2.6% |     9.6% |    39.6% |    39.6% |    78.0%
  FD+Thompson (seed=0, single run) |     8.7% |     8.7% |     9.7% |    36.9% |    89.5%
  Priority-Based (NDK)             |     1.6% |     1.6% |     1.7% |    42.8% |    60.6%
  NDK+Thompson (Priority) (seed=0, single run) |     1.6% |     1.6% |     1.6% |    32.7% |    57.0%
  (First EOSE: Filter Decomposition (cap@20)=1.2s, FD+Thompson (seed=0, single run)=846ms, Priority-Based (NDK)=648ms, NDK+Thompson (Priority) (seed=0, single run)=648ms)

  Profile-view latency (per-author outbox query, top 3 write relays):
    Authors simulated: 138 | Hit rate: 96.4%
    TTFE: 1.2s median, 1.2s mean, 1.7s p95
    Relays/profile: 2.9 queried, 2.2 with events, 0.04 timeouts

  Feed vs profile-view TTFE comparison:
  Algorithm                        |  Feed TTFE |  Profile TTFE |    Delta
  ---------------------------------+------------+---------------+---------
  Filter Decomposition (cap@20)    |      814ms |          1.2s |   +338ms
  FD+Thompson (seed=0, single run) |      631ms |          1.2s |   +521ms
  Priority-Based (NDK)             |      563ms |          1.2s |   +589ms
  NDK+Thompson (Priority) (seed=0, single run) |      563ms |          1.2s |   +589ms

  Including partial-baseline authors (138 testable authors, 77,955 baseline events):

  Algorithm                        |   Evt Recall |   Auth Recall
  ---------------------------------+--------------+--------------
  Filter Decomposition (cap@20)    |        12.8% |         79.0%
  FD+Thompson (seed=0, single run) |         6.1% |         68.1%
  Priority-Based (NDK)             |         6.2% |         76.1%
  NDK+Thompson (Priority) (seed=0, single run) |         6.3% |         75.4%
[relay-scores] Updated scores for fd-thompson: 20 relays, session 1
[relay-scores] Saved to .cache/relay_scores_75f457569d7027f8_94608000_fd-thompson.json

Thompson Sampling [fd-thompson] learning state:
  Session: 1
  Relays with observations: 20
  Mean prior α: 4.4, β: 10.5
  Relays with strong preference (α>5): 6
  Relays learned to avoid (β>5): 18
[relay-scores] Updated scores for ndk-thompson: 20 relays, session 1
[relay-scores] Saved to .cache/relay_scores_75f457569d7027f8_94608000_ndk-thompson.json

Thompson Sampling [ndk-thompson] learning state:
  Session: 1
  Relays with observations: 20
  Mean prior α: 3.7, β: 11.8
  Relays with strong preference (α>5): 5
  Relays learned to avoid (β>5): 9

JSON results written to: results/75f457569d7027f8_1772961160906.json
